gc 1 @0.018s 1%: 0.015+0.66+0.059 ms clock, 0.063+0.11/0.48/1.0+0.23 ms cpu, 4->4->0 MB, 5 MB goal, 4 P
gc 2 @0.028s 1%: 0.004+0.29+0.011 ms clock, 0.017+0.15/0.22/0.46+0.046 ms cpu, 4->4->0 MB, 5 MB goal, 4 P
gc 3 @0.039s 3%: 0.044+0.57+0.69 ms clock, 0.17+0.33/0.52/0.094+2.7 ms cpu, 4->4->1 MB, 5 MB goal, 4 P
gc 4 @0.042s 3%: 0.003+0.40+0.021 ms clock, 0.013+0.39/0.36/0.36+0.085 ms cpu, 4->4->0 MB, 5 MB goal, 4 P
gc 5 @0.045s 3%: 0.003+0.39+0.085 ms clock, 0.013+0.009/0.34/0.70+0.34 ms cpu, 4->4->1 MB, 5 MB goal, 4 P
gc 6 @0.048s 3%: 0.012+0.46+0.062 ms clock, 0.051+0.24/0.36/0.33+0.24 ms cpu, 4->4->1 MB, 5 MB goal, 4 P
# command-line-arguments
gc 1 @0.001s 18%: 0.004+2.1+0.29 ms clock, 0.017+0.15/1.8/0.93+1.1 ms cpu, 4->4->3 MB, 5 MB goal, 4 P
# command-line-arguments
gc 1 @0.000s 5%: 0.001+6.2+0.043 ms clock, 0.007+1.2/0.028/0.074+0.17 ms cpu, 4->6->5 MB, 5 MB goal, 4 P
gc 2 @0.009s 10%: 0.005+2.5+0.40 ms clock, 0.021+0.12/2.4/0.25+1.6 ms cpu, 7->9->8 MB, 11 MB goal, 4 P
gc 3 @0.013s 13%: 0.002+2.9+0.021 ms clock, 0.010+0.079/2.8/2.1+0.084 ms cpu, 13->14->13 MB, 17 MB goal, 4 P
gc 4 @0.038s 8%: 0.005+6.6+0.040 ms clock, 0.020+0.11/6.4/6.7+0.16 ms cpu, 24->25->23 MB, 27 MB goal, 4 P
gc 7 @0.143s 1%: 0.010+0.74+0.023 ms clock, 0.040+0.13/0.47/0.65+0.092 ms cpu, 4->4->0 MB, 5 MB goal, 4 P
Start ...
gc 1 @0.003s 1%: 0.003+0.11+0.024 ms clock, 0.013+0.070/0.010/0.040+0.099 ms cpu, 4->4->3 MB, 5 MB goal, 4 P
gc 2 @0.005s 1%: 0.012+0.065+0.018 ms clock, 0.050+0.053/0.048/0.044+0.073 ms cpu, 7->7->7 MB, 8 MB goal, 4 P
gc 3 @0.009s 1%: 0.010+0.10+0.018 ms clock, 0.040+0.090/0.062/0.033+0.073 ms cpu, 13->13->13 MB, 14 MB goal, 4 P
gc 4 @0.018s 1%: 0.015+0.14+0.014 ms clock, 0.063+0.075/0.12/0.11+0.057 ms cpu, 26->26->26 MB, 27 MB goal, 4 P
gc 5 @0.041s 1%: 0.018+3.4+0.029 ms clock, 0.075+1.2/0.26/0+0.11 ms cpu, 51->55->55 MB, 52 MB goal, 4 P
gc 6 @0.085s 1%: 0.013+0.52+0.088 ms clock, 0.052+0.45/0.13/0.40+0.35 ms cpu, 104->105->105 MB, 111 MB goal, 4 P
gc 7 @0.138s 1%: 0.016+1.2+0.021 ms clock, 0.066+0.52/1.1/0.10+0.084 ms cpu, 203->204->204 MB, 210 MB goal, 4 P
gc 8 @0.249s 0%: 0.022+1.9+0.026 ms clock, 0.089+0.93/1.4/1.2+0.10 ms cpu, 398->400->400 MB, 409 MB goal, 4 P
gc 9 @0.446s 0%: 0.015+7.8+0.11 ms clock, 0.063+1.2/7.1/7.0+0.47 ms cpu, 780->789->787 MB, 800 MB goal, 4 P
gc 10 @0.897s 1%: 0.009+29+0.036 ms clock, 0.037+2.7/29/0.91+0.14 ms cpu, 1536->1584->1582 MB, 1575 MB goal, 4 P
gc 11 @2.186s 1%: 0.008+54+0.078 ms clock, 0.032+6.4/34/1.0+0.31 ms cpu, 3080->3132->2011 MB, 3164 MB goal, 4 P
Main thread 1
Thread num 1
gc 12 @3.209s 0%: 0.011+17+0.075 ms clock, 0.044+3.9/16/6.6+0.30 ms cpu, 3923->3946->1148 MB, 4023 MB goal, 4 P
gc 13 @3.747s 1%: 0.017+45+0.032 ms clock, 0.070+1.5/45/2.0+0.12 ms cpu, 2238->2321->2041 MB, 2296 MB goal, 4 P
Thread num 2
Main thread 2
gc 14 @4.697s 0%: 0.012+3.8+0.031 ms clock, 0.051+3.4/3.2/1.9+0.12 ms cpu, 3968->3971->336 MB, 4082 MB goal, 4 P
gc 15 @4.861s 0%: 0.018+5.4+0.033 ms clock, 0.073+1.1/5.3/0.30+0.13 ms cpu, 656->663->661 MB, 673 MB goal, 4 P
gc 16 @5.162s 0%: 0.020+13+0.029 ms clock, 0.080+1.6/13/5.9+0.11 ms cpu, 1290->1307->1305 MB, 1323 MB goal, 4 P
gc 17 @5.770s 0%: 0.016+24+0.029 ms clock, 0.066+1.8/23/24+0.11 ms cpu, 2544->2580->1994 MB, 2610 MB goal, 4 P
Main thread 1
Thread num 1
gc 18 @6.693s 0%: 0.023+7.9+0.11 ms clock, 0.092+3.2/7.9/1.3+0.46 ms cpu, 3889->3900->570 MB, 3988 MB goal, 4 P
gc 19 @6.965s 0%: 0.017+13+0.032 ms clock, 0.071+1.5/13/0.47+0.13 ms cpu, 1113->1130->1127 MB, 1141 MB goal, 4 P
gc 20 @7.481s 0%: 0.015+43+0.033 ms clock, 0.061+2.7/42/2.1+0.13 ms cpu, 2198->2277->2037 MB, 2254 MB goal, 4 P
Main thread 2
Thread num 2
gc 21 @8.417s 0%: 0.017+3.3+0.030 ms clock, 0.070+2.8/3.2/1.3+0.12 ms cpu, 3961->3963->288 MB, 4075 MB goal, 4 P
gc 22 @8.562s 0%: 0.009+4.5+0.025 ms clock, 0.038+0.52/4.3/4.4+0.10 ms cpu, 563->569->568 MB, 577 MB goal, 4 P
gc 23 @8.837s 0%: 0.022+12+0.030 ms clock, 0.089+1.0/12/11+0.12 ms cpu, 1107->1124->1121 MB, 1136 MB goal, 4 P
gc 24 @9.374s 0%: 0.018+44+0.025 ms clock, 0.072+2.8/43/1.4+0.10 ms cpu, 2187->2267->2038 MB, 2243 MB goal, 4 P
Main thread 1
Thread num 1
gc 25 @10.330s 0%: 0.009+3.7+0.030 ms clock, 0.038+3.2/3.2/1.8+0.12 ms cpu, 3961->3965->278 MB, 4076 MB goal, 4 P
gc 26 @10.481s 0%: 0.010+4.4+0.098 ms clock, 0.041+0.52/4.4/4.3+0.39 ms cpu, 543->549->548 MB, 557 MB goal, 4 P
gc 27 @10.730s 0%: 0.022+13+0.027 ms clock, 0.091+1.0/13/0.85+0.11 ms cpu, 1069->1083->1081 MB, 1097 MB goal, 4 P
gc 28 @11.217s 0%: 0.016+23+0.069 ms clock, 0.064+1.7/22/22+0.27 ms cpu, 2109->2142->1991 MB, 2163 MB goal, 4 P
Main thread 2
Thread num 2
gc 29 @12.124s 0%: 0.014+8.4+0.021 ms clock, 0.057+3.4/1.4/1.7+0.087 ms cpu, 3883->3891->126 MB, 3982 MB goal, 4 P
gc 30 @12.219s 0%: 0.008+1.7+0.022 ms clock, 0.035+0.78/1.6/0.12+0.090 ms cpu, 246->249->248 MB, 253 MB goal, 4 P
gc 31 @12.333s 0%: 0.012+2.7+0.10 ms clock, 0.048+0.53/2.6/2.7+0.40 ms cpu, 484->487->486 MB, 497 MB goal, 4 P
gc 32 @12.552s 0%: 0.017+15+0.030 ms clock, 0.068+0.90/15/4.0+0.12 ms cpu, 949->971->970 MB, 973 MB goal, 4 P
gc 33 @12.994s 0%: 0.014+31+0.036 ms clock, 0.056+2.5/30/10+0.14 ms cpu, 1892->1945->1942 MB, 1941 MB goal, 4 P
gc 34 @13.874s 0%: 0.014+49+0.10 ms clock, 0.058+3.8/48/2.7+0.42 ms cpu, 3788->3876->2047 MB, 3885 MB goal, 4 P
Thread num 1
Main thread 1
gc 35 @14.818s 0%: 0.015+37+0.10 ms clock, 0.063+2.9/37/8.2+0.40 ms cpu, 3993->4053->1962 MB, 4095 MB goal, 4 P
Thread num 2
gc 36 @15.719s 0%: 0.012+44+0.028 ms clock, 0.049+3.8/44/7.4+0.11 ms cpu, 3827->3902->2034 MB, 3925 MB goal, 4 P
Main thread 2
gc 37 @16.656s 0%: 0.017+42+0.031 ms clock, 0.069+5.7/28/1.4+0.12 ms cpu, 3966->4025->1974 MB, 4068 MB goal, 4 P
gc 38 @17.582s 0%: 0.019+26+0.031 ms clock, 0.077+2.9/26/26+0.12 ms cpu, 3850->3889->1998 MB, 3949 MB goal, 4 P
Thread num 1
Main thread 1
gc 39 @18.492s 0%: 0.018+36+0.078 ms clock, 0.072+4.0/33/9.7+0.31 ms cpu, 3897->3958->1931 MB, 3997 MB goal, 4 P
gc 40 @19.388s 0%: 0.017+36+0.034 ms clock, 0.069+4.0/34/4.4+0.13 ms cpu, 3765->3810->2004 MB, 3862 MB goal, 4 P
Thread num 2
Main thread 2
gc 41 @20.394s 0%: 0.019+56+0.093 ms clock, 0.077+8.5/51/1.5+0.37 ms cpu, 3909->3946->1834 MB, 4009 MB goal, 4 P
gc 42 @21.662s 1%: 0.021+54+0.043 ms clock, 0.087+5.0/54/4.5+0.17 ms cpu, 3576->3641->2024 MB, 3668 MB goal, 4 P
Thread num 1
Main thread 1
gc 43 @23.122s 1%: 0.022+50+0.042 ms clock, 0.090+4.1/50/6.0+0.16 ms cpu, 3948->3992->1690 MB, 4049 MB goal, 4 P
gc 44 @23.990s 1%: 0.015+36+0.030 ms clock, 0.061+3.7/35/3.3+0.12 ms cpu, 3296->3342->2005 MB, 3381 MB goal, 4 P
Main thread 2
Thread num 2
gc 45 @24.942s 1%: 0.013+47+0.046 ms clock, 0.052+1.8/47/2.5+0.18 ms cpu, 3910->3958->1376 MB, 4010 MB goal, 4 P
gc 46 @25.751s 1%: 0.024+45+0.040 ms clock, 0.099+3.7/45/1.2+0.16 ms cpu, 2684->2741->2015 MB, 2753 MB goal, 4 P
Main thread 1
Thread num 1
gc 47 @26.718s 1%: 0.018+9.9+0.039 ms clock, 0.072+3.8/9.8/4.0+0.15 ms cpu, 3931->3944->754 MB, 4031 MB goal, 4 P
gc 48 @27.084s 1%: 0.019+18+0.034 ms clock, 0.076+2.2/17/7.4+0.13 ms cpu, 1471->1494->1492 MB, 1509 MB goal, 4 P
gc 49 @27.758s 1%: 0.017+51+0.028 ms clock, 0.070+5.7/33/1.3+0.11 ms cpu, 2909->2982->2031 MB, 2984 MB goal, 4 P
Main thread 2
Thread num 2
gc 50 @28.698s 1%: 0.018+18+0.034 ms clock, 0.075+4.0/17/2.5+0.13 ms cpu, 3962->3992->1026 MB, 4063 MB goal, 4 P
gc 51 @29.180s 1%: 0.008+40+0.036 ms clock, 0.033+4.6/40/2.2+0.14 ms cpu, 2001->2071->2028 MB, 2052 MB goal, 4 P
Thread num 1
Main thread 1
gc 52 @30.100s 1%: 0.011+8.8+0.021 ms clock, 0.047+3.7/1.6/1.8+0.085 ms cpu, 3942->3951->78 MB, 4057 MB goal, 4 P
gc 53 @30.160s 1%: 0.016+2.2+0.026 ms clock, 0.067+1.4/0.13/0.092+0.10 ms cpu, 153->156->156 MB, 157 MB goal, 4 P
gc 54 @30.229s 1%: 0.019+3.5+0.076 ms clock, 0.078+0.38/2.9/0.68+0.30 ms cpu, 303->309->308 MB, 312 MB goal, 4 P
gc 55 @30.380s 1%: 0.020+5.4+0.037 ms clock, 0.083+1.2/5.3/0.34+0.14 ms cpu, 601->607->606 MB, 617 MB goal, 4 P
gc 56 @30.732s 1%: 5.9+30+0.036 ms clock, 23+1.5/25/6.1+0.14 ms cpu, 1182->1203->1200 MB, 1212 MB goal, 4 P
gc 57 @31.458s 1%: 0.016+35+0.042 ms clock, 0.067+2.9/34/24+0.17 ms cpu, 2341->2379->1996 MB, 2401 MB goal, 4 P
Thread num 2
Main thread 2
gc 58 @33.274s 0%: 0.12+27+0.12 ms clock, 0.50+10/0.004/11+0.50 ms cpu, 3892->3902->370 MB, 3992 MB goal, 4 P
gc 59 @33.658s 0%: 0.017+10+0.049 ms clock, 0.071+1.5/5.5/4.8+0.19 ms cpu, 722->734->733 MB, 741 MB goal, 4 P
gc 60 @34.464s 0%: 0.031+25+0.036 ms clock, 0.12+3.1/12/22+0.14 ms cpu, 1429->1452->1450 MB, 1466 MB goal, 4 P
gc 61 @35.417s 0%: 0.009+45+0.031 ms clock, 0.038+2.4/45/4.4+0.12 ms cpu, 2827->2908->2040 MB, 2900 MB goal, 4 P
Main thread 1
Thread num 1
gc 62 @36.558s 0%: 0.015+12+0.038 ms clock, 0.061+3.6/11/3.6+0.15 ms cpu, 3978->3991->944 MB, 4080 MB goal, 4 P
gc 63 @37.108s 0%: 0.013+75+0.023 ms clock, 0.052+4.4/65/0.83+0.092 ms cpu, 1841->1901->1899 MB, 1888 MB goal, 4 P
gc 64 @38.124s 1%: 0.025+55+0.035 ms clock, 0.10+4.1/55/1.7+0.14 ms cpu, 3696->3789->2052 MB, 3798 MB goal, 4 P
Main thread 2
Thread num 2
gc 65 @40.327s 0%: 0.009+36+0.11 ms clock, 0.036+9.4/36/2.2+0.46 ms cpu, 4002->4061->1880 MB, 4104 MB goal, 4 P
gc 66 @41.260s 0%: 0.018+44+0.10 ms clock, 0.074+4.5/43/11+0.42 ms cpu, 3666->3740->2034 MB, 3760 MB goal, 4 P
Main thread 1
Thread num 1
gc 67 @42.580s 1%: 0.039+107+0.89 ms clock, 0.15+8.9/79/30+3.5 ms cpu, 3966->4016->1804 MB, 4068 MB goal, 4 P
gc 68 @43.796s 1%: 0.026+98+0.13 ms clock, 0.10+3.1/97/16+0.53 ms cpu, 3518->3615->2057 MB, 3608 MB goal, 4 P
Main thread 2
Finish ...
