gc 1 @0.015s 0%: 0.008+0.39+0.021 ms clock, 0.035+0.071/0.29/0.62+0.084 ms cpu, 4->4->0 MB, 5 MB goal, 4 P
gc 2 @0.027s 1%: 0.015+0.33+0.096 ms clock, 0.063+0.068/0.23/0.62+0.38 ms cpu, 4->4->0 MB, 5 MB goal, 4 P
gc 3 @0.035s 4%: 0.010+0.57+1.0 ms clock, 0.043+0.58/0.54/0.090+4.1 ms cpu, 4->4->1 MB, 5 MB goal, 4 P
gc 4 @0.042s 4%: 0.003+0.33+0.014 ms clock, 0.013+0.14/0.24/0.67+0.058 ms cpu, 4->4->1 MB, 5 MB goal, 4 P
gc 5 @0.045s 4%: 0.002+0.35+0.074 ms clock, 0.011+0.12/0.28/0.54+0.29 ms cpu, 4->4->1 MB, 5 MB goal, 4 P
gc 6 @0.050s 5%: 0.43+1.1+0.11 ms clock, 1.7+0.30/0.67/0.22+0.45 ms cpu, 4->4->1 MB, 5 MB goal, 4 P
# command-line-arguments
gc 1 @0.001s 11%: 0.032+1.1+0.023 ms clock, 0.12+0.14/1.0/1.2+0.095 ms cpu, 4->4->3 MB, 5 MB goal, 4 P
# command-line-arguments
gc 1 @0.001s 15%: 0.003+2.1+0.015 ms clock, 0.014+0.069/2.0/0.15+0.062 ms cpu, 4->5->4 MB, 5 MB goal, 4 P
gc 2 @0.007s 11%: 0.004+2.7+0.044 ms clock, 0.018+0.068/2.5/0.99+0.17 ms cpu, 7->8->7 MB, 9 MB goal, 4 P
gc 3 @0.012s 13%: 0.003+4.3+0.012 ms clock, 0.012+0.067/4.2/0.12+0.050 ms cpu, 14->14->14 MB, 15 MB goal, 4 P
gc 4 @0.042s 11%: 0.003+13+0.076 ms clock, 0.015+3.1/13/0.36+0.30 ms cpu, 26->29->26 MB, 28 MB goal, 4 P
Start ...
gc 1 @0.002s 1%: 0.002+0.12+0.018 ms clock, 0.011+0.061/0.017/0.052+0.072 ms cpu, 4->4->3 MB, 5 MB goal, 4 P
gc 2 @0.004s 2%: 0.013+0.062+0.027 ms clock, 0.054+0.038/0.042/0.039+0.10 ms cpu, 7->7->7 MB, 8 MB goal, 4 P
gc 3 @0.007s 2%: 0.011+0.076+0.021 ms clock, 0.047+0.064/0.044/0.043+0.086 ms cpu, 13->13->13 MB, 14 MB goal, 4 P
gc 4 @0.016s 1%: 0.014+0.11+0.020 ms clock, 0.057+0.099/0.091/0.039+0.083 ms cpu, 27->27->27 MB, 28 MB goal, 4 P
gc 5 @0.031s 1%: 0.048+0.37+0.040 ms clock, 0.19+0.37/0.13/0.26+0.16 ms cpu, 52->52->52 MB, 54 MB goal, 4 P
gc 6 @0.059s 1%: 0.022+0.33+0.39 ms clock, 0.090+0.55/0.099/0+1.5 ms cpu, 102->102->102 MB, 105 MB goal, 4 P
gc 7 @0.114s 1%: 0.011+15+0.068 ms clock, 0.047+0.63/0.67/0.12+0.27 ms cpu, 200->219->219 MB, 205 MB goal, 4 P
gc 8 @0.233s 0%: 0.009+1.4+0.021 ms clock, 0.038+1.0/1.3/0.23+0.086 ms cpu, 415->416->415 MB, 438 MB goal, 4 P
gc 9 @0.435s 0%: 0.007+6.2+0.027 ms clock, 0.029+1.2/6.1/0.37+0.11 ms cpu, 808->817->816 MB, 831 MB goal, 4 P
gc 10 @0.836s 0%: 0.011+10+0.040 ms clock, 0.046+2.7/10/2.5+0.16 ms cpu, 1593->1604->1602 MB, 1633 MB goal, 4 P
gc 11 @1.641s 0%: 0.024+22+0.037 ms clock, 0.097+3.8/21/21+0.15 ms cpu, 3125->3150->3147 MB, 3205 MB goal, 4 P
gc 12 @3.334s 0%: 0.028+52+0.040 ms clock, 0.11+5.9/52/2.3+0.16 ms cpu, 6138->6215->3989 MB, 6295 MB goal, 4 P
Thread num 1
Main thread 1
gc 13 @5.317s 0%: 0.022+16+0.022 ms clock, 0.088+4.8/16/15+0.088 ms cpu, 7778->7796->2198 MB, 7978 MB goal, 4 P
gc 14 @6.326s 0%: 0.015+52+0.030 ms clock, 0.063+4.4/51/3.8+0.12 ms cpu, 4286->4380->4005 MB, 4396 MB goal, 4 P
Thread num 2
Main thread 2
gc 15 @8.226s 0%: 0.013+4.1+0.036 ms clock, 0.053+5.6/4.1/2.6+0.14 ms cpu, 7810->7812->366 MB, 8011 MB goal, 4 P
gc 16 @8.441s 0%: 0.019+3.6+0.046 ms clock, 0.077+1.3/3.6/0.94+0.18 ms cpu, 714->718->717 MB, 732 MB goal, 4 P
gc 17 @8.789s 0%: 0.019+9.7+0.026 ms clock, 0.079+2.0/9.6/0.53+0.10 ms cpu, 1399->1410->1409 MB, 1435 MB goal, 4 P
gc 18 @9.431s 0%: 0.025+27+0.065 ms clock, 0.10+2.9/26/9.5+0.26 ms cpu, 2748->2794->2792 MB, 2818 MB goal, 4 P
gc 19 @10.713s 0%: 0.018+49+0.036 ms clock, 0.075+5.1/49/2.0+0.14 ms cpu, 5444->5520->3988 MB, 5584 MB goal, 4 P
Thread num 1
Main thread 1
gc 20 @12.561s 0%: 0.014+14+0.10 ms clock, 0.056+5.7/14/6.1+0.42 ms cpu, 7777->7798->1508 MB, 7976 MB goal, 4 P
gc 21 @13.283s 0%: 0.017+29+0.051 ms clock, 0.070+3.0/29/1.0+0.20 ms cpu, 2941->2975->2973 MB, 3016 MB goal, 4 P
gc 22 @14.652s 0%: 0.022+56+0.040 ms clock, 0.089+5.0/56/2.0+0.16 ms cpu, 5797->5898->4013 MB, 5946 MB goal, 4 P
Thread num 2
Main thread 2
gc 23 @16.525s 0%: 0.020+13+0.032 ms clock, 0.081+5.3/13/13+0.13 ms cpu, 7825->7843->1906 MB, 8026 MB goal, 4 P
gc 24 @17.409s 0%: 0.025+43+0.045 ms clock, 0.10+3.9/41/3.4+0.18 ms cpu, 3717->3768->3765 MB, 3812 MB goal, 4 P
gc 25 @19.142s 0%: 0.013+76+0.024 ms clock, 0.054+7.2/46/2.5+0.096 ms cpu, 7343->7456->4026 MB, 7531 MB goal, 4 P
Thread num 1
Main thread 1
gc 26 @21.048s 0%: 0.023+62+0.048 ms clock, 0.094+15/27/2.8+0.19 ms cpu, 7851->7934->3539 MB, 8052 MB goal, 4 P
gc 27 @22.698s 0%: 0.015+58+0.077 ms clock, 0.063+6.3/58/2.5+0.31 ms cpu, 6902->7007->4017 MB, 7079 MB goal, 4 P
Thread num 2
Main thread 2
gc 28 @24.611s 0%: 0.009+33+0.034 ms clock, 0.038+7.1/33/11+0.13 ms cpu, 7835->7889->3054 MB, 8035 MB goal, 4 P
gc 29 @26.010s 0%: 0.015+46+0.029 ms clock, 0.061+4.5/46/3.0+0.11 ms cpu, 5956->6014->3970 MB, 6109 MB goal, 4 P
Thread num 1
Main thread 1
gc 30 @27.844s 0%: 0.024+18+0.027 ms clock, 0.097+6.9/17/5.5+0.10 ms cpu, 7742->7762->1984 MB, 7941 MB goal, 4 P
gc 31 @28.764s 0%: 0.022+29+0.096 ms clock, 0.090+3.1/28/29+0.38 ms cpu, 3869->3902->3899 MB, 3968 MB goal, 4 P
gc 32 @30.539s 0%: 0.021+31+0.038 ms clock, 0.086+6.2/30/31+0.15 ms cpu, 7604->7648->3956 MB, 7799 MB goal, 4 P
Thread num 2
Main thread 2
gc 33 @32.353s 0%: 0.022+50+0.034 ms clock, 0.088+7.1/50/4.7+0.13 ms cpu, 7715->7802->3669 MB, 7913 MB goal, 4 P
gc 34 @34.056s 0%: 0.021+31+0.028 ms clock, 0.087+5.7/31/31+0.11 ms cpu, 7154->7199->3957 MB, 7338 MB goal, 4 P
Thread num 1
Main thread 1
gc 35 @35.887s 0%: 0.008+53+0.043 ms clock, 0.035+7.8/34/3.0+0.17 ms cpu, 7717->7791->3209 MB, 7915 MB goal, 4 P
gc 36 @37.395s 0%: 0.018+57+0.032 ms clock, 0.072+6.3/56/4.2+0.13 ms cpu, 6257->6358->4013 MB, 6418 MB goal, 4 P
Thread num 2
Main thread 2
gc 37 @39.276s 0%: 0.023+33+0.040 ms clock, 0.093+6.9/33/3.0+0.16 ms cpu, 7827->7885->2405 MB, 8027 MB goal, 4 P
gc 38 @40.405s 0%: 0.020+47+0.073 ms clock, 0.080+5.0/47/8.0+0.29 ms cpu, 4690->4771->3993 MB, 4810 MB goal, 4 P
Thread num 1
Main thread 1
gc 39 @42.257s 0%: 0.020+6.8+0.042 ms clock, 0.082+6.9/6.7/3.0+0.16 ms cpu, 7787->7792->749 MB, 7987 MB goal, 4 P
gc 40 @42.626s 0%: 0.016+10+0.041 ms clock, 0.066+2.2/9.4/4.8+0.16 ms cpu, 1461->1472->1471 MB, 1498 MB goal, 4 P
gc 41 @43.322s 0%: 0.025+28+0.11 ms clock, 0.10+3.4/26/10+0.44 ms cpu, 2868->2915->2912 MB, 2942 MB goal, 4 P
gc 42 @44.650s 0%: 0.013+29+0.098 ms clock, 0.054+4.6/28/28+0.39 ms cpu, 5680->5714->3946 MB, 5825 MB goal, 4 P
Thread num 2
Main thread 2
gc 43 @46.451s 0%: 0.015+21+0.032 ms clock, 0.060+6.9/20/4.3+0.13 ms cpu, 7696->7730->1676 MB, 7893 MB goal, 4 P
gc 44 @47.273s 0%: 0.011+23+0.035 ms clock, 0.045+3.8/21/23+0.14 ms cpu, 3268->3301->3298 MB, 3352 MB goal, 4 P
gc 45 @48.773s 0%: 0.026+58+0.078 ms clock, 0.10+5.7/58/2.9+0.31 ms cpu, 6432->6537->4017 MB, 6597 MB goal, 4 P
Main thread 1
Thread num 1
gc 46 @50.664s 0%: 0.020+23+0.029 ms clock, 0.080+7.0/21/11+0.11 ms cpu, 7834->7858->2553 MB, 8034 MB goal, 4 P
gc 47 @51.832s 0%: 0.024+62+0.031 ms clock, 0.096+10/37/2.1+0.12 ms cpu, 4979->5068->4000 MB, 5107 MB goal, 4 P
Thread num 2
Main thread 2
gc 48 @53.712s 0%: 0.23+16+0.040 ms clock, 0.95+6.2/3.2/16+0.16 ms cpu, 7801->7820->1067 MB, 8001 MB goal, 4 P
gc 49 @54.243s 0%: 0.021+23+0.032 ms clock, 0.087+2.0/22/6.8+0.12 ms cpu, 2081->2116->2115 MB, 2134 MB goal, 4 P
gc 50 @55.214s 0%: 0.016+28+0.025 ms clock, 0.065+3.5/28/28+0.10 ms cpu, 4124->4166->3952 MB, 4230 MB goal, 4 P
Thread num 1
Main thread 1
gc 51 @57.059s 0%: 0.019+3.7+0.029 ms clock, 0.077+6.7/3.6/3.6+0.11 ms cpu, 7708->7708->99 MB, 7905 MB goal, 4 P
gc 52 @57.157s 0%: 0.022+0.99+0.021 ms clock, 0.090+0.76/0.36/0.77+0.085 ms cpu, 194->194->194 MB, 199 MB goal, 4 P
gc 53 @57.250s 0%: 0.026+2.5+0.035 ms clock, 0.10+1.0/1.0/1.7+0.14 ms cpu, 379->382->382 MB, 388 MB goal, 4 P
gc 54 @57.428s 0%: 0.023+3.9+0.027 ms clock, 0.095+1.5/3.1/3.8+0.10 ms cpu, 745->750->749 MB, 764 MB goal, 4 P
gc 55 @57.773s 0%: 0.016+21+0.039 ms clock, 0.065+9.4/3.1/3.4+0.15 ms cpu, 1462->1498->1497 MB, 1499 MB goal, 4 P
gc 56 @58.467s 0%: 0.019+29+0.10 ms clock, 0.077+3.4/28/10+0.43 ms cpu, 2913->2961->2959 MB, 2994 MB goal, 4 P
gc 57 @59.818s 0%: 0.016+30+0.054 ms clock, 0.066+4.8/30/30+0.21 ms cpu, 5770->5813->3955 MB, 5918 MB goal, 4 P
Thread num 2
Main thread 2
gc 58 @61.650s 0%: 0.025+21+0.026 ms clock, 0.10+7.3/20/4.9+0.10 ms cpu, 7714->7747->1783 MB, 7911 MB goal, 4 P
gc 59 @62.478s 0%: 0.026+61+0.028 ms clock, 0.10+7.0/33/1.5+0.11 ms cpu, 3477->3564->3561 MB, 3566 MB goal, 4 P
gc 60 @64.128s 0%: 0.014+42+0.025 ms clock, 0.058+5.2/42/13+0.10 ms cpu, 6944->6999->3967 MB, 7122 MB goal, 4 P
Thread num 1
Main thread 1
gc 61 @65.959s 0%: 0.022+27+0.042 ms clock, 0.091+7.3/26/12+0.17 ms cpu, 7736->7766->2973 MB, 7934 MB goal, 4 P
gc 62 @67.326s 0%: 0.018+55+0.044 ms clock, 0.073+6.1/54/4.6+0.17 ms cpu, 5797->5894->4009 MB, 5946 MB goal, 4 P
Thread num 2
Main thread 2
gc 63 @69.217s 0%: 0.022+21+0.10 ms clock, 0.088+7.8/17/10+0.43 ms cpu, 7818->7850->1913 MB, 8019 MB goal, 4 P
gc 64 @70.108s 0%: 0.016+35+0.040 ms clock, 0.066+4.2/34/11+0.16 ms cpu, 3730->3774->3771 MB, 3826 MB goal, 4 P
gc 65 @71.829s 0%: 0.019+77+0.029 ms clock, 0.076+8.6/48/2.9+0.11 ms cpu, 7354->7450->4008 MB, 7542 MB goal, 4 P
Thread num 1
Main thread 1
gc 66 @73.720s 0%: 0.030+35+0.048 ms clock, 0.12+7.8/34/12+0.19 ms cpu, 7816->7858->3475 MB, 8017 MB goal, 4 P
gc 67 @75.345s 0%: 0.013+46+0.036 ms clock, 0.052+6.8/46/2.7+0.14 ms cpu, 6777->6834->3969 MB, 6951 MB goal, 4 P
Thread num 2
Main thread 2
Finish ...
