gc 1 @0.041s 0%: 0.009+0.58+0.057 ms clock, 0.039+0.26/0.44/0.56+0.23 ms cpu, 4->4->0 MB, 5 MB goal, 4 P
gc 2 @0.055s 0%: 0.023+0.58+0.017 ms clock, 0.093+0.32/0.45/0.79+0.069 ms cpu, 4->4->0 MB, 5 MB goal, 4 P
gc 3 @0.064s 2%: 0.034+3.7+0.44 ms clock, 0.13+1.0/1.3/0.041+1.7 ms cpu, 4->4->1 MB, 5 MB goal, 4 P
gc 4 @0.070s 2%: 0.005+0.52+0.038 ms clock, 0.022+0.23/0.40/0.38+0.15 ms cpu, 4->4->1 MB, 5 MB goal, 4 P
gc 5 @0.079s 2%: 0.003+0.40+0.072 ms clock, 0.013+0.084/0.27/0.62+0.28 ms cpu, 4->4->0 MB, 5 MB goal, 4 P
gc 6 @0.082s 2%: 0.12+1.6+0.018 ms clock, 0.48+0.10/0.76/0.11+0.072 ms cpu, 4->4->1 MB, 5 MB goal, 4 P
# command-line-arguments
gc 1 @0.003s 8%: 0.011+1.8+0.024 ms clock, 0.045+0.16/1.6/1.4+0.096 ms cpu, 4->5->3 MB, 5 MB goal, 4 P
# command-line-arguments
gc 1 @0.000s 16%: 0.001+1.1+0.015 ms clock, 0.007+0.054/1.0/1.0+0.060 ms cpu, 4->5->4 MB, 5 MB goal, 4 P
gc 2 @0.006s 9%: 0.004+1.7+0.014 ms clock, 0.018+0.15/1.5/1.6+0.058 ms cpu, 7->8->7 MB, 9 MB goal, 4 P
gc 3 @0.009s 11%: 0.002+4.2+0.017 ms clock, 0.009+0.093/3.1/1.2+0.068 ms cpu, 13->14->14 MB, 15 MB goal, 4 P
gc 4 @0.039s 7%: 0.004+8.4+0.017 ms clock, 0.016+0.18/8.3/5.2+0.070 ms cpu, 26->29->26 MB, 28 MB goal, 4 P
Start ...
gc 1 @0.002s 0%: 0.019+13+0.053 ms clock, 0.079+0.087/0.027/0.012+0.21 ms cpu, 4->19->18 MB, 5 MB goal, 4 P
gc 2 @0.017s 1%: 0.010+0.16+0.043 ms clock, 0.042+0.16/0.033/0.13+0.17 ms cpu, 19->19->19 MB, 36 MB goal, 4 P
gc 3 @0.024s 1%: 0.011+0.29+0.018 ms clock, 0.046+0.11/0.26/0.21+0.072 ms cpu, 28->28->28 MB, 38 MB goal, 4 P
gc 4 @0.039s 0%: 0.009+18+0.053 ms clock, 0.037+0.46/0.16/0.32+0.21 ms cpu, 48->71->70 MB, 56 MB goal, 4 P
gc 5 @0.089s 0%: 0.005+1.0+0.019 ms clock, 0.021+0.46/0.55/0.62+0.077 ms cpu, 106->107->106 MB, 140 MB goal, 4 P
gc 6 @0.144s 0%: 0.008+1.8+0.019 ms clock, 0.034+0.48/1.7/1.8+0.077 ms cpu, 186->188->186 MB, 212 MB goal, 4 P
gc 7 @0.247s 1%: 0.008+8.7+0.027 ms clock, 0.032+1.2/8.6/0.36+0.10 ms cpu, 348->362->358 MB, 373 MB goal, 4 P
gc 8 @0.465s 1%: 0.008+12+0.026 ms clock, 0.035+1.3/12/12+0.10 ms cpu, 679->695->687 MB, 716 MB goal, 4 P
gc 9 @0.902s 1%: 0.008+41+0.020 ms clock, 0.034+3.3/40/2.2+0.081 ms cpu, 1325->1393->1097 MB, 1374 MB goal, 4 P
Main thread 1
Thread num 1
gc 10 @1.932s 1%: 0.010+8.9+0.028 ms clock, 0.042+3.9/6.2/5.9+0.11 ms cpu, 2108->2117->325 MB, 2195 MB goal, 4 P
gc 11 @2.097s 1%: 0.009+11+0.029 ms clock, 0.036+1.7/10/10+0.11 ms cpu, 634->649->641 MB, 651 MB goal, 4 P
gc 12 @2.399s 1%: 0.012+34+0.028 ms clock, 0.049+3.1/32/10+0.11 ms cpu, 1251->1308->1087 MB, 1283 MB goal, 4 P
Thread num 2
Main thread 2
gc 13 @2.901s 1%: 0.022+5.7+0.075 ms clock, 0.089+4.1/4.7/3.3+0.30 ms cpu, 2103->2110->245 MB, 2175 MB goal, 4 P
gc 14 @3.024s 1%: 0.009+16+0.021 ms clock, 0.039+5.9/7.7/1.0+0.084 ms cpu, 479->506->501 MB, 491 MB goal, 4 P
gc 15 @3.249s 1%: 0.013+21+0.037 ms clock, 0.055+2.5/21/9.2+0.14 ms cpu, 958->987->976 MB, 1002 MB goal, 4 P
gc 16 @3.691s 1%: 0.018+25+0.029 ms clock, 0.075+3.1/24/24+0.11 ms cpu, 1885->1921->1067 MB, 1953 MB goal, 4 P
Thread num 1
Main thread 1
gc 17 @4.180s 1%: 0.014+17+0.021 ms clock, 0.057+3.5/17/17+0.086 ms cpu, 2078->2099->859 MB, 2134 MB goal, 4 P
gc 18 @4.567s 1%: 0.010+47+0.030 ms clock, 0.043+3.8/46/2.6+0.12 ms cpu, 1676->1761->1115 MB, 1719 MB goal, 4 P
Thread num 2
Main thread 2
gc 19 @5.099s 1%: 0.014+22+0.028 ms clock, 0.057+4.7/21/8.3+0.11 ms cpu, 2152->2182->734 MB, 2230 MB goal, 4 P
gc 20 @5.445s 1%: 0.012+23+0.10 ms clock, 0.049+2.7/23/23+0.43 ms cpu, 1433->1462->1060 MB, 1469 MB goal, 4 P
Main thread 1
Thread num 1
gc 21 @5.943s 1%: 0.013+7.2+0.031 ms clock, 0.052+4.3/6.6/7.2+0.12 ms cpu, 2067->2074->389 MB, 2120 MB goal, 4 P
gc 22 @6.135s 1%: 0.020+19+0.029 ms clock, 0.082+4.7/17/7.5+0.11 ms cpu, 759->789->780 MB, 778 MB goal, 4 P
gc 23 @6.489s 1%: 0.012+24+0.10 ms clock, 0.049+4.1/23/24+0.41 ms cpu, 1510->1544->1064 MB, 1561 MB goal, 4 P
Thread num 2
Main thread 2
gc 24 @6.970s 1%: 0.012+10+0.027 ms clock, 0.051+4.7/10/1.9+0.10 ms cpu, 2072->2083->475 MB, 2129 MB goal, 4 P
gc 25 @7.196s 1%: 0.010+20+0.026 ms clock, 0.043+1.8/18/20+0.10 ms cpu, 926->956->946 MB, 950 MB goal, 4 P
gc 26 @7.623s 1%: 0.021+29+0.034 ms clock, 0.085+4.0/28/29+0.13 ms cpu, 1842->1874->1064 MB, 1893 MB goal, 4 P
Thread num 1
Main thread 1
gc 27 @8.131s 1%: 0.011+17+0.023 ms clock, 0.044+4.1/17/17+0.093 ms cpu, 2075->2098->815 MB, 2128 MB goal, 4 P
gc 28 @8.504s 1%: 0.012+46+0.026 ms clock, 0.050+3.9/46/2.8+0.10 ms cpu, 1590->1675->1114 MB, 1631 MB goal, 4 P
Thread num 2
Main thread 2
gc 29 @9.036s 1%: 0.020+15+0.033 ms clock, 0.080+5.1/13/8.2+0.13 ms cpu, 2149->2168->635 MB, 2229 MB goal, 4 P
gc 30 @9.341s 1%: 0.017+23+0.020 ms clock, 0.071+2.6/23/23+0.082 ms cpu, 1240->1269->1059 MB, 1271 MB goal, 4 P
Thread num 1
Main thread 1
gc 31 @9.838s 1%: 0.014+4.4+0.029 ms clock, 0.059+4.8/3.0/3.4+0.11 ms cpu, 2066->2069->193 MB, 2119 MB goal, 4 P
gc 32 @9.941s 1%: 0.012+6.5+0.037 ms clock, 0.048+1.4/5.4/6.4+0.14 ms cpu, 378->387->382 MB, 387 MB goal, 4 P
gc 33 @10.117s 1%: 0.012+19+0.027 ms clock, 0.048+2.3/19/0.82+0.10 ms cpu, 746->771->762 MB, 765 MB goal, 4 P
gc 34 @10.468s 1%: 0.017+47+0.028 ms clock, 0.071+3.0/46/2.5+0.11 ms cpu, 1482->1567->1114 MB, 1524 MB goal, 4 P
Thread num 2
Main thread 2
gc 35 @11.005s 1%: 0.016+10+0.098 ms clock, 0.066+4.3/9.5/10+0.39 ms cpu, 2143->2154->517 MB, 2229 MB goal, 4 P
gc 36 @11.249s 1%: 0.010+26+0.030 ms clock, 0.041+3.2/26/9.4+0.12 ms cpu, 1008->1044->1033 MB, 1034 MB goal, 4 P
gc 37 @11.719s 1%: 0.018+26+0.042 ms clock, 0.075+5.2/25/26+0.16 ms cpu, 2008->2044->1067 MB, 2067 MB goal, 4 P
Main thread 1
Thread num 1
gc 38 @12.211s 1%: 0.014+22+0.021 ms clock, 0.058+4.2/21/22+0.085 ms cpu, 2081->2111->993 MB, 2135 MB goal, 4 P
gc 39 @12.663s 1%: 0.016+26+0.024 ms clock, 0.064+4.0/26/26+0.098 ms cpu, 1937->1975->1069 MB, 1987 MB goal, 4 P
Main thread 2
Thread num 2
gc 40 @13.158s 1%: 0.013+24+0.024 ms clock, 0.053+4.3/23/23+0.099 ms cpu, 2084->2116->928 MB, 2138 MB goal, 4 P
gc 41 @13.601s 1%: 0.013+47+0.10 ms clock, 0.052+4.8/46/5.2+0.40 ms cpu, 1810->1893->1114 MB, 1856 MB goal, 4 P
Thread num 1
Main thread 1
gc 42 @14.190s 1%: 0.012+27+0.053 ms clock, 0.051+5.6/25/12+0.21 ms cpu, 2154->2180->865 MB, 2228 MB goal, 4 P
gc 43 @14.615s 1%: 0.011+25+0.023 ms clock, 0.047+3.5/25/25+0.094 ms cpu, 1688->1723->1066 MB, 1731 MB goal, 4 P
Thread num 2
Main thread 2
gc 44 @15.256s 1%: 0.013+21+0.035 ms clock, 0.055+5.0/21/7.4+0.14 ms cpu, 2079->2110->675 MB, 2133 MB goal, 4 P
gc 45 @15.577s 1%: 0.011+41+0.041 ms clock, 0.047+4.4/41/12+0.16 ms cpu, 1317->1382->1095 MB, 1350 MB goal, 4 P
Thread num 1
Main thread 1
gc 46 @16.105s 1%: 0.014+9.3+0.030 ms clock, 0.059+5.0/8.3/4.5+0.12 ms cpu, 2114->2127->326 MB, 2191 MB goal, 4 P
gc 47 @16.272s 1%: 0.011+14+0.037 ms clock, 0.046+2.9/13/9.4+0.14 ms cpu, 636->657->649 MB, 653 MB goal, 4 P
gc 48 @16.564s 1%: 0.013+36+0.027 ms clock, 0.053+2.7/36/10+0.11 ms cpu, 1262->1325->1093 MB, 1299 MB goal, 4 P
Main thread 2
Thread num 2
gc 49 @17.159s 1%: 0.009+6.4+0.073 ms clock, 0.038+4.1/5.0/6.4+0.29 ms cpu, 2107->2114->261 MB, 2186 MB goal, 4 P
gc 50 @17.304s 1%: 0.010+13+0.027 ms clock, 0.042+5.2/11/1.3+0.10 ms cpu, 509->528->523 MB, 522 MB goal, 4 P
gc 51 @17.554s 1%: 0.011+22+0.026 ms clock, 0.045+2.2/22/20+0.10 ms cpu, 1010->1044->1033 MB, 1046 MB goal, 4 P
Thread num 1
Main thread 1
gc 52 @18.025s 1%: 0.012+50+0.037 ms clock, 0.048+4.4/50/3.5+0.14 ms cpu, 2001->2079->1108 MB, 2066 MB goal, 4 P
gc 53 @18.553s 1%: 0.011+30+0.038 ms clock, 0.045+10/30/10+0.15 ms cpu, 2144->2188->1063 MB, 2217 MB goal, 4 P
Main thread 2
Thread num 2
gc 54 @19.041s 1%: 0.018+26+0.055 ms clock, 0.074+6.3/25/0+0.22 ms cpu, 2068->2100->551 MB, 2127 MB goal, 4 P
gc 55 @19.311s 1%: 0.013+33+0.024 ms clock, 0.055+5.3/14/1.2+0.097 ms cpu, 1075->1109->572 MB, 1103 MB goal, 4 P
gc 56 @19.603s 1%: 0.018+28+0.035 ms clock, 0.072+3.6/27/11+0.14 ms cpu, 1114->1153->1068 MB, 1145 MB goal, 4 P
Main thread 1
Thread num 1
gc 57 @20.113s 1%: 0.016+3.5+0.023 ms clock, 0.064+4.5/3.3/2.4+0.095 ms cpu, 2074->2076->75 MB, 2137 MB goal, 4 P
gc 58 @20.181s 1%: 0.009+10+0.026 ms clock, 0.038+2.9/2.1/2.1+0.10 ms cpu, 146->164->163 MB, 150 MB goal, 4 P
gc 59 @20.265s 1%: 0.013+8.9+0.040 ms clock, 0.055+1.4/8.9/0.40+0.16 ms cpu, 300->316->312 MB, 326 MB goal, 4 P
gc 60 @20.409s 1%: 0.012+13+0.023 ms clock, 0.048+1.5/13/12+0.094 ms cpu, 584->602->597 MB, 624 MB goal, 4 P
gc 61 @20.681s 1%: 0.010+33+0.031 ms clock, 0.040+3.4/33/11+0.12 ms cpu, 1141->1197->1085 MB, 1195 MB goal, 4 P
Main thread 2
Finish ...
