    Alloc    Copied     Live     GC     GC      TOT      TOT  Page Flts
    bytes     bytes     bytes   user   elap     user     elap
   475760     50168    333176  0.000  0.000    0.001    0.001    0    0  (Gen:  0)
   448952     69824    599688  0.000  0.000    0.002    0.001    0    0  (Gen:  1)
   448928     56496    867936  0.000  0.000    0.002    0.001    0    0  (Gen:  0)
   450592     55304   1132416  0.000  0.000    0.002    0.001    0    0  (Gen:  0)
   450800    150952   1393608  0.000  0.000    0.002    0.002    0    0  (Gen:  1)
   452080     54304   1654560  0.000  0.000    0.002    0.002    0    0  (Gen:  0)
   454560     53880   1912104  0.000  0.000    0.002    0.002    0    0  (Gen:  0)
   451984     53472   2166360  0.000  0.000    0.003    0.002    0    0  (Gen:  0)
   454928     52864   2420136  0.000  0.000    0.003    0.002    0    0  (Gen:  0)
   454176     53032   2677680  0.000  0.000    0.003    0.002    0    0  (Gen:  0)
   453984    307784   2931696  0.000  0.000    0.003    0.003    0    0  (Gen:  1)
   453712     52896   3182424  0.000  0.000    0.004    0.003    0    0  (Gen:  0)
   453488     52240   3432672  0.000  0.000    0.004    0.003    0    0  (Gen:  0)
   455712     51696   3679632  0.000  0.000    0.004    0.003    0    0  (Gen:  0)
   453328     52024   3930360  0.000  0.000    0.004    0.003    0    0  (Gen:  0)
   456936     52080   4180544  0.000  0.000    0.004    0.004    0    0  (Gen:  0)
   455048     51696   4427568  0.000  0.000    0.004    0.004    0    0  (Gen:  0)
   455680     51504   4671240  0.000  0.000    0.005    0.004    0    0  (Gen:  0)
   454944     51088   4914672  0.000  0.000    0.005    0.004    0    0  (Gen:  0)
   453376     51400   5165040  0.000  0.000    0.005    0.004    0    0  (Gen:  0)
   456856     51872   5415280  0.000  0.000    0.005    0.004    0    0  (Gen:  0)
   455400     51672   5662368  0.000  0.000    0.005    0.005    0    0  (Gen:  0)
   454848    611272   5905800  0.001  0.001    0.006    0.005    0    0  (Gen:  1)
   455424     50808   6149232  0.000  0.000    0.006    0.005    0    0  (Gen:  0)
   457624     51096   6396032  0.000  0.000    0.006    0.005    0    0  (Gen:  0)
   458832     51112   6639568  0.000  0.000    0.006    0.006    0    0  (Gen:  0)
   457208     50808   6883056  0.000  0.000    0.006    0.006    0    0  (Gen:  0)
   458784     50536   7122960  0.000  0.000    0.007    0.006    0    0  (Gen:  0)
   456064     50472   7363104  0.000  0.000    0.007    0.006    0    0  (Gen:  0)
   456128     50848   7609824  0.000  0.000    0.007    0.006    0    0  (Gen:  0)
   458776     50336   7852712  0.000  0.000    0.007    0.006    0    0  (Gen:  0)
   457640     50760   8096688  0.000  0.000    0.007    0.007    0    0  (Gen:  0)
   458208     50536   8336592  0.000  0.000    0.007    0.007    0    0  (Gen:  0)
   457440     50280   8576496  0.000  0.000    0.007    0.007    0    0  (Gen:  0)
   456368     50304   8816520  0.000  0.000    0.008    0.007    0    0  (Gen:  0)
   456992     50056   9053016  0.000  0.000    0.008    0.007    0    0  (Gen:  0)
   457664     49648   9292680  0.000  0.000    0.008    0.007    0    0  (Gen:  0)
   460840     48896   9528224  0.000  0.000    0.008    0.008    0    0  (Gen:  0)
   456648     49752   9765672  0.000  0.000    0.008    0.008    0    0  (Gen:  0)
   455888     50536  10012392  0.000  0.000    0.008    0.008    0    0  (Gen:  0)
   458888     50920  10255824  0.000  0.000    0.009    0.008    0    0  (Gen:  0)
   457144     50856  10499256  0.000  0.000    0.009    0.008    0    0  (Gen:  0)
   458544     50584  10739160  0.000  0.000    0.009    0.008    0    0  (Gen:  0)
   457584     50224  10979064  0.000  0.000    0.009    0.008    0    0  (Gen:  0)
   456272     50296  11219088  0.000  0.000    0.009    0.009    0    0  (Gen:  0)
   460184     49584  11458328  0.000  0.000    0.009    0.009    0    0  (Gen:  0)
   459840     49272  11697944  0.000  0.000    0.010    0.009    0    0  (Gen:  0)
   458088   1226384  11931864  0.001  0.001    0.011    0.010    0    0  (Gen:  1)
   457824     49432  12168240  0.000  0.000    0.011    0.010    0    0  (Gen:  0)
   458904     50072  12411376  0.000  0.000    0.011    0.010    0    0  (Gen:  0)
   456936     50128  12648048  0.000  0.000    0.011    0.011    0    0  (Gen:  0)
   457952     49768  12887712  0.000  0.000    0.011    0.011    0    0  (Gen:  0)
   460608     49728  13124088  0.000  0.000    0.012    0.011    0    0  (Gen:  0)
   458128     49336  13357176  0.000  0.000    0.012    0.011    0    0  (Gen:  0)
   457024     49312  13593432  0.000  0.000    0.012    0.011    0    0  (Gen:  0)
   460336     49264  13829688  0.000  0.000    0.012    0.012    0    0  (Gen:  0)
   458528     49048  14062656  0.000  0.000    0.012    0.012    0    0  (Gen:  0)
   460336     48848  14295384  0.000  0.000    0.013    0.012    0    0  (Gen:  0)
   458736     48256  14524704  0.000  0.000    0.013    0.012    0    0  (Gen:  0)
   458688     49608  14768136  0.000  0.000    0.013    0.012    0    0  (Gen:  0)
   458928     50448  15008040  0.000  0.000    0.013    0.012    0    0  (Gen:  0)
   456704     49936  15244536  0.000  0.000    0.013    0.013    0    0  (Gen:  0)
   457024     49504  15480792  0.000  0.000    0.013    0.013    0    0  (Gen:  0)
   459552     49120  15713640  0.000  0.000    0.014    0.013    0    0  (Gen:  0)
   459592     49008  15953048  0.000  0.000    0.014    0.013    0    0  (Gen:  0)
   458088     49656  16186632  0.000  0.000    0.014    0.013    0    0  (Gen:  0)
   461016     48408  16422032  0.000  0.000    0.014    0.014    0    0  (Gen:  0)
   461768     48856  16655616  0.000  0.000    0.014    0.014    0    0  (Gen:  0)
   461712     48480  16884936  0.000  0.000    0.015    0.014    0    0  (Gen:  0)
   457072     49080  17121552  0.000  0.000    0.015    0.014    0    0  (Gen:  0)
   459200     49600  17357688  0.000  0.000    0.015    0.015    0    0  (Gen:  0)
   458624     49072  17590656  0.000  0.000    0.016    0.015    0    0  (Gen:  0)
   459328     48752  17823384  0.000  0.000    0.016    0.016    0    0  (Gen:  0)
   459824     48376  18052824  0.000  0.000    0.016    0.016    0    0  (Gen:  0)
   457840     48472  18285552  0.000  0.000    0.017    0.017    0    0  (Gen:  0)
   461848     48512  18518144  0.000  0.000    0.017    0.017    0    0  (Gen:  0)
   462440     48480  18747720  0.000  0.000    0.018    0.017    0    0  (Gen:  0)
   460032     48168  18977040  0.000  0.000    0.018    0.017    0    0  (Gen:  0)
   460592     47776  19202952  0.000  0.000    0.018    0.017    0    0  (Gen:  0)
   457712     48400  19435920  0.000  0.000    0.018    0.018    0    0  (Gen:  0)
   458760     48960  19678232  0.000  0.000    0.018    0.018    0    0  (Gen:  0)
   459416     49944  19915488  0.000  0.000    0.018    0.018    0    0  (Gen:  0)
   458592     49920  20155392  0.000  0.000    0.019    0.018    0    0  (Gen:  0)
   460744     49184  20391272  0.000  0.000    0.019    0.018    0    0  (Gen:  0)
   460912     49504  20628144  0.000  0.000    0.019    0.018    0    0  (Gen:  0)
   458152     49552  20864520  0.000  0.000    0.019    0.019    0    0  (Gen:  0)
   458688     49200  21097368  0.000  0.000    0.019    0.019    0    0  (Gen:  0)
   458320     48976  21330456  0.000  0.000    0.020    0.019    0    0  (Gen:  0)
   461264     48928  21563064  0.000  0.000    0.020    0.019    0    0  (Gen:  0)
   461800     48584  21795856  0.000  0.000    0.020    0.019    0    0  (Gen:  0)
   457592     49296  22032288  0.000  0.000    0.020    0.020    0    0  (Gen:  0)
   458176     49248  22265376  0.000  0.000    0.020    0.020    0    0  (Gen:  0)
   460872     48792  22501256  0.000  0.000    0.020    0.020    0    0  (Gen:  0)
   461808     48272  22733720  0.000  0.000    0.021    0.020    0    0  (Gen:  0)
   461192     48424  22963680  0.000  0.000    0.021    0.020    0    0  (Gen:  0)
   457824     48576  23196528  0.000  0.000    0.021    0.020    0    0  (Gen:  0)
   459760     48568  23426088  0.000  0.000    0.021    0.021    0    0  (Gen:  0)
   458896     48280  23655288  0.000  0.000    0.021    0.021    0    0  (Gen:  0)
   462208   2445824  23884488  0.002  0.002    0.024    0.023    0    0  (Gen:  1)
   463624     47680  24110224  0.000  0.000    0.024    0.023    0    0  (Gen:  0)
   456760     48600  24346776  0.000  0.000    0.024    0.023    0    0  (Gen:  0)
   460480     49648  24583032  0.000  0.000    0.024    0.023    0    0  (Gen:  0)
   458624     49192  24816000  0.000  0.000    0.024    0.024    0    0  (Gen:  0)
   459328     48752  25048728  0.000  0.000    0.024    0.024    0    0  (Gen:  0)
   459824     48376  25278168  0.000  0.000    0.024    0.024    0    0  (Gen:  0)
   457840     48472  25510896  0.000  0.000    0.024    0.024    0    0  (Gen:  0)
   461848     48512  25743488  0.000  0.000    0.025    0.024    0    0  (Gen:  0)
   462440     48480  25973064  0.000  0.000    0.025    0.024    0    0  (Gen:  0)
   460032     48168  26202384  0.000  0.000    0.025    0.024    0    0  (Gen:  0)
   460592     47776  26428296  0.000  0.000    0.025    0.024    0    0  (Gen:  0)
   459696     47920  26657616  0.000  0.000    0.025    0.025    0    0  (Gen:  0)
   459616     48400  26890344  0.000  0.000    0.025    0.025    0    0  (Gen:  0)
   461472     48352  27119664  0.000  0.000    0.025    0.025    0    0  (Gen:  0)
   459392     48232  27349104  0.000  0.000    0.026    0.025    0    0  (Gen:  0)
   459968     48136  27575016  0.000  0.000    0.026    0.025    0    0  (Gen:  0)
   460512     47560  27800808  0.000  0.000    0.026    0.025    0    0  (Gen:  0)
   459488     47608  28029888  0.000  0.000    0.026    0.026    0    0  (Gen:  0)
   460592     47640  28255800  0.000  0.000    0.026    0.026    0    0  (Gen:  0)
   461008     47488  28481472  0.000  0.000    0.027    0.026    0    0  (Gen:  0)
   460864     47304  28703976  0.000  0.000    0.027    0.026    0    0  (Gen:  0)
   462848     46768  28926000  0.000  0.000    0.027    0.027    0    0  (Gen:  0)
   457856     48096  29162496  0.000  0.000    0.027    0.027    0    0  (Gen:  0)
   460576     49808  29398752  0.000  0.000    0.028    0.027    0    0  (Gen:  0)
   458528     49152  29631720  0.000  0.000    0.028    0.027    0    0  (Gen:  0)
   459328     48688  29864448  0.000  0.000    0.028    0.027    0    0  (Gen:  0)
   459776     48384  30093888  0.000  0.000    0.028    0.028    0    0  (Gen:  0)
   457792     48440  30326616  0.000  0.000    0.028    0.028    0    0  (Gen:  0)
   461944     48600  30559352  0.000  0.000    0.029    0.028    0    0  (Gen:  0)
   462152     48472  30788784  0.000  0.000    0.029    0.028    0    0  (Gen:  0)
   460176     48168  31018104  0.000  0.000    0.029    0.029    0    0  (Gen:  0)
   460592     47920  31244016  0.000  0.000    0.029    0.029    0    0  (Gen:  0)
   459744     47920  31473336  0.000  0.000    0.030    0.029    0    0  (Gen:  0)
   459616     48400  31706064  0.000  0.000    0.030    0.030    0    0  (Gen:  0)
   461328     48360  31935384  0.000  0.000    0.030    0.030    0    0  (Gen:  0)
   459488     48232  32164824  0.000  0.000    0.030    0.030    0    0  (Gen:  0)
   459920     48136  32390736  0.000  0.000    0.031    0.030    0    0  (Gen:  0)
   460608     47560  32616528  0.000  0.000    0.031    0.030    0    0  (Gen:  0)
   459392     47608  32845608  0.000  0.000    0.031    0.030    0    0  (Gen:  0)
   460640     47632  33071520  0.000  0.000    0.031    0.031    0    0  (Gen:  0)
   460960     47488  33297192  0.000  0.000    0.031    0.031    0    0  (Gen:  0)
   460864     47248  33519696  0.000  0.000    0.032    0.031    0    0  (Gen:  0)
   462704     46768  33741720  0.000  0.000    0.032    0.031    0    0  (Gen:  0)
   458544     47608  33974568  0.000  0.000    0.032    0.032    0    0  (Gen:  0)
   459328     48952  34204128  0.000  0.000    0.033    0.032    0    0  (Gen:  0)
   459232     48232  34433328  0.000  0.000    0.034    0.034    0    0  (Gen:  0)
   461632     47920  34662528  0.000  0.000    0.034    0.034    0    0  (Gen:  0)
   460640     47808  34888440  0.000  0.000    0.034    0.034    0    0  (Gen:  0)
   462592     47896  35117640  0.000  0.000    0.035    0.034    0    0  (Gen:  0)
   462856     48136  35346904  0.000  0.000    0.035    0.034    0    0  (Gen:  0)
   461064     47536  35569464  0.000  0.000    0.035    0.035    0    0  (Gen:  0)
   462696     46368  35797520  0.000  0.000    0.035    0.035    0    0  (Gen:  0)
   462632     47104  36020808  0.000  0.000    0.035    0.035    0    0  (Gen:  0)
   460768     47016  36243312  0.000  0.000    0.036    0.035    0    0  (Gen:  0)
   460928     47392  36472392  0.000  0.000    0.036    0.035    0    0  (Gen:  0)
   460448     47736  36698304  0.000  0.000    0.036    0.035    0    0  (Gen:  0)
   461104     47312  36923976  0.000  0.000    0.036    0.036    0    0  (Gen:  0)
   460528     47160  37146480  0.000  0.000    0.036    0.036    0    0  (Gen:  0)
   463664     46624  37368504  0.000  0.000    0.036    0.036    0    0  (Gen:  0)
   459936     46984  37594296  0.000  0.000    0.037    0.036    0    0  (Gen:  0)
   460656     47272  37816560  0.000  0.000    0.037    0.036    0    0  (Gen:  0)
   464584     46768  38038768  0.000  0.000    0.037    0.036    0    0  (Gen:  0)
   464616     46744  38260968  0.000  0.000    0.037    0.037    0    0  (Gen:  0)
   463856     46408  38479824  0.000  0.000    0.037    0.037    0    0  (Gen:  0)
   462144     47304  38709144  0.000  0.000    0.037    0.037    0    0  (Gen:  0)
   458400     49024  38945520  0.000  0.000    0.038    0.037    0    0  (Gen:  0)
   460512     49192  39178368  0.000  0.000    0.038    0.037    0    0  (Gen:  0)
   460824     49072  39414616  0.000  0.000    0.038    0.037    0    0  (Gen:  0)
   459368     49048  39644184  0.000  0.000    0.038    0.038    0    0  (Gen:  0)
   461864     48376  39876800  0.000  0.000    0.038    0.038    0    0  (Gen:  0)
   460952     48720  40109760  0.000  0.000    0.038    0.038    0    0  (Gen:  0)
   459216     48480  40339080  0.000  0.000    0.039    0.038    0    0  (Gen:  0)
   459024     48072  40568400  0.000  0.000    0.039    0.038    0    0  (Gen:  0)
   460192     48048  40794432  0.000  0.000    0.039    0.038    0    0  (Gen:  0)
   460144     47560  41020104  0.000  0.000    0.039    0.038    0    0  (Gen:  0)
   458960     48208  41253072  0.000  0.000    0.039    0.039    0    0  (Gen:  0)
   461504     48664  41485680  0.000  0.000    0.039    0.039    0    0  (Gen:  0)
   460176     48240  41715000  0.000  0.000    0.039    0.039    0    0  (Gen:  0)
   462808     47760  41943920  0.000  0.000    0.040    0.039    0    0  (Gen:  0)
   463824     47744  42170048  0.000  0.000    0.040    0.039    0    0  (Gen:  0)
   459464     47808  42399432  0.000  0.000    0.040    0.039    0    0  (Gen:  0)
   459776     48024  42625344  0.000  0.000    0.040    0.040    0    0  (Gen:  0)
   461824     47408  42851016  0.000  0.000    0.040    0.040    0    0  (Gen:  0)
   463624     47272  43076752  0.000  0.000    0.040    0.040    0    0  (Gen:  0)
   461048     47040  43299072  0.000  0.000    0.041    0.040    0    0  (Gen:  0)
   462808     47288  43528184  0.000  0.000    0.041    0.040    0    0  (Gen:  0)
   461144     48624  43761240  0.000  0.000    0.041    0.040    0    0  (Gen:  0)
   462576     48424  43990560  0.000  0.000    0.041    0.041    0    0  (Gen:  0)
   459008     48288  44220000  0.000  0.000    0.041    0.041    0    0  (Gen:  0)
   460448     48088  44445912  0.000  0.000    0.041    0.041    0    0  (Gen:  0)
   462720     47608  44674872  0.000  0.000    0.042    0.041    0    0  (Gen:  0)
   460320     47944  44901024  0.000  0.000    0.042    0.041    0    0  (Gen:  0)
   462792     47232  45129368  0.000  0.000    0.042    0.041    0    0  (Gen:  0)
   463160     47416  45355896  0.000  0.000    0.042    0.042    0    0  (Gen:  0)
   461056     47320  45578400  0.000  0.000    0.042    0.042    0    0  (Gen:  0)
   463760     46672  45800424  0.000  0.000    0.042    0.042    0    0  (Gen:  0)
   459680     47272  46029864  0.000  0.000    0.043    0.042    0    0  (Gen:  0)
   460496     48232  46255776  0.000  0.000    0.043    0.042    0    0  (Gen:  0)
   461104     47344  46481448  0.000  0.000    0.043    0.042    0    0  (Gen:  0)
   463600     47104  46707120  0.000  0.000    0.043    0.043    0    0  (Gen:  0)
   460896     46864  46929384  0.000  0.000    0.043    0.043    0    0  (Gen:  0)
   461056     47152  47151888  0.000  0.000    0.043    0.043    0    0  (Gen:  0)
   462656     47224  47377440  0.000  0.000    0.044    0.043    0    0  (Gen:  0)
   464760     46816  47599576  0.000  0.000    0.044    0.043    0    0  (Gen:  0)
   462984   4888424  47821968  0.004  0.004    0.048    0.048    0    0  (Gen:  1)
   461856     46576  48040704  0.000  0.000    0.048    0.048    0    0  (Gen:  0)
   462112     46344  48259680  0.000  0.000    0.048    0.048    0    0  (Gen:  0)
   458880     47824  48492528  0.000  0.000    0.049    0.048    0    0  (Gen:  0)
   461696     48496  48725136  0.000  0.000    0.049    0.048    0    0  (Gen:  0)
   460224     48328  48954456  0.000  0.000    0.049    0.048    0    0  (Gen:  0)
   462856     47664  49183280  0.000  0.000    0.049    0.048    0    0  (Gen:  0)
   460680     47736  49406280  0.000  0.000    0.049    0.048    0    0  (Gen:  0)
   461880     47208  49638296  0.000  0.000    0.049    0.049    0    0  (Gen:  0)
   459752     48016  49864680  0.000  0.000    0.049    0.049    0    0  (Gen:  0)
   462576     47488  50090472  0.000  0.000    0.049    0.049    0    0  (Gen:  0)
   463624     46416  50315144  0.000  0.000    0.049    0.049    0    0  (Gen:  0)
   462296     47128  50538528  0.000  0.000    0.050    0.049    0    0  (Gen:  0)
   460032     47280  50764320  0.000  0.000    0.050    0.049    0    0  (Gen:  0)
   462808     47456  50993192  0.000  0.000    0.050    0.049    0    0  (Gen:  0)
   460872     47680  51216144  0.000  0.000    0.050    0.049    0    0  (Gen:  0)
   462840     46368  51444104  0.000  0.000    0.050    0.050    0    0  (Gen:  0)
   462056     47344  51667488  0.000  0.000    0.050    0.050    0    0  (Gen:  0)
   461952     46872  51889752  0.000  0.000    0.050    0.050    0    0  (Gen:  0)
   463624     46584  52114952  0.000  0.000    0.050    0.050    0    0  (Gen:  0)
   461816     47128  52337808  0.000  0.000    0.051    0.050    0    0  (Gen:  0)
   464256     46872  52560072  0.000  0.000    0.051    0.050    0    0  (Gen:  0)
   462448     46704  52779048  0.000  0.000    0.051    0.050    0    0  (Gen:  0)
   463568     46048  52997544  0.000  0.000    0.051    0.051    0    0  (Gen:  0)
   462624     46944  53226864  0.000  0.000    0.051    0.051    0    0  (Gen:  0)
   460768     48192  53452896  0.000  0.000    0.051    0.051    0    0  (Gen:  0)
   460832     47440  53678448  0.000  0.000    0.052    0.051    0    0  (Gen:  0)
   462912     47208  53904240  0.000  0.000    0.052    0.051    0    0  (Gen:  0)
   461184     47088  54126504  0.000  0.000    0.052    0.051    0    0  (Gen:  0)
   460976     46936  54348888  0.000  0.000    0.052    0.052    0    0  (Gen:  0)
   463640     46728  54574160  0.000  0.000    0.052    0.052    0    0  (Gen:  0)
   464360     46968  54796824  0.000  0.000    0.052    0.052    0    0  (Gen:  0)
   462768     46672  55019088  0.000  0.000    0.052    0.052    0    0  (Gen:  0)
   462272     46672  55237944  0.000  0.000    0.053    0.052    0    0  (Gen:  0)
   465416     46040  55456504  0.000  0.000    0.053    0.052    0    0  (Gen:  0)
   460760     46744  55682352  0.000  0.000    0.053    0.052    0    0  (Gen:  0)
   461184     47080  55904616  0.000  0.000    0.053    0.053    0    0  (Gen:  0)
   464352     46816  56126880  0.000  0.000    0.053    0.053    0    0  (Gen:  0)
   462880     46656  56345856  0.000  0.000    0.053    0.053    0    0  (Gen:  0)
   461440     46120  56564472  0.000  0.000    0.054    0.053    0    0  (Gen:  0)
   464696     45192  56785688  0.000  0.000    0.054    0.053    0    0  (Gen:  0)
   462184     46600  57005472  0.000  0.000    0.054    0.053    0    0  (Gen:  0)
   465664     46144  57224088  0.000  0.000    0.054    0.054    0    0  (Gen:  0)
   463632     45976  57442824  0.000  0.000    0.054    0.054    0    0  (Gen:  0)
   462768     45888  57658032  0.000  0.000    0.054    0.054    0    0  (Gen:  0)
   463920     45376  57873240  0.000  0.000    0.055    0.054    0    0  (Gen:  0)
   458384     47440  58106208  0.000  0.000    0.055    0.054    0    0  (Gen:  0)
   461848     48656  58338808  0.000  0.000    0.055    0.054    0    0  (Gen:  0)
   461256     48400  58568256  0.000  0.000    0.055    0.055    0    0  (Gen:  0)
   462808     47784  58797224  0.000  0.000    0.055    0.055    0    0  (Gen:  0)
   463472     47760  59023368  0.000  0.000    0.055    0.055    0    0  (Gen:  0)
   459480     47760  59252688  0.000  0.000    0.055    0.055    0    0  (Gen:  0)
   460960     48096  59478720  0.000  0.000    0.056    0.055    0    0  (Gen:  0)
   460640     47440  59704272  0.000  0.000    0.056    0.055    0    0  (Gen:  0)
   463296     47256  59930064  0.000  0.000    0.056    0.055    0    0  (Gen:  0)
   461184     47088  60152328  0.000  0.000    0.056    0.056    0    0  (Gen:  0)
   461664     47184  60378120  0.000  0.000    0.056    0.056    0    0  (Gen:  0)
   462760     47552  60607136  0.000  0.000    0.056    0.056    0    0  (Gen:  0)
   463664     47768  60833240  0.000  0.000    0.057    0.056    0    0  (Gen:  0)
   460392     47448  61059024  0.000  0.000    0.057    0.056    0    0  (Gen:  0)
   461504     47304  61281408  0.000  0.000    0.057    0.056    0    0  (Gen:  0)
   462400     46784  61503552  0.000  0.000    0.057    0.057    0    0  (Gen:  0)
   462720     47016  61729344  0.000  0.000    0.057    0.057    0    0  (Gen:  0)
   461184     47040  61951608  0.000  0.000    0.057    0.057    0    0  (Gen:  0)
   464160     46768  62173872  0.000  0.000    0.058    0.057    0    0  (Gen:  0)
   462592     46648  62392848  0.000  0.000    0.058    0.057    0    0  (Gen:  0)
   461984     46144  62611344  0.000  0.000    0.058    0.057    0    0  (Gen:  0)
   460160     46696  62837256  0.000  0.000    0.058    0.057    0    0  (Gen:  0)
   462728     47904  63066400  0.000  0.000    0.058    0.058    0    0  (Gen:  0)
   463728     46944  63291560  0.000  0.000    0.058    0.058    0    0  (Gen:  0)
   462104     47488  63518040  0.000  0.000    0.058    0.058    0    0  (Gen:  0)
   461232     47080  63740304  0.000  0.000    0.059    0.058    0    0  (Gen:  0)
   461888     46944  63962688  0.000  0.000    0.059    0.058    0    0  (Gen:  0)
   463688     46840  64188056  0.000  0.000    0.059    0.058    0    0  (Gen:  0)
   462776     46920  64410624  0.000  0.000    0.059    0.059    0    0  (Gen:  0)
   463680     46680  64632888  0.000  0.000    0.059    0.059    0    0  (Gen:  0)
   461792     46576  64851744  0.000  0.000    0.059    0.059    0    0  (Gen:  0)
   462560     45928  65067072  0.000  0.000    0.060    0.059    0    0  (Gen:  0)
   459840     46528  65292864  0.000  0.000    0.060    0.059    0    0  (Gen:  0)
   460704     47320  65515128  0.000  0.000    0.060    0.059    0    0  (Gen:  0)
   461792     46576  65737152  0.000  0.000    0.060    0.060    0    0  (Gen:  0)
   464632     45512  65958296  0.000  0.000    0.060    0.060    0    0  (Gen:  0)
   463784     46408  66178152  0.000  0.000    0.061    0.060    0    0  (Gen:  0)
   462272     46264  66397008  0.000  0.000    0.061    0.060    0    0  (Gen:  0)
   464632     46376  66619024  0.000  0.000    0.061    0.061    0    0  (Gen:  0)
   465568     45128  66836672  0.000  0.000    0.061    0.061    0    0  (Gen:  0)
   465680     46120  67056624  0.000  0.000    0.062    0.061    0    0  (Gen:  0)
   463640     46000  67271952  0.000  0.000    0.062    0.062    0    0  (Gen:  0)
   463712     45304  67483752  0.000  0.000    0.063    0.062    0    0  (Gen:  0)
   461848     46792  67716360  0.000  0.000    0.063    0.062    0    0  (Gen:  0)
   460584     47904  67942272  0.000  0.000    0.063    0.063    0    0  (Gen:  0)
   461056     47408  68167944  0.000  0.000    0.063    0.063    0    0  (Gen:  0)
   460864     47160  68390448  0.000  0.000    0.063    0.063    0    0  (Gen:  0)
   460384     46792  68612592  0.000  0.000    0.063    0.063    0    0  (Gen:  0)
   463864     46848  68838272  0.000  0.000    0.064    0.063    0    0  (Gen:  0)
   461128     47248  69060768  0.000  0.000    0.064    0.064    0    0  (Gen:  0)
   463760     46672  69282792  0.000  0.000    0.064    0.064    0    0  (Gen:  0)
   461232     46432  69505056  0.000  0.000    0.065    0.065    0    0  (Gen:  0)
   462048     46560  69723792  0.000  0.000    0.066    0.066    0    0  (Gen:  0)
   462336     46104  69942528  0.000  0.000    0.066    0.066    0    0  (Gen:  0)
   463488     46872  70168320  0.000  0.000    0.066    0.066    0    0  (Gen:  0)
   461040     47088  70390584  0.000  0.000    0.066    0.066    0    0  (Gen:  0)
   464208     46816  70612848  0.000  0.000    0.066    0.066    0    0  (Gen:  0)
   462784     46704  70831824  0.000  0.000    0.067    0.066    0    0  (Gen:  0)
   462560     46096  71050320  0.000  0.000    0.067    0.067    0    0  (Gen:  0)
   464632     46104  71272520  0.000  0.000    0.067    0.067    0    0  (Gen:  0)
   462376     46680  71491440  0.000  0.000    0.067    0.067    0    0  (Gen:  0)
   462464     45928  71706768  0.000  0.000    0.067    0.067    0    0  (Gen:  0)
   462256     45736  71925384  0.000  0.000    0.067    0.067    0    0  (Gen:  0)
   463728     45568  72140592  0.000  0.000    0.068    0.067    0    0  (Gen:  0)
   465656     45216  72358808  0.000  0.000    0.068    0.067    0    0  (Gen:  0)
   463776     46064  72584216  0.000  0.000    0.068    0.068    0    0  (Gen:  0)
   462056     47080  72807264  0.000  0.000    0.068    0.068    0    0  (Gen:  0)
   463968     46824  73029528  0.000  0.000    0.068    0.068    0    0  (Gen:  0)
   462640     46648  73248504  0.000  0.000    0.068    0.068    0    0  (Gen:  0)
   463472     46144  73467000  0.000  0.000    0.068    0.068    0    0  (Gen:  0)
   464064     46216  73689264  0.000  0.000    0.069    0.068    0    0  (Gen:  0)
   462368     46624  73908120  0.000  0.000    0.069    0.069    0    0  (Gen:  0)
   465416     45072  74125664  0.000  0.000    0.069    0.069    0    0  (Gen:  0)
   465464     46024  74345472  0.000  0.000    0.069    0.069    0    0  (Gen:  0)
   464400     45744  74560680  0.000  0.000    0.069    0.069    0    0  (Gen:  0)
   462944     45544  74776008  0.000  0.000    0.069    0.069    0    0  (Gen:  0)
   464648     45840  74997896  0.000  0.000    0.070    0.069    0    0  (Gen:  0)
   462824     46344  75216888  0.000  0.000    0.070    0.069    0    0  (Gen:  0)
   465576     46144  75435624  0.000  0.000    0.070    0.070    0    0  (Gen:  0)
   462824     45912  75650952  0.000  0.000    0.070    0.070    0    0  (Gen:  0)
   465232     45424  75866040  0.000  0.000    0.070    0.070    0    0  (Gen:  0)
   465496     44736  76083896  0.000  0.000    0.070    0.070    0    0  (Gen:  0)
   463016     45880  76299984  0.000  0.000    0.071    0.070    0    0  (Gen:  0)
   464816     45136  76511784  0.000  0.000    0.071    0.070    0    0  (Gen:  0)
   463056     45184  76726992  0.000  0.000    0.071    0.071    0    0  (Gen:  0)
   464160     44920  76938672  0.000  0.000    0.071    0.071    0    0  (Gen:  0)
   466816     45040  77153760  0.000  0.000    0.071    0.071    0    0  (Gen:  0)
   457824     47208  77386608  0.000  0.000    0.071    0.071    0    0  (Gen:  0)
   459760     48568  77616168  0.000  0.000    0.071    0.071    0    0  (Gen:  0)
   458896     48280  77845368  0.000  0.000    0.072    0.071    0    0  (Gen:  0)
   462208     47920  78074568  0.000  0.000    0.072    0.072    0    0  (Gen:  0)
   463624     47680  78300304  0.000  0.000    0.072    0.072    0    0  (Gen:  0)
   458840     47760  78529680  0.000  0.000    0.072    0.072    0    0  (Gen:  0)
   459968     47968  78755592  0.000  0.000    0.072    0.072    0    0  (Gen:  0)
   461632     47440  78981264  0.000  0.000    0.072    0.072    0    0  (Gen:  0)
   463720     47168  79206848  0.000  0.000    0.073    0.072    0    0  (Gen:  0)
   461528     47088  79429320  0.000  0.000    0.073    0.072    0    0  (Gen:  0)
   460896     47184  79655112  0.000  0.000    0.073    0.073    0    0  (Gen:  0)
   462856     47648  79884224  0.000  0.000    0.073    0.073    0    0  (Gen:  0)
   463824     47304  80109776  0.000  0.000    0.073    0.073    0    0  (Gen:  0)
   460520     47448  80336016  0.000  0.000    0.073    0.073    0    0  (Gen:  0)
   461888     47304  80558400  0.000  0.000    0.073    0.073    0    0  (Gen:  0)
   461440     46784  80780544  0.000  0.000    0.074    0.073    0    0  (Gen:  0)
   463488     47016  81006336  0.000  0.000    0.074    0.074    0    0  (Gen:  0)
   461040     47088  81228600  0.000  0.000    0.074    0.074    0    0  (Gen:  0)
   464208     46816  81450864  0.000  0.000    0.074    0.074    0    0  (Gen:  0)
   462784     46704  81669840  0.000  0.000    0.074    0.074    0    0  (Gen:  0)
   462560     46096  81888336  0.000  0.000    0.074    0.074    0    0  (Gen:  0)
   460000     46768  82114368  0.000  0.000    0.075    0.074    0    0  (Gen:  0)
   462032     47992  82343448  0.000  0.000    0.075    0.074    0    0  (Gen:  0)
   463672     47352  82569032  0.000  0.000    0.075    0.075    0    0  (Gen:  0)
   462392     47536  82795032  0.000  0.000    0.075    0.075    0    0  (Gen:  0)
   461088     47128  83017296  0.000  0.000    0.075    0.075    0    0  (Gen:  0)
   461408     46992  83239680  0.000  0.000    0.075    0.075    0    0  (Gen:  0)
   463640     46888  83465048  0.000  0.000    0.075    0.075    0    0  (Gen:  0)
   463592     46968  83687616  0.000  0.000    0.076    0.075    0    0  (Gen:  0)
   463296     46728  83909880  0.000  0.000    0.076    0.076    0    0  (Gen:  0)
   461984     46576  84128736  0.000  0.000    0.076    0.076    0    0  (Gen:  0)
   462560     45944  84344064  0.000  0.000    0.076    0.076    0    0  (Gen:  0)
   459648     46576  84569856  0.000  0.000    0.076    0.076    0    0  (Gen:  0)
   461328     46984  84792120  0.000  0.000    0.076    0.076    0    0  (Gen:  0)
   461360     46480  85014144  0.000  0.000    0.077    0.076    0    0  (Gen:  0)
   461920     46368  85233120  0.000  0.000    0.077    0.076    0    0  (Gen:  0)
   462432     46336  85451856  0.000  0.000    0.077    0.077    0    0  (Gen:  0)
   464760     46200  85673816  0.000  0.000    0.077    0.077    0    0  (Gen:  0)
   461512     46384  85892736  0.000  0.000    0.077    0.077    0    0  (Gen:  0)
   464800     46160  86111352  0.000  0.000    0.077    0.077    0    0  (Gen:  0)
   464064     45928  86330088  0.000  0.000    0.078    0.077    0    0  (Gen:  0)
   463712     45904  86545416  0.000  0.000    0.078    0.077    0    0  (Gen:  0)
   466472     45360  86760440  0.000  0.000    0.078    0.078    0    0  (Gen:  0)
   459544     46864  86989944  0.000  0.000    0.078    0.078    0    0  (Gen:  0)
   460640     47944  87215856  0.000  0.000    0.078    0.078    0    0  (Gen:  0)
   459680     47368  87441408  0.000  0.000    0.078    0.078    0    0  (Gen:  0)
   460912     47136  87663912  0.000  0.000    0.078    0.078    0    0  (Gen:  0)
   460816     46840  87886056  0.000  0.000    0.079    0.078    0    0  (Gen:  0)
   463360     46840  88111728  0.000  0.000    0.079    0.079    0    0  (Gen:  0)
   461152     47248  88334232  0.000  0.000    0.079    0.079    0    0  (Gen:  0)
   464760     46656  88556192  0.000  0.000    0.079    0.079    0    0  (Gen:  0)
   460952     46536  88778520  0.000  0.000    0.079    0.079    0    0  (Gen:  0)
   462288     46264  88997256  0.000  0.000    0.079    0.079    0    0  (Gen:  0)
   462848     46320  89216112  0.000  0.000    0.080    0.079    0    0  (Gen:  0)
   462640     46864  89441784  0.000  0.000    0.080    0.079    0    0  (Gen:  0)
   461040     46960  89664048  0.000  0.000    0.080    0.080    0    0  (Gen:  0)
   464112     46824  89886312  0.000  0.000    0.080    0.080    0    0  (Gen:  0)
   462736     46744  90105288  0.000  0.000    0.080    0.080    0    0  (Gen:  0)
   463376     46096  90323784  0.000  0.000    0.080    0.080    0    0  (Gen:  0)
   464016     46176  90546048  0.000  0.000    0.080    0.080    0    0  (Gen:  0)
   462416     46584  90764904  0.000  0.000    0.081    0.080    0    0  (Gen:  0)
   465608     45072  90982496  0.000  0.000    0.081    0.081    0    0  (Gen:  0)
   465128     45984  91202256  0.000  0.000    0.081    0.081    0    0  (Gen:  0)
   464496     45688  91417464  0.000  0.000    0.081    0.081    0    0  (Gen:  0)
   465688     45480  91635896  0.000  0.000    0.081    0.081    0    0  (Gen:  0)
   460728     46696  91858704  0.000  0.000    0.081    0.081    0    0  (Gen:  0)
   461040     47008  92080968  0.000  0.000    0.082    0.081    0    0  (Gen:  0)
   461168     46624  92302992  0.000  0.000    0.082    0.081    0    0  (Gen:  0)
   462592     46464  92521968  0.000  0.000    0.082    0.082    0    0  (Gen:  0)
   463712     46096  92740464  0.000  0.000    0.082    0.082    0    0  (Gen:  0)
   463680     46272  92962728  0.000  0.000    0.082    0.082    0    0  (Gen:  0)
   462752     46672  93181584  0.000  0.000    0.082    0.082    0    0  (Gen:  0)
   465608     45552  93399704  0.000  0.000    0.082    0.082    0    0  (Gen:  0)
   465272     46080  93618936  0.000  0.000    0.083    0.082    0    0  (Gen:  0)
   464256     45688  93834144  0.000  0.000    0.083    0.083    0    0  (Gen:  0)
   462944     45552  94049472  0.000  0.000    0.083    0.083    0    0  (Gen:  0)
   464360     45328  94270832  0.000  0.000    0.083    0.083    0    0  (Gen:  0)
   463256     46200  94490352  0.000  0.000    0.083    0.083    0    0  (Gen:  0)
   465672     46200  94709088  0.000  0.000    0.083    0.083    0    0  (Gen:  0)
   462584     45960  94924416  0.000  0.000    0.084    0.083    0    0  (Gen:  0)
   465856     45392  95139504  0.000  0.000    0.084    0.083    0    0  (Gen:  0)
   465592     45456  95358080  0.000  0.000    0.084    0.084    0    0  (Gen:  0)
   462584   9761032  95573448  0.009  0.009    0.093    0.093    0    0  (Gen:  1)
   464048     45144  95785248  0.000  0.000    0.093    0.093    0    0  (Gen:  0)
   464064     45136  96000456  0.000  0.000    0.093    0.093    0    0  (Gen:  0)
   464400     44968  96212136  0.000  0.000    0.094    0.093    0    0  (Gen:  0)
   466384     45040  96427224  0.000  0.000    0.094    0.093    0    0  (Gen:  0)
   460896     46792  96656544  0.000  0.000    0.094    0.094    0    0  (Gen:  0)
   460544     47880  96882456  0.000  0.000    0.094    0.094    0    0  (Gen:  0)
   461056     47440  97108128  0.000  0.000    0.094    0.094    0    0  (Gen:  0)
   460912     47256  97330632  0.000  0.000    0.094    0.094    0    0  (Gen:  0)
   461840     46720  97552656  0.000  0.000    0.095    0.094    0    0  (Gen:  0)
   462144     46848  97778448  0.000  0.000    0.095    0.095    0    0  (Gen:  0)
   461216     47304  98000832  0.000  0.000    0.095    0.095    0    0  (Gen:  0)
   464320     46736  98222976  0.000  0.000    0.096    0.096    0    0  (Gen:  0)
   463584     46608  98445240  0.000  0.000    0.096    0.096    0    0  (Gen:  0)
   462768     46408  98663976  0.000  0.000    0.096    0.096    0    0  (Gen:  0)
   464464     46384  98886120  0.000  0.000    0.096    0.096    0    0  (Gen:  0)
   460768     46936  99108624  0.000  0.000    0.096    0.096    0    0  (Gen:  0)
   460960     46792  99330768  0.000  0.000    0.096    0.096    0    0  (Gen:  0)
   463920     46648  99553032  0.000  0.000    0.097    0.096    0    0  (Gen:  0)
   461648     46584  99771888  0.000  0.000    0.097    0.096    0    0  (Gen:  0)
   465560     44784  99989288  0.000  0.000    0.097    0.097    0    0  (Gen:  0)
   462824     46288 100212768  0.000  0.000    0.097    0.097    0    0  (Gen:  0)
   462048     46656 100431504  0.000  0.000    0.097    0.097    0    0  (Gen:  0)
   465592     45272 100649408  0.000  0.000    0.097    0.097    0    0  (Gen:  0)
   462840     46032 100865688  0.000  0.000    0.097    0.097    0    0  (Gen:  0)
   464016     45616 101080896  0.000  0.000    0.097    0.097    0    0  (Gen:  0)
   462240     45832 101299632  0.000  0.000    0.098    0.098    0    0  (Gen:  0)
   462752     46672 101525184  0.000  0.000    0.099    0.098    0    0  (Gen:  0)
   462960     46896 101747448  0.000  0.000    0.099    0.099    0    0  (Gen:  0)
   463440     46720 101969712  0.000  0.000    0.099    0.099    0    0  (Gen:  0)
   461840     46576 102188568  0.000  0.000    0.100    0.099    0    0  (Gen:  0)
   463184     45976 102403896  0.000  0.000    0.100    0.099    0    0  (Gen:  0)
   461088     46216 102626160  0.000  0.000    0.100    0.100    0    0  (Gen:  0)
   462240     46312 102844896  0.000  0.000    0.100    0.100    0    0  (Gen:  0)
   463424     45952 103063392  0.000  0.000    0.100    0.100    0    0  (Gen:  0)
   465496     44792 103281008  0.000  0.000    0.100    0.100    0    0  (Gen:  0)
   465320     45696 103497336  0.000  0.000    0.100    0.100    0    0  (Gen:  0)
   465592     45720 103715960  0.000  0.000    0.100    0.100    0    0  (Gen:  0)
   461512     46272 103934928  0.000  0.000    0.101    0.100    0    0  (Gen:  0)
   463312     46096 104153544  0.000  0.000    0.101    0.100    0    0  (Gen:  0)
   465024     45984 104372280  0.000  0.000    0.101    0.101    0    0  (Gen:  0)
   463328     45856 104587608  0.000  0.000    0.101    0.101    0    0  (Gen:  0)
   466424     44208 104801528  0.000  0.000    0.101    0.101    0    0  (Gen:  0)
   464600     45624 105021432  0.000  0.000    0.101    0.101    0    0  (Gen:  0)
   463104     45928 105236640  0.000  0.000    0.101    0.101    0    0  (Gen:  0)
   464032     45312 105448560  0.000  0.000    0.102    0.101    0    0  (Gen:  0)
   463280     45064 105663528  0.000  0.000    0.102    0.102    0    0  (Gen:  0)
   465360     44880 105875208  0.000  0.000    0.102    0.102    0    0  (Gen:  0)
   464256     45120 106090416  0.000  0.000    0.102    0.102    0    0  (Gen:  0)
   463816     45296 106314992  0.000  0.000    0.102    0.102    0    0  (Gen:  0)
   462296     47176 106538472  0.000  0.000    0.102    0.102    0    0  (Gen:  0)
   464064     46960 106760736  0.000  0.000    0.103    0.102    0    0  (Gen:  0)
   462496     46752 106979712  0.000  0.000    0.103    0.103    0    0  (Gen:  0)
   464192     46096 107198208  0.000  0.000    0.103    0.103    0    0  (Gen:  0)
   462960     46224 107420472  0.000  0.000    0.103    0.103    0    0  (Gen:  0)
   461664     46552 107639208  0.000  0.000    0.103    0.103    0    0  (Gen:  0)
   462832     45976 107854656  0.000  0.000    0.103    0.103    0    0  (Gen:  0)
   462080     45736 108073152  0.000  0.000    0.104    0.103    0    0  (Gen:  0)
   464160     45504 108288360  0.000  0.000    0.104    0.103    0    0  (Gen:  0)
   462512     45544 108503688  0.000  0.000    0.104    0.104    0    0  (Gen:  0)
   464552     44880 108724568  0.000  0.000    0.104    0.104    0    0  (Gen:  0)
   463640     46248 108944568  0.000  0.000    0.104    0.104    0    0  (Gen:  0)
   465552     46288 109163304  0.000  0.000    0.104    0.104    0    0  (Gen:  0)
   462560     45952 109378632  0.000  0.000    0.104    0.104    0    0  (Gen:  0)
   466192     45424 109593720  0.000  0.000    0.105    0.104    0    0  (Gen:  0)
   465552     45664 109812456  0.000  0.000    0.105    0.105    0    0  (Gen:  0)
   463712     45952 110027784  0.000  0.000    0.105    0.105    0    0  (Gen:  0)
   463904     45304 110239584  0.000  0.000    0.105    0.105    0    0  (Gen:  0)
   463168     45064 110454672  0.000  0.000    0.105    0.105    0    0  (Gen:  0)
   464256     44848 110666352  0.000  0.000    0.105    0.105    0    0  (Gen:  0)
   463584     44848 110878032  0.000  0.000    0.106    0.105    0    0  (Gen:  0)
   463264     45760 111100176  0.000  0.000    0.106    0.105    0    0  (Gen:  0)
   462624     46296 111318912  0.000  0.000    0.106    0.106    0    0  (Gen:  0)
   465496     46040 111537584  0.000  0.000    0.106    0.106    0    0  (Gen:  0)
   463144     45904 111752976  0.000  0.000    0.106    0.106    0    0  (Gen:  0)
   463744     45424 111968064  0.000  0.000    0.106    0.106    0    0  (Gen:  0)
   463840     45552 112183512  0.000  0.000    0.106    0.106    0    0  (Gen:  0)
   465488     45784 112402008  0.000  0.000    0.107    0.106    0    0  (Gen:  0)
   463696     45520 112613928  0.000  0.000    0.107    0.107    0    0  (Gen:  0)
   463552     45232 112829016  0.000  0.000    0.107    0.107    0    0  (Gen:  0)
   464864     45160 113040816  0.000  0.000    0.107    0.107    0    0  (Gen:  0)
   467264     44584 113252256  0.000  0.000    0.107    0.107    0    0  (Gen:  0)
   463488     45288 113470992  0.000  0.000    0.107    0.107    0    0  (Gen:  0)
   463584     45648 113686200  0.000  0.000    0.108    0.107    0    0  (Gen:  0)
   466648     44544 113900576  0.000  0.000    0.108    0.107    0    0  (Gen:  0)
   464136     45408 114113328  0.000  0.000    0.108    0.108    0    0  (Gen:  0)
   464928     44896 114325008  0.000  0.000    0.108    0.108    0    0  (Gen:  0)
   464448     44800 114536688  0.000  0.000    0.108    0.108    0    0  (Gen:  0)
   466632     44088 114750824  0.000  0.000    0.108    0.108    0    0  (Gen:  0)
   465752     44872 114963336  0.000  0.000    0.108    0.108    0    0  (Gen:  0)
   467616     44664 115175016  0.000  0.000    0.109    0.108    0    0  (Gen:  0)
   464816     44568 115383288  0.000  0.000    0.109    0.109    0    0  (Gen:  0)
   466192     44080 115591320  0.000  0.000    0.109    0.109    0    0  (Gen:  0)
   461504     45568 115813704  0.000  0.000    0.109    0.109    0    0  (Gen:  0)
   462496     47776 116042904  0.000  0.000    0.109    0.109    0    0  (Gen:  0)
   463768     46752 116267816  0.000  0.000    0.109    0.109    0    0  (Gen:  0)
   461528     47488 116494488  0.000  0.000    0.110    0.109    0    0  (Gen:  0)
   461232     47080 116716752  0.000  0.000    0.110    0.110    0    0  (Gen:  0)
   460992     46816 116939016  0.000  0.000    0.110    0.110    0    0  (Gen:  0)
   460864     47016 117161520  0.000  0.000    0.110    0.110    0    0  (Gen:  0)
   460384     46792 117383664  0.000  0.000    0.110    0.110    0    0  (Gen:  0)
   462688     46480 117605808  0.000  0.000    0.110    0.110    0    0  (Gen:  0)
   462400     46528 117824784  0.000  0.000    0.111    0.110    0    0  (Gen:  0)
   464672     46192 118043280  0.000  0.000    0.111    0.110    0    0  (Gen:  0)
   461280     46632 118269072  0.000  0.000    0.111    0.111    0    0  (Gen:  0)
   461888     47400 118491456  0.000  0.000    0.111    0.111    0    0  (Gen:  0)
   463552     46784 118713600  0.000  0.000    0.111    0.111    0    0  (Gen:  0)
   464680     46352 118935560  0.000  0.000    0.111    0.111    0    0  (Gen:  0)
   463208     46408 119154600  0.000  0.000    0.111    0.111    0    0  (Gen:  0)
   462704     46264 119373456  0.000  0.000    0.112    0.111    0    0  (Gen:  0)
   464696     45528 119594672  0.000  0.000    0.112    0.112    0    0  (Gen:  0)
   465648     46184 119814128  0.000  0.000    0.112    0.112    0    0  (Gen:  0)
   465272     46104 120033072  0.000  0.000    0.112    0.112    0    0  (Gen:  0)
   463328     45904 120248400  0.000  0.000    0.112    0.112    0    0  (Gen:  0)
   463760     45304 120460200  0.000  0.000    0.112    0.112    0    0  (Gen:  0)
   460224     46264 120685992  0.000  0.000    0.113    0.112    0    0  (Gen:  0)
   460752     47368 120908256  0.000  0.000    0.113    0.112    0    0  (Gen:  0)
   461792     46576 121130280  0.000  0.000    0.113    0.113    0    0  (Gen:  0)
   464464     46456 121352424  0.000  0.000    0.113    0.113    0    0  (Gen:  0)
   463856     46408 121571280  0.000  0.000    0.113    0.113    0    0  (Gen:  0)
   462320     46344 121790136  0.000  0.000    0.113    0.113    0    0  (Gen:  0)
   461552     46384 122008992  0.000  0.000    0.113    0.113    0    0  (Gen:  0)
   462272     45976 122227488  0.000  0.000    0.114    0.113    0    0  (Gen:  0)
   464640     45768 122446224  0.000  0.000    0.114    0.114    0    0  (Gen:  0)
   463424     45904 122661552  0.000  0.000    0.114    0.114    0    0  (Gen:  0)
   464912     45256 122873352  0.000  0.000    0.114    0.114    0    0  (Gen:  0)
   460560     45904 123095616  0.000  0.000    0.114    0.114    0    0  (Gen:  0)
   462144     46264 123314352  0.000  0.000    0.114    0.114    0    0  (Gen:  0)
   463520     45904 123532848  0.000  0.000    0.115    0.114    0    0  (Gen:  0)
   465640     44976 123750608  0.000  0.000    0.115    0.114    0    0  (Gen:  0)
   465320     45792 123966792  0.000  0.000    0.115    0.115    0    0  (Gen:  0)
   462576     45432 124182000  0.000  0.000    0.115    0.115    0    0  (Gen:  0)
   462944     45496 124397328  0.000  0.000    0.115    0.115    0    0  (Gen:  0)
   463744     45424 124612416  0.000  0.000    0.115    0.115    0    0  (Gen:  0)
   466600     45256 124827568  0.000  0.000    0.115    0.115    0    0  (Gen:  0)
   463768     45184 125039424  0.000  0.000    0.116    0.115    0    0  (Gen:  0)
   467200     44816 125250984  0.000  0.000    0.116    0.116    0    0  (Gen:  0)
   461728     45912 125473488  0.000  0.000    0.116    0.116    0    0  (Gen:  0)
   463704     46776 125698496  0.000  0.000    0.116    0.116    0    0  (Gen:  0)
   461832     46728 125918016  0.000  0.000    0.116    0.116    0    0  (Gen:  0)
   460784     46360 126140040  0.000  0.000    0.116    0.116    0    0  (Gen:  0)
   462720     46176 126358776  0.000  0.000    0.117    0.116    0    0  (Gen:  0)
   462288     46096 126577512  0.000  0.000    0.117    0.116    0    0  (Gen:  0)
   462928     46344 126796488  0.000  0.000    0.117    0.117    0    0  (Gen:  0)
   462064     46168 127015104  0.000  0.000    0.117    0.117    0    0  (Gen:  0)
   463696     45776 127233720  0.000  0.000    0.117    0.117    0    0  (Gen:  0)
   462512     45688 127449048  0.000  0.000    0.117    0.117    0    0  (Gen:  0)
   466576     45472 127664136  0.000  0.000    0.117    0.117    0    0  (Gen:  0)
   464648     46032 127886400  0.000  0.000    0.118    0.117    0    0  (Gen:  0)
   463080     46680 128105256  0.000  0.000    0.118    0.118    0    0  (Gen:  0)
   465608     45840 128323664  0.000  0.000    0.118    0.118    0    0  (Gen:  0)
   465080     45936 128542608  0.000  0.000    0.118    0.118    0    0  (Gen:  0)
   464160     45688 128757816  0.000  0.000    0.118    0.118    0    0  (Gen:  0)
   464640     45424 128973024  0.000  0.000    0.118    0.118    0    0  (Gen:  0)
   463264     45672 129188472  0.000  0.000    0.119    0.118    0    0  (Gen:  0)
   463776     45520 129403680  0.000  0.000    0.119    0.118    0    0  (Gen:  0)
   463760     45280 129618648  0.000  0.000    0.119    0.119    0    0  (Gen:  0)
   463952     44944 129830448  0.000  0.000    0.119    0.119    0    0  (Gen:  0)
   465424     44752 130042008  0.000  0.000    0.119    0.119    0    0  (Gen:  0)
   463872     45352 130260744  0.000  0.000    0.119    0.119    0    0  (Gen:  0)
   461648     46416 130479600  0.000  0.000    0.119    0.119    0    0  (Gen:  0)
   465560     44784 130697000  0.000  0.000    0.120    0.119    0    0  (Gen:  0)
   463928     45928 130916952  0.000  0.000    0.120    0.120    0    0  (Gen:  0)
   463248     45928 131132160  0.000  0.000    0.120    0.120    0    0  (Gen:  0)
   466600     45424 131347312  0.000  0.000    0.120    0.120    0    0  (Gen:  0)
   465600     45720 131565992  0.000  0.000    0.120    0.120    0    0  (Gen:  0)
   464216     45688 131781312  0.000  0.000    0.120    0.120    0    0  (Gen:  0)
   466648     45080 131996072  0.000  0.000    0.121    0.120    0    0  (Gen:  0)
   463880     45072 132208200  0.000  0.000    0.121    0.121    0    0  (Gen:  0)
   463968     44712 132419880  0.000  0.000    0.121    0.121    0    0  (Gen:  0)
   465408     44968 132635088  0.000  0.000    0.121    0.121    0    0  (Gen:  0)
   462848     45648 132850416  0.000  0.000    0.121    0.121    0    0  (Gen:  0)
   465184     45424 133065504  0.000  0.000    0.121    0.121    0    0  (Gen:  0)
   466128     45264 133280712  0.000  0.000    0.122    0.121    0    0  (Gen:  0)
   464432     45240 133492512  0.000  0.000    0.122    0.121    0    0  (Gen:  0)
   467528     43440 133702856  0.000  0.000    0.122    0.122    0    0  (Gen:  0)
   465848     44952 133919280  0.000  0.000    0.122    0.122    0    0  (Gen:  0)
   464064     45264 134130960  0.000  0.000    0.122    0.122    0    0  (Gen:  0)
   465232     44680 134339352  0.000  0.000    0.122    0.122    0    0  (Gen:  0)
   463712     44392 134550792  0.000  0.000    0.122    0.122    0    0  (Gen:  0)
   465552     44160 134758944  0.000  0.000    0.123    0.122    0    0  (Gen:  0)
   466656     44400 134970624  0.000  0.000    0.123    0.123    0    0  (Gen:  0)
   463488     46296 135196416  0.000  0.000    0.123    0.123    0    0  (Gen:  0)
   461040     47088 135418680  0.000  0.000    0.123    0.123    0    0  (Gen:  0)
   464208     46816 135640944  0.000  0.000    0.123    0.123    0    0  (Gen:  0)
   462784     46704 135859920  0.000  0.000    0.123    0.123    0    0  (Gen:  0)
   462560     46096 136078416  0.000  0.000    0.124    0.123    0    0  (Gen:  0)
   464632     46104 136300616  0.000  0.000    0.124    0.124    0    0  (Gen:  0)
   462376     46680 136519536  0.000  0.000    0.124    0.124    0    0  (Gen:  0)
   462464     45928 136734864  0.000  0.000    0.124    0.124    0    0  (Gen:  0)
   462256     45736 136953480  0.000  0.000    0.124    0.124    0    0  (Gen:  0)
   463728     45568 137168688  0.000  0.000    0.124    0.124    0    0  (Gen:  0)
   462720     45376 137383896  0.000  0.000    0.125    0.124    0    0  (Gen:  0)
   464080     46120 137606040  0.000  0.000    0.125    0.125    0    0  (Gen:  0)
   462720     46288 137824776  0.000  0.000    0.125    0.125    0    0  (Gen:  0)
   465720     46208 138043520  0.000  0.000    0.125    0.125    0    0  (Gen:  0)
   462680     45856 138258840  0.000  0.000    0.126    0.125    0    0  (Gen:  0)
   464704     45376 138473928  0.000  0.000    0.126    0.126    0    0  (Gen:  0)
   462880     45552 138689376  0.000  0.000    0.126    0.126    0    0  (Gen:  0)
   465624     45048 138907136  0.000  0.000    0.126    0.126    0    0  (Gen:  0)
   463480     45216 139119672  0.000  0.000    0.126    0.126    0    0  (Gen:  0)
   462784     44968 139334760  0.000  0.000    0.127    0.126    0    0  (Gen:  0)
   464208     45088 139546440  0.000  0.000    0.127    0.127    0    0  (Gen:  0)
   467184     44760 139758120  0.000  0.000    0.127    0.127    0    0  (Gen:  0)
   462960     45784 139980384  0.000  0.000    0.127    0.127    0    0  (Gen:  0)
   462720     46368 140199120  0.000  0.000    0.127    0.127    0    0  (Gen:  0)
   465496     45608 140417408  0.000  0.000    0.128    0.128    0    0  (Gen:  0)
   463144     45864 140633184  0.000  0.000    0.128    0.128    0    0  (Gen:  0)
   463536     45448 140848392  0.000  0.000    0.128    0.128    0    0  (Gen:  0)
   463184     45640 141063720  0.000  0.000    0.128    0.128    0    0  (Gen:  0)
   465816     45656 141282160  0.000  0.000    0.129    0.128    0    0  (Gen:  0)
   466608     45336 141497216  0.000  0.000    0.129    0.129    0    0  (Gen:  0)
   466232     45376 141712632  0.000  0.000    0.130    0.129    0    0  (Gen:  0)
   464576     45280 141924432  0.000  0.000    0.130    0.130    0    0  (Gen:  0)
   464384     44584 142132704  0.000  0.000    0.130    0.130    0    0  (Gen:  0)
   462112     45112 142351320  0.000  0.000    0.130    0.130    0    0  (Gen:  0)
   463104     45808 142566528  0.000  0.000    0.130    0.130    0    0  (Gen:  0)
   466712     44968 142781264  0.000  0.000    0.130    0.130    0    0  (Gen:  0)
   466608     45248 142996768  0.000  0.000    0.131    0.130    0    0  (Gen:  0)
   465416     45112 143208504  0.000  0.000    0.131    0.131    0    0  (Gen:  0)
   465552     44800 143420184  0.000  0.000    0.132    0.132    0    0  (Gen:  0)
   464224     44992 143632104  0.000  0.000    0.133    0.132    0    0  (Gen:  0)
   464784     45040 143843784  0.000  0.000    0.133    0.133    0    0  (Gen:  0)
   464816     44560 144055224  0.000  0.000    0.133    0.133    0    0  (Gen:  0)
   465104     44272 144263496  0.000  0.000    0.133    0.133    0    0  (Gen:  0)
   464848     44080 144471528  0.000  0.000    0.133    0.133    0    0  (Gen:  0)
   463760     44752 144686856  0.000  0.000    0.133    0.133    0    0  (Gen:  0)
   464552     45216 144907880  0.000  0.000    0.134    0.133    0    0  (Gen:  0)
   463368     46224 145124448  0.000  0.000    0.134    0.134    0    0  (Gen:  0)
   462448     45952 145343064  0.000  0.000    0.134    0.134    0    0  (Gen:  0)
   462384     45664 145558272  0.000  0.000    0.134    0.134    0    0  (Gen:  0)
   466472     44488 145772576  0.000  0.000    0.134    0.134    0    0  (Gen:  0)
   464888     45664 145992096  0.000  0.000    0.134    0.134    0    0  (Gen:  0)
   464640     45744 146207304  0.000  0.000    0.134    0.134    0    0  (Gen:  0)
   466504     45328 146422456  0.000  0.000    0.135    0.134    0    0  (Gen:  0)
   463896     45216 146634432  0.000  0.000    0.135    0.135    0    0  (Gen:  0)
   463648     44872 146845992  0.000  0.000    0.135    0.135    0    0  (Gen:  0)
   465760     44920 147061080  0.000  0.000    0.135    0.135    0    0  (Gen:  0)
   462944     45424 147276408  0.000  0.000    0.135    0.135    0    0  (Gen:  0)
   463744     45424 147491496  0.000  0.000    0.135    0.135    0    0  (Gen:  0)
   466632     45304 147706704  0.000  0.000    0.136    0.135    0    0  (Gen:  0)
   463736     45192 147918504  0.000  0.000    0.136    0.136    0    0  (Gen:  0)
   467104     44800 148130064  0.000  0.000    0.136    0.136    0    0  (Gen:  0)
   466632     44952 148345280  0.000  0.000    0.136    0.136    0    0  (Gen:  0)
   464888     45280 148557072  0.000  0.000    0.136    0.136    0    0  (Gen:  0)
   465632     44632 148765344  0.000  0.000    0.136    0.136    0    0  (Gen:  0)
   464160     44560 148977024  0.000  0.000    0.137    0.136    0    0  (Gen:  0)
   464784     44248 149185176  0.000  0.000    0.137    0.137    0    0  (Gen:  0)
   464816     43840 149393088  0.000  0.000    0.137    0.137    0    0  (Gen:  0)
   464448     44976 149611824  0.000  0.000    0.137    0.137    0    0  (Gen:  0)
   464256     45688 149827032  0.000  0.000    0.137    0.137    0    0  (Gen:  0)
   466408     44688 150041456  0.000  0.000    0.137    0.137    0    0  (Gen:  0)
   463480     45192 150254040  0.000  0.000    0.137    0.137    0    0  (Gen:  0)
   464736     44872 150465720  0.000  0.000    0.138    0.137    0    0  (Gen:  0)
   463728     44800 150677400  0.000  0.000    0.138    0.138    0    0  (Gen:  0)
   464144     44920 150889200  0.000  0.000    0.138    0.138    0    0  (Gen:  0)
   464752     44752 151100760  0.000  0.000    0.138    0.138    0    0  (Gen:  0)
   465808     44512 151312320  0.000  0.000    0.138    0.138    0    0  (Gen:  0)
   464576     44400 151520592  0.000  0.000    0.138    0.138    0    0  (Gen:  0)
   466912     44080 151728624  0.000  0.000    0.139    0.138    0    0  (Gen:  0)
   464096     44440 151940424  0.000  0.000    0.139    0.139    0    0  (Gen:  0)
   464672     45136 152152224  0.000  0.000    0.139    0.139    0    0  (Gen:  0)
   466496     44584 152363664  0.000  0.000    0.139    0.139    0    0  (Gen:  0)
   465408     44424 152575344  0.000  0.000    0.139    0.139    0    0  (Gen:  0)
   464448     44488 152783496  0.000  0.000    0.139    0.139    0    0  (Gen:  0)
   466768     43968 152988360  0.000  0.000    0.140    0.139    0    0  (Gen:  0)
   463696     44200 153199920  0.000  0.000    0.140    0.139    0    0  (Gen:  0)
   464880     44176 153408072  0.000  0.000    0.140    0.140    0    0  (Gen:  0)
   468488     43752 153615848  0.000  0.000    0.140    0.140    0    0  (Gen:  0)
   468104     44008 153824256  0.000  0.000    0.140    0.140    0    0  (Gen:  0)
   466272     43728 154028880  0.000  0.000    0.140    0.140    0    0  (Gen:  0)
   464576     43896 154237152  0.000  0.000    0.140    0.140    0    0  (Gen:  0)
   460192     46384 154466352  0.000  0.000    0.141    0.140    0    0  (Gen:  0)
   460784     47752 154692264  0.000  0.000    0.141    0.141    0    0  (Gen:  0)
   460816     47536 154917936  0.000  0.000    0.141    0.141    0    0  (Gen:  0)
   460816     47200 155140440  0.000  0.000    0.141    0.141    0    0  (Gen:  0)
   462416     46816 155362464  0.000  0.000    0.141    0.141    0    0  (Gen:  0)
   461568     46944 155588256  0.000  0.000    0.141    0.141    0    0  (Gen:  0)
   461312     47304 155810640  0.000  0.000    0.142    0.141    0    0  (Gen:  0)
   464320     46720 156032784  0.000  0.000    0.142    0.142    0    0  (Gen:  0)
   464448     46704 156255048  0.000  0.000    0.142    0.142    0    0  (Gen:  0)
   462336     46368 156473784  0.000  0.000    0.142    0.142    0    0  (Gen:  0)
   464632     46152 156695792  0.000  0.000    0.142    0.142    0    0  (Gen:  0)
   461256     47104 156918552  0.000  0.000    0.142    0.142    0    0  (Gen:  0)
   461680     46888 157140696  0.000  0.000    0.143    0.142    0    0  (Gen:  0)
   462016     46528 157362840  0.000  0.000    0.143    0.142    0    0  (Gen:  0)
   461936     46456 157581696  0.000  0.000    0.143    0.143    0    0  (Gen:  0)
   463328     45992 157797024  0.000  0.000    0.143    0.143    0    0  (Gen:  0)
   460752     46168 158019288  0.000  0.000    0.143    0.143    0    0  (Gen:  0)
   462288     46264 158238024  0.000  0.000    0.143    0.143    0    0  (Gen:  0)
   463520     45952 158456520  0.000  0.000    0.143    0.143    0    0  (Gen:  0)
   465640     45080 158674424  0.000  0.000    0.144    0.143    0    0  (Gen:  0)
   465176     45688 158890464  0.000  0.000    0.144    0.144    0    0  (Gen:  0)
   462848     45960 159109320  0.000  0.000    0.144    0.144    0    0  (Gen:  0)
   463688     46608 159334784  0.000  0.000    0.144    0.144    0    0  (Gen:  0)
   463880     47008 159557256  0.000  0.000    0.144    0.144    0    0  (Gen:  0)
   463056     46776 159779520  0.000  0.000    0.144    0.144    0    0  (Gen:  0)
   462272     46584 159998376  0.000  0.000    0.145    0.144    0    0  (Gen:  0)
   465608     45072 160216016  0.000  0.000    0.145    0.145    0    0  (Gen:  0)
   462920     46296 160439256  0.000  0.000    0.145    0.145    0    0  (Gen:  0)
   463296     46360 160657992  0.000  0.000    0.145    0.145    0    0  (Gen:  0)
   465360     46104 160876728  0.000  0.000    0.145    0.145    0    0  (Gen:  0)
   462976     45880 161092176  0.000  0.000    0.145    0.145    0    0  (Gen:  0)
   463728     45664 161307384  0.000  0.000    0.146    0.145    0    0  (Gen:  0)
   462512     45592 161525880  0.000  0.000    0.146    0.145    0    0  (Gen:  0)
   462592     46192 161744856  0.000  0.000    0.146    0.146    0    0  (Gen:  0)
   462128     46048 161963352  0.000  0.000    0.146    0.146    0    0  (Gen:  0)
   465072     45904 162182088  0.000  0.000    0.146    0.146    0    0  (Gen:  0)
   463280     45960 162397416  0.000  0.000    0.146    0.146    0    0  (Gen:  0)
   463856     45208 162609216  0.000  0.000    0.146    0.146    0    0  (Gen:  0)
   462720     45496 162827952  0.000  0.000    0.147    0.146    0    0  (Gen:  0)
   463200     45928 163043160  0.000  0.000    0.147    0.147    0    0  (Gen:  0)
   465536     45232 163258128  0.000  0.000    0.147    0.147    0    0  (Gen:  0)
   466504     45224 163473280  0.000  0.000    0.147    0.147    0    0  (Gen:  0)
   465272     45016 163685016  0.000  0.000    0.147    0.147    0    0  (Gen:  0)
   463200     45160 163900224  0.000  0.000    0.147    0.147    0    0  (Gen:  0)
   460960     46488 164122728  0.000  0.000    0.148    0.147    0    0  (Gen:  0)
   461568     46912 164344992  0.000  0.000    0.148    0.148    0    0  (Gen:  0)
   460928     46432 164567016  0.000  0.000    0.148    0.148    0    0  (Gen:  0)
   462544     46360 164785992  0.000  0.000    0.148    0.148    0    0  (Gen:  0)
   464528     46144 165004488  0.000  0.000    0.148    0.148    0    0  (Gen:  0)
   462528     46224 165226752  0.000  0.000    0.148    0.148    0    0  (Gen:  0)
   461664     46512 165445488  0.000  0.000    0.149    0.148    0    0  (Gen:  0)
   463024     45984 165660936  0.000  0.000    0.149    0.148    0    0  (Gen:  0)
   462128     45784 165879432  0.000  0.000    0.149    0.149    0    0  (Gen:  0)
   464064     45408 166094640  0.000  0.000    0.149    0.149    0    0  (Gen:  0)
   463504     45672 166310088  0.000  0.000    0.149    0.149    0    0  (Gen:  0)
   464472     46080 166532000  0.000  0.000    0.149    0.149    0    0  (Gen:  0)
   462872     46120 166750848  0.000  0.000    0.149    0.149    0    0  (Gen:  0)
   465408     46008 166969584  0.000  0.000    0.150    0.149    0    0  (Gen:  0)
   462560     45952 167184912  0.000  0.000    0.150    0.150    0    0  (Gen:  0)
   466336     45472 167400000  0.000  0.000    0.150    0.150    0    0  (Gen:  0)
   465408     45720 167618736  0.000  0.000    0.150    0.150    0    0  (Gen:  0)
   463712     45952 167834064  0.000  0.000    0.150    0.150    0    0  (Gen:  0)
   463664     45352 168045864  0.000  0.000    0.150    0.150    0    0  (Gen:  0)
   463600     45112 168260952  0.000  0.000    0.151    0.150    0    0  (Gen:  0)
   464304     44896 168472632  0.000  0.000    0.151    0.151    0    0  (Gen:  0)
   464336     44824 168684432  0.000  0.000    0.151    0.151    0    0  (Gen:  0)
   462080     45808 168906456  0.000  0.000    0.151    0.151    0    0  (Gen:  0)
   463008     46168 169125192  0.000  0.000    0.151    0.151    0    0  (Gen:  0)
   465408     46152 169343928  0.000  0.000    0.151    0.151    0    0  (Gen:  0)
   462896     45808 169559256  0.000  0.000    0.152    0.151    0    0  (Gen:  0)
   463984     45424 169774344  0.000  0.000    0.152    0.152    0    0  (Gen:  0)
   462704     45384 169989672  0.000  0.000    0.152    0.152    0    0  (Gen:  0)
   465656     44904 170207408  0.000  0.000    0.152    0.152    0    0  (Gen:  0)
   464856     45408 170420208  0.000  0.000    0.152    0.152    0    0  (Gen:  0)
   463264     45184 170635296  0.000  0.000    0.152    0.152    0    0  (Gen:  0)
   465056     45224 170847096  0.000  0.000    0.153    0.152    0    0  (Gen:  0)
   466688     44584 171058536  0.000  0.000    0.153    0.153    0    0  (Gen:  0)
   463680     45280 171277272  0.000  0.000    0.153    0.153    0    0  (Gen:  0)
   464064     45688 171492480  0.000  0.000    0.153    0.153    0    0  (Gen:  0)
   466696     45032 171707288  0.000  0.000    0.153    0.153    0    0  (Gen:  0)
   463992     45400 171919608  0.000  0.000    0.154    0.153    0    0  (Gen:  0)
   463456     44824 172131168  0.000  0.000    0.154    0.154    0    0  (Gen:  0)
   464352     44680 172342848  0.000  0.000    0.154    0.154    0    0  (Gen:  0)
   464192     44936 172554648  0.000  0.000    0.154    0.154    0    0  (Gen:  0)
   463552     44656 172766208  0.000  0.000    0.154    0.154    0    0  (Gen:  0)
   466048     44480 172977768  0.000  0.000    0.154    0.154    0    0  (Gen:  0)
   464816     44448 173186040  0.000  0.000    0.155    0.154    0    0  (Gen:  0)
   466192     44080 173394072  0.000  0.000    0.155    0.155    0    0  (Gen:  0)
   462352     45328 173613048  0.000  0.000    0.155    0.155    0    0  (Gen:  0)
   463232     47056 173838600  0.000  0.000    0.155    0.155    0    0  (Gen:  0)
   461456     46608 174057456  0.000  0.000    0.155    0.155    0    0  (Gen:  0)
   461520     46480 174279720  0.000  0.000    0.155    0.155    0    0  (Gen:  0)
   461952     46312 174498456  0.000  0.000    0.156    0.155    0    0  (Gen:  0)
   462352     45880 174717072  0.000  0.000    0.156    0.156    0    0  (Gen:  0)
   464584     45360 174938264  0.000  0.000    0.156    0.156    0    0  (Gen:  0)
   463640     46416 175158072  0.000  0.000    0.156    0.156    0    0  (Gen:  0)
   465816     46192 175376808  0.000  0.000    0.156    0.156    0    0  (Gen:  0)
   462728     45904 175592136  0.000  0.000    0.156    0.156    0    0  (Gen:  0)
   464656     45376 175807224  0.000  0.000    0.156    0.156    0    0  (Gen:  0)
   462032     45784 176026080  0.000  0.000    0.157    0.156    0    0  (Gen:  0)
   461888     46432 176244936  0.000  0.000    0.157    0.157    0    0  (Gen:  0)
   465528     45144 176462648  0.000  0.000    0.157    0.157    0    0  (Gen:  0)
   462968     45816 176682168  0.000  0.000    0.157    0.157    0    0  (Gen:  0)
   463440     45736 176897376  0.000  0.000    0.157    0.157    0    0  (Gen:  0)
   466176     45480 177112584  0.000  0.000    0.157    0.157    0    0  (Gen:  0)
   465544     45296 177330824  0.000  0.000    0.158    0.157    0    0  (Gen:  0)
   464504     45688 177546528  0.000  0.000    0.158    0.158    0    0  (Gen:  0)
   466648     44936 177761240  0.000  0.000    0.158    0.158    0    0  (Gen:  0)
   463448     45072 177973416  0.000  0.000    0.158    0.158    0    0  (Gen:  0)
   464784     44656 178185096  0.000  0.000    0.158    0.158    0    0  (Gen:  0)
   465760     45264 178403712  0.000  0.000    0.159    0.158    0    0  (Gen:  0)
   462496     46360 178622688  0.000  0.000    0.159    0.159    0    0  (Gen:  0)
   465040     46168 178841304  0.000  0.000    0.159    0.159    0    0  (Gen:  0)
   464304     45976 179060040  0.000  0.000    0.159    0.159    0    0  (Gen:  0)
   463616     45960 179275368  0.000  0.000    0.160    0.159    0    0  (Gen:  0)
   466568     44592 179489720  0.000  0.000    0.160    0.160    0    0  (Gen:  0)
   464840     45664 179709192  0.000  0.000    0.160    0.160    0    0  (Gen:  0)
   464208     45744 179924400  0.000  0.000    0.160    0.160    0    0  (Gen:  0)
   466504     45032 180139256  0.000  0.000    0.160    0.160    0    0  (Gen:  0)
   464184     45448 180351528  0.000  0.000    0.161    0.160    0    0  (Gen:  0)
   465216     44992 180563208  0.000  0.000    0.161    0.161    0    0  (Gen:  0)
   464384     44920 180778176  0.000  0.000    0.161    0.161    0    0  (Gen:  0)
   462944     45312 180993504  0.000  0.000    0.161    0.161    0    0  (Gen:  0)
   463648     45376 181208592  0.000  0.000    0.161    0.161    0    0  (Gen:  0)
   466560     45264 181423800  0.000  0.000    0.162    0.161    0    0  (Gen:  0)
   463616     45184 181635600  0.000  0.000    0.162    0.162    0    0  (Gen:  0)
   467200     44800 181847160  0.000  0.000    0.162    0.162    0    0  (Gen:  0)
   466696     44984 182062312  0.000  0.000    0.162    0.162    0    0  (Gen:  0)
   464824     45288 182274168  0.000  0.000    0.163    0.162    0    0  (Gen:  0)
   465824     44584 182482440  0.000  0.000    0.163    0.163    0    0  (Gen:  0)
   463968     44560 182694120  0.000  0.000    0.164    0.163    0    0  (Gen:  0)
   464832     44248 182902272  0.000  0.000    0.164    0.164    0    0  (Gen:  0)
   465376     43960 183110304  0.000  0.000    0.164    0.164    0    0  (Gen:  0)
   461632     45280 183332448  0.000  0.000    0.164    0.164    0    0  (Gen:  0)
   462720     46248 183551184  0.000  0.000    0.165    0.165    0    0  (Gen:  0)
   465496     45608 183769472  0.000  0.000    0.166    0.165    0    0  (Gen:  0)
   463144     45864 183985248  0.000  0.000    0.166    0.166    0    0  (Gen:  0)
   463536     45448 184200456  0.000  0.000    0.167    0.167    0    0  (Gen:  0)
   463184     45640 184415784  0.000  0.000    0.167    0.167    0    0  (Gen:  0)
   465816     45656 184634224  0.000  0.000    0.167    0.167    0    0  (Gen:  0)
   466608     45336 184849280  0.000  0.000    0.167    0.167    0    0  (Gen:  0)
   466232     45376 185064696  0.000  0.000    0.167    0.167    0    0  (Gen:  0)
   464576     45280 185276496  0.000  0.000    0.168    0.168    0    0  (Gen:  0)
   464384     44584 185484768  0.000  0.000    0.168    0.168    0    0  (Gen:  0)
   462112     45112 185703384  0.000  0.000    0.168    0.168    0    0  (Gen:  0)
   463104     45808 185918592  0.000  0.000    0.168    0.168    0    0  (Gen:  0)
   466712     44968 186133328  0.000  0.000    0.168    0.168    0    0  (Gen:  0)
   466608     45248 186348832  0.000  0.000    0.169    0.169    0    0  (Gen:  0)
   465416     45112 186560568  0.000  0.000    0.169    0.169    0    0  (Gen:  0)
   465552     44800 186772248  0.000  0.000    0.169    0.169    0    0  (Gen:  0)
   464224     44992 186984168  0.000  0.000    0.169    0.169    0    0  (Gen:  0)
   464784     45040 187195848  0.000  0.000    0.169    0.169    0    0  (Gen:  0)
   464816     44560 187407288  0.000  0.000    0.169    0.169    0    0  (Gen:  0)
   465104     44272 187615560  0.000  0.000    0.170    0.169    0    0  (Gen:  0)
   464848     44080 187823592  0.000  0.000    0.170    0.170    0    0  (Gen:  0)
   466504     43472 188037632  0.000  0.000    0.170    0.170    0    0  (Gen:  0)
   462392     45624 188254008  0.000  0.000    0.170    0.170    0    0  (Gen:  0)
   466600     44496 188468240  0.000  0.000    0.170    0.170    0    0  (Gen:  0)
   466424     45432 188684424  0.000  0.000    0.170    0.170    0    0  (Gen:  0)
   464672     45192 188896224  0.000  0.000    0.170    0.170    0    0  (Gen:  0)
   465248     44584 189104496  0.000  0.000    0.171    0.171    0    0  (Gen:  0)
   463584     44872 189319704  0.000  0.000    0.171    0.171    0    0  (Gen:  0)
   464160     45304 189531384  0.000  0.000    0.171    0.171    0    0  (Gen:  0)
   466736     44560 189742824  0.000  0.000    0.171    0.171    0    0  (Gen:  0)
   467232     44560 189954504  0.000  0.000    0.171    0.171    0    0  (Gen:  0)
   466320     44400 190162656  0.000  0.000    0.171    0.171    0    0  (Gen:  0)
   465344     44160 190370928  0.000  0.000    0.172    0.172    0    0  (Gen:  0)
   466624     44704 190586016  0.000  0.000    0.172    0.172    0    0  (Gen:  0)
   464928     44952 190797696  0.000  0.000    0.172    0.172    0    0  (Gen:  0)
   467368  19498704 191008688  0.018  0.018    0.190    0.190    0    0  (Gen:  1)
   464696     44448 191217528  0.000  0.000    0.190    0.190    0    0  (Gen:  0)
   465024     43984 191425680  0.000  0.000    0.190    0.190    0    0  (Gen:  0)
   465344     44112 191633952  0.000  0.000    0.190    0.190    0    0  (Gen:  0)
   464768     44384 191842224  0.000  0.000    0.190    0.190    0    0  (Gen:  0)
   465856     44032 192050256  0.000  0.000    0.190    0.190    0    0  (Gen:  0)
   466624     43840 192258288  0.000  0.000    0.190    0.190    0    0  (Gen:  0)
   466720     43896 192463152  0.000  0.000    0.190    0.190    0    0  (Gen:  0)
   465536     43456 192667536  0.000  0.000    0.191    0.190    0    0  (Gen:  0)
   461696     44728 192886392  0.000  0.000    0.191    0.191    0    0  (Gen:  0)
   463784     46272 193111280  0.000  0.000    0.191    0.191    0    0  (Gen:  0)
   462136     46776 193330920  0.000  0.000    0.191    0.191    0    0  (Gen:  0)
   461760     46528 193553184  0.000  0.000    0.191    0.191    0    0  (Gen:  0)
   462816     46312 193771920  0.000  0.000    0.191    0.191    0    0  (Gen:  0)
   461728     45928 193990536  0.000  0.000    0.191    0.191    0    0  (Gen:  0)
   464664     46360 194212672  0.000  0.000    0.191    0.191    0    0  (Gen:  0)
   463944     46416 194431536  0.000  0.000    0.192    0.191    0    0  (Gen:  0)
   465624     46224 194650280  0.000  0.000    0.192    0.192    0    0  (Gen:  0)
   463016     45960 194865600  0.000  0.000    0.192    0.192    0    0  (Gen:  0)
   464800     45392 195080688  0.000  0.000    0.192    0.192    0    0  (Gen:  0)
   462688     45808 195299664  0.000  0.000    0.192    0.192    0    0  (Gen:  0)
   464616     46200 195521288  0.000  0.000    0.192    0.192    0    0  (Gen:  0)
   463384     45928 195737016  0.000  0.000    0.192    0.192    0    0  (Gen:  0)
   463488     45904 195955752  0.000  0.000    0.193    0.192    0    0  (Gen:  0)
   463104     45688 196170960  0.000  0.000    0.193    0.193    0    0  (Gen:  0)
   464128     45208 196386048  0.000  0.000    0.193    0.193    0    0  (Gen:  0)
   465736     45080 196604096  0.000  0.000    0.193    0.193    0    0  (Gen:  0)
   464792     45744 196819992  0.000  0.000    0.193    0.193    0    0  (Gen:  0)
   466552     45120 197034848  0.000  0.000    0.193    0.193    0    0  (Gen:  0)
   464680     45288 197247000  0.000  0.000    0.193    0.193    0    0  (Gen:  0)
   464128     44704 197458560  0.000  0.000    0.194    0.193    0    0  (Gen:  0)
   465448     44624 197676608  0.000  0.000    0.194    0.194    0    0  (Gen:  0)
   461992     46416 197896152  0.000  0.000    0.194    0.194    0    0  (Gen:  0)
   465424     46144 198114768  0.000  0.000    0.194    0.194    0    0  (Gen:  0)
   463776     45984 198333504  0.000  0.000    0.194    0.194    0    0  (Gen:  0)
   462576     45840 198548712  0.000  0.000    0.194    0.194    0    0  (Gen:  0)
   463888     45264 198760632  0.000  0.000    0.195    0.194    0    0  (Gen:  0)
   462688     45592 198979248  0.000  0.000    0.195    0.195    0    0  (Gen:  0)
   463168     45448 199194336  0.000  0.000    0.195    0.195    0    0  (Gen:  0)
   466552     45152 199409384  0.000  0.000    0.195    0.195    0    0  (Gen:  0)
   463992     45216 199621464  0.000  0.000    0.195    0.195    0    0  (Gen:  0)
   463600     44824 199833024  0.000  0.000    0.196    0.196    0    0  (Gen:  0)
   465760     44984 200048112  0.000  0.000    0.196    0.196    0    0  (Gen:  0)
   462944     45424 200263440  0.000  0.000    0.196    0.196    0    0  (Gen:  0)
   463744     45424 200478528  0.000  0.000    0.197    0.196    0    0  (Gen:  0)
   466600     45256 200693680  0.000  0.000    0.197    0.197    0    0  (Gen:  0)
   463768     45184 200905536  0.000  0.000    0.197    0.197    0    0  (Gen:  0)
   467200     44816 201117096  0.000  0.000    0.197    0.197    0    0  (Gen:  0)
   466504     44896 201332248  0.000  0.000    0.197    0.197    0    0  (Gen:  0)
   463448     45160 201543984  0.000  0.000    0.197    0.197    0    0  (Gen:  0)
   465632     44512 201752256  0.000  0.000    0.197    0.197    0    0  (Gen:  0)
   464160     44576 201963936  0.000  0.000    0.198    0.198    0    0  (Gen:  0)
   464784     44248 202172088  0.000  0.000    0.198    0.198    0    0  (Gen:  0)
   465136     43960 202380120  0.000  0.000    0.199    0.199    0    0  (Gen:  0)
   463104     45448 202602384  0.000  0.000    0.199    0.199    0    0  (Gen:  0)
   462816     46408 202821120  0.000  0.000    0.199    0.199    0    0  (Gen:  0)
   465640     45896 203039648  0.000  0.000    0.200    0.200    0    0  (Gen:  0)
   463288     45864 203255184  0.000  0.000    0.200    0.200    0    0  (Gen:  0)
   463392     45496 203470392  0.000  0.000    0.200    0.200    0    0  (Gen:  0)
   463088     45688 203685720  0.000  0.000    0.200    0.200    0    0  (Gen:  0)
   465720     45704 203904160  0.000  0.000    0.200    0.200    0    0  (Gen:  0)
   466512     44952 204118784  0.000  0.000    0.200    0.200    0    0  (Gen:  0)
   466400     45440 204334640  0.000  0.000    0.200    0.200    0    0  (Gen:  0)
   464744     45280 204546432  0.000  0.000    0.200    0.200    0    0  (Gen:  0)
   464576     44600 204754704  0.000  0.000    0.200    0.200    0    0  (Gen:  0)
   461824     45064 204973320  0.000  0.000    0.201    0.201    0    0  (Gen:  0)
   463104     45856 205188528  0.000  0.000    0.201    0.201    0    0  (Gen:  0)
   466376     44520 205402832  0.000  0.000    0.201    0.201    0    0  (Gen:  0)
   466416     44576 205618040  0.000  0.000    0.201    0.201    0    0  (Gen:  0)
   466040     44976 205830504  0.000  0.000    0.201    0.201    0    0  (Gen:  0)
   465840     44752 206042184  0.000  0.000    0.201    0.201    0    0  (Gen:  0)
   463984     45000 206254104  0.000  0.000    0.201    0.201    0    0  (Gen:  0)
   464688     44848 206465784  0.000  0.000    0.201    0.201    0    0  (Gen:  0)
   464960     44608 206677224  0.000  0.000    0.201    0.201    0    0  (Gen:  0)
   464960     44328 206885496  0.000  0.000    0.201    0.201    0    0  (Gen:  0)
   465136     44080 207093528  0.000  0.000    0.202    0.202    0    0  (Gen:  0)
   466648     43992 207308048  0.000  0.000    0.202    0.202    0    0  (Gen:  0)
   463384     45792 207524064  0.000  0.000    0.202    0.202    0    0  (Gen:  0)
   466240     45424 207739152  0.000  0.000    0.202    0.202    0    0  (Gen:  0)
   465264     45304 207954360  0.000  0.000    0.202    0.202    0    0  (Gen:  0)
   464816     45232 208166160  0.000  0.000    0.202    0.202    0    0  (Gen:  0)
   465632     44632 208374432  0.000  0.000    0.202    0.202    0    0  (Gen:  0)
   463344     44920 208589640  0.000  0.000    0.203    0.203    0    0  (Gen:  0)
   464112     44920 208801320  0.000  0.000    0.203    0.203    0    0  (Gen:  0)
   466592     44512 209012760  0.000  0.000    0.203    0.203    0    0  (Gen:  0)
   467232     44560 209224440  0.000  0.000    0.203    0.203    0    0  (Gen:  0)
   466272     44440 209432592  0.000  0.000    0.203    0.203    0    0  (Gen:  0)
   465344     44208 209640864  0.000  0.000    0.203    0.203    0    0  (Gen:  0)
   466520     44688 209855888  0.000  0.000    0.204    0.204    0    0  (Gen:  0)
   465224     44952 210067632  0.000  0.000    0.204    0.204    0    0  (Gen:  0)
   467512     44456 210278960  0.000  0.000    0.204    0.204    0    0  (Gen:  0)
   465832     44608 210487584  0.000  0.000    0.204    0.204    0    0  (Gen:  0)
   465408     44152 210695736  0.000  0.000    0.204    0.204    0    0  (Gen:  0)
   465200     44104 210904008  0.000  0.000    0.204    0.204    0    0  (Gen:  0)
   467400     44064 211115096  0.000  0.000    0.204    0.204    0    0  (Gen:  0)
   468104     44152 211323600  0.000  0.000    0.205    0.205    0    0  (Gen:  0)
   468480     44080 211531752  0.000  0.000    0.205    0.205    0    0  (Gen:  0)
   466480     44016 211736616  0.000  0.000    0.205    0.205    0    0  (Gen:  0)
   465968     43456 211941000  0.000  0.000    0.205    0.205    0    0  (Gen:  0)
   465600     44616 212159736  0.000  0.000    0.205    0.205    0    0  (Gen:  0)
   461984     46456 212378592  0.000  0.000    0.205    0.205    0    0  (Gen:  0)
   462944     45944 212593920  0.000  0.000    0.206    0.205    0    0  (Gen:  0)
   461440     45736 212812536  0.000  0.000    0.206    0.206    0    0  (Gen:  0)
   463392     45520 213027744  0.000  0.000    0.206    0.206    0    0  (Gen:  0)
   464320     45400 213242832  0.000  0.000    0.206    0.206    0    0  (Gen:  0)
   465496     44880 213460736  0.000  0.000    0.206    0.206    0    0  (Gen:  0)
   464888     45744 213676776  0.000  0.000    0.206    0.206    0    0  (Gen:  0)
   466456     44928 213891488  0.000  0.000    0.206    0.206    0    0  (Gen:  0)
   463448     45112 214103664  0.000  0.000    0.207    0.207    0    0  (Gen:  0)
   465216     44712 214315344  0.000  0.000    0.207    0.207    0    0  (Gen:  0)
   464640     45072 214530552  0.000  0.000    0.207    0.207    0    0  (Gen:  0)
   462560     45688 214745880  0.000  0.000    0.207    0.207    0    0  (Gen:  0)
   466240     45424 214960968  0.000  0.000    0.207    0.207    0    0  (Gen:  0)
   465216     45312 215176176  0.000  0.000    0.207    0.207    0    0  (Gen:  0)
   464720     45184 215387976  0.000  0.000    0.208    0.207    0    0  (Gen:  0)
   465056     44632 215596248  0.000  0.000    0.208    0.208    0    0  (Gen:  0)
   463824     44872 215811456  0.000  0.000    0.208    0.208    0    0  (Gen:  0)
   464160     45304 216023136  0.000  0.000    0.208    0.208    0    0  (Gen:  0)
   466688     44512 216234576  0.000  0.000    0.208    0.208    0    0  (Gen:  0)
   467040     44512 216446256  0.000  0.000    0.208    0.208    0    0  (Gen:  0)
   466560     44392 216654408  0.000  0.000    0.208    0.208    0    0  (Gen:  0)
   467584     44376 216865968  0.000  0.000    0.209    0.209    0    0  (Gen:  0)
   463872     45304 217081536  0.000  0.000    0.209    0.209    0    0  (Gen:  0)
   462496     45616 217296624  0.000  0.000    0.209    0.209    0    0  (Gen:  0)
   465472     45232 217511712  0.000  0.000    0.209    0.209    0    0  (Gen:  0)
   464048     45072 217723512  0.000  0.000    0.209    0.209    0    0  (Gen:  0)
   464848     44704 217935072  0.000  0.000    0.209    0.209    0    0  (Gen:  0)
   464704     44880 218146992  0.000  0.000    0.210    0.209    0    0  (Gen:  0)
   466440     44808 218361704  0.000  0.000    0.210    0.210    0    0  (Gen:  0)
   467568     43608 218572328  0.000  0.000    0.210    0.210    0    0  (Gen:  0)
   467520     44552 218785112  0.000  0.000    0.210    0.210    0    0  (Gen:  0)
   465832     44704 218993592  0.000  0.000    0.210    0.210    0    0  (Gen:  0)
   468728     43536 219201128  0.000  0.000    0.210    0.210    0    0  (Gen:  0)
   465992     44680 219416832  0.000  0.000    0.210    0.210    0    0  (Gen:  0)
   464160     45312 219628512  0.000  0.000    0.211    0.211    0    0  (Gen:  0)
   465280     44640 219836904  0.000  0.000    0.211    0.211    0    0  (Gen:  0)
   463424     44344 220048344  0.000  0.000    0.211    0.211    0    0  (Gen:  0)
   465408     44104 220256496  0.000  0.000    0.211    0.211    0    0  (Gen:  0)
   467808     44088 220464648  0.000  0.000    0.211    0.211    0    0  (Gen:  0)
   467608     44240 220676024  0.000  0.000    0.211    0.211    0    0  (Gen:  0)
   466280     44352 220884480  0.000  0.000    0.212    0.211    0    0  (Gen:  0)
   468520     43544 221092040  0.000  0.000    0.212    0.212    0    0  (Gen:  0)
   466056     43960 221297496  0.000  0.000    0.212    0.212    0    0  (Gen:  0)
   466032     43696 221502120  0.000  0.000    0.212    0.212    0    0  (Gen:  0)
   467360     43984 221713560  0.000  0.000    0.212    0.212    0    0  (Gen:  0)
   463088     45136 221928888  0.000  0.000    0.212    0.212    0    0  (Gen:  0)
   462736     45424 222143976  0.000  0.000    0.212    0.212    0    0  (Gen:  0)
   466656     45256 222359184  0.000  0.000    0.213    0.213    0    0  (Gen:  0)
   463808     45288 222570984  0.000  0.000    0.213    0.213    0    0  (Gen:  0)
   466432     44752 222782544  0.000  0.000    0.213    0.213    0    0  (Gen:  0)
   466504     43880 222996680  0.000  0.000    0.213    0.213    0    0  (Gen:  0)
   464264     45208 223209432  0.000  0.000    0.213    0.213    0    0  (Gen:  0)
   465904     44584 223417824  0.000  0.000    0.213    0.213    0    0  (Gen:  0)
   464928     44632 223629504  0.000  0.000    0.214    0.213    0    0  (Gen:  0)
   464640     44488 223837656  0.000  0.000    0.214    0.214    0    0  (Gen:  0)
   467072     43840 224045568  0.000  0.000    0.214    0.214    0    0  (Gen:  0)
   465120     44664 224260776  0.000  0.000    0.214    0.214    0    0  (Gen:  0)
   464640     45016 224472456  0.000  0.000    0.214    0.214    0    0  (Gen:  0)
   467752     43976 224683400  0.000  0.000    0.214    0.214    0    0  (Gen:  0)
   464664     44680 224892528  0.000  0.000    0.214    0.214    0    0  (Gen:  0)
   465840     44272 225100680  0.000  0.000    0.215    0.215    0    0  (Gen:  0)
   464896     44056 225308712  0.000  0.000    0.215    0.215    0    0  (Gen:  0)
   467768     44096 225520216  0.000  0.000    0.215    0.215    0    0  (Gen:  0)
   465656     44184 225728424  0.000  0.000    0.215    0.215    0    0  (Gen:  0)
   468600     44136 225936584  0.000  0.000    0.215    0.215    0    0  (Gen:  0)
   466136     43848 226141320  0.000  0.000    0.215    0.215    0    0  (Gen:  0)
   465648     43480 226345944  0.000  0.000    0.216    0.215    0    0  (Gen:  0)
   467704     43784 226557376  0.000  0.000    0.216    0.216    0    0  (Gen:  0)
   463848     44784 226769184  0.000  0.000    0.216    0.216    0    0  (Gen:  0)
   466848     44776 226980864  0.000  0.000    0.216    0.216    0    0  (Gen:  0)
   467560     44216 227192048  0.000  0.000    0.216    0.216    0    0  (Gen:  0)
   464632     44568 227400816  0.000  0.000    0.216    0.216    0    0  (Gen:  0)
   467968     43936 227608848  0.000  0.000    0.216    0.216    0    0  (Gen:  0)
   467560     44264 227820472  0.000  0.000    0.217    0.217    0    0  (Gen:  0)
   465784     44608 228028800  0.000  0.000    0.217    0.217    0    0  (Gen:  0)
   468536     42976 228235712  0.000  0.000    0.217    0.217    0    0  (Gen:  0)
   466808     43920 228444984  0.000  0.000    0.217    0.217    0    0  (Gen:  0)
   466640     43936 228649728  0.000  0.000    0.217    0.217    0    0  (Gen:  0)
   469640     42928 228853736  0.000  0.000    0.217    0.217    0    0  (Gen:  0)
   465704     44008 229065912  0.000  0.000    0.218    0.217    0    0  (Gen:  0)
   464880     44344 229274064  0.000  0.000    0.218    0.218    0    0  (Gen:  0)
   465760     44016 229478928  0.000  0.000    0.218    0.218    0    0  (Gen:  0)
   466048     43888 229686960  0.000  0.000    0.218    0.218    0    0  (Gen:  0)
   466176     43600 229891584  0.000  0.000    0.218    0.218    0    0  (Gen:  0)
   466528     43304 230096088  0.000  0.000    0.218    0.218    0    0  (Gen:  0)
   468480     43696 230304240  0.000  0.000    0.218    0.218    0    0  (Gen:  0)
   466656     43720 230508864  0.000  0.000    0.219    0.219    0    0  (Gen:  0)
   469344     43464 230713488  0.000  0.000    0.219    0.219    0    0  (Gen:  0)
   469480     42960 230917712  0.000  0.000    0.219    0.219    0    0  (Gen:  0)
   466712     43056 231119208  0.000  0.000    0.219    0.219    0    0  (Gen:  0)
   466080     43408 231327360  0.000  0.000    0.219    0.219    0    0  (Gen:  0)
   463608     45856 231553024  0.000  0.000    0.219    0.219    0    0  (Gen:  0)
   462312     47136 231775416  0.000  0.000    0.220    0.219    0    0  (Gen:  0)
   464064     46928 231997680  0.000  0.000    0.220    0.220    0    0  (Gen:  0)
   462592     46752 232216656  0.000  0.000    0.220    0.220    0    0  (Gen:  0)
   464000     46144 232435152  0.000  0.000    0.220    0.220    0    0  (Gen:  0)
   463296     46224 232657416  0.000  0.000    0.220    0.220    0    0  (Gen:  0)
   461520     46560 232876152  0.000  0.000    0.220    0.220    0    0  (Gen:  0)
   462832     45928 233091600  0.000  0.000    0.220    0.220    0    0  (Gen:  0)
   461984     45736 233310096  0.000  0.000    0.221    0.221    0    0  (Gen:  0)
   464160     45496 233525304  0.000  0.000    0.221    0.221    0    0  (Gen:  0)
   462800     45544 233740632  0.000  0.000    0.221    0.221    0    0  (Gen:  0)
   464456     45216 233961848  0.000  0.000    0.221    0.221    0    0  (Gen:  0)
   463496     46240 234181512  0.000  0.000    0.221    0.221    0    0  (Gen:  0)
   465504     46248 234400248  0.000  0.000    0.221    0.221    0    0  (Gen:  0)
   462560     45904 234615576  0.000  0.000    0.222    0.221    0    0  (Gen:  0)
   466240     45424 234830664  0.000  0.000    0.222    0.222    0    0  (Gen:  0)
   465480     45672 235049400  0.000  0.000    0.222    0.222    0    0  (Gen:  0)
   463464     46096 235261752  0.000  0.000    0.222    0.222    0    0  (Gen:  0)
   475552     41248 235431288  0.000  0.000    0.222    0.222    0    0  (Gen:  0)
   475920     37336 235604160  0.000  0.000    0.222    0.222    0    0  (Gen:  0)
   476096     37168 235776792  0.000  0.000    0.222    0.222    0    0  (Gen:  0)
   478408     36528 235948976  0.000  0.000    0.223    0.223    0    0  (Gen:  0)
   477560     37368 236122536  0.000  0.000    0.223    0.223    0    0  (Gen:  0)
   474128     38080 236299152  0.000  0.000    0.223    0.223    0    0  (Gen:  0)
   474160     38000 236475288  0.000  0.000    0.223    0.223    0    0  (Gen:  0)
   475968     37720 236651592  0.000  0.000    0.223    0.223    0    0  (Gen:  0)
   473936     38200 236828208  0.000  0.000    0.223    0.223    0    0  (Gen:  0)
   477416     37680 237004040  0.000  0.000    0.224    0.223    0    0  (Gen:  0)
   474872     37512 237177360  0.000  0.000    0.224    0.224    0    0  (Gen:  0)
   475664     37584 237350496  0.000  0.000    0.224    0.224    0    0  (Gen:  0)
   476560     37768 237526632  0.000  0.000    0.224    0.224    0    0  (Gen:  0)
   474576     37696 237699552  0.000  0.000    0.224    0.224    0    0  (Gen:  0)
   474576     37416 237872424  0.000  0.000    0.224    0.224    0    0  (Gen:  0)
   476304     37720 238048728  0.000  0.000    0.224    0.224    0    0  (Gen:  0)
   473952     37920 238221696  0.000  0.000    0.225    0.225    0    0  (Gen:  0)
   475712     37480 238394688  0.000  0.000    0.225    0.225    0    0  (Gen:  0)
   475616     37648 238567680  0.000  0.000    0.225    0.225    0    0  (Gen:  0)
   475280     37840 238743888  0.000  0.000    0.225    0.225    0    0  (Gen:  0)
   474528     37480 238916712  0.000  0.000    0.225    0.225    0    0  (Gen:  0)
   474912     37504 239089584  0.000  0.000    0.225    0.225    0    0  (Gen:  0)
   475296     37872 239266032  0.000  0.000    0.226    0.226    0    0  (Gen:  0)
   476128     37656 239435664  0.000  0.000    0.226    0.226    0    0  (Gen:  0)
   476912     37096 239608200  0.000  0.000    0.226    0.226    0    0  (Gen:  0)
   478264     36816 239780672  0.000  0.000    0.226    0.226    0    0  (Gen:  0)
   477800     37560 239953896  0.000  0.000    0.226    0.226    0    0  (Gen:  0)
   476176     37192 240123480  0.000  0.000    0.227    0.227    0    0  (Gen:  0)
   477296     37096 240296160  0.000  0.000    0.227    0.227    0    0  (Gen:  0)
   474944     37440 240469152  0.000  0.000    0.227    0.227    0    0  (Gen:  0)
   478328     37200 240641696  0.000  0.000    0.227    0.227    0    0  (Gen:  0)
   477096     37272 240811488  0.000  0.000    0.227    0.227    0    0  (Gen:  0)
   473968     37528 240987672  0.000  0.000    0.228    0.228    0    0  (Gen:  0)
   472768     38344 241167432  0.000  0.000    0.228    0.228    0    0  (Gen:  0)
   474880     38416 241344120  0.000  0.000    0.229    0.229    0    0  (Gen:  0)
   474544     38512 241523928  0.000  0.000    0.229    0.229    0    0  (Gen:  0)
   473296     38512 241703832  0.000  0.000    0.229    0.229    0    0  (Gen:  0)
   475200     38008 241876752  0.000  0.000    0.229    0.229    0    0  (Gen:  0)
   475424     37488 242049648  0.000  0.000    0.229    0.229    0    0  (Gen:  0)
   477320     37320 242225528  0.000  0.000    0.230    0.230    0    0  (Gen:  0)
   476056     37872 242398968  0.000  0.000    0.231    0.231    0    0  (Gen:  0)
   477632     37616 242575128  0.000  0.000    0.231    0.231    0    0  (Gen:  0)
   474464     37456 242748024  0.000  0.000    0.232    0.232    0    0  (Gen:  0)
   477496     36960 242923592  0.000  0.000    0.232    0.232    0    0  (Gen:  0)
   475832     37720 243097344  0.000  0.000    0.232    0.232    0    0  (Gen:  0)
   475760     37440 243270288  0.000  0.000    0.232    0.232    0    0  (Gen:  0)
   477416     37432 243446264  0.000  0.000    0.232    0.232    0    0  (Gen:  0)
   475960     37864 243619656  0.000  0.000    0.232    0.232    0    0  (Gen:  0)
   475424     37696 243792600  0.000  0.000    0.233    0.233    0    0  (Gen:  0)
   477512     37600 243968808  0.000  0.000    0.233    0.233    0    0  (Gen:  0)
   476440     37864 244141968  0.000  0.000    0.233    0.233    0    0  (Gen:  0)
   477440     37456 244314552  0.000  0.000    0.233    0.233    0    0  (Gen:  0)
   475552     37200 244484184  0.000  0.000    0.233    0.233    0    0  (Gen:  0)
   476256     37288 244657008  0.000  0.000    0.234    0.234    0    0  (Gen:  0)
   475040     37264 244829592  0.000  0.000    0.234    0.234    0    0  (Gen:  0)
   475408     36952 244999176  0.000  0.000    0.234    0.234    0    0  (Gen:  0)
   474848     37144 245171904  0.000  0.000    0.234    0.234    0    0  (Gen:  0)
   476304     37128 245344632  0.000  0.000    0.234    0.234    0    0  (Gen:  0)
   476176     37296 245514264  0.000  0.000    0.234    0.234    0    0  (Gen:  0)
   476432     37192 245686992  0.000  0.000    0.234    0.234    0    0  (Gen:  0)
   473808     37672 245863296  0.000  0.000    0.235    0.235    0    0  (Gen:  0)
   475008     38376 246039744  0.000  0.000    0.235    0.235    0    0  (Gen:  0)
   476208     38040 246216144  0.000  0.000    0.235    0.235    0    0  (Gen:  0)
   474240     38088 246392496  0.000  0.000    0.235    0.235    0    0  (Gen:  0)
   475392     38136 246568944  0.000  0.000    0.235    0.235    0    0  (Gen:  0)
   474672     37728 246741768  0.000  0.000    0.235    0.235    0    0  (Gen:  0)
   476160     37512 246914688  0.000  0.000    0.236    0.236    0    0  (Gen:  0)
   474816     37872 247091136  0.000  0.000    0.236    0.236    0    0  (Gen:  0)
   476576     37848 247264128  0.000  0.000    0.236    0.236    0    0  (Gen:  0)
   474768     37480 247436904  0.000  0.000    0.236    0.236    0    0  (Gen:  0)
   477376     37600 247613136  0.000  0.000    0.236    0.236    0    0  (Gen:  0)
   474688     37752 247786200  0.000  0.000    0.236    0.236    0    0  (Gen:  0)
   475248     37648 247959168  0.000  0.000    0.237    0.237    0    0  (Gen:  0)
   474736     37480 248132016  0.000  0.000    0.237    0.237    0    0  (Gen:  0)
   476096     37648 248305008  0.000  0.000    0.237    0.237    0    0  (Gen:  0)
   477104     37288 248477592  0.000  0.000    0.237    0.237    0    0  (Gen:  0)
   475840     37000 248647128  0.000  0.000    0.237    0.237    0    0  (Gen:  0)
   474976     37168 248819880  0.000  0.000    0.237    0.237    0    0  (Gen:  0)
   478232     36912 248992328  0.000  0.000    0.237    0.237    0    0  (Gen:  0)
   479136     36672 249161720  0.000  0.000    0.238    0.238    0    0  (Gen:  0)
   479136     36528 249331064  0.000  0.000    0.238    0.238    0    0  (Gen:  0)
   475896     37120 249500952  0.000  0.000    0.238    0.238    0    0  (Gen:  0)
   476368     36808 249670176  0.000  0.000    0.238    0.238    0    0  (Gen:  0)
   475936     36544 249839400  0.000  0.000    0.238    0.238    0    0  (Gen:  0)
   475488     36616 250008696  0.000  0.000    0.238    0.238    0    0  (Gen:  0)
   476144     36952 250178160  0.000  0.000    0.239    0.239    0    0  (Gen:  0)
   476368     36688 250347336  0.000  0.000    0.239    0.239    0    0  (Gen:  0)
   479128     36504 250516520  0.000  0.000    0.239    0.239    0    0  (Gen:  0)
   472904     37864 250696608  0.000  0.000    0.239    0.239    0    0  (Gen:  0)
   473488     38968 250873296  0.000  0.000    0.239    0.239    0    0  (Gen:  0)
   475136     38344 251052984  0.000  0.000    0.239    0.239    0    0  (Gen:  0)
   474384     38464 251232864  0.000  0.000    0.239    0.239    0    0  (Gen:  0)
   475152     38536 251409456  0.000  0.000    0.240    0.240    0    0  (Gen:  0)
   474864     37728 251582184  0.000  0.000    0.240    0.240    0    0  (Gen:  0)
   475376     37576 251755272  0.000  0.000    0.240    0.240    0    0  (Gen:  0)
   474880     37816 251931600  0.000  0.000    0.240    0.240    0    0  (Gen:  0)
   475776     37608 252104424  0.000  0.000    0.240    0.240    0    0  (Gen:  0)
   475088     37440 252277272  0.000  0.000    0.240    0.240    0    0  (Gen:  0)
   477088     37624 252453600  0.000  0.000    0.241    0.241    0    0  (Gen:  0)
   474944     37872 252626688  0.000  0.000    0.241    0.241    0    0  (Gen:  0)
   475232     37600 252799584  0.000  0.000    0.241    0.241    0    0  (Gen:  0)
   474576     37672 252972504  0.000  0.000    0.241    0.241    0    0  (Gen:  0)
   473600     37576 253148712  0.000  0.000    0.241    0.241    0    0  (Gen:  0)
   474864     37440 253321536  0.000  0.000    0.241    0.241    0    0  (Gen:  0)
   475712     37536 253494528  0.000  0.000    0.241    0.241    0    0  (Gen:  0)
   476560     37672 253670712  0.000  0.000    0.242    0.242    0    0  (Gen:  0)
   478072     37352 253843232  0.000  0.000    0.242    0.242    0    0  (Gen:  0)
   478176     36336 254015432  0.000  0.000    0.242    0.242    0    0  (Gen:  0)
   477048     37240 254186088  0.000  0.000    0.242    0.242    0    0  (Gen:  0)
   474112     37312 254358936  0.000  0.000    0.242    0.242    0    0  (Gen:  0)
   478232     36816 254531288  0.000  0.000    0.242    0.242    0    0  (Gen:  0)
   476472     37272 254701176  0.000  0.000    0.242    0.242    0    0  (Gen:  0)
   475968     37240 254874048  0.000  0.000    0.243    0.243    0    0  (Gen:  0)
   475952     37216 255046680  0.000  0.000    0.243    0.243    0    0  (Gen:  0)
   478360     36816 255219152  0.000  0.000    0.243    0.243    0    0  (Gen:  0)
   477464     37368 255392376  0.000  0.000    0.243    0.243    0    0  (Gen:  0)
   474176     37984 255568992  0.000  0.000    0.243    0.243    0    0  (Gen:  0)
   474448     38032 255745224  0.000  0.000    0.243    0.243    0    0  (Gen:  0)
   475968     37920 255921624  0.000  0.000    0.244    0.244    0    0  (Gen:  0)
   473504     38152 256098096  0.000  0.000    0.244    0.244    0    0  (Gen:  0)
   477560     37536 256273736  0.000  0.000    0.244    0.244    0    0  (Gen:  0)
   475112     37600 256447344  0.000  0.000    0.244    0.244    0    0  (Gen:  0)
   475856     37632 256620384  0.000  0.000    0.244    0.244    0    0  (Gen:  0)
   476224     37784 256796520  0.000  0.000    0.244    0.244    0    0  (Gen:  0)
   474720     37504 256969440  0.000  0.000    0.244    0.244    0    0  (Gen:  0)
   474768     37416 257142264  0.000  0.000    0.245    0.245    0    0  (Gen:  0)
   475776     37672 257318616  0.000  0.000    0.245    0.245    0    0  (Gen:  0)
   474192     37912 257491584  0.000  0.000    0.245    0.245    0    0  (Gen:  0)
   476000     37536 257664576  0.000  0.000    0.245    0.245    0    0  (Gen:  0)
   475280     37712 257837616  0.000  0.000    0.245    0.245    0    0  (Gen:  0)
   475616     37792 258013776  0.000  0.000    0.245    0.245    0    0  (Gen:  0)
   474336     37440 258186552  0.000  0.000    0.246    0.246    0    0  (Gen:  0)
   474624     37360 258359472  0.000  0.000    0.246    0.246    0    0  (Gen:  0)
   475728     37920 258535968  0.000  0.000    0.246    0.246    0    0  (Gen:  0)
   476176     37704 258705552  0.000  0.000    0.246    0.246    0    0  (Gen:  0)
   477296     37096 258878088  0.000  0.000    0.246    0.246    0    0  (Gen:  0)
   478128     37272 259050960  0.000  0.000    0.246    0.246    0    0  (Gen:  0)
   477312     37368 259223784  0.000  0.000    0.246    0.246    0    0  (Gen:  0)
   476560     37288 259393416  0.000  0.000    0.247    0.247    0    0  (Gen:  0)
   476864     37144 259566048  0.000  0.000    0.247    0.247    0    0  (Gen:  0)
   475184     37440 259739088  0.000  0.000    0.247    0.247    0    0  (Gen:  0)
   478232     37104 259911536  0.000  0.000    0.247    0.247    0    0  (Gen:  0)
   475240     37096 260081208  0.000  0.000    0.247    0.247    0    0  (Gen:  0)
   473440     37504 260257488  0.000  0.000    0.247    0.247    0    0  (Gen:  0)
   475056     38424 260437464  0.000  0.000    0.248    0.248    0    0  (Gen:  0)
   474496     38536 260614008  0.000  0.000    0.248    0.248    0    0  (Gen:  0)
   472736     38536 260793792  0.000  0.000    0.248    0.248    0    0  (Gen:  0)
   476392     38120 260973272  0.000  0.000    0.248    0.248    0    0  (Gen:  0)
   475336     37936 261143280  0.000  0.000    0.248    0.248    0    0  (Gen:  0)
   478144     37144 261315984  0.000  0.000    0.248    0.248    0    0  (Gen:  0)
   477264     37248 261488760  0.000  0.000    0.248    0.248    0    0  (Gen:  0)
   478312     36344 261660560  0.000  0.000    0.249    0.249    0    0  (Gen:  0)
   476616     37336 261831312  0.000  0.000    0.249    0.249    0    0  (Gen:  0)
   475376     37240 262003944  0.000  0.000    0.249    0.249    0    0  (Gen:  0)
   474960     37168 262176816  0.000  0.000    0.249    0.249    0    0  (Gen:  0)
   476848     37296 262346400  0.000  0.000    0.249    0.249    0    0  (Gen:  0)
   475904     37048 262518936  0.000  0.000    0.249    0.249    0    0  (Gen:  0)
   478416     37224 262691856  0.000  0.000    0.250    0.250    0    0  (Gen:  0)
   478360     36776 262863992  0.000  0.000    0.250    0.250    0    0  (Gen:  0)
   476520     37288 263034312  0.000  0.000    0.250    0.250    0    0  (Gen:  0)
   475472     37288 263207040  0.000  0.000    0.250    0.250    0    0  (Gen:  0)
   476208     37176 263379864  0.000  0.000    0.250    0.250    0    0  (Gen:  0)
   479176     36840 263549048  0.000  0.000    0.250    0.250    0    0  (Gen:  0)
   477608     36696 263718456  0.000  0.000    0.251    0.251    0    0  (Gen:  0)
   475104     36696 263887848  0.000  0.000    0.251    0.251    0    0  (Gen:  0)
   475680     36832 264057240  0.000  0.000    0.251    0.251    0    0  (Gen:  0)
   478944     36688 264226536  0.000  0.000    0.251    0.251    0    0  (Gen:  0)
   476640     36744 264395832  0.000  0.000    0.251    0.251    0    0  (Gen:  0)
   475888     36928 264565464  0.000  0.000    0.251    0.251    0    0  (Gen:  0)
   476608     36856 264734736  0.000  0.000    0.251    0.251    0    0  (Gen:  0)
   476176     36496 264903864  0.000  0.000    0.252    0.252    0    0  (Gen:  0)
   476832     37072 265076832  0.000  0.000    0.252    0.252    0    0  (Gen:  0)
   474736     37656 265249800  0.000  0.000    0.252    0.252    0    0  (Gen:  0)
   475536     37696 265422816  0.000  0.000    0.252    0.252    0    0  (Gen:  0)
   477288     37032 265598384  0.000  0.000    0.252    0.252    0    0  (Gen:  0)
   477648     37592 265774880  0.000  0.000    0.252    0.252    0    0  (Gen:  0)
   477288     37656 265944960  0.000  0.000    0.253    0.253    0    0  (Gen:  0)
   476288     36952 266117448  0.000  0.000    0.253    0.253    0    0  (Gen:  0)
   478176     37312 266290464  0.000  0.000    0.253    0.253    0    0  (Gen:  0)
   478224     37560 266463336  0.000  0.000    0.253    0.253    0    0  (Gen:  0)
   476560     37336 266632824  0.000  0.000    0.253    0.253    0    0  (Gen:  0)
   474992     37096 266805456  0.000  0.000    0.253    0.253    0    0  (Gen:  0)
   474432     37128 266978328  0.000  0.000    0.253    0.253    0    0  (Gen:  0)
   476560     37296 267147960  0.000  0.000    0.254    0.254    0    0  (Gen:  0)
   476432     37000 267320496  0.000  0.000    0.254    0.254    0    0  (Gen:  0)
   476864     37072 267490056  0.000  0.000    0.254    0.254    0    0  (Gen:  0)
   477152     37232 267659664  0.000  0.000    0.254    0.254    0    0  (Gen:  0)
   476992     36736 267828744  0.000  0.000    0.254    0.254    0    0  (Gen:  0)
   475648     36544 267997968  0.000  0.000    0.254    0.254    0    0  (Gen:  0)
   478432     37104 268170864  0.000  0.000    0.255    0.255    0    0  (Gen:  0)
   477680     36736 268336704  0.000  0.000    0.255    0.255    0    0  (Gen:  0)
   477344     36408 268502688  0.000  0.000    0.255    0.255    0    0  (Gen:  0)
   479144     35320 268670696  0.000  0.000    0.255    0.255    0    0  (Gen:  0)
   477192     36688 268837968  0.000  0.000    0.255    0.255    0    0  (Gen:  0)
   479160     35256 269005808  0.000  0.000    0.255    0.255    0    0  (Gen:  0)
   476840     36288 269172840  0.000  0.000    0.256    0.256    0    0  (Gen:  0)
   479080     36408 269342120  0.000  0.000    0.256    0.256    0    0  (Gen:  0)
   476824     36640 269508072  0.000  0.000    0.256    0.256    0    0  (Gen:  0)
   476336     36272 269674008  0.000  0.000    0.256    0.256    0    0  (Gen:  0)
   478248     36264 269846288  0.000  0.000    0.256    0.256    0    0  (Gen:  0)
   474632     38136 270026568  0.000  0.000    0.256    0.256    0    0  (Gen:  0)
   474016     38640 270203208  0.000  0.000    0.257    0.257    0    0  (Gen:  0)
   474416     38392 270382944  0.000  0.000    0.257    0.257    0    0  (Gen:  0)
   473552     38536 270562896  0.000  0.000    0.257    0.257    0    0  (Gen:  0)
   475664     38528 270736032  0.000  0.000    0.257    0.257    0    0  (Gen:  0)
   477384     36672 270911264  0.000  0.000    0.257    0.257    0    0  (Gen:  0)
   476056     37656 271085184  0.000  0.000    0.258    0.258    0    0  (Gen:  0)
   477512     37760 271261360  0.000  0.000    0.258    0.258    0    0  (Gen:  0)
   474632     37600 271434288  0.000  0.000    0.258    0.258    0    0  (Gen:  0)
   474528     37368 271607112  0.000  0.000    0.258    0.258    0    0  (Gen:  0)
   475440     37824 271783560  0.000  0.000    0.259    0.259    0    0  (Gen:  0)
   474720     37720 271956480  0.000  0.000    0.259    0.259    0    0  (Gen:  0)
   476384     37584 272129376  0.000  0.000    0.259    0.259    0    0  (Gen:  0)
   477560     36856 272304776  0.000  0.000    0.259    0.259    0    0  (Gen:  0)
   474664     37864 272478744  0.000  0.000    0.259    0.259    0    0  (Gen:  0)
   475680     37576 272651616  0.000  0.000    0.260    0.260    0    0  (Gen:  0)
   474176     37592 272824512  0.000  0.000    0.260    0.260    0    0  (Gen:  0)
   473600     37600 273000768  0.000  0.000    0.260    0.260    0    0  (Gen:  0)
   476656     37416 273170352  0.000  0.000    0.260    0.260    0    0  (Gen:  0)
   476288     36952 273342840  0.000  0.000    0.260    0.260    0    0  (Gen:  0)
   478176     37312 273515856  0.000  0.000    0.261    0.261    0    0  (Gen:  0)
   478224     37560 273688728  0.000  0.000    0.261    0.261    0    0  (Gen:  0)
   476560     37336 273858216  0.000  0.000    0.261    0.261    0    0  (Gen:  0)
   474992     37096 274030848  0.000  0.000    0.261    0.261    0    0  (Gen:  0)
   474432     37128 274203720  0.000  0.000    0.261    0.261    0    0  (Gen:  0)
   476560     37296 274373352  0.000  0.000    0.261    0.261    0    0  (Gen:  0)
   476432     37000 274545888  0.000  0.000    0.262    0.262    0    0  (Gen:  0)
   477640     37320 274722032  0.000  0.000    0.262    0.262    0    0  (Gen:  0)
   475016     38328 274898832  0.000  0.000    0.263    0.263    0    0  (Gen:  0)
   476304     37984 275075136  0.000  0.000    0.263    0.263    0    0  (Gen:  0)
   475056     38184 275251536  0.000  0.000    0.263    0.263    0    0  (Gen:  0)
   474512     38256 275428104  0.000  0.000    0.263    0.263    0    0  (Gen:  0)
   474768     37840 275600976  0.000  0.000    0.263    0.264    0    0  (Gen:  0)
   475952     37592 275773920  0.000  0.000    0.264    0.264    0    0  (Gen:  0)
   475136     37648 275950080  0.000  0.000    0.265    0.265    0    0  (Gen:  0)
   475376     37704 276123120  0.000  0.000    0.265    0.265    0    0  (Gen:  0)
   474848     37712 276296112  0.000  0.000    0.266    0.266    0    0  (Gen:  0)
   477384     37392 276472064  0.000  0.000    0.266    0.266    0    0  (Gen:  0)
   477552     36968 276647648  0.000  0.000    0.266    0.266    0    0  (Gen:  0)
   475976     37680 276821448  0.000  0.000    0.266    0.266    0    0  (Gen:  0)
   475904     37624 276994536  0.000  0.000    0.266    0.266    0    0  (Gen:  0)
   477224     37368 277170272  0.000  0.000    0.267    0.267    0    0  (Gen:  0)
   475672     38056 277343856  0.000  0.000    0.267    0.267    0    0  (Gen:  0)
   475664     37504 277516704  0.000  0.000    0.267    0.267    0    0  (Gen:  0)
   477576     37584 277692848  0.000  0.000    0.267    0.267    0    0  (Gen:  0)
   474472     37696 277865904  0.000  0.000    0.267    0.267    0    0  (Gen:  0)
   478376     37200 278038352  0.000  0.000    0.267    0.267    0    0  (Gen:  0)
   477432     37320 278208336  0.000  0.000    0.268    0.268    0    0  (Gen:  0)
   475008     37288 278381064  0.000  0.000    0.268    0.268    0    0  (Gen:  0)
   475856     37408 278553792  0.000  0.000    0.268    0.268    0    0  (Gen:  0)
   478288     37096 278726544  0.000  0.000    0.268    0.268    0    0  (Gen:  0)
   476640     37336 278896200  0.000  0.000    0.268    0.268    0    0  (Gen:  0)
   475920     37456 279069024  0.000  0.000    0.268    0.268    0    0  (Gen:  0)
   477248     37024 279241608  0.000  0.000    0.268    0.268    0    0  (Gen:  0)
   476128     37096 279411240  0.000  0.000    0.269    0.269    0    0  (Gen:  0)
   473856     38056 279591168  0.000  0.000    0.269    0.269    0    0  (Gen:  0)
   474272     38800 279770856  0.000  0.000    0.269    0.269    0    0  (Gen:  0)
   473584     38392 279947496  0.000  0.000    0.269    0.269    0    0  (Gen:  0)
   474864     38632 280127424  0.000  0.000    0.269    0.269    0    0  (Gen:  0)
   474144     38680 280303968  0.000  0.000    0.269    0.269    0    0  (Gen:  0)
   475776     37768 280476744  0.000  0.000    0.270    0.270    0    0  (Gen:  0)
   477480     37416 280652744  0.000  0.000    0.270    0.270    0    0  (Gen:  0)
   477360     37584 280829096  0.000  0.000    0.270    0.270    0    0  (Gen:  0)
   475592     37768 281002272  0.000  0.000    0.270    0.270    0    0  (Gen:  0)
   475808     37536 281175168  0.000  0.000    0.270    0.270    0    0  (Gen:  0)
   476992     37736 281351352  0.000  0.000    0.270    0.270    0    0  (Gen:  0)
   474464     37768 281524440  0.000  0.000    0.270    0.270    0    0  (Gen:  0)
   475568     37600 281697336  0.000  0.000    0.271    0.271    0    0  (Gen:  0)
   474960     37768 281870400  0.000  0.000    0.271    0.271    0    0  (Gen:  0)
   475168     37744 282046584  0.000  0.000    0.271    0.271    0    0  (Gen:  0)
   475248     37552 282219504  0.000  0.000    0.271    0.271    0    0  (Gen:  0)
   475472     37592 282392448  0.000  0.000    0.271    0.271    0    0  (Gen:  0)
   474656     37600 282568608  0.000  0.000    0.271    0.271    0    0  (Gen:  0)
   478024     37184 282741032  0.000  0.000    0.271    0.271    0    0  (Gen:  0)
   478464     36768 282913712  0.000  0.000    0.272    0.272    0    0  (Gen:  0)
   476808     37296 283083984  0.000  0.000    0.272    0.272    0    0  (Gen:  0)
   475824     37384 283256808  0.000  0.000    0.272    0.272    0    0  (Gen:  0)
   477296     37168 283429488  0.000  0.000    0.272    0.272    0    0  (Gen:  0)
   475264     37152 283599024  0.000  0.000    0.272    0.272    0    0  (Gen:  0)
   476160     37288 283771848  0.000  0.000    0.272    0.272    0    0  (Gen:  0)
   476192     37360 283944528  0.000  0.000    0.273    0.273    0    0  (Gen:  0)
   478408     36576 284116712  0.000  0.000    0.273    0.273    0    0  (Gen:  0)
   477704     37408 284290272  0.000  0.000    0.273    0.273    0    0  (Gen:  0)
   473984     38040 284466792  0.000  0.000    0.273    0.273    0    0  (Gen:  0)
   474256     37984 284643024  0.000  0.000    0.273    0.273    0    0  (Gen:  0)
   475920     37776 284819328  0.000  0.000    0.273    0.273    0    0  (Gen:  0)
   473984     38152 284995896  0.000  0.000    0.273    0.273    0    0  (Gen:  0)
   477560     37920 285171968  0.000  0.000    0.274    0.274    0    0  (Gen:  0)
   474584     37512 285345048  0.000  0.000    0.274    0.274    0    0  (Gen:  0)
   475520     37576 285518136  0.000  0.000    0.274    0.274    0    0  (Gen:  0)
   476752     37816 285694368  0.000  0.000    0.274    0.274    0    0  (Gen:  0)
   474480     37656 285867192  0.000  0.000    0.274    0.274    0    0  (Gen:  0)
   474576     37456 286040160  0.000  0.000    0.275    0.275    0    0  (Gen:  0)
   476304     37776 286216464  0.000  0.000    0.275    0.275    0    0  (Gen:  0)
   476144     37992 286389504  0.000  0.000    0.275    0.275    0    0  (Gen:  0)
   475712     37696 286562496  0.000  0.000    0.275    0.275    0    0  (Gen:  0)
   478256     37384 286735224  0.000  0.000    0.275    0.276    0    0  (Gen:  0)
   475952     37224 286904736  0.000  0.000    0.276    0.276    0    0  (Gen:  0)
   476464     36656 287073864  0.000  0.000    0.276    0.276    0    0  (Gen:  0)
   478560     36672 287243256  0.000  0.000    0.276    0.276    0    0  (Gen:  0)
   475984     36936 287412744  0.000  0.000    0.276    0.276    0    0  (Gen:  0)
   479120     36928 287581992  0.000  0.000    0.277    0.277    0    0  (Gen:  0)
   476816     36264 287747832  0.000  0.000    0.277    0.277    0    0  (Gen:  0)
   476528     36304 287913816  0.000  0.000    0.277    0.277    0    0  (Gen:  0)
   476144     36448 288082968  0.000  0.000    0.277    0.277    0    0  (Gen:  0)
   477584     36304 288248856  0.000  0.000    0.277    0.277    0    0  (Gen:  0)
   476624     36272 288414744  0.000  0.000    0.278    0.278    0    0  (Gen:  0)
   475664     36160 288583752  0.000  0.000    0.278    0.278    0    0  (Gen:  0)
   476048     36496 288749832  0.000  0.000    0.278    0.278    0    0  (Gen:  0)
   477248     36304 288915672  0.000  0.000    0.278    0.278    0    0  (Gen:  0)
   475856     36400 289084776  0.000  0.000    0.278    0.278    0    0  (Gen:  0)
   474112     37552 289261512  0.000  0.000    0.279    0.279    0    0  (Gen:  0)
   473888     38080 289437672  0.000  0.000    0.279    0.279    0    0  (Gen:  0)
   475536     37840 289613976  0.000  0.000    0.279    0.279    0    0  (Gen:  0)
   473840     38160 289790544  0.000  0.000    0.279    0.279    0    0  (Gen:  0)
   474880     37912 289963440  0.000  0.000    0.279    0.279    0    0  (Gen:  0)
   478216     37232 290136056  0.000  0.000    0.280    0.280    0    0  (Gen:  0)
   476232     37200 290305800  0.000  0.000    0.280    0.280    0    0  (Gen:  0)
   475632     37432 290478768  0.000  0.000    0.280    0.280    0    0  (Gen:  0)
   477440     37168 290651304  0.000  0.000    0.280    0.280    0    0  (Gen:  0)
   478360     35856 290822816  0.000  0.000    0.281    0.281    0    0  (Gen:  0)
   478320     37352 290996936  0.000  0.000    0.281    0.281    0    0  (Gen:  0)
   475368     37488 291166632  0.000  0.000    0.281    0.281    0    0  (Gen:  0)
   474944     37000 291339168  0.000  0.000    0.281    0.281    0    0  (Gen:  0)
   476416     37104 291508896  0.000  0.000    0.281    0.281    0    0  (Gen:  0)
   475392     37432 291681768  0.000  0.000    0.282    0.282    0    0  (Gen:  0)
   477632     37168 291854400  0.000  0.000    0.282    0.282    0    0  (Gen:  0)
   478312     35960 292025960  0.000  0.000    0.282    0.282    0    0  (Gen:  0)
   478328     37416 292200096  0.000  0.000    0.282    0.282    0    0  (Gen:  0)
   475680     37344 292369536  0.000  0.000    0.282    0.283    0    0  (Gen:  0)
   476928     36840 292538784  0.000  0.000    0.283    0.283    0    0  (Gen:  0)
   477984     37024 292708224  0.000  0.000    0.283    0.283    0    0  (Gen:  0)
   476560     37176 292877808  0.000  0.000    0.283    0.283    0    0  (Gen:  0)
   477376     36952 293046984  0.000  0.000    0.283    0.283    0    0  (Gen:  0)
   477312     36568 293216232  0.000  0.000    0.284    0.284    0    0  (Gen:  0)
   476480     36824 293385744  0.000  0.000    0.284    0.284    0    0  (Gen:  0)
   475248     36952 293555136  0.000  0.000    0.284    0.284    0    0  (Gen:  0)
   477184     36568 293724264  0.000  0.000    0.284    0.284    0    0  (Gen:  0)
   476400     36664 293893608  0.000  0.000    0.284    0.284    0    0  (Gen:  0)
   474208     37336 294069936  0.000  0.000    0.284    0.285    0    0  (Gen:  0)
   474768     37560 294242808  0.000  0.000    0.285    0.285    0    0  (Gen:  0)
   475952     37392 294415656  0.000  0.000    0.285    0.285    0    0  (Gen:  0)
   477368     37560 294591824  0.000  0.000    0.285    0.285    0    0  (Gen:  0)
   476024     37704 294764904  0.000  0.000    0.285    0.285    0    0  (Gen:  0)
   476224     37192 294934440  0.000  0.000    0.285    0.285    0    0  (Gen:  0)
   476048     37240 295107216  0.000  0.000    0.285    0.285    0    0  (Gen:  0)
   474480     37224 295279992  0.000  0.000    0.286    0.286    0    0  (Gen:  0)
   476800     37288 295449576  0.000  0.000    0.286    0.286    0    0  (Gen:  0)
   476288     37096 295622208  0.000  0.000    0.286    0.286    0    0  (Gen:  0)
   477312     37224 295795032  0.000  0.000    0.286    0.286    0    0  (Gen:  0)
   478128     37512 295967952  0.000  0.000    0.286    0.286    0    0  (Gen:  0)
   476416     37240 296137488  0.000  0.000    0.286    0.286    0    0  (Gen:  0)
   476864     37144 296310120  0.000  0.000    0.286    0.286    0    0  (Gen:  0)
   474624     37264 296483088  0.000  0.000    0.287    0.287    0    0  (Gen:  0)
   476656     37344 296652672  0.000  0.000    0.287    0.287    0    0  (Gen:  0)
   476288     36952 296825160  0.000  0.000    0.287    0.287    0    0  (Gen:  0)
   477168     37264 296998128  0.000  0.000    0.287    0.287    0    0  (Gen:  0)
   477232     37488 297167808  0.000  0.000    0.287    0.287    0    0  (Gen:  0)
   477184     36952 297336936  0.000  0.000    0.287    0.287    0    0  (Gen:  0)
   475552     36592 297506208  0.000  0.000    0.287    0.288    0    0  (Gen:  0)
   475648     36912 297675840  0.000  0.000    0.288    0.288    0    0  (Gen:  0)
   476272     36904 297845016  0.000  0.000    0.288    0.288    0    0  (Gen:  0)
   476080     36496 298014240  0.000  0.000    0.288    0.288    0    0  (Gen:  0)
   477104     36688 298183608  0.000  0.000    0.288    0.288    0    0  (Gen:  0)
   476720     37184 298353120  0.000  0.000    0.288    0.288    0    0  (Gen:  0)
   476272     36688 298522296  0.000  0.000    0.288    0.288    0    0  (Gen:  0)
   477904     36592 298691616  0.000  0.000    0.289    0.289    0    0  (Gen:  0)
   476152     37256 298870952  0.000  0.000    0.289    0.289    0    0  (Gen:  0)
   477552     38240 299047304  0.000  0.000    0.289    0.289    0    0  (Gen:  0)
   477408     37776 299223992  0.000  0.000    0.289    0.289    0    0  (Gen:  0)
   474760     38208 299400720  0.000  0.000    0.289    0.289    0    0  (Gen:  0)
   476304     37984 299573784  0.000  0.000    0.289    0.289    0    0  (Gen:  0)
   477088     37072 299743008  0.000  0.000    0.290    0.290    0    0  (Gen:  0)
   478560     36816 299912352  0.000  0.000    0.290    0.290    0    0  (Gen:  0)
   475264     37224 300081984  0.000  0.000    0.290    0.290    0    0  (Gen:  0)
   476176     36856 300251160  0.000  0.000    0.290    0.290    0    0  (Gen:  0)
   476176     36640 300420384  0.000  0.000    0.290    0.290    0    0  (Gen:  0)
   475056     36720 300589680  0.000  0.000    0.290    0.290    0    0  (Gen:  0)
   476384     36960 300759096  0.000  0.000    0.291    0.291    0    0  (Gen:  0)
   476320     36784 300928368  0.000  0.000    0.291    0.291    0    0  (Gen:  0)
   479224     36128 301097024  0.000  0.000    0.291    0.291    0    0  (Gen:  0)
   476952     37128 301267296  0.000  0.000    0.291    0.291    0    0  (Gen:  0)
   475696     37144 301436568  0.000  0.000    0.292    0.292    0    0  (Gen:  0)
   475312     36592 301605792  0.000  0.000    0.292    0.292    0    0  (Gen:  0)
   476544     36768 301775136  0.000  0.000    0.292    0.292    0    0  (Gen:  0)
   476064     36888 301944480  0.000  0.000    0.292    0.292    0    0  (Gen:  0)
   477728     36600 302110368  0.000  0.000    0.292    0.293    0    0  (Gen:  0)
   476864     36304 302276256  0.000  0.000    0.293    0.293    0    0  (Gen:  0)
   476528     36448 302445456  0.000  0.000    0.293    0.293    0    0  (Gen:  0)
   476816     36456 302611392  0.000  0.000    0.293    0.293    0    0  (Gen:  0)
   479080     36360 302780392  0.000  0.000    0.293    0.293    0    0  (Gen:  0)
   476376     36304 302946432  0.000  0.000    0.293    0.293    0    0  (Gen:  0)
   478848     36592 303115776  0.000  0.000    0.293    0.294    0    0  (Gen:  0)
   475968     36384 303281544  0.000  0.000    0.294    0.294    0    0  (Gen:  0)
   476768     36088 303447336  0.000  0.000    0.294    0.294    0    0  (Gen:  0)
   475664     36856 303616944  0.000  0.000    0.294    0.294    0    0  (Gen:  0)
   475744     37336 303789744  0.000  0.000    0.294    0.294    0    0  (Gen:  0)
   478376     36112 303961280  0.000  0.000    0.294    0.294    0    0  (Gen:  0)
   475944     37272 304131936  0.000  0.000    0.294    0.295    0    0  (Gen:  0)
   474864     37288 304304856  0.000  0.000    0.295    0.295    0    0  (Gen:  0)
   476608     36976 304474128  0.000  0.000    0.295    0.295    0    0  (Gen:  0)
   476176     36496 304643256  0.000  0.000    0.295    0.295    0    0  (Gen:  0)
   475344     36616 304812600  0.000  0.000    0.295    0.296    0    0  (Gen:  0)
   476912     36912 304982112  0.000  0.000    0.296    0.296    0    0  (Gen:  0)
   476464     36688 305151288  0.000  0.000    0.297    0.297    0    0  (Gen:  0)
   479032     36560 305320576  0.000  0.000    0.297    0.297    0    0  (Gen:  0)
   478368     36792 305493152  0.000  0.000    0.297    0.297    0    0  (Gen:  0)
   479232     36512 305662352  0.000  0.000    0.297    0.298    0    0  (Gen:  0)
   478568     36840 305832240  0.000  0.000    0.298    0.298    0    0  (Gen:  0)
   476848     36768 305998344  0.000  0.000    0.299    0.299    0    0  (Gen:  0)
   475904     36568 306167400  0.000  0.000    0.299    0.299    0    0  (Gen:  0)
   478064     36312 306333384  0.000  0.000    0.300    0.300    0    0  (Gen:  0)
   476960     36352 306499320  0.000  0.000    0.300    0.300    0    0  (Gen:  0)
   475280     36304 306668376  0.000  0.000    0.300    0.300    0    0  (Gen:  0)
   479520     36280 306834240  0.000  0.000    0.300    0.300    0    0  (Gen:  0)
   479944     35712 306999512  0.000  0.000    0.300    0.300    0    0  (Gen:  0)
   476904     36000 307162584  0.000  0.000    0.300    0.301    0    0  (Gen:  0)
   475872     36136 307328496  0.000  0.000    0.301    0.301    0    0  (Gen:  0)
   477872     35824 307493976  0.000  0.000    0.301    0.301    0    0  (Gen:  0)
   479896     34992 307658912  0.000  0.000    0.301    0.301    0    0  (Gen:  0)
   479480     36120 307825512  0.000  0.000    0.301    0.301    0    0  (Gen:  0)
   478560     36112 307991376  0.000  0.000    0.301    0.302    0    0  (Gen:  0)
   479896     34808 308155832  0.000  0.000    0.302    0.302    0    0  (Gen:  0)
   477496     35976 308319648  0.000  0.000    0.302    0.302    0    0  (Gen:  0)
   472560     37408 308499432  0.000  0.000    0.302    0.302    0    0  (Gen:  0)
   476456     38856 308679128  0.000  0.000    0.302    0.302    0    0  (Gen:  0)
   474312     38416 308855928  0.000  0.000    0.302    0.302    0    0  (Gen:  0)
   474432     38632 309035904  0.000  0.000    0.302    0.303    0    0  (Gen:  0)
   475440     38488 309212400  0.000  0.000    0.303    0.303    0    0  (Gen:  0)
   474576     37720 309385176  0.000  0.000    0.303    0.303    0    0  (Gen:  0)
   477576     37512 309561320  0.000  0.000    0.303    0.303    0    0  (Gen:  0)
   477552     37920 309737816  0.000  0.000    0.303    0.303    0    0  (Gen:  0)
   476312     37776 309910704  0.000  0.000    0.303    0.304    0    0  (Gen:  0)
   475184     37480 310083648  0.000  0.000    0.304    0.304    0    0  (Gen:  0)
   476800     37576 310259784  0.000  0.000    0.304    0.304    0    0  (Gen:  0)
   476048     37864 310432920  0.000  0.000    0.304    0.304    0    0  (Gen:  0)
   477416     36504 310607888  0.000  0.000    0.304    0.304    0    0  (Gen:  0)
   476696     37560 310782072  0.000  0.000    0.304    0.304    0    0  (Gen:  0)
   477304     37664 310958264  0.000  0.000    0.304    0.305    0    0  (Gen:  0)
   475832     37720 311131392  0.000  0.000    0.305    0.305    0    0  (Gen:  0)
   475616     37584 311304288  0.000  0.000    0.305    0.305    0    0  (Gen:  0)
   476512     37672 311480568  0.000  0.000    0.305    0.305    0    0  (Gen:  0)
   478488     37752 311653544  0.000  0.000    0.305    0.305    0    0  (Gen:  0)
   478288     36344 311825192  0.000  0.000    0.305    0.305    0    0  (Gen:  0)
   476856     37344 311995992  0.000  0.000    0.305    0.306    0    0  (Gen:  0)
   474352     37360 312168696  0.000  0.000    0.306    0.306    0    0  (Gen:  0)
   478376     36768 312341048  0.000  0.000    0.306    0.306    0    0  (Gen:  0)
   475896     37072 312510936  0.000  0.000    0.306    0.306    0    0  (Gen:  0)
   476160     37336 312683856  0.000  0.000    0.306    0.306    0    0  (Gen:  0)
   475472     37168 312856440  0.000  0.000    0.306    0.306    0    0  (Gen:  0)
   478216     36144 313028240  0.000  0.000    0.306    0.307    0    0  (Gen:  0)
   477512     37464 313202280  0.000  0.000    0.307    0.307    0    0  (Gen:  0)
   473984     38080 313378800  0.000  0.000    0.307    0.307    0    0  (Gen:  0)
   474640     38048 313555032  0.000  0.000    0.307    0.307    0    0  (Gen:  0)
   476496     37864 313731384  0.000  0.000    0.307    0.307    0    0  (Gen:  0)
   474112     38272 313907928  0.000  0.000    0.307    0.307    0    0  (Gen:  0)
   477384     37776 314083832  0.000  0.000    0.307    0.308    0    0  (Gen:  0)
   474680     37488 314257104  0.000  0.000    0.308    0.308    0    0  (Gen:  0)
   474992     37480 314430144  0.000  0.000    0.308    0.308    0    0  (Gen:  0)
   476944     37768 314606328  0.000  0.000    0.308    0.308    0    0  (Gen:  0)
   474576     37648 314779296  0.000  0.000    0.308    0.308    0    0  (Gen:  0)
   475440     37464 314952120  0.000  0.000    0.308    0.308    0    0  (Gen:  0)
   474672     37864 315128520  0.000  0.000    0.308    0.309    0    0  (Gen:  0)
   474432     37632 315301344  0.000  0.000    0.309    0.309    0    0  (Gen:  0)
   474288     37360 315474216  0.000  0.000    0.309    0.309    0    0  (Gen:  0)
   474800     37576 315647256  0.000  0.000    0.309    0.309    0    0  (Gen:  0)
   477272     37656 315823232  0.000  0.000    0.309    0.309    0    0  (Gen:  0)
   475352     37608 315996408  0.000  0.000    0.309    0.309    0    0  (Gen:  0)
   475616     37528 316169352  0.000  0.000    0.309    0.310    0    0  (Gen:  0)
   474928     37912 316345728  0.000  0.000    0.310    0.310    0    0  (Gen:  0)
   476176     37576 316515312  0.000  0.000    0.310    0.310    0    0  (Gen:  0)
   476768     37000 316687848  0.000  0.000    0.310    0.310    0    0  (Gen:  0)
   478176     37264 316860816  0.000  0.000    0.310    0.310    0    0  (Gen:  0)
   477456     37416 317033544  0.000  0.000    0.310    0.310    0    0  (Gen:  0)
   477040     37288 317203224  0.000  0.000    0.310    0.311    0    0  (Gen:  0)
   475808     37144 317375856  0.000  0.000    0.311    0.311    0    0  (Gen:  0)
   476096     37488 317548848  0.000  0.000    0.311    0.311    0    0  (Gen:  0)
   478328     37200 317721344  0.000  0.000    0.311    0.311    0    0  (Gen:  0)
   476856     37168 317891136  0.000  0.000    0.311    0.311    0    0  (Gen:  0)
   474528     37744 318067584  0.000  0.000    0.311    0.311    0    0  (Gen:  0)
   473920     38512 318247392  0.000  0.000    0.311    0.312    0    0  (Gen:  0)
   476560     38512 318427152  0.000  0.000    0.312    0.312    0    0  (Gen:  0)
   476392     38288 318606680  0.000  0.000    0.312    0.312    0    0  (Gen:  0)
   476448     38160 318786416  0.000  0.000    0.312    0.312    0    0  (Gen:  0)
   475928     38080 318959928  0.000  0.000    0.312    0.312    0    0  (Gen:  0)
   475616     37528 319132824  0.000  0.000    0.312    0.312    0    0  (Gen:  0)
   477320     37560 319308992  0.000  0.000    0.313    0.313    0    0  (Gen:  0)
   475240     37920 319482240  0.000  0.000    0.313    0.313    0    0  (Gen:  0)
   475472     37696 319655184  0.000  0.000    0.313    0.313    0    0  (Gen:  0)
   477296     37696 319831392  0.000  0.000    0.313    0.313    0    0  (Gen:  0)
   477544     37104 320006960  0.000  0.000    0.313    0.313    0    0  (Gen:  0)
   476312     37776 320180568  0.000  0.000    0.313    0.314    0    0  (Gen:  0)
   474336     37512 320353536  0.000  0.000    0.314    0.314    0    0  (Gen:  0)
   477544     37128 320529248  0.000  0.000    0.314    0.314    0    0  (Gen:  0)
   474392     37920 320702760  0.000  0.000    0.314    0.314    0    0  (Gen:  0)
   475904     37432 320875752  0.000  0.000    0.314    0.314    0    0  (Gen:  0)
   474224     37600 321048696  0.000  0.000    0.314    0.314    0    0  (Gen:  0)
   477480     37536 321224792  0.000  0.000    0.314    0.315    0    0  (Gen:  0)
   476376     37320 321394440  0.000  0.000    0.315    0.315    0    0  (Gen:  0)
   478160     37144 321567168  0.000  0.000    0.315    0.315    0    0  (Gen:  0)
   476048     37392 321740112  0.000  0.000    0.315    0.315    0    0  (Gen:  0)
   478280     37152 321912416  0.000  0.000    0.315    0.315    0    0  (Gen:  0)
   475704     37224 322082448  0.000  0.000    0.315    0.315    0    0  (Gen:  0)
   474704     36952 322255032  0.000  0.000    0.315    0.316    0    0  (Gen:  0)
   476208     37264 322427952  0.000  0.000    0.316    0.316    0    0  (Gen:  0)
   476320     37248 322597488  0.000  0.000    0.316    0.316    0    0  (Gen:  0)
   477872     37192 322770168  0.000  0.000    0.316    0.316    0    0  (Gen:  0)
   474016     37768 322946712  0.000  0.000    0.316    0.316    0    0  (Gen:  0)
   474448     38488 323123088  0.000  0.000    0.316    0.316    0    0  (Gen:  0)
   474352     37744 323299272  0.000  0.000    0.316    0.317    0    0  (Gen:  0)
   475280     38032 323475792  0.000  0.000    0.317    0.317    0    0  (Gen:  0)
   474592     38128 323652072  0.000  0.000    0.317    0.317    0    0  (Gen:  0)
   474960     37608 323824992  0.000  0.000    0.317    0.317    0    0  (Gen:  0)
   474384     37416 323997864  0.000  0.000    0.317    0.317    0    0  (Gen:  0)
   476400     37864 324174264  0.000  0.000    0.317    0.317    0    0  (Gen:  0)
   474624     37816 324347232  0.000  0.000    0.317    0.318    0    0  (Gen:  0)
   476144     37432 324520080  0.000  0.000    0.318    0.318    0    0  (Gen:  0)
   477368     37560 324696152  0.000  0.000    0.318    0.318    0    0  (Gen:  0)
   475848     37944 324869520  0.000  0.000    0.318    0.318    0    0  (Gen:  0)
   474432     37504 325042296  0.000  0.000    0.318    0.318    0    0  (Gen:  0)
   474400     37480 325215240  0.000  0.000    0.318    0.318    0    0  (Gen:  0)
   474576     37432 325388160  0.000  0.000    0.318    0.319    0    0  (Gen:  0)
   478328     36264 325559792  0.000  0.000    0.319    0.319    0    0  (Gen:  0)
   477096     37216 325730400  0.000  0.000    0.319    0.319    0    0  (Gen:  0)
   474688     37264 325903104  0.000  0.000    0.319    0.319    0    0  (Gen:  0)
   475376     37096 326072616  0.000  0.000    0.319    0.319    0    0  (Gen:  0)
   476800     36736 326241840  0.000  0.000    0.319    0.319    0    0  (Gen:  0)
   475552     36592 326411064  0.000  0.000    0.319    0.320    0    0  (Gen:  0)
   475744     36856 326580648  0.000  0.000    0.320    0.320    0    0  (Gen:  0)
   476464     36856 326749920  0.000  0.000    0.320    0.320    0    0  (Gen:  0)
   476272     36496 326919096  0.000  0.000    0.320    0.320    0    0  (Gen:  0)
   476624     36736 327088512  0.000  0.000    0.320    0.320    0    0  (Gen:  0)
   476816     36928 327257928  0.000  0.000    0.320    0.320    0    0  (Gen:  0)
   476464     36736 327427200  0.000  0.000    0.320    0.321    0    0  (Gen:  0)
   478000     36592 327596472  0.000  0.000    0.321    0.321    0    0  (Gen:  0)
   473824     38128 327776688  0.000  0.000    0.321    0.321    0    0  (Gen:  0)
   475136     38608 327956280  0.000  0.000    0.321    0.321    0    0  (Gen:  0)
   476616     38288 328135984  0.000  0.000    0.321    0.321    0    0  (Gen:  0)
   476280     38664 328316040  0.000  0.000    0.321    0.321    0    0  (Gen:  0)
   477352     38488 328492520  0.000  0.000    0.321    0.322    0    0  (Gen:  0)
   475672     37840 328665528  0.000  0.000    0.322    0.322    0    0  (Gen:  0)
   475664     37744 328838568  0.000  0.000    0.322    0.322    0    0  (Gen:  0)
   473600     37648 329014776  0.000  0.000    0.322    0.322    0    0  (Gen:  0)
   474864     37440 329187600  0.000  0.000    0.322    0.322    0    0  (Gen:  0)
   475712     37536 329360592  0.000  0.000    0.322    0.322    0    0  (Gen:  0)
   476512     37672 329536776  0.000  0.000    0.322    0.323    0    0  (Gen:  0)
   475424     37872 329709816  0.000  0.000    0.323    0.323    0    0  (Gen:  0)
   474704     37616 329882760  0.000  0.000    0.323    0.323    0    0  (Gen:  0)
   477552     37576 330058992  0.000  0.000    0.323    0.323    0    0  (Gen:  0)
   475968     37912 330232176  0.000  0.000    0.323    0.323    0    0  (Gen:  0)
   477528     36720 330407120  0.000  0.000    0.323    0.323    0    0  (Gen:  0)
   475352     37344 330581016  0.000  0.000    0.324    0.324    0    0  (Gen:  0)
   477544     36984 330756728  0.000  0.000    0.324    0.324    0    0  (Gen:  0)
   478368     37128 330929696  0.000  0.000    0.324    0.324    0    0  (Gen:  0)
   476760     37248 331100016  0.000  0.000    0.324    0.324    0    0  (Gen:  0)
   475856     37096 331272696  0.000  0.000    0.324    0.325    0    0  (Gen:  0)
   476400     37272 331445520  0.000  0.000    0.325    0.325    0    0  (Gen:  0)
   476128     37336 331615152  0.000  0.000    0.325    0.325    0    0  (Gen:  0)
   476096     37096 331787736  0.000  0.000    0.325    0.325    0    0  (Gen:  0)
   476592     37264 331960608  0.000  0.000    0.325    0.325    0    0  (Gen:  0)
   478216     37448 332133320  0.000  0.000    0.325    0.326    0    0  (Gen:  0)
   475992     37144 332302968  0.000  0.000    0.326    0.326    0    0  (Gen:  0)
   474960     37384 332475984  0.000  0.000    0.326    0.326    0    0  (Gen:  0)
   476376     37344 332654936  0.000  0.000    0.326    0.326    0    0  (Gen:  0)
   477488     38120 332831936  0.000  0.000    0.326    0.326    0    0  (Gen:  0)
   477336     37984 333008328  0.000  0.000    0.326    0.327    0    0  (Gen:  0)
   476488     37848 333187664  0.000  0.000    0.327    0.327    0    0  (Gen:  0)
   475688     38232 333361176  0.000  0.000    0.327    0.327    0    0  (Gen:  0)
   476144     37440 333534120  0.000  0.000    0.327    0.327    0    0  (Gen:  0)
   477608     36744 333709472  0.000  0.000    0.327    0.327    0    0  (Gen:  0)
   474136     37872 333883440  0.000  0.000    0.327    0.328    0    0  (Gen:  0)
   474768     37432 334056312  0.000  0.000    0.327    0.328    0    0  (Gen:  0)
   475904     37432 334229208  0.000  0.000    0.328    0.328    0    0  (Gen:  0)
   474208     37864 334405632  0.000  0.000    0.328    0.328    0    0  (Gen:  0)
   474336     37568 334578408  0.000  0.000    0.328    0.328    0    0  (Gen:  0)
   476384     37384 334751352  0.000  0.000    0.328    0.329    0    0  (Gen:  0)
   477200     37648 334927560  0.000  0.000    0.329    0.329    0    0  (Gen:  0)
   475552     37912 335100816  0.000  0.000    0.329    0.329    0    0  (Gen:  0)
   474864     37600 335273544  0.000  0.000    0.329    0.329    0    0  (Gen:  0)
   477512     37528 335449752  0.000  0.000    0.329    0.330    0    0  (Gen:  0)
   477472     37304 335625608  0.000  0.000    0.330    0.330    0    0  (Gen:  0)
   475672     37576 335795712  0.000  0.000    0.330    0.330    0    0  (Gen:  0)
   478288     37144 335968368  0.000  0.000    0.331    0.331    0    0  (Gen:  0)
   477792     37392 336141192  0.000  0.000    0.332    0.332    0    0  (Gen:  0)
   478408     37296 336313952  0.000  0.000    0.332    0.332    0    0  (Gen:  0)
   476280     37288 336483696  0.000  0.000    0.333    0.333    0    0  (Gen:  0)
   475040     37192 336656328  0.000  0.000    0.333    0.333    0    0  (Gen:  0)
   474576     37216 336829248  0.000  0.000    0.333    0.333    0    0  (Gen:  0)
   477136     37392 336998832  0.000  0.000    0.333    0.334    0    0  (Gen:  0)
   476096     37048 337171320  0.000  0.000    0.334    0.334    0    0  (Gen:  0)
   474848     37800 337347888  0.000  0.000    0.334    0.334    0    0  (Gen:  0)
   475552     38632 337527792  0.000  0.000    0.334    0.334    0    0  (Gen:  0)
   476344     38136 337707128  0.000  0.000    0.334    0.334    0    0  (Gen:  0)
   476688     38696 337887344  0.000  0.000    0.334    0.334    0    0  (Gen:  0)
   474856     38616 338064168  0.000  0.000    0.334    0.335    0    0  (Gen:  0)
   478232     37032 338236232  0.000  0.000    0.335    0.335    0    0  (Gen:  0)
   475896     37024 338406360  0.000  0.000    0.335    0.335    0    0  (Gen:  0)
   475216     37264 338579256  0.000  0.000    0.335    0.335    0    0  (Gen:  0)
   477616     37312 338752008  0.000  0.000    0.335    0.335    0    0  (Gen:  0)
   478264     36272 338923712  0.000  0.000    0.335    0.336    0    0  (Gen:  0)
   475704     37240 339094464  0.000  0.000    0.335    0.336    0    0  (Gen:  0)
   474352     37264 339267216  0.000  0.000    0.336    0.336    0    0  (Gen:  0)
   478280     36480 339439232  0.000  0.000    0.336    0.336    0    0  (Gen:  0)
   475944     37128 339609408  0.000  0.000    0.336    0.336    0    0  (Gen:  0)
   476176     37312 339782352  0.000  0.000    0.336    0.336    0    0  (Gen:  0)
   477520     37408 339955104  0.000  0.000    0.336    0.336    0    0  (Gen:  0)
   478344     37312 340127848  0.000  0.000    0.336    0.337    0    0  (Gen:  0)
   475720     37288 340297464  0.000  0.000    0.337    0.337    0    0  (Gen:  0)
   474464     37160 340470192  0.000  0.000    0.337    0.337    0    0  (Gen:  0)
   478320     36864 340639488  0.000  0.000    0.337    0.337    0    0  (Gen:  0)
   477840     36696 340808784  0.000  0.000    0.337    0.337    0    0  (Gen:  0)
   476336     36864 340978248  0.000  0.000    0.337    0.337    0    0  (Gen:  0)
   475504     36880 341147568  0.000  0.000    0.337    0.338    0    0  (Gen:  0)
   476544     36672 341316816  0.000  0.000    0.337    0.338    0    0  (Gen:  0)
   477072     36696 341486208  0.000  0.000    0.338    0.338    0    0  (Gen:  0)
   476896     37080 341655840  0.000  0.000    0.338    0.338    0    0  (Gen:  0)
   476992     36808 341824968  0.000  0.000    0.338    0.338    0    0  (Gen:  0)
   475168     36544 341994144  0.000  0.000    0.338    0.338    0    0  (Gen:  0)
   474912     36984 342167016  0.000  0.000    0.338    0.338    0    0  (Gen:  0)
   474704     37680 342340056  0.000  0.000    0.338    0.339    0    0  (Gen:  0)
   475472     37552 342513000  0.000  0.000    0.338    0.339    0    0  (Gen:  0)
   477432     37440 342688904  0.000  0.000    0.339    0.339    0    0  (Gen:  0)
   474744     37816 342862416  0.000  0.000    0.339    0.339    0    0  (Gen:  0)
   477440     37360 343034952  0.000  0.000    0.339    0.339    0    0  (Gen:  0)
   478312     35808 343206416  0.000  0.000    0.339    0.339    0    0  (Gen:  0)
   478272     37016 343380248  0.000  0.000    0.339    0.340    0    0  (Gen:  0)
   476472     37536 343550328  0.000  0.000    0.339    0.340    0    0  (Gen:  0)
   474944     37000 343722864  0.000  0.000    0.340    0.340    0    0  (Gen:  0)
   478312     36584 343895240  0.000  0.000    0.340    0.340    0    0  (Gen:  0)
   476936     37504 344068704  0.000  0.000    0.340    0.340    0    0  (Gen:  0)
   476464     37296 344238192  0.000  0.000    0.340    0.340    0    0  (Gen:  0)
   476000     37000 344410728  0.000  0.000    0.340    0.340    0    0  (Gen:  0)
   476960     37120 344580432  0.000  0.000    0.340    0.341    0    0  (Gen:  0)
   477264     37144 344749824  0.000  0.000    0.341    0.341    0    0  (Gen:  0)
   475072     36568 344918856  0.000  0.000    0.341    0.341    0    0  (Gen:  0)
   476832     36720 345088248  0.000  0.000    0.341    0.341    0    0  (Gen:  0)
   477424     37072 345257928  0.000  0.000    0.341    0.341    0    0  (Gen:  0)
   476112     36712 345423744  0.000  0.000    0.341    0.341    0    0  (Gen:  0)
   479112     35880 345592400  0.000  0.000    0.341    0.342    0    0  (Gen:  0)
   477912     36528 345758856  0.000  0.000    0.341    0.342    0    0  (Gen:  0)
   477008     36424 345927912  0.000  0.000    0.342    0.342    0    0  (Gen:  0)
   477968     36256 346093848  0.000  0.000    0.342    0.342    0    0  (Gen:  0)
   476496     36328 346259760  0.000  0.000    0.342    0.342    0    0  (Gen:  0)
   476544     36488 346429008  0.000  0.000    0.342    0.342    0    0  (Gen:  0)
   477296     36512 346595040  0.000  0.000    0.342    0.342    0    0  (Gen:  0)
   479160     35856 346763648  0.000  0.000    0.342    0.343    0    0  (Gen:  0)
   478112     36976 346936888  0.000  0.000    0.343    0.343    0    0  (Gen:  0)
   475752     38376 347116896  0.000  0.000    0.343    0.343    0    0  (Gen:  0)
   474112     38800 347293536  0.000  0.000    0.343    0.343    0    0  (Gen:  0)
   474992     38344 347473128  0.000  0.000    0.343    0.343    0    0  (Gen:  0)
   473840     38736 347653320  0.000  0.000    0.343    0.343    0    0  (Gen:  0)
   474480     38152 347826192  0.000  0.000    0.343    0.344    0    0  (Gen:  0)
   476336     37480 347999136  0.000  0.000    0.343    0.344    0    0  (Gen:  0)
   476240     37696 348175344  0.000  0.000    0.344    0.344    0    0  (Gen:  0)
   475504     37824 348348456  0.000  0.000    0.344    0.344    0    0  (Gen:  0)
   474816     37648 348521280  0.000  0.000    0.344    0.344    0    0  (Gen:  0)
   477144     37320 348697184  0.000  0.000    0.344    0.344    0    0  (Gen:  0)
   477608     37896 348873888  0.000  0.000    0.344    0.345    0    0  (Gen:  0)
   475536     37720 349046712  0.000  0.000    0.344    0.345    0    0  (Gen:  0)
   475088     37480 349219560  0.000  0.000    0.345    0.345    0    0  (Gen:  0)
   477512     37032 349395248  0.000  0.000    0.345    0.345    0    0  (Gen:  0)
   474584     37840 349568904  0.000  0.000    0.345    0.345    0    0  (Gen:  0)
   474992     37480 349741800  0.000  0.000    0.345    0.345    0    0  (Gen:  0)
   474656     37744 349914792  0.000  0.000    0.345    0.345    0    0  (Gen:  0)
   475616     37696 350091048  0.000  0.000    0.345    0.346    0    0  (Gen:  0)
   476416     37360 350260536  0.000  0.000    0.346    0.346    0    0  (Gen:  0)
   476144     37144 350433216  0.000  0.000    0.346    0.346    0    0  (Gen:  0)
   477408     37224 350606088  0.000  0.000    0.346    0.346    0    0  (Gen:  0)
   478392     37480 350778880  0.000  0.000    0.346    0.346    0    0  (Gen:  0)
   475960     37248 350948496  0.000  0.000    0.346    0.346    0    0  (Gen:  0)
   475376     37016 351121128  0.000  0.000    0.346    0.347    0    0  (Gen:  0)
   475632     37264 351294096  0.000  0.000    0.346    0.347    0    0  (Gen:  0)
   476464     37296 351463584  0.000  0.000    0.347    0.347    0    0  (Gen:  0)
   476000     37000 351636120  0.000  0.000    0.347    0.347    0    0  (Gen:  0)
   476304     37576 351812616  0.000  0.000    0.347    0.347    0    0  (Gen:  0)
   475632     38272 351989016  0.000  0.000    0.347    0.347    0    0  (Gen:  0)
   475056     38088 352165416  0.000  0.000    0.347    0.348    0    0  (Gen:  0)
   474672     37936 352341768  0.000  0.000    0.347    0.348    0    0  (Gen:  0)
   474336     38176 352518216  0.000  0.000    0.348    0.348    0    0  (Gen:  0)
   474432     37768 352691136  0.000  0.000    0.348    0.348    0    0  (Gen:  0)
   476336     37632 352864176  0.000  0.000    0.348    0.348    0    0  (Gen:  0)
   476512     37784 353040312  0.000  0.000    0.348    0.348    0    0  (Gen:  0)
   474896     37864 353213400  0.000  0.000    0.348    0.348    0    0  (Gen:  0)
   475616     37600 353386344  0.000  0.000    0.348    0.349    0    0  (Gen:  0)
   477528     37440 353562296  0.000  0.000    0.349    0.349    0    0  (Gen:  0)
   477552     37248 353738168  0.000  0.000    0.349    0.349    0    0  (Gen:  0)
   475928     37632 353911680  0.000  0.000    0.349    0.349    0    0  (Gen:  0)
   476880     37512 354084696  0.000  0.000    0.349    0.349    0    0  (Gen:  0)
   475536     37768 354260952  0.000  0.000    0.349    0.349    0    0  (Gen:  0)
   474384     38056 354433968  0.000  0.000    0.349    0.350    0    0  (Gen:  0)
   476144     37480 354606912  0.000  0.000    0.350    0.350    0    0  (Gen:  0)
   477464     37464 354782888  0.000  0.000    0.350    0.350    0    0  (Gen:  0)
   474920     37752 354956064  0.000  0.000    0.350    0.350    0    0  (Gen:  0)
   476176     37240 355125648  0.000  0.000    0.350    0.350    0    0  (Gen:  0)
   478304     37096 355298280  0.000  0.000    0.350    0.350    0    0  (Gen:  0)
   474848     37432 355471320  0.000  0.000    0.350    0.351    0    0  (Gen:  0)
   478328     37200 355643864  0.000  0.000    0.350    0.351    0    0  (Gen:  0)
   476952     37216 355813608  0.000  0.000    0.351    0.351    0    0  (Gen:  0)
   475696     37168 355986312  0.000  0.000    0.351    0.351    0    0  (Gen:  0)
   475024     37312 356159064  0.000  0.000    0.351    0.351    0    0  (Gen:  0)
   476128     37072 356328600  0.000  0.000    0.351    0.351    0    0  (Gen:  0)
   477968     37144 356501328  0.000  0.000    0.351    0.352    0    0  (Gen:  0)
   474544     38280 356681496  0.000  0.000    0.351    0.352    0    0  (Gen:  0)
   474896     38704 356861232  0.000  0.000    0.352    0.352    0    0  (Gen:  0)
   476512     38296 357040944  0.000  0.000    0.352    0.352    0    0  (Gen:  0)
   476192     38752 357220944  0.000  0.000    0.352    0.352    0    0  (Gen:  0)
   477304     38504 357397280  0.000  0.000    0.352    0.352    0    0  (Gen:  0)
   475816     37792 357570384  0.000  0.000    0.352    0.352    0    0  (Gen:  0)
   475712     37840 357743472  0.000  0.000    0.352    0.353    0    0  (Gen:  0)
   473984     37696 357919632  0.000  0.000    0.353    0.353    0    0  (Gen:  0)
   474624     37480 358092456  0.000  0.000    0.353    0.353    0    0  (Gen:  0)
   475904     37528 358265400  0.000  0.000    0.353    0.353    0    0  (Gen:  0)
   476368     37816 358441728  0.000  0.000    0.353    0.353    0    0  (Gen:  0)
   475184     37768 358614672  0.000  0.000    0.353    0.353    0    0  (Gen:  0)
   475184     37744 358787712  0.000  0.000    0.353    0.354    0    0  (Gen:  0)
   477528     36576 358962800  0.000  0.000    0.354    0.354    0    0  (Gen:  0)
   475752     37912 359136984  0.000  0.000    0.354    0.354    0    0  (Gen:  0)
   477576     36600 359311976  0.000  0.000    0.354    0.354    0    0  (Gen:  0)
   475688     37528 359486064  0.000  0.000    0.354    0.354    0    0  (Gen:  0)
   477304     37424 359661968  0.000  0.000    0.354    0.354    0    0  (Gen:  0)
   478320     37280 359834648  0.000  0.000    0.354    0.355    0    0  (Gen:  0)
   476712     37200 360004824  0.000  0.000    0.354    0.355    0    0  (Gen:  0)
   475952     37096 360177552  0.000  0.000    0.355    0.355    0    0  (Gen:  0)
   476304     37264 360350376  0.000  0.000    0.355    0.355    0    0  (Gen:  0)
   476560     37336 360519960  0.000  0.000    0.355    0.355    0    0  (Gen:  0)
   476240     37192 360692640  0.000  0.000    0.355    0.355    0    0  (Gen:  0)
   475632     37080 360865368  0.000  0.000    0.355    0.356    0    0  (Gen:  0)
   478360     37200 361038032  0.000  0.000    0.355    0.356    0    0  (Gen:  0)
   476376     37240 361207872  0.000  0.000    0.356    0.356    0    0  (Gen:  0)
   474576     37336 361380744  0.000  0.000    0.356    0.356    0    0  (Gen:  0)
   476328     37344 361559840  0.000  0.000    0.356    0.356    0    0  (Gen:  0)
   477408     38048 361736672  0.000  0.000    0.356    0.356    0    0  (Gen:  0)
   477504     37784 361912928  0.000  0.000    0.356    0.356    0    0  (Gen:  0)
   476592     38192 362092904  0.000  0.000    0.356    0.357    0    0  (Gen:  0)
   475592     38280 362266032  0.000  0.000    0.357    0.357    0    0  (Gen:  0)
   474288     37360 362438904  0.000  0.000    0.357    0.357    0    0  (Gen:  0)
   475888     37648 362612016  0.000  0.000    0.357    0.357    0    0  (Gen:  0)
   475616     37912 362788176  0.000  0.000    0.357    0.357    0    0  (Gen:  0)
   474912     37488 362961048  0.000  0.000    0.357    0.358    0    0  (Gen:  0)
   475616     37528 363133992  0.000  0.000    0.358    0.358    0    0  (Gen:  0)
   474304     37864 363310320  0.000  0.000    0.358    0.358    0    0  (Gen:  0)
   474432     37608 363483144  0.000  0.000    0.358    0.358    0    0  (Gen:  0)
   474240     37360 363656016  0.000  0.000    0.358    0.358    0    0  (Gen:  0)
   477280     37488 363825744  0.000  0.000    0.358    0.359    0    0  (Gen:  0)
   478152     35928 363997112  0.000  0.000    0.359    0.359    0    0  (Gen:  0)
   479120     36776 364167592  0.000  0.000    0.359    0.359    0    0  (Gen:  0)
   479200     36144 364336328  0.000  0.000    0.359    0.359    0    0  (Gen:  0)
   476232     37232 364506696  0.000  0.000    0.359    0.359    0    0  (Gen:  0)
   479112     35856 364674872  0.000  0.000    0.359    0.360    0    0  (Gen:  0)
   476792     36328 364841616  0.000  0.000    0.360    0.360    0    0  (Gen:  0)
   478144     36360 365007624  0.000  0.000    0.360    0.360    0    0  (Gen:  0)
   475808     36472 365176680  0.000  0.000    0.360    0.360    0    0  (Gen:  0)
   478112     36208 365342616  0.000  0.000    0.360    0.361    0    0  (Gen:  0)
   477104     36400 365508600  0.000  0.000    0.360    0.361    0    0  (Gen:  0)
   475664     36304 365677656  0.000  0.000    0.361    0.361    0    0  (Gen:  0)
   477856     36576 365843760  0.000  0.000    0.361    0.361    0    0  (Gen:  0)
   479016     35928 366012416  0.000  0.000    0.361    0.361    0    0  (Gen:  0)
   476504     36696 366182256  0.000  0.000    0.361    0.362    0    0  (Gen:  0)
   474080     37728 366358680  0.000  0.000    0.361    0.362    0    0  (Gen:  0)
   474544     38096 366535008  0.000  0.000    0.362    0.362    0    0  (Gen:  0)
   476112     37968 366711408  0.000  0.000    0.362    0.362    0    0  (Gen:  0)
   475168     38280 366887952  0.000  0.000    0.362    0.362    0    0  (Gen:  0)
   476272     38128 367060896  0.000  0.000    0.362    0.363    0    0  (Gen:  0)
   478240     37136 367233504  0.000  0.000    0.362    0.363    0    0  (Gen:  0)
   478360     36224 367405352  0.000  0.000    0.363    0.363    0    0  (Gen:  0)
   478368     37496 367579288  0.000  0.000    0.363    0.363    0    0  (Gen:  0)
   476376     37392 367748880  0.000  0.000    0.363    0.364    0    0  (Gen:  0)
   476480     37000 367921464  0.000  0.000    0.364    0.364    0    0  (Gen:  0)
   475152     37168 368094336  0.000  0.000    0.364    0.365    0    0  (Gen:  0)
   478360     36968 368266664  0.000  0.000    0.365    0.365    0    0  (Gen:  0)
   476568     37192 368436696  0.000  0.000    0.365    0.366    0    0  (Gen:  0)
   477104     37240 368609568  0.000  0.000    0.366    0.366    0    0  (Gen:  0)
   476448     37320 368782344  0.000  0.000    0.366    0.367    0    0  (Gen:  0)
   476224     37344 368951928  0.000  0.000    0.367    0.367    0    0  (Gen:  0)
   476432     37048 369124560  0.000  0.000    0.367    0.367    0    0  (Gen:  0)
   475248     37120 369297336  0.000  0.000    0.367    0.368    0    0  (Gen:  0)
   476016     37144 369466728  0.000  0.000    0.367    0.368    0    0  (Gen:  0)
   477840     36688 369636072  0.000  0.000    0.368    0.368    0    0  (Gen:  0)
   477264     36784 369805464  0.000  0.000    0.368    0.368    0    0  (Gen:  0)
   476048     37000 369974976  0.000  0.000    0.368    0.368    0    0  (Gen:  0)
   476032     36736 370144104  0.000  0.000    0.368    0.368    0    0  (Gen:  0)
   477840     36568 370313400  0.000  0.000    0.368    0.369    0    0  (Gen:  0)
   475520     36952 370482960  0.000  0.000    0.368    0.369    0    0  (Gen:  0)
   475264     36832 370652136  0.000  0.000    0.369    0.369    0    0  (Gen:  0)
   476544     36616 370821384  0.000  0.000    0.369    0.369    0    0  (Gen:  0)
   476672     36904 370990992  0.000  0.000    0.369    0.369    0    0  (Gen:  0)
   476176     37552 371167224  0.000  0.000    0.369    0.369    0    0  (Gen:  0)
   474672     37648 371340144  0.000  0.000    0.369    0.370    0    0  (Gen:  0)
   475808     37536 371513040  0.000  0.000    0.369    0.370    0    0  (Gen:  0)
   476464     37768 371689320  0.000  0.000    0.370    0.370    0    0  (Gen:  0)
   478408     37648 371862184  0.000  0.000    0.370    0.370    0    0  (Gen:  0)
   478368     36576 372034232  0.000  0.000    0.370    0.370    0    0  (Gen:  0)
   476856     37336 372204744  0.000  0.000    0.370    0.370    0    0  (Gen:  0)
   474304     37360 372377496  0.000  0.000    0.370    0.371    0    0  (Gen:  0)
   478232     36528 372549608  0.000  0.000    0.370    0.371    0    0  (Gen:  0)
   475896     37072 372719688  0.000  0.000    0.370    0.371    0    0  (Gen:  0)
   476256     37336 372892656  0.000  0.000    0.371    0.371    0    0  (Gen:  0)
   475616     37264 373065240  0.000  0.000    0.371    0.371    0    0  (Gen:  0)
   478408     36480 373237376  0.000  0.000    0.371    0.371    0    0  (Gen:  0)
   477480     37440 373407840  0.000  0.000    0.371    0.372    0    0  (Gen:  0)
   474544     37408 373580592  0.000  0.000    0.371    0.372    0    0  (Gen:  0)
   478232     36736 373752752  0.000  0.000    0.371    0.372    0    0  (Gen:  0)
   475896     37080 373922784  0.000  0.000    0.372    0.372    0    0  (Gen:  0)
   476112     37288 374095656  0.000  0.000    0.372    0.372    0    0  (Gen:  0)
   475968     37144 374265048  0.000  0.000    0.372    0.372    0    0  (Gen:  0)
   476736     36784 374434392  0.000  0.000    0.372    0.372    0    0  (Gen:  0)
   475648     36616 374603664  0.000  0.000    0.372    0.373    0    0  (Gen:  0)
   478232     35688 374775152  0.000  0.000    0.372    0.373    0    0  (Gen:  0)
   479184     35768 374944496  0.000  0.000    0.373    0.373    0    0  (Gen:  0)
   479088     36488 375114704  0.000  0.000    0.373    0.373    0    0  (Gen:  0)
   476296     36816 375284424  0.000  0.000    0.373    0.373    0    0  (Gen:  0)
   476736     36952 375453864  0.000  0.000    0.373    0.373    0    0  (Gen:  0)
   475792     36664 375623040  0.000  0.000    0.373    0.374    0    0  (Gen:  0)
   476240     36936 375792552  0.000  0.000    0.373    0.374    0    0  (Gen:  0)
   476504     37608 375972104  0.000  0.000    0.373    0.374    0    0  (Gen:  0)
   477552     37824 376148264  0.000  0.000    0.374    0.374    0    0  (Gen:  0)
   476984     38040 376325064  0.000  0.000    0.374    0.374    0    0  (Gen:  0)
   473696     38104 376501584  0.000  0.000    0.374    0.374    0    0  (Gen:  0)
   478216     37832 376674352  0.000  0.000    0.374    0.374    0    0  (Gen:  0)
   478824     37080 376843872  0.000  0.000    0.374    0.375    0    0  (Gen:  0)
   477984     36856 377013216  0.000  0.000    0.374    0.375    0    0  (Gen:  0)
   477280     37176 377182848  0.000  0.000    0.375    0.375    0    0  (Gen:  0)
   476848     36856 377351976  0.000  0.000    0.375    0.375    0    0  (Gen:  0)
   475072     36544 377521200  0.000  0.000    0.375    0.375    0    0  (Gen:  0)
   476144     36648 377690568  0.000  0.000    0.375    0.375    0    0  (Gen:  0)
   476352     37000 377860008  0.000  0.000    0.375    0.376    0    0  (Gen:  0)
   476032     36616 378029184  0.000  0.000    0.375    0.376    0    0  (Gen:  0)
   478608     36856 378198672  0.000  0.000    0.375    0.376    0    0  (Gen:  0)
   476224     37128 378368208  0.000  0.000    0.376    0.376    0    0  (Gen:  0)
   476752     36904 378537432  0.000  0.000    0.376    0.376    0    0  (Gen:  0)
   475888     36496 378706608  0.000  0.000    0.376    0.376    0    0  (Gen:  0)
   476528     36736 378876024  0.000  0.000    0.376    0.376    0    0  (Gen:  0)
   476368     36832 379045296  0.000  0.000    0.376    0.377    0    0  (Gen:  0)
   477968     36432 379211232  0.000  0.000    0.376    0.377    0    0  (Gen:  0)
   477264     36328 379377096  0.000  0.000    0.377    0.377    0    0  (Gen:  0)
   476544     36472 379546344  0.000  0.000    0.377    0.377    0    0  (Gen:  0)
   477728     36496 379712376  0.000  0.000    0.377    0.377    0    0  (Gen:  0)
   479016     35952 379881080  0.000  0.000    0.377    0.377    0    0  (Gen:  0)
   476104     36208 380047320  0.000  0.000    0.377    0.378    0    0  (Gen:  0)
   478144     36520 380216544  0.000  0.000    0.377    0.378    0    0  (Gen:  0)
   477728     36528 380382528  0.000  0.000    0.377    0.378    0    0  (Gen:  0)
   476816     36320 380548368  0.000  0.000    0.378    0.378    0    0  (Gen:  0)
   475280     36712 380721048  0.000  0.000    0.378    0.378    0    0  (Gen:  0)
   478360     36584 380893088  0.000  0.000    0.378    0.378    0    0  (Gen:  0)
   476232     37392 381063552  0.000  0.000    0.378    0.379    0    0  (Gen:  0)
   474848     37048 381236136  0.000  0.000    0.378    0.379    0    0  (Gen:  0)
   478456     37056 381408800  0.000  0.000    0.378    0.379    0    0  (Gen:  0)
   478760     37200 381578400  0.000  0.000    0.379    0.379    0    0  (Gen:  0)
   477840  24013704 235250408  0.029  0.029    0.408    0.408    0    0  (Gen:  1)
   476336     36864 235419872  0.000  0.000    0.408    0.409    0    0  (Gen:  0)
   475696     36880 235589192  0.000  0.000    0.408    0.409    0    0  (Gen:  0)
   476544     36672 235758440  0.000  0.000    0.408    0.409    0    0  (Gen:  0)
   477072     36696 235927832  0.000  0.000    0.409    0.409    0    0  (Gen:  0)
   476416     36984 236097368  0.000  0.000    0.409    0.409    0    0  (Gen:  0)
   475136     36736 236266520  0.000  0.000    0.409    0.409    0    0  (Gen:  0)
   477312     36552 236435768  0.000  0.000    0.409    0.409    0    0  (Gen:  0)
   476464     36672 236601920  0.000  0.000    0.409    0.410    0    0  (Gen:  0)
   477008     36568 236771072  0.000  0.000    0.409    0.410    0    0  (Gen:  0)
   476016     36136 236936840  0.000  0.000    0.409    0.410    0    0  (Gen:  0)
   477392     36336 237102776  0.000  0.000    0.409    0.410    0    0  (Gen:  0)
   477120     36800 237272216  0.000  0.000    0.410    0.410    0    0  (Gen:  0)
   479864     36264 237437808  0.000  0.000    0.410    0.410    0    0  (Gen:  0)
   479904     35360 237602992  0.000  0.000    0.410    0.410    0    0  (Gen:  0)
   476904     36040 237766208  0.000  0.000    0.410    0.410    0    0  (Gen:  0)
   477072     36088 237931976  0.000  0.000    0.410    0.410    0    0  (Gen:  0)
   477296     35920 238097504  0.000  0.000    0.410    0.411    0    0  (Gen:  0)
   479944     34992 238262440  0.000  0.000    0.410    0.411    0    0  (Gen:  0)
   478616     36168 238429136  0.000  0.000    0.410    0.411    0    0  (Gen:  0)
   479896     35576 238594360  0.000  0.000    0.410    0.411    0    0  (Gen:  0)
   479856     34808 238759456  0.000  0.000    0.411    0.411    0    0  (Gen:  0)
   477176     36352 238926680  0.000  0.000    0.411    0.411    0    0  (Gen:  0)
   474416     37824 239106728  0.000  0.000    0.411    0.411    0    0  (Gen:  0)
   476600     38464 239286184  0.000  0.000    0.411    0.411    0    0  (Gen:  0)
   474120     38472 239463080  0.000  0.000    0.411    0.412    0    0  (Gen:  0)
   473424     38536 239642960  0.000  0.000    0.411    0.412    0    0  (Gen:  0)
   475376     38200 239819216  0.000  0.000    0.411    0.412    0    0  (Gen:  0)
   475520     37696 239992208  0.000  0.000    0.411    0.412    0    0  (Gen:  0)
   475040     37648 240165200  0.000  0.000    0.412    0.412    0    0  (Gen:  0)
   474848     37648 240341360  0.000  0.000    0.412    0.412    0    0  (Gen:  0)
   474432     37576 240514280  0.000  0.000    0.412    0.412    0    0  (Gen:  0)
   476096     37584 240687272  0.000  0.000    0.412    0.412    0    0  (Gen:  0)
   475744     37736 240863408  0.000  0.000    0.412    0.412    0    0  (Gen:  0)
   474896     37816 241036496  0.000  0.000    0.412    0.413    0    0  (Gen:  0)
   475616     37600 241209440  0.000  0.000    0.412    0.413    0    0  (Gen:  0)
   474720     37672 241382456  0.000  0.000    0.412    0.413    0    0  (Gen:  0)
   474176     37672 241558520  0.000  0.000    0.412    0.413    0    0  (Gen:  0)
   474624     37344 241731344  0.000  0.000    0.413    0.413    0    0  (Gen:  0)
   474672     37416 241904264  0.000  0.000    0.413    0.413    0    0  (Gen:  0)
   476064     37728 242080616  0.000  0.000    0.413    0.413    0    0  (Gen:  0)
   475504     37848 242250296  0.000  0.000    0.413    0.413    0    0  (Gen:  0)
   476096     36952 242422832  0.000  0.000    0.413    0.414    0    0  (Gen:  0)
   478456     36624 242595208  0.000  0.000    0.413    0.414    0    0  (Gen:  0)
   477944     37512 242768624  0.000  0.000    0.413    0.414    0    0  (Gen:  0)
   476080     37192 242938112  0.000  0.000    0.413    0.414    0    0  (Gen:  0)
   477776     37192 243110888  0.000  0.000    0.414    0.414    0    0  (Gen:  0)
   475424     37344 243283784  0.000  0.000    0.414    0.414    0    0  (Gen:  0)
   478184     37024 243455992  0.000  0.000    0.414    0.414    0    0  (Gen:  0)
   475896     37120 243626120  0.000  0.000    0.414    0.414    0    0  (Gen:  0)
   477480     36816 243801688  0.000  0.000    0.414    0.414    0    0  (Gen:  0)
   475288     38112 243978800  0.000  0.000    0.414    0.415    0    0  (Gen:  0)
   474688     37984 244155080  0.000  0.000    0.414    0.415    0    0  (Gen:  0)
   476544     37872 244331432  0.000  0.000    0.414    0.415    0    0  (Gen:  0)
   473728     38424 244508168  0.000  0.000    0.414    0.415    0    0  (Gen:  0)
   474432     37912 244680992  0.000  0.000    0.415    0.415    0    0  (Gen:  0)
   474240     37360 244853864  0.000  0.000    0.415    0.415    0    0  (Gen:  0)
   476240     37624 245030072  0.000  0.000    0.415    0.415    0    0  (Gen:  0)
   475504     37824 245203184  0.000  0.000    0.415    0.415    0    0  (Gen:  0)
   474816     37648 245376008  0.000  0.000    0.415    0.416    0    0  (Gen:  0)
   477144     37320 245551912  0.000  0.000    0.415    0.416    0    0  (Gen:  0)
   477608     37896 245728616  0.000  0.000    0.415    0.416    0    0  (Gen:  0)
   475536     37720 245901440  0.000  0.000    0.415    0.416    0    0  (Gen:  0)
   475088     37480 246074288  0.000  0.000    0.416    0.416    0    0  (Gen:  0)
   477416     36888 246249832  0.000  0.000    0.416    0.416    0    0  (Gen:  0)
   474680     37840 246423632  0.000  0.000    0.416    0.416    0    0  (Gen:  0)
   474992     37480 246596528  0.000  0.000    0.416    0.416    0    0  (Gen:  0)
   474656     37744 246769520  0.000  0.000    0.416    0.416    0    0  (Gen:  0)
   475616     37696 246945776  0.000  0.000    0.416    0.417    0    0  (Gen:  0)
   476416     37360 247115264  0.000  0.000    0.416    0.417    0    0  (Gen:  0)
   476144     37144 247287944  0.000  0.000    0.416    0.417    0    0  (Gen:  0)
   477408     37224 247460816  0.000  0.000    0.416    0.417    0    0  (Gen:  0)
   475168     37488 247630448  0.000  0.000    0.417    0.417    0    0  (Gen:  0)
   474944     37000 247802984  0.000  0.000    0.417    0.417    0    0  (Gen:  0)
   478312     36584 247975360  0.000  0.000    0.417    0.417    0    0  (Gen:  0)
   476936     37504 248148824  0.000  0.000    0.417    0.417    0    0  (Gen:  0)
   476464     37296 248318312  0.000  0.000    0.417    0.418    0    0  (Gen:  0)
   476000     37000 248490848  0.000  0.000    0.417    0.418    0    0  (Gen:  0)
   474928     37768 248667536  0.000  0.000    0.417    0.418    0    0  (Gen:  0)
   473456     38632 248847272  0.000  0.000    0.417    0.418    0    0  (Gen:  0)
   476488     38072 249026752  0.000  0.000    0.418    0.418    0    0  (Gen:  0)
   476592     38112 249206536  0.000  0.000    0.418    0.418    0    0  (Gen:  0)
   473800     38520 249383648  0.000  0.000    0.418    0.418    0    0  (Gen:  0)
   474576     37888 249556568  0.000  0.000    0.418    0.418    0    0  (Gen:  0)
   475248     37456 249729488  0.000  0.000    0.418    0.418    0    0  (Gen:  0)
   474448     37696 249905720  0.000  0.000    0.418    0.419    0    0  (Gen:  0)
   476144     37968 250078760  0.000  0.000    0.418    0.419    0    0  (Gen:  0)
   475712     37696 250251752  0.000  0.000    0.418    0.419    0    0  (Gen:  0)
   476768     37552 250427816  0.000  0.000    0.418    0.419    0    0  (Gen:  0)
   474496     37824 250600928  0.000  0.000    0.419    0.419    0    0  (Gen:  0)
   474336     37600 250773800  0.000  0.000    0.419    0.419    0    0  (Gen:  0)
   474736     37336 250946648  0.000  0.000    0.419    0.419    0    0  (Gen:  0)
   475056     37808 251123048  0.000  0.000    0.419    0.419    0    0  (Gen:  0)
   474432     37672 251295920  0.000  0.000    0.419    0.420    0    0  (Gen:  0)
   474768     37456 251468792  0.000  0.000    0.419    0.420    0    0  (Gen:  0)
   477232     37616 251644928  0.000  0.000    0.419    0.420    0    0  (Gen:  0)
   474624     37600 251817896  0.000  0.000    0.419    0.420    0    0  (Gen:  0)
   476656     37344 251987480  0.000  0.000    0.419    0.420    0    0  (Gen:  0)
   477248     37048 252160064  0.000  0.000    0.420    0.420    0    0  (Gen:  0)
   476000     37488 252333152  0.000  0.000    0.420    0.420    0    0  (Gen:  0)
   478376     36768 252505264  0.000  0.000    0.420    0.420    0    0  (Gen:  0)
   476760     37072 252675392  0.000  0.000    0.420    0.420    0    0  (Gen:  0)
   474784     37120 252848096  0.000  0.000    0.420    0.421    0    0  (Gen:  0)
   475504     37120 253020848  0.000  0.000    0.420    0.421    0    0  (Gen:  0)
   476560     37224 253190480  0.000  0.000    0.420    0.421    0    0  (Gen:  0)
   476528     37096 253363112  0.000  0.000    0.420    0.421    0    0  (Gen:  0)
   476440     37008 253542016  0.000  0.000    0.420    0.421    0    0  (Gen:  0)
   477648     37752 253718848  0.000  0.000    0.421    0.421    0    0  (Gen:  0)
   477552     37872 253895632  0.000  0.000    0.421    0.421    0    0  (Gen:  0)
   474328     38208 254072312  0.000  0.000    0.421    0.421    0    0  (Gen:  0)
   477464     37920 254248480  0.000  0.000    0.421    0.421    0    0  (Gen:  0)
   475768     37720 254421584  0.000  0.000    0.421    0.422    0    0  (Gen:  0)
   475664     37744 254594624  0.000  0.000    0.421    0.422    0    0  (Gen:  0)
   473600     37648 254770832  0.000  0.000    0.421    0.422    0    0  (Gen:  0)
   474864     37440 254943656  0.000  0.000    0.421    0.422    0    0  (Gen:  0)
   475712     37536 255116648  0.000  0.000    0.421    0.422    0    0  (Gen:  0)
   476512     37672 255292832  0.000  0.000    0.422    0.422    0    0  (Gen:  0)
   475424     37872 255465872  0.000  0.000    0.422    0.422    0    0  (Gen:  0)
   474704     37616 255638816  0.000  0.000    0.422    0.422    0    0  (Gen:  0)
   475312     37456 255811760  0.000  0.000    0.422    0.422    0    0  (Gen:  0)
   474640     37360 255984512  0.000  0.000    0.422    0.423    0    0  (Gen:  0)
   475696     37224 256154048  0.000  0.000    0.422    0.423    0    0  (Gen:  0)
   476288     36952 256326632  0.000  0.000    0.422    0.423    0    0  (Gen:  0)
   475872     37120 256499456  0.000  0.000    0.422    0.423    0    0  (Gen:  0)
   476064     37144 256668896  0.000  0.000    0.422    0.423    0    0  (Gen:  0)
   476544     36736 256838144  0.000  0.000    0.423    0.423    0    0  (Gen:  0)
   478080     36736 257007584  0.000  0.000    0.423    0.423    0    0  (Gen:  0)
   477184     37120 257177216  0.000  0.000    0.423    0.423    0    0  (Gen:  0)
   476896     36904 257346440  0.000  0.000    0.423    0.423    0    0  (Gen:  0)
   477360     36664 257515736  0.000  0.000    0.423    0.424    0    0  (Gen:  0)
   476144     36808 257685104  0.000  0.000    0.423    0.424    0    0  (Gen:  0)
   476352     37000 257854544  0.000  0.000    0.423    0.424    0    0  (Gen:  0)
   476032     36616 258023720  0.000  0.000    0.423    0.424    0    0  (Gen:  0)
   475472     36880 258193232  0.000  0.000    0.423    0.424    0    0  (Gen:  0)
   475608     37128 258375424  0.000  0.000    0.424    0.424    0    0  (Gen:  0)
   474424     38584 258552968  0.000  0.000    0.424    0.424    0    0  (Gen:  0)
   476176     38392 258732728  0.000  0.000    0.424    0.424    0    0  (Gen:  0)
   473424     38544 258912608  0.000  0.000    0.424    0.424    0    0  (Gen:  0)
   474400     38368 259085864  0.000  0.000    0.424    0.425    0    0  (Gen:  0)
   477384     37368 259261528  0.000  0.000    0.424    0.425    0    0  (Gen:  0)
   476392     37744 259435064  0.000  0.000    0.424    0.425    0    0  (Gen:  0)
   476848     37720 259611200  0.000  0.000    0.424    0.425    0    0  (Gen:  0)
   474624     37704 259784168  0.000  0.000    0.425    0.425    0    0  (Gen:  0)
   476048     37528 259957112  0.000  0.000    0.425    0.425    0    0  (Gen:  0)
   475552     37768 260133296  0.000  0.000    0.425    0.425    0    0  (Gen:  0)
   475040     37824 260306336  0.000  0.000    0.425    0.425    0    0  (Gen:  0)
   475904     37552 260479328  0.000  0.000    0.425    0.425    0    0  (Gen:  0)
   477416     37616 260655456  0.000  0.000    0.425    0.426    0    0  (Gen:  0)
   475576     37864 260828696  0.000  0.000    0.425    0.426    0    0  (Gen:  0)
   474336     37520 261001424  0.000  0.000    0.425    0.426    0    0  (Gen:  0)
   475488     37456 261174440  0.000  0.000    0.425    0.426    0    0  (Gen:  0)
   474912     37720 261350696  0.000  0.000    0.425    0.426    0    0  (Gen:  0)
   477056     37720 261523424  0.000  0.000    0.426    0.426    0    0  (Gen:  0)
   475552     37048 261693008  0.000  0.000    0.426    0.426    0    0  (Gen:  0)
   475184     37144 261865688  0.000  0.000    0.426    0.426    0    0  (Gen:  0)
   476592     37224 262038464  0.000  0.000    0.426    0.427    0    0  (Gen:  0)
   476128     37240 262208096  0.000  0.000    0.426    0.427    0    0  (Gen:  0)
   478016     37192 262380776  0.000  0.000    0.426    0.427    0    0  (Gen:  0)
   474800     37344 262553624  0.000  0.000    0.427    0.427    0    0  (Gen:  0)
   478184     37488 262726312  0.000  0.000    0.427    0.427    0    0  (Gen:  0)
   476280     37224 262896056  0.000  0.000    0.427    0.427    0    0  (Gen:  0)
   477432     37200 263071960  0.000  0.000    0.427    0.428    0    0  (Gen:  0)
   474952     38160 263248688  0.000  0.000    0.427    0.428    0    0  (Gen:  0)
   474880     38080 263425016  0.000  0.000    0.427    0.428    0    0  (Gen:  0)
   476256     37960 263601368  0.000  0.000    0.428    0.428    0    0  (Gen:  0)
   473968     38472 263778056  0.000  0.000    0.428    0.428    0    0  (Gen:  0)
   474768     37960 263950928  0.000  0.000    0.428    0.428    0    0  (Gen:  0)
   477576     36600 264126160  0.000  0.000    0.428    0.429    0    0  (Gen:  0)
   475000     37656 264300032  0.000  0.000    0.428    0.429    0    0  (Gen:  0)
   477512     37512 264476008  0.000  0.000    0.428    0.429    0    0  (Gen:  0)
   475592     37512 264649136  0.000  0.000    0.428    0.429    0    0  (Gen:  0)
   474416     37536 264822128  0.000  0.000    0.428    0.429    0    0  (Gen:  0)
   475408     37768 264998504  0.000  0.000    0.429    0.429    0    0  (Gen:  0)
   475248     37608 265171280  0.000  0.000    0.429    0.429    0    0  (Gen:  0)
   475328     37440 265344224  0.000  0.000    0.429    0.430    0    0  (Gen:  0)
   477464     37224 265520056  0.000  0.000    0.429    0.430    0    0  (Gen:  0)
   475160     37800 265693520  0.000  0.000    0.429    0.430    0    0  (Gen:  0)
   476224     37608 265866536  0.000  0.000    0.430    0.430    0    0  (Gen:  0)
   477480     37272 266042392  0.000  0.000    0.430    0.431    0    0  (Gen:  0)
   475656     37824 266215904  0.000  0.000    0.431    0.431    0    0  (Gen:  0)
   477152     37408 266388536  0.000  0.000    0.431    0.431    0    0  (Gen:  0)
   475456     37200 266558072  0.000  0.000    0.431    0.432    0    0  (Gen:  0)
   474736     37264 266730824  0.000  0.000    0.431    0.432    0    0  (Gen:  0)
   478240     37264 266903624  0.000  0.000    0.431    0.432    0    0  (Gen:  0)
   478312     37088 267076192  0.000  0.000    0.431    0.432    0    0  (Gen:  0)
   475272     37200 267245984  0.000  0.000    0.432    0.432    0    0  (Gen:  0)
   476112     37384 267418952  0.000  0.000    0.432    0.432    0    0  (Gen:  0)
   477104     37168 267591488  0.000  0.000    0.432    0.433    0    0  (Gen:  0)
   475552     37096 267761024  0.000  0.000    0.432    0.433    0    0  (Gen:  0)
   474992     37912 267940808  0.000  0.000    0.433    0.433    0    0  (Gen:  0)
   476728     38024 268120048  0.000  0.000    0.433    0.434    0    0  (Gen:  0)
   476832     37880 268299688  0.000  0.000    0.434    0.435    0    0  (Gen:  0)
   473592     38592 268477304  0.000  0.000    0.434    0.435    0    0  (Gen:  0)
   476648     38408 268656960  0.000  0.000    0.434    0.435    0    0  (Gen:  0)
   476264     37560 268826504  0.000  0.000    0.434    0.435    0    0  (Gen:  0)
   478328     36248 268998280  0.000  0.000    0.435    0.435    0    0  (Gen:  0)
   475784     37296 269172080  0.000  0.000    0.435    0.435    0    0  (Gen:  0)
   475792     37528 269341760  0.000  0.000    0.435    0.435    0    0  (Gen:  0)
   476000     37144 269514392  0.000  0.000    0.435    0.436    0    0  (Gen:  0)
   478408     36536 269686624  0.000  0.000    0.435    0.436    0    0  (Gen:  0)
   476888     37456 269860088  0.000  0.000    0.435    0.436    0    0  (Gen:  0)
   476320     37248 270029624  0.000  0.000    0.435    0.436    0    0  (Gen:  0)
   478344     37176 270202288  0.000  0.000    0.435    0.436    0    0  (Gen:  0)
   474728     37264 270375176  0.000  0.000    0.436    0.436    0    0  (Gen:  0)
   475408     37632 270544856  0.000  0.000    0.436    0.436    0    0  (Gen:  0)
   476192     37048 270717392  0.000  0.000    0.436    0.436    0    0  (Gen:  0)
   478360     36536 270889528  0.000  0.000    0.436    0.437    0    0  (Gen:  0)
   478416     36728 271062400  0.000  0.000    0.436    0.437    0    0  (Gen:  0)
   479184     36648 271232080  0.000  0.000    0.436    0.437    0    0  (Gen:  0)
   479184     36192 271401184  0.000  0.000    0.436    0.437    0    0  (Gen:  0)
   475768     36952 271571288  0.000  0.000    0.436    0.437    0    0  (Gen:  0)
   476928     37144 271740728  0.000  0.000    0.437    0.437    0    0  (Gen:  0)
   475504     36568 271909808  0.000  0.000    0.437    0.437    0    0  (Gen:  0)
   476256     36616 272079152  0.000  0.000    0.437    0.437    0    0  (Gen:  0)
   476048     36952 272248664  0.000  0.000    0.437    0.438    0    0  (Gen:  0)
   476032     36736 272417792  0.000  0.000    0.437    0.438    0    0  (Gen:  0)
   477840     36568 272587088  0.000  0.000    0.437    0.438    0    0  (Gen:  0)
   474896     37312 272760176  0.000  0.000    0.437    0.438    0    0  (Gen:  0)
   474896     37840 272933168  0.000  0.000    0.437    0.438    0    0  (Gen:  0)
   477528     37392 273109024  0.000  0.000    0.437    0.438    0    0  (Gen:  0)
   475192     37600 273282272  0.000  0.000    0.438    0.438    0    0  (Gen:  0)
   477608     36648 273457480  0.000  0.000    0.438    0.438    0    0  (Gen:  0)
   475768     37416 273628016  0.000  0.000    0.438    0.438    0    0  (Gen:  0)
   478232     37032 273800752  0.000  0.000    0.438    0.439    0    0  (Gen:  0)
   477752     37432 273973736  0.000  0.000    0.438    0.439    0    0  (Gen:  0)
   478216     37496 274146448  0.000  0.000    0.438    0.439    0    0  (Gen:  0)
   475992     37144 274316096  0.000  0.000    0.438    0.439    0    0  (Gen:  0)
   474800     37096 274488824  0.000  0.000    0.438    0.439    0    0  (Gen:  0)
   476496     37216 274661600  0.000  0.000    0.439    0.439    0    0  (Gen:  0)
   476032     37288 274831136  0.000  0.000    0.439    0.439    0    0  (Gen:  0)
   476288     37288 275004008  0.000  0.000    0.439    0.439    0    0  (Gen:  0)
   475344     37056 275173304  0.000  0.000    0.439    0.439    0    0  (Gen:  0)
   476928     36984 275342648  0.000  0.000    0.439    0.440    0    0  (Gen:  0)
   477216     36888 275511992  0.000  0.000    0.439    0.440    0    0  (Gen:  0)
   476448     36792 275681336  0.000  0.000    0.439    0.440    0    0  (Gen:  0)
   475248     36936 275850728  0.000  0.000    0.439    0.440    0    0  (Gen:  0)
   477872     36552 276016568  0.000  0.000    0.439    0.440    0    0  (Gen:  0)
   476720     36400 276182504  0.000  0.000    0.440    0.440    0    0  (Gen:  0)
   477104     36352 276351608  0.000  0.000    0.440    0.440    0    0  (Gen:  0)
   477424     36528 276517664  0.000  0.000    0.440    0.440    0    0  (Gen:  0)
   475824     36352 276683480  0.000  0.000    0.440    0.440    0    0  (Gen:  0)
   479064     36216 276852472  0.000  0.000    0.440    0.441    0    0  (Gen:  0)
   478376     36600 277021976  0.000  0.000    0.440    0.441    0    0  (Gen:  0)
   477488     36552 277187912  0.000  0.000    0.440    0.441    0    0  (Gen:  0)
   477440     36304 277353800  0.000  0.000    0.440    0.441    0    0  (Gen:  0)
   477264     37000 277529792  0.000  0.000    0.440    0.441    0    0  (Gen:  0)
   476424     38384 277709736  0.000  0.000    0.441    0.441    0    0  (Gen:  0)
   475128     38656 277886480  0.000  0.000    0.441    0.441    0    0  (Gen:  0)
   472496     38488 278066216  0.000  0.000    0.441    0.441    0    0  (Gen:  0)
   474960     38568 278246192  0.000  0.000    0.441    0.441    0    0  (Gen:  0)
   475296     38080 278419064  0.000  0.000    0.441    0.442    0    0  (Gen:  0)
   475376     37536 278592008  0.000  0.000    0.441    0.442    0    0  (Gen:  0)
   477592     37744 278768296  0.000  0.000    0.441    0.442    0    0  (Gen:  0)
   475928     37864 278941328  0.000  0.000    0.441    0.442    0    0  (Gen:  0)
   477416     36552 279116296  0.000  0.000    0.441    0.442    0    0  (Gen:  0)
   474680     37512 279290384  0.000  0.000    0.442    0.442    0    0  (Gen:  0)
   477256     36888 279465856  0.000  0.000    0.442    0.442    0    0  (Gen:  0)
   475976     37728 279639656  0.000  0.000    0.442    0.442    0    0  (Gen:  0)
   475664     37536 279812600  0.000  0.000    0.442    0.442    0    0  (Gen:  0)
   477560     37560 279988720  0.000  0.000    0.442    0.443    0    0  (Gen:  0)
   476056     37912 280161968  0.000  0.000    0.442    0.443    0    0  (Gen:  0)
   475328     37648 280334912  0.000  0.000    0.442    0.443    0    0  (Gen:  0)
   477440     37552 280511120  0.000  0.000    0.442    0.443    0    0  (Gen:  0)
   476272     37824 280684280  0.000  0.000    0.442    0.443    0    0  (Gen:  0)
   477104     37408 280856864  0.000  0.000    0.443    0.443    0    0  (Gen:  0)
   475744     37144 281026496  0.000  0.000    0.443    0.443    0    0  (Gen:  0)
   474592     37312 281199200  0.000  0.000    0.443    0.443    0    0  (Gen:  0)
   477088     37216 281371904  0.000  0.000    0.443    0.443    0    0  (Gen:  0)
   475120     37072 281541488  0.000  0.000    0.443    0.444    0    0  (Gen:  0)
   474800     37096 281714216  0.000  0.000    0.443    0.444    0    0  (Gen:  0)
   476496     37216 281886992  0.000  0.000    0.443    0.444    0    0  (Gen:  0)
   476032     37288 282056528  0.000  0.000    0.443    0.444    0    0  (Gen:  0)
   476192     37192 282229304  0.000  0.000    0.443    0.444    0    0  (Gen:  0)
   474576     37632 282405608  0.000  0.000    0.443    0.444    0    0  (Gen:  0)
   474768     38376 282582104  0.000  0.000    0.444    0.444    0    0  (Gen:  0)
   475968     38040 282758456  0.000  0.000    0.444    0.444    0    0  (Gen:  0)
   474624     38032 282934808  0.000  0.000    0.444    0.444    0    0  (Gen:  0)
   475056     38184 283111208  0.000  0.000    0.444    0.445    0    0  (Gen:  0)
   474432     37680 283284080  0.000  0.000    0.444    0.445    0    0  (Gen:  0)
   476784     37552 283457048  0.000  0.000    0.444    0.445    0    0  (Gen:  0)
   474384     37968 283633448  0.000  0.000    0.444    0.445    0    0  (Gen:  0)
   474528     37584 283806224  0.000  0.000    0.444    0.445    0    0  (Gen:  0)
   476432     37528 283979216  0.000  0.000    0.444    0.445    0    0  (Gen:  0)
   477320     37128 284154856  0.000  0.000    0.445    0.445    0    0  (Gen:  0)
   475368     37936 284328512  0.000  0.000    0.445    0.445    0    0  (Gen:  0)
   474960     37600 284501432  0.000  0.000    0.445    0.445    0    0  (Gen:  0)
   475392     37456 284674352  0.000  0.000    0.445    0.446    0    0  (Gen:  0)
   474304     37840 284850680  0.000  0.000    0.445    0.446    0    0  (Gen:  0)
   474432     37600 285023504  0.000  0.000    0.445    0.446    0    0  (Gen:  0)
   474240     37360 285196376  0.000  0.000    0.445    0.446    0    0  (Gen:  0)
   477328     37664 285372608  0.000  0.000    0.445    0.446    0    0  (Gen:  0)
   475632     37744 285545624  0.000  0.000    0.445    0.446    0    0  (Gen:  0)
   476656     37392 285715112  0.000  0.000    0.446    0.446    0    0  (Gen:  0)
   476000     37048 285887696  0.000  0.000    0.446    0.446    0    0  (Gen:  0)
   474288     37216 286060664  0.000  0.000    0.446    0.446    0    0  (Gen:  0)
   476608     37344 286230296  0.000  0.000    0.446    0.447    0    0  (Gen:  0)
   476432     37048 286402784  0.000  0.000    0.446    0.447    0    0  (Gen:  0)
   477072     37216 286575704  0.000  0.000    0.446    0.447    0    0  (Gen:  0)
   478176     37512 286748576  0.000  0.000    0.446    0.447    0    0  (Gen:  0)
   476800     37344 286918112  0.000  0.000    0.446    0.447    0    0  (Gen:  0)
   475408     37168 287090816  0.000  0.000    0.446    0.447    0    0  (Gen:  0)
   473792     38176 287270960  0.000  0.000    0.447    0.447    0    0  (Gen:  0)
   476048     38584 287450648  0.000  0.000    0.447    0.447    0    0  (Gen:  0)
   476584     38024 287629984  0.000  0.000    0.447    0.447    0    0  (Gen:  0)
   474968     38704 287810456  0.000  0.000    0.447    0.448    0    0  (Gen:  0)
   477480     38408 287986728  0.000  0.000    0.447    0.448    0    0  (Gen:  0)
   475464     37824 288159776  0.000  0.000    0.447    0.448    0    0  (Gen:  0)
   475040     37552 288332768  0.000  0.000    0.447    0.448    0    0  (Gen:  0)
   476992     37768 288509096  0.000  0.000    0.447    0.448    0    0  (Gen:  0)
   476480     37776 288682088  0.000  0.000    0.448    0.448    0    0  (Gen:  0)
   476096     37648 288855080  0.000  0.000    0.448    0.448    0    0  (Gen:  0)
   473792     37648 289031144  0.000  0.000    0.448    0.448    0    0  (Gen:  0)
   474752     37752 289204232  0.000  0.000    0.448    0.448    0    0  (Gen:  0)
   475568     37616 289377176  0.000  0.000    0.448    0.449    0    0  (Gen:  0)
   474768     37576 289550096  0.000  0.000    0.448    0.449    0    0  (Gen:  0)
   474128     37576 289726160  0.000  0.000    0.448    0.449    0    0  (Gen:  0)
   474576     37384 289899080  0.000  0.000    0.448    0.449    0    0  (Gen:  0)
   474576     37416 290071952  0.000  0.000    0.448    0.449    0    0  (Gen:  0)
   476304     37720 290248256  0.000  0.000    0.448    0.449    0    0  (Gen:  0)
   475360     37848 290417984  0.000  0.000    0.449    0.449    0    0  (Gen:  0)
   476096     37000 290590568  0.000  0.000    0.449    0.449    0    0  (Gen:  0)
   478264     36384 290762656  0.000  0.000    0.449    0.449    0    0  (Gen:  0)
   478184     37552 290936360  0.000  0.000    0.449    0.450    0    0  (Gen:  0)
   476080     37248 291105848  0.000  0.000    0.449    0.450    0    0  (Gen:  0)
   477536     37048 291278480  0.000  0.000    0.449    0.450    0    0  (Gen:  0)
   475712     37288 291451424  0.000  0.000    0.449    0.450    0    0  (Gen:  0)
   478280     37200 291623872  0.000  0.000    0.449    0.450    0    0  (Gen:  0)
   475656     37072 291793760  0.000  0.000    0.449    0.450    0    0  (Gen:  0)
   477480     37248 291969808  0.000  0.000    0.450    0.450    0    0  (Gen:  0)
   475192     38160 292146536  0.000  0.000    0.450    0.450    0    0  (Gen:  0)
   474880     37936 292322720  0.000  0.000    0.450    0.450    0    0  (Gen:  0)
   476688     38008 292499120  0.000  0.000    0.450    0.451    0    0  (Gen:  0)
   473584     38416 292675856  0.000  0.000    0.450    0.451    0    0  (Gen:  0)
   474480     37960 292848728  0.000  0.000    0.450    0.451    0    0  (Gen:  0)
   477416     37304 293024664  0.000  0.000    0.450    0.451    0    0  (Gen:  0)
   475160     37704 293197880  0.000  0.000    0.450    0.451    0    0  (Gen:  0)
   477368     37432 293373712  0.000  0.000    0.451    0.451    0    0  (Gen:  0)
   476120     37648 293546984  0.000  0.000    0.451    0.451    0    0  (Gen:  0)
   474416     37632 293720024  0.000  0.000    0.451    0.451    0    0  (Gen:  0)
   474880     37736 293896256  0.000  0.000    0.451    0.452    0    0  (Gen:  0)
   475776     37648 294069176  0.000  0.000    0.451    0.452    0    0  (Gen:  0)
   475088     37536 294242024  0.000  0.000    0.451    0.452    0    0  (Gen:  0)
   475952     37304 294411632  0.000  0.000    0.451    0.452    0    0  (Gen:  0)
   475968     37000 294581024  0.000  0.000    0.451    0.452    0    0  (Gen:  0)
   476560     36664 294750248  0.000  0.000    0.452    0.452    0    0  (Gen:  0)
   476592     36712 294919544  0.000  0.000    0.452    0.452    0    0  (Gen:  0)
   478232     36112 295091464  0.000  0.000    0.452    0.452    0    0  (Gen:  0)
   477416     36624 295258160  0.000  0.000    0.452    0.452    0    0  (Gen:  0)
   477680     36232 295424096  0.000  0.000    0.452    0.453    0    0  (Gen:  0)
   479144     36312 295593160  0.000  0.000    0.452    0.453    0    0  (Gen:  0)
   477048     36600 295759376  0.000  0.000    0.452    0.453    0    0  (Gen:  0)
   479160     35928 295928032  0.000  0.000    0.452    0.453    0    0  (Gen:  0)
   477176     36184 296094296  0.000  0.000    0.452    0.453    0    0  (Gen:  0)
   477984     36480 296263544  0.000  0.000    0.453    0.453    0    0  (Gen:  0)
   476672     36792 296429624  0.000  0.000    0.453    0.453    0    0  (Gen:  0)
   476816     36320 296595464  0.000  0.000    0.453    0.453    0    0  (Gen:  0)
   478152     36552 296767984  0.000  0.000    0.453    0.453    0    0  (Gen:  0)
   474952     37896 296944664  0.000  0.000    0.453    0.454    0    0  (Gen:  0)
   474928     37984 297120848  0.000  0.000    0.453    0.454    0    0  (Gen:  0)
   476928     38008 297297296  0.000  0.000    0.453    0.454    0    0  (Gen:  0)
   476824     37704 297476488  0.000  0.000    0.453    0.454    0    0  (Gen:  0)
   477048     38208 297646904  0.000  0.000    0.453    0.454    0    0  (Gen:  0)
   476144     37000 297819440  0.000  0.000    0.454    0.454    0    0  (Gen:  0)
   478360     36576 297991768  0.000  0.000    0.454    0.454    0    0  (Gen:  0)
   478088     37512 298165184  0.000  0.000    0.454    0.454    0    0  (Gen:  0)
   476128     37240 298334816  0.000  0.000    0.454    0.454    0    0  (Gen:  0)
   478016     37192 298507496  0.000  0.000    0.454    0.455    0    0  (Gen:  0)
   474800     37344 298680344  0.000  0.000    0.454    0.455    0    0  (Gen:  0)
   478184     37488 298853032  0.000  0.000    0.454    0.455    0    0  (Gen:  0)
   476280     37224 299022776  0.000  0.000    0.454    0.455    0    0  (Gen:  0)
   476384     37096 299195408  0.000  0.000    0.454    0.455    0    0  (Gen:  0)
   476544     37368 299368280  0.000  0.000    0.455    0.455    0    0  (Gen:  0)
   476128     37296 299537912  0.000  0.000    0.455    0.455    0    0  (Gen:  0)
   477776     37144 299710496  0.000  0.000    0.455    0.455    0    0  (Gen:  0)
   475136     37288 299883392  0.000  0.000    0.455    0.455    0    0  (Gen:  0)
   476128     37384 300052808  0.000  0.000    0.455    0.456    0    0  (Gen:  0)
   477552     36672 300222104  0.000  0.000    0.455    0.456    0    0  (Gen:  0)
   477552     36792 300391496  0.000  0.000    0.455    0.456    0    0  (Gen:  0)
   475376     36912 300560864  0.000  0.000    0.455    0.456    0    0  (Gen:  0)
   476704     36688 300730136  0.000  0.000    0.455    0.456    0    0  (Gen:  0)
   477792     36720 300899480  0.000  0.000    0.456    0.456    0    0  (Gen:  0)
   475280     36816 301068848  0.000  0.000    0.456    0.456    0    0  (Gen:  0)
   476592     36904 301238192  0.000  0.000    0.456    0.457    0    0  (Gen:  0)
   475504     36616 301407464  0.000  0.000    0.456    0.457    0    0  (Gen:  0)
   476848     36912 301577048  0.000  0.000    0.456    0.457    0    0  (Gen:  0)
   474752     37504 301753208  0.000  0.000    0.456    0.457    0    0  (Gen:  0)
   474240     37488 301926032  0.000  0.000    0.456    0.457    0    0  (Gen:  0)
   475712     37528 302099024  0.000  0.000    0.456    0.457    0    0  (Gen:  0)
   476704     37768 302275256  0.000  0.000    0.457    0.457    0    0  (Gen:  0)
   478024     37640 302448016  0.000  0.000    0.457    0.457    0    0  (Gen:  0)
   475656     37192 302617712  0.000  0.000    0.457    0.457    0    0  (Gen:  0)
   475856     37192 302790488  0.000  0.000    0.457    0.457    0    0  (Gen:  0)
   476304     37176 302963216  0.000  0.000    0.457    0.458    0    0  (Gen:  0)
   476176     37296 303132848  0.000  0.000    0.457    0.458    0    0  (Gen:  0)
   476288     37144 303305528  0.000  0.000    0.457    0.458    0    0  (Gen:  0)
   476208     37272 303478304  0.000  0.000    0.457    0.458    0    0  (Gen:  0)
   478168     37200 303650824  0.000  0.000    0.457    0.458    0    0  (Gen:  0)
   476280     37248 303820760  0.000  0.000    0.458    0.458    0    0  (Gen:  0)
   476864     37144 303993488  0.000  0.000    0.458    0.458    0    0  (Gen:  0)
   476400     37320 304166312  0.000  0.000    0.458    0.458    0    0  (Gen:  0)
   476128     37336 304335944  0.000  0.000    0.458    0.458    0    0  (Gen:  0)
   476096     37096 304508528  0.000  0.000    0.458    0.459    0    0  (Gen:  0)
   476592     37264 304681400  0.000  0.000    0.458    0.459    0    0  (Gen:  0)
   475536     37296 304850792  0.000  0.000    0.458    0.459    0    0  (Gen:  0)
   477600     36696 305020136  0.000  0.000    0.458    0.459    0    0  (Gen:  0)
   477264     36792 305189528  0.000  0.000    0.458    0.459    0    0  (Gen:  0)
   475904     36912 305358944  0.000  0.000    0.459    0.459    0    0  (Gen:  0)
   476176     36736 305528168  0.000  0.000    0.459    0.459    0    0  (Gen:  0)
   477840     36624 305697464  0.000  0.000    0.459    0.459    0    0  (Gen:  0)
   475328     36816 305866880  0.000  0.000    0.459    0.460    0    0  (Gen:  0)
   475696     36832 306036200  0.000  0.000    0.459    0.460    0    0  (Gen:  0)
   476544     36672 306205448  0.000  0.000    0.459    0.460    0    0  (Gen:  0)
   475424     36816 306374960  0.000  0.000    0.459    0.460    0    0  (Gen:  0)
   476360     37080 306553984  0.000  0.000    0.459    0.460    0    0  (Gen:  0)
   477456     37488 306730384  0.000  0.000    0.460    0.460    0    0  (Gen:  0)
   477320     38040 306907424  0.000  0.000    0.460    0.460    0    0  (Gen:  0)
   473792     38152 307084040  0.000  0.000    0.460    0.461    0    0  (Gen:  0)
   475472     37792 307253600  0.000  0.000    0.460    0.461    0    0  (Gen:  0)
   475072     36880 307422872  0.000  0.000    0.460    0.461    0    0  (Gen:  0)
   475168     36496 307592000  0.000  0.000    0.460    0.461    0    0  (Gen:  0)
   475664     36928 307761608  0.000  0.000    0.461    0.461    0    0  (Gen:  0)
   476416     36688 307930688  0.000  0.000    0.461    0.461    0    0  (Gen:  0)
   477600     36624 308099984  0.000  0.000    0.461    0.462    0    0  (Gen:  0)
   475712     36912 308269544  0.000  0.000    0.461    0.462    0    0  (Gen:  0)
   477264     37048 308438936  0.000  0.000    0.461    0.462    0    0  (Gen:  0)
   475072     36568 308607968  0.000  0.000    0.461    0.462    0    0  (Gen:  0)
   478848     36808 308777456  0.000  0.000    0.462    0.462    0    0  (Gen:  0)
   476272     37120 308947088  0.000  0.000    0.462    0.462    0    0  (Gen:  0)
   477184     36952 309116360  0.000  0.000    0.462    0.462    0    0  (Gen:  0)
   475408     36496 309285392  0.000  0.000    0.462    0.463    0    0  (Gen:  0)
   476528     36832 309454952  0.000  0.000    0.462    0.463    0    0  (Gen:  0)
   476608     36736 309624080  0.000  0.000    0.462    0.463    0    0  (Gen:  0)
   476112     36400 309790040  0.000  0.000    0.463    0.463    0    0  (Gen:  0)
   476400     36168 309955808  0.000  0.000    0.463    0.463    0    0  (Gen:  0)
   476544     36424 310125056  0.000  0.000    0.463    0.464    0    0  (Gen:  0)
   478112     36496 310291088  0.000  0.000    0.463    0.464    0    0  (Gen:  0)
   476816     36352 310457024  0.000  0.000    0.463    0.464    0    0  (Gen:  0)
   478976     36304 310626128  0.000  0.000    0.463    0.464    0    0  (Gen:  0)
   479128     36488 310795312  0.000  0.000    0.464    0.464    0    0  (Gen:  0)
   476312     36384 310961288  0.000  0.000    0.464    0.465    0    0  (Gen:  0)
   476672     36096 311127080  0.000  0.000    0.464    0.465    0    0  (Gen:  0)
   477280     36928 311299976  0.000  0.000    0.465    0.465    0    0  (Gen:  0)
   478360     36944 311472208  0.000  0.000    0.465    0.466    0    0  (Gen:  0)
   476376     37392 311642384  0.000  0.000    0.465    0.466    0    0  (Gen:  0)
   474704     37000 311815016  0.000  0.000    0.465    0.466    0    0  (Gen:  0)
   478456     37056 311987728  0.000  0.000    0.465    0.466    0    0  (Gen:  0)
   478616     37048 312157184  0.000  0.000    0.466    0.466    0    0  (Gen:  0)
   477840     36688 312326480  0.000  0.000    0.466    0.467    0    0  (Gen:  0)
   476528     37000 312496088  0.000  0.000    0.466    0.467    0    0  (Gen:  0)
   475264     36880 312665264  0.000  0.000    0.466    0.467    0    0  (Gen:  0)
   476544     36616 312834512  0.000  0.000    0.467    0.468    0    0  (Gen:  0)
   477072     36688 313003904  0.000  0.000    0.468    0.468    0    0  (Gen:  0)
   477184     37072 313173536  0.000  0.000    0.468    0.469    0    0  (Gen:  0)
   476896     36904 313342760  0.000  0.000    0.468    0.469    0    0  (Gen:  0)
   477360     36664 313512056  0.000  0.000    0.469    0.469    0    0  (Gen:  0)
   479144     36456 313681072  0.000  0.000    0.469    0.469    0    0  (Gen:  0)
   477816     36784 313847480  0.000  0.000    0.469    0.470    0    0  (Gen:  0)
   479096     36344 314016408  0.000  0.000    0.469    0.470    0    0  (Gen:  0)
   476136     36232 314182304  0.000  0.000    0.469    0.470    0    0  (Gen:  0)
   478512     36544 314351744  0.000  0.000    0.469    0.470    0    0  (Gen:  0)
   479896     35360 314516488  0.000  0.000    0.469    0.470    0    0  (Gen:  0)
   478200     36000 314680088  0.000  0.000    0.469    0.470    0    0  (Gen:  0)
   478144     35968 314845784  0.000  0.000    0.470    0.470    0    0  (Gen:  0)
   477120     36088 315011552  0.000  0.000    0.470    0.470    0    0  (Gen:  0)
   479872     35944 315177248  0.000  0.000    0.470    0.470    0    0  (Gen:  0)
   479848     35400 315342424  0.000  0.000    0.470    0.471    0    0  (Gen:  0)
   478328     36208 315508832  0.000  0.000    0.470    0.471    0    0  (Gen:  0)
   479848     35720 315674152  0.000  0.000    0.470    0.471    0    0  (Gen:  0)
   479856     35048 315839344  0.000  0.000    0.470    0.471    0    0  (Gen:  0)
   477208     36232 316006448  0.000  0.000    0.470    0.471    0    0  (Gen:  0)
   472560     37816 316186424  0.000  0.000    0.470    0.471    0    0  (Gen:  0)
   476792     38056 316365688  0.000  0.000    0.471    0.471    0    0  (Gen:  0)
   473400     38472 316542728  0.000  0.000    0.471    0.471    0    0  (Gen:  0)
   473904     38536 316722656  0.000  0.000    0.471    0.472    0    0  (Gen:  0)
   475424     38200 316898864  0.000  0.000    0.471    0.472    0    0  (Gen:  0)
   475760     37504 317071856  0.000  0.000    0.471    0.472    0    0  (Gen:  0)
   475520     37696 317244944  0.000  0.000    0.471    0.472    0    0  (Gen:  0)
   474608     37696 317421056  0.000  0.000    0.471    0.472    0    0  (Gen:  0)
   474576     37576 317593928  0.000  0.000    0.471    0.472    0    0  (Gen:  0)
   476624     37584 317766968  0.000  0.000    0.471    0.472    0    0  (Gen:  0)
   474160     37688 317943104  0.000  0.000    0.472    0.472    0    0  (Gen:  0)
   474096     37792 318116120  0.000  0.000    0.472    0.472    0    0  (Gen:  0)
   475520     37536 318289016  0.000  0.000    0.472    0.473    0    0  (Gen:  0)
   475904     37648 318462104  0.000  0.000    0.472    0.473    0    0  (Gen:  0)
   474944     37792 318638264  0.000  0.000    0.472    0.473    0    0  (Gen:  0)
   474672     37440 318811088  0.000  0.000    0.472    0.473    0    0  (Gen:  0)
   475152     37464 318983960  0.000  0.000    0.472    0.473    0    0  (Gen:  0)
   474960     37864 319160456  0.000  0.000    0.472    0.473    0    0  (Gen:  0)
   476080     37560 319329944  0.000  0.000    0.473    0.473    0    0  (Gen:  0)
   476768     37000 319502528  0.000  0.000    0.473    0.473    0    0  (Gen:  0)
   478408     36816 319675048  0.000  0.000    0.473    0.473    0    0  (Gen:  0)
   477896     37560 319848320  0.000  0.000    0.473    0.474    0    0  (Gen:  0)
   476128     37288 320017856  0.000  0.000    0.473    0.474    0    0  (Gen:  0)
   477536     37096 320190536  0.000  0.000    0.473    0.474    0    0  (Gen:  0)
   474704     37440 320363576  0.000  0.000    0.473    0.474    0    0  (Gen:  0)
   478280     37168 320536072  0.000  0.000    0.473    0.474    0    0  (Gen:  0)
   476904     37224 320705864  0.000  0.000    0.473    0.474    0    0  (Gen:  0)
   476576     37504 320882024  0.000  0.000    0.474    0.474    0    0  (Gen:  0)
   474656     38112 321058448  0.000  0.000    0.474    0.474    0    0  (Gen:  0)
   475456     38032 321234824  0.000  0.000    0.474    0.475    0    0  (Gen:  0)
   475248     37920 321411128  0.000  0.000    0.474    0.475    0    0  (Gen:  0)
   474640     38416 321587816  0.000  0.000    0.474    0.475    0    0  (Gen:  0)
   475296     37960 321760736  0.000  0.000    0.474    0.475    0    0  (Gen:  0)
   477624     37080 321936400  0.000  0.000    0.474    0.475    0    0  (Gen:  0)
   476136     37864 322109960  0.000  0.000    0.474    0.475    0    0  (Gen:  0)
   477624     37808 322286112  0.000  0.000    0.474    0.475    0    0  (Gen:  0)
   475624     37656 322459112  0.000  0.000    0.475    0.475    0    0  (Gen:  0)
   474848     37744 322632104  0.000  0.000    0.475    0.475    0    0  (Gen:  0)
   473360     37744 322808312  0.000  0.000    0.475    0.476    0    0  (Gen:  0)
   475008     37432 322981088  0.000  0.000    0.475    0.476    0    0  (Gen:  0)
   475568     37528 323154032  0.000  0.000    0.475    0.476    0    0  (Gen:  0)
   477368     37272 323329864  0.000  0.000    0.475    0.476    0    0  (Gen:  0)
   474584     37848 323503280  0.000  0.000    0.475    0.476    0    0  (Gen:  0)
   474656     37528 323676272  0.000  0.000    0.475    0.476    0    0  (Gen:  0)
   474464     37600 323849264  0.000  0.000    0.476    0.476    0    0  (Gen:  0)
   477104     37744 324025472  0.000  0.000    0.476    0.476    0    0  (Gen:  0)
   475744     37408 324194960  0.000  0.000    0.476    0.476    0    0  (Gen:  0)
   476288     37000 324367592  0.000  0.000    0.476    0.477    0    0  (Gen:  0)
   477120     37224 324540512  0.000  0.000    0.476    0.477    0    0  (Gen:  0)
   478360     36680 324712552  0.000  0.000    0.476    0.477    0    0  (Gen:  0)
   476232     37392 324883016  0.000  0.000    0.476    0.477    0    0  (Gen:  0)
   474848     37048 325055600  0.000  0.000    0.476    0.477    0    0  (Gen:  0)
   476832     37312 325228520  0.000  0.000    0.476    0.477    0    0  (Gen:  0)
   475696     37344 325398008  0.000  0.000    0.477    0.477    0    0  (Gen:  0)
   476240     36904 325570544  0.000  0.000    0.477    0.477    0    0  (Gen:  0)
   473584     37768 325747232  0.000  0.000    0.477    0.477    0    0  (Gen:  0)
   473024     38584 325926968  0.000  0.000    0.477    0.478    0    0  (Gen:  0)
   476200     37592 326105920  0.000  0.000    0.477    0.478    0    0  (Gen:  0)
   473400     38536 326283488  0.000  0.000    0.477    0.478    0    0  (Gen:  0)
   476336     38488 326463272  0.000  0.000    0.477    0.478    0    0  (Gen:  0)
   474432     37800 326636144  0.000  0.000    0.477    0.478    0    0  (Gen:  0)
   476784     37552 326809112  0.000  0.000    0.477    0.478    0    0  (Gen:  0)
   474384     37968 326985512  0.000  0.000    0.478    0.478    0    0  (Gen:  0)
   474528     37584 327158288  0.000  0.000    0.478    0.478    0    0  (Gen:  0)
   476432     37528 327331280  0.000  0.000    0.478    0.479    0    0  (Gen:  0)
   477320     37128 327506920  0.000  0.000    0.478    0.479    0    0  (Gen:  0)
   475368     37936 327680576  0.000  0.000    0.478    0.479    0    0  (Gen:  0)
   474960     37600 327853496  0.000  0.000    0.478    0.479    0    0  (Gen:  0)
   475392     37456 328026416  0.000  0.000    0.478    0.479    0    0  (Gen:  0)
   474304     37840 328202744  0.000  0.000    0.478    0.479    0    0  (Gen:  0)
   474432     37600 328375568  0.000  0.000    0.478    0.479    0    0  (Gen:  0)
   474240     37360 328548440  0.000  0.000    0.479    0.479    0    0  (Gen:  0)
   477328     37664 328724672  0.000  0.000    0.479    0.479    0    0  (Gen:  0)
   475632     37744 328897688  0.000  0.000    0.479    0.480    0    0  (Gen:  0)
   476656     37392 329067176  0.000  0.000    0.479    0.480    0    0  (Gen:  0)
   476000     37048 329239760  0.000  0.000    0.479    0.480    0    0  (Gen:  0)
   474288     37216 329412728  0.000  0.000    0.479    0.480    0    0  (Gen:  0)
   476608     37344 329582360  0.000  0.000    0.479    0.480    0    0  (Gen:  0)
   476432     37048 329754848  0.000  0.000    0.479    0.480    0    0  (Gen:  0)
   477072     37216 329927768  0.000  0.000    0.480    0.480    0    0  (Gen:  0)
   478176     37512 330100640  0.000  0.000    0.480    0.480    0    0  (Gen:  0)
   476800     37344 330270176  0.000  0.000    0.480    0.480    0    0  (Gen:  0)
   474368     37096 330442808  0.000  0.000    0.480    0.481    0    0  (Gen:  0)
   473632     37768 330619448  0.000  0.000    0.480    0.481    0    0  (Gen:  0)
   473696     38080 330795704  0.000  0.000    0.480    0.481    0    0  (Gen:  0)
   475680     37792 330971960  0.000  0.000    0.480    0.481    0    0  (Gen:  0)
   473840     38160 331148384  0.000  0.000    0.480    0.481    0    0  (Gen:  0)
   477560     37296 331323976  0.000  0.000    0.480    0.481    0    0  (Gen:  0)
   475864     37728 331497752  0.000  0.000    0.481    0.481    0    0  (Gen:  0)
   475808     37552 331670840  0.000  0.000    0.481    0.481    0    0  (Gen:  0)
   474224     37744 331847048  0.000  0.000    0.481    0.481    0    0  (Gen:  0)
   474672     37440 332019824  0.000  0.000    0.481    0.482    0    0  (Gen:  0)
   475616     37488 332192720  0.000  0.000    0.481    0.482    0    0  (Gen:  0)
   476560     37720 332369096  0.000  0.000    0.481    0.482    0    0  (Gen:  0)
   474944     37824 332542088  0.000  0.000    0.481    0.482    0    0  (Gen:  0)
   475520     37712 332715080  0.000  0.000    0.481    0.482    0    0  (Gen:  0)
   475216     37504 332887928  0.000  0.000    0.481    0.482    0    0  (Gen:  0)
   474352     37264 333060680  0.000  0.000    0.482    0.482    0    0  (Gen:  0)
   475792     37224 333230264  0.000  0.000    0.482    0.482    0    0  (Gen:  0)
   476288     36952 333402752  0.000  0.000    0.482    0.483    0    0  (Gen:  0)
   476160     37224 333575672  0.000  0.000    0.482    0.483    0    0  (Gen:  0)
   475824     37152 333745064  0.000  0.000    0.482    0.483    0    0  (Gen:  0)
   477024     36840 333914408  0.000  0.000    0.482    0.483    0    0  (Gen:  0)
   477600     36744 334083752  0.000  0.000    0.482    0.483    0    0  (Gen:  0)
   475424     36952 334253216  0.000  0.000    0.482    0.483    0    0  (Gen:  0)
   476608     36736 334422440  0.000  0.000    0.483    0.483    0    0  (Gen:  0)
   477552     36672 334591736  0.000  0.000    0.483    0.483    0    0  (Gen:  0)
   475664     36768 334761104  0.000  0.000    0.483    0.483    0    0  (Gen:  0)
   477120     36952 334930544  0.000  0.000    0.483    0.484    0    0  (Gen:  0)
   475360     36616 335099720  0.000  0.000    0.483    0.484    0    0  (Gen:  0)
   476896     37104 335269448  0.000  0.000    0.483    0.484    0    0  (Gen:  0)
   472416     38104 335449280  0.000  0.000    0.483    0.484    0    0  (Gen:  0)
   475568     38512 335629016  0.000  0.000    0.483    0.484    0    0  (Gen:  0)
   476680     37784 335808112  0.000  0.000    0.483    0.484    0    0  (Gen:  0)
   475352     38752 335988824  0.000  0.000    0.484    0.484    0    0  (Gen:  0)
   474352     38368 336161936  0.000  0.000    0.484    0.484    0    0  (Gen:  0)
   477336     37128 336337408  0.000  0.000    0.484    0.485    0    0  (Gen:  0)
   474680     37536 336511064  0.000  0.000    0.484    0.485    0    0  (Gen:  0)
   477112     36648 336686296  0.000  0.000    0.484    0.485    0    0  (Gen:  0)
   476456     37728 336860240  0.000  0.000    0.484    0.485    0    0  (Gen:  0)
   476480     37528 337033280  0.000  0.000    0.484    0.485    0    0  (Gen:  0)
   474448     37720 337209512  0.000  0.000    0.484    0.485    0    0  (Gen:  0)
   476096     37920 337382600  0.000  0.000    0.485    0.485    0    0  (Gen:  0)
   475520     37616 337555496  0.000  0.000    0.485    0.485    0    0  (Gen:  0)
   477432     36816 337730920  0.000  0.000    0.485    0.485    0    0  (Gen:  0)
   475560     37872 337904816  0.000  0.000    0.485    0.486    0    0  (Gen:  0)
   474720     37600 338077736  0.000  0.000    0.485    0.486    0    0  (Gen:  0)
   475008     37456 338250512  0.000  0.000    0.485    0.486    0    0  (Gen:  0)
   475104     37816 338427008  0.000  0.000    0.485    0.486    0    0  (Gen:  0)
   477104     37432 338599592  0.000  0.000    0.485    0.486    0    0  (Gen:  0)
   475936     37152 338769224  0.000  0.000    0.485    0.486    0    0  (Gen:  0)
   474416     37096 338941808  0.000  0.000    0.486    0.486    0    0  (Gen:  0)
   477456     37360 339114728  0.000  0.000    0.486    0.486    0    0  (Gen:  0)
   476032     37344 339284264  0.000  0.000    0.486    0.486    0    0  (Gen:  0)
   477632     37000 339456848  0.000  0.000    0.486    0.487    0    0  (Gen:  0)
   474560     37392 339629888  0.000  0.000    0.486    0.487    0    0  (Gen:  0)
   478328     37200 339802480  0.000  0.000    0.486    0.487    0    0  (Gen:  0)
   476760     37120 339972128  0.000  0.000    0.486    0.487    0    0  (Gen:  0)
   476864     37456 340148336  0.000  0.000    0.486    0.487    0    0  (Gen:  0)
   474560     38160 340324856  0.000  0.000    0.486    0.487    0    0  (Gen:  0)
   475360     37936 340501088  0.000  0.000    0.487    0.487    0    0  (Gen:  0)
   475488     37960 340677488  0.000  0.000    0.487    0.487    0    0  (Gen:  0)
   474496     38416 340854176  0.000  0.000    0.487    0.487    0    0  (Gen:  0)
   475248     38008 341027144  0.000  0.000    0.487    0.488    0    0  (Gen:  0)
   477576     36888 341202568  0.000  0.000    0.487    0.488    0    0  (Gen:  0)
   474232     37704 341376200  0.000  0.000    0.487    0.488    0    0  (Gen:  0)
   477608     36712 341551408  0.000  0.000    0.487    0.488    0    0  (Gen:  0)
   475544     37600 341725352  0.000  0.000    0.487    0.488    0    0  (Gen:  0)
   474992     37680 341898392  0.000  0.000    0.487    0.488    0    0  (Gen:  0)
   475168     37736 342074576  0.000  0.000    0.488    0.488    0    0  (Gen:  0)
   475248     37552 342247496  0.000  0.000    0.488    0.488    0    0  (Gen:  0)
   475472     37584 342420440  0.000  0.000    0.488    0.488    0    0  (Gen:  0)
   477368     37272 342596272  0.000  0.000    0.488    0.489    0    0  (Gen:  0)
   474728     37840 342769688  0.000  0.000    0.488    0.489    0    0  (Gen:  0)
   474560     37584 342942680  0.000  0.000    0.488    0.489    0    0  (Gen:  0)
   474464     37616 343115672  0.000  0.000    0.488    0.489    0    0  (Gen:  0)
   477104     37744 343291880  0.000  0.000    0.488    0.489    0    0  (Gen:  0)
   475696     37416 343461368  0.000  0.000    0.488    0.489    0    0  (Gen:  0)
   476240     36904 343633904  0.000  0.000    0.489    0.489    0    0  (Gen:  0)
   477024     37264 343806920  0.000  0.000    0.489    0.489    0    0  (Gen:  0)
   478312     36536 343978768  0.000  0.000    0.489    0.489    0    0  (Gen:  0)
   476280     37336 344149280  0.000  0.000    0.489    0.490    0    0  (Gen:  0)
   474992     37096 344322008  0.000  0.000    0.489    0.490    0    0  (Gen:  0)
   476784     37272 344494832  0.000  0.000    0.489    0.490    0    0  (Gen:  0)
   475696     37296 344664368  0.000  0.000    0.489    0.490    0    0  (Gen:  0)
   476288     36952 344836952  0.000  0.000    0.489    0.490    0    0  (Gen:  0)
   473680     37816 345013640  0.000  0.000    0.489    0.490    0    0  (Gen:  0)
   473072     38584 345193328  0.000  0.000    0.490    0.490    0    0  (Gen:  0)
   476728     38160 345372856  0.000  0.000    0.490    0.490    0    0  (Gen:  0)
   476832     38216 345552688  0.000  0.000    0.490    0.490    0    0  (Gen:  0)
   475448     38544 345729680  0.000  0.000    0.490    0.491    0    0  (Gen:  0)
   476080     37504 345899168  0.000  0.000    0.490    0.491    0    0  (Gen:  0)
   478392     37176 346071928  0.000  0.000    0.490    0.491    0    0  (Gen:  0)
   475816     37392 346244888  0.000  0.000    0.490    0.491    0    0  (Gen:  0)
   478184     37072 346417096  0.000  0.000    0.490    0.491    0    0  (Gen:  0)
   475896     37120 346587224  0.000  0.000    0.490    0.491    0    0  (Gen:  0)
   474464     37000 346759808  0.000  0.000    0.491    0.491    0    0  (Gen:  0)
   476544     37264 346932728  0.000  0.000    0.491    0.491    0    0  (Gen:  0)
   476080     37248 347102216  0.000  0.000    0.491    0.492    0    0  (Gen:  0)
   478248     36456 347274256  0.000  0.000    0.491    0.492    0    0  (Gen:  0)
   474776     37312 347447816  0.000  0.000    0.491    0.492    0    0  (Gen:  0)
   475792     37632 347617496  0.000  0.000    0.491    0.492    0    0  (Gen:  0)
   475952     37096 347790032  0.000  0.000    0.491    0.492    0    0  (Gen:  0)
   478216     36384 347962168  0.000  0.000    0.491    0.492    0    0  (Gen:  0)
   478368     36440 348134704  0.000  0.000    0.491    0.492    0    0  (Gen:  0)
   479232     36320 348304384  0.000  0.000    0.492    0.492    0    0  (Gen:  0)
   479184     36344 348473968  0.000  0.000    0.492    0.492    0    0  (Gen:  0)
   475864     36912 348643928  0.000  0.000    0.492    0.493    0    0  (Gen:  0)
   477216     37112 348813368  0.000  0.000    0.492    0.493    0    0  (Gen:  0)
   475456     36536 348982448  0.000  0.000    0.492    0.493    0    0  (Gen:  0)
   476352     36624 349151840  0.000  0.000    0.492    0.493    0    0  (Gen:  0)
   475904     36912 349321304  0.000  0.000    0.492    0.493    0    0  (Gen:  0)
   476176     36752 349490480  0.000  0.000    0.492    0.493    0    0  (Gen:  0)
   477744     36528 349659728  0.000  0.000    0.492    0.493    0    0  (Gen:  0)
   474656     37224 349832768  0.000  0.000    0.493    0.493    0    0  (Gen:  0)
   474992     37792 350005808  0.000  0.000    0.493    0.493    0    0  (Gen:  0)
   477288     37248 350181520  0.000  0.000    0.493    0.494    0    0  (Gen:  0)
   475480     37552 350354960  0.000  0.000    0.493    0.494    0    0  (Gen:  0)
   477512     36648 350530120  0.000  0.000    0.493    0.494    0    0  (Gen:  0)
   475864     37416 350700704  0.000  0.000    0.493    0.494    0    0  (Gen:  0)
   478232     36600 350872960  0.000  0.000    0.493    0.494    0    0  (Gen:  0)
   477368     37440 351046328  0.000  0.000    0.493    0.494    0    0  (Gen:  0)
   478216     37304 351218992  0.000  0.000    0.493    0.494    0    0  (Gen:  0)
   476376     37192 351388736  0.000  0.000    0.494    0.494    0    0  (Gen:  0)
   474848     37144 351561464  0.000  0.000    0.494    0.495    0    0  (Gen:  0)
   476304     37128 351734192  0.000  0.000    0.494    0.495    0    0  (Gen:  0)
   476176     37296 351903824  0.000  0.000    0.494    0.495    0    0  (Gen:  0)
   476720     37288 352076648  0.000  0.000    0.494    0.495    0    0  (Gen:  0)
   475056     37104 352245944  0.000  0.000    0.494    0.495    0    0  (Gen:  0)
   476736     37032 352415288  0.000  0.000    0.495    0.495    0    0  (Gen:  0)
   477408     36928 352584632  0.000  0.000    0.495    0.495    0    0  (Gen:  0)
   476352     36840 352753976  0.000  0.000    0.495    0.496    0    0  (Gen:  0)
   475536     36984 352923368  0.000  0.000    0.495    0.496    0    0  (Gen:  0)
   477632     36640 353089256  0.000  0.000    0.495    0.496    0    0  (Gen:  0)
   476720     36400 353255096  0.000  0.000    0.495    0.496    0    0  (Gen:  0)
   477056     36352 353424248  0.000  0.000    0.496    0.496    0    0  (Gen:  0)
   477856     36624 353590352  0.000  0.000    0.496    0.496    0    0  (Gen:  0)
   479064     35688 353758672  0.000  0.000    0.496    0.497    0    0  (Gen:  0)
   477544     36304 353925248  0.000  0.000    0.496    0.497    0    0  (Gen:  0)
   476176     36488 354094568  0.000  0.000    0.496    0.497    0    0  (Gen:  0)
   477824     36480 354260552  0.000  0.000    0.496    0.497    0    0  (Gen:  0)
   477440     36368 354426440  0.000  0.000    0.497    0.497    0    0  (Gen:  0)
   477000     36480 354602008  0.000  0.000    0.497    0.498    0    0  (Gen:  0)
   476072     38448 354782384  0.000  0.000    0.497    0.498    0    0  (Gen:  0)
   474880     38536 354959072  0.000  0.000    0.497    0.498    0    0  (Gen:  0)
   474544     38512 355138880  0.000  0.000    0.497    0.498    0    0  (Gen:  0)
   473296     38512 355318784  0.000  0.000    0.497    0.498    0    0  (Gen:  0)
   475200     38008 355491704  0.000  0.000    0.497    0.498    0    0  (Gen:  0)
   475424     37488 355664600  0.000  0.000    0.498    0.499    0    0  (Gen:  0)
   477512     37512 355840672  0.000  0.000    0.498    0.499    0    0  (Gen:  0)
   475864     37872 356013920  0.000  0.000    0.498    0.499    0    0  (Gen:  0)
   477632     37616 356190080  0.000  0.000    0.498    0.499    0    0  (Gen:  0)
   474464     37456 356362976  0.000  0.000    0.499    0.500    0    0  (Gen:  0)
   477496     37008 356538592  0.000  0.000    0.499    0.500    0    0  (Gen:  0)
   475832     37720 356712296  0.000  0.000    0.499    0.500    0    0  (Gen:  0)
   475760     37440 356885240  0.000  0.000    0.500    0.500    0    0  (Gen:  0)
   477560     37624 357061408  0.000  0.000    0.500    0.501    0    0  (Gen:  0)
   475816     37864 357234608  0.000  0.000    0.500    0.501    0    0  (Gen:  0)
   475424     37696 357407552  0.000  0.000    0.500    0.501    0    0  (Gen:  0)
   477536     37600 357583760  0.000  0.000    0.500    0.501    0    0  (Gen:  0)
   476416     37864 357756920  0.000  0.000    0.500    0.501    0    0  (Gen:  0)
   477440     37456 357929504  0.000  0.000    0.500    0.501    0    0  (Gen:  0)
   475552     37200 358099136  0.000  0.000    0.500    0.501    0    0  (Gen:  0)
   476256     37288 358271960  0.000  0.000    0.501    0.501    0    0  (Gen:  0)
   475040     37264 358444544  0.000  0.000    0.501    0.502    0    0  (Gen:  0)
   475408     36952 358614128  0.000  0.000    0.501    0.502    0    0  (Gen:  0)
   474848     37144 358786856  0.000  0.000    0.501    0.502    0    0  (Gen:  0)
   476304     37128 358959584  0.000  0.000    0.502    0.503    0    0  (Gen:  0)
   476176     37296 359129216  0.000  0.000    0.503    0.504    0    0  (Gen:  0)
   476432     37192 359301944  0.000  0.000    0.503    0.504    0    0  (Gen:  0)
   473808     37672 359478248  0.000  0.000    0.503    0.504    0    0  (Gen:  0)
   475008     38376 359654696  0.000  0.000    0.503    0.504    0    0  (Gen:  0)
   476208     38040 359831096  0.000  0.000    0.503    0.504    0    0  (Gen:  0)
   474240     38088 360007448  0.000  0.000    0.503    0.504    0    0  (Gen:  0)
   475392     38136 360183896  0.000  0.000    0.504    0.504    0    0  (Gen:  0)
   474672     37728 360356720  0.000  0.000    0.504    0.505    0    0  (Gen:  0)
   476160     37512 360529640  0.000  0.000    0.504    0.505    0    0  (Gen:  0)
   474816     37872 360706088  0.000  0.000    0.504    0.505    0    0  (Gen:  0)
   474336     37584 360878816  0.000  0.000    0.504    0.505    0    0  (Gen:  0)
   474528     37408 361051784  0.000  0.000    0.504    0.505    0    0  (Gen:  0)
   474592     37552 361224752  0.000  0.000    0.504    0.505    0    0  (Gen:  0)
   475760     37816 361400912  0.000  0.000    0.504    0.505    0    0  (Gen:  0)
   474960     37488 361573832  0.000  0.000    0.505    0.505    0    0  (Gen:  0)
   475392     37464 361746752  0.000  0.000    0.505    0.506    0    0  (Gen:  0)
   476400     37912 361923152  0.000  0.000    0.505    0.506    0    0  (Gen:  0)
   474624     37816 362096120  0.000  0.000    0.505    0.506    0    0  (Gen:  0)
   476144     37432 362268968  0.000  0.000    0.505    0.506    0    0  (Gen:  0)
   477512     37704 362445184  0.000  0.000    0.505    0.506    0    0  (Gen:  0)
   475736     37752 362618216  0.000  0.000    0.505    0.506    0    0  (Gen:  0)
   476416     37240 362787752  0.000  0.000    0.505    0.506    0    0  (Gen:  0)
   475856     37096 362960336  0.000  0.000    0.505    0.506    0    0  (Gen:  0)
   474624     37216 363133304  0.000  0.000    0.506    0.506    0    0  (Gen:  0)
   476656     37344 363302888  0.000  0.000    0.506    0.507    0    0  (Gen:  0)
   476288     36952 363475376  0.000  0.000    0.506    0.507    0    0  (Gen:  0)
   477168     37264 363648344  0.000  0.000    0.506    0.507    0    0  (Gen:  0)
   478224     37512 363821216  0.000  0.000    0.506    0.507    0    0  (Gen:  0)
   476560     37336 363990704  0.000  0.000    0.506    0.507    0    0  (Gen:  0)
   474976     37216 364163456  0.000  0.000    0.506    0.507    0    0  (Gen:  0)
   474416     38176 364343600  0.000  0.000    0.506    0.507    0    0  (Gen:  0)
   475664     38632 364523288  0.000  0.000    0.507    0.507    0    0  (Gen:  0)
   476632     37536 364702240  0.000  0.000    0.507    0.507    0    0  (Gen:  0)
   475112     38760 364883096  0.000  0.000    0.507    0.508    0    0  (Gen:  0)
   477376     38376 365059424  0.000  0.000    0.507    0.508    0    0  (Gen:  0)
   475520     37768 365232416  0.000  0.000    0.507    0.508    0    0  (Gen:  0)
   475040     37648 365405408  0.000  0.000    0.507    0.508    0    0  (Gen:  0)
   476992     37768 365581688  0.000  0.000    0.507    0.508    0    0  (Gen:  0)
   474432     37656 365754560  0.000  0.000    0.507    0.508    0    0  (Gen:  0)
   476096     37528 365927552  0.000  0.000    0.507    0.508    0    0  (Gen:  0)
   475696     37816 366103784  0.000  0.000    0.508    0.508    0    0  (Gen:  0)
   474992     37872 366276824  0.000  0.000    0.508    0.508    0    0  (Gen:  0)
   475712     37648 366449816  0.000  0.000    0.508    0.509    0    0  (Gen:  0)
   474432     37624 366622736  0.000  0.000    0.508    0.509    0    0  (Gen:  0)
   474224     37624 366798800  0.000  0.000    0.508    0.509    0    0  (Gen:  0)
   474720     37432 366971720  0.000  0.000    0.508    0.509    0    0  (Gen:  0)
   474768     37416 367144544  0.000  0.000    0.508    0.509    0    0  (Gen:  0)
   475776     37672 367320896  0.000  0.000    0.508    0.509    0    0  (Gen:  0)
   475696     37792 367490576  0.000  0.000    0.508    0.509    0    0  (Gen:  0)
   476192     37048 367663208  0.000  0.000    0.509    0.509    0    0  (Gen:  0)
   478264     36440 367835344  0.000  0.000    0.509    0.510    0    0  (Gen:  0)
   478136     37512 368008952  0.000  0.000    0.509    0.510    0    0  (Gen:  0)
   476128     37296 368178584  0.000  0.000    0.509    0.510    0    0  (Gen:  0)
   477776     37144 368351168  0.000  0.000    0.509    0.510    0    0  (Gen:  0)
   475136     37288 368524064  0.000  0.000    0.509    0.510    0    0  (Gen:  0)
   478280     36960 368696224  0.000  0.000    0.509    0.510    0    0  (Gen:  0)
   475944     37120 368866400  0.000  0.000    0.509    0.510    0    0  (Gen:  0)
   477432     36912 369042112  0.000  0.000    0.509    0.510    0    0  (Gen:  0)
   475288     38200 369219176  0.000  0.000    0.510    0.510    0    0  (Gen:  0)
   474640     38000 369395360  0.000  0.000    0.510    0.511    0    0  (Gen:  0)
   476448     37816 369571712  0.000  0.000    0.510    0.511    0    0  (Gen:  0)
   473872     38424 369748448  0.000  0.000    0.510    0.511    0    0  (Gen:  0)
   474624     38008 369921416  0.000  0.000    0.510    0.511    0    0  (Gen:  0)
   477528     36360 370096360  0.000  0.000    0.510    0.511    0    0  (Gen:  0)
   475000     37744 370270520  0.000  0.000    0.510    0.511    0    0  (Gen:  0)
   477512     37368 370446304  0.000  0.000    0.510    0.511    0    0  (Gen:  0)
   475784     37696 370619624  0.000  0.000    0.511    0.511    0    0  (Gen:  0)
   474464     37584 370792616  0.000  0.000    0.511    0.512    0    0  (Gen:  0)
   475312     37768 370968896  0.000  0.000    0.511    0.512    0    0  (Gen:  0)
   475344     37656 371141768  0.000  0.000    0.511    0.512    0    0  (Gen:  0)
   475184     37480 371314712  0.000  0.000    0.511    0.512    0    0  (Gen:  0)
   476144     37336 371484272  0.000  0.000    0.511    0.512    0    0  (Gen:  0)
   476352     37096 371653712  0.000  0.000    0.511    0.512    0    0  (Gen:  0)
   476032     36616 371822888  0.000  0.000    0.511    0.512    0    0  (Gen:  0)
   476592     36760 371992280  0.000  0.000    0.511    0.512    0    0  (Gen:  0)
   478280     35904 372163864  0.000  0.000    0.512    0.512    0    0  (Gen:  0)
   477608     36672 372330800  0.000  0.000    0.512    0.513    0    0  (Gen:  0)
   477632     36136 372496688  0.000  0.000    0.512    0.513    0    0  (Gen:  0)
   479000     36328 372665752  0.000  0.000    0.512    0.513    0    0  (Gen:  0)
   477144     36600 372832016  0.000  0.000    0.512    0.513    0    0  (Gen:  0)
   479064     35448 373000144  0.000  0.000    0.512    0.513    0    0  (Gen:  0)
   477656     36288 373166984  0.000  0.000    0.512    0.513    0    0  (Gen:  0)
   477504     36432 373336232  0.000  0.000    0.512    0.513    0    0  (Gen:  0)
   476864     36744 373502216  0.000  0.000    0.512    0.513    0    0  (Gen:  0)
   476864     36304 373668104  0.000  0.000    0.513    0.513    0    0  (Gen:  0)
   478152     36264 373840288  0.000  0.000    0.513    0.514    0    0  (Gen:  0)
   474664     37840 374017304  0.000  0.000    0.513    0.514    0    0  (Gen:  0)
   474688     38048 374193488  0.000  0.000    0.513    0.514    0    0  (Gen:  0)
   477264     37864 374369888  0.000  0.000    0.513    0.514    0    0  (Gen:  0)
   476488     37848 374549224  0.000  0.000    0.513    0.514    0    0  (Gen:  0)
   477288     38208 374719544  0.000  0.000    0.513    0.514    0    0  (Gen:  0)
   476480     37048 374892128  0.000  0.000    0.513    0.514    0    0  (Gen:  0)
   478168     36872 375064648  0.000  0.000    0.513    0.514    0    0  (Gen:  0)
   478088     37512 375237872  0.000  0.000    0.514    0.514    0    0  (Gen:  0)
   476368     37288 375407456  0.000  0.000    0.514    0.515    0    0  (Gen:  0)
   478112     37240 375580136  0.000  0.000    0.514    0.515    0    0  (Gen:  0)
   476128     37320 375753056  0.000  0.000    0.514    0.515    0    0  (Gen:  0)
   477344     37312 375925832  0.000  0.000    0.514    0.515    0    0  (Gen:  0)
   475600     37152 376095416  0.000  0.000    0.514    0.515    0    0  (Gen:  0)
   475952     37144 376268048  0.000  0.000    0.514    0.515    0    0  (Gen:  0)
   476832     37360 376440968  0.000  0.000    0.514    0.515    0    0  (Gen:  0)
   476176     37344 376610552  0.000  0.000    0.515    0.515    0    0  (Gen:  0)
   478200     37080 376783072  0.000  0.000    0.515    0.515    0    0  (Gen:  0)
   476424     37464 376956152  0.000  0.000    0.515    0.516    0    0  (Gen:  0)
   476464     37072 377125472  0.000  0.000    0.515    0.516    0    0  (Gen:  0)
   475456     36496 377294696  0.000  0.000    0.515    0.516    0    0  (Gen:  0)
   477360     36664 377464088  0.000  0.000    0.515    0.516    0    0  (Gen:  0)
   475520     36904 377633456  0.000  0.000    0.515    0.516    0    0  (Gen:  0)
   476656     36704 377802728  0.000  0.000    0.515    0.516    0    0  (Gen:  0)
   477984     36664 377972072  0.000  0.000    0.515    0.516    0    0  (Gen:  0)
   477088     36984 378141608  0.000  0.000    0.516    0.516    0    0  (Gen:  0)
   476736     37072 378310952  0.000  0.000    0.516    0.517    0    0  (Gen:  0)
   475552     36520 378480128  0.000  0.000    0.516    0.517    0    0  (Gen:  0)
   478280     36264 378652336  0.000  0.000    0.516    0.517    0    0  (Gen:  0)
   475272     37624 378826040  0.000  0.000    0.516    0.517    0    0  (Gen:  0)
   474432     37648 378998912  0.000  0.000    0.516    0.517    0    0  (Gen:  0)
   477480     36600 379174144  0.000  0.000    0.516    0.517    0    0  (Gen:  0)
   474312     37816 379348136  0.000  0.000    0.516    0.517    0    0  (Gen:  0)
   474752     37552 379520864  0.000  0.000    0.516    0.517    0    0  (Gen:  0)
   478344     37000 379693512  0.000  0.000    0.517    0.517    0    0  (Gen:  0)
   477208     37392 379863368  0.000  0.000    0.517    0.518    0    0  (Gen:  0)
   476448     37448 380036144  0.000  0.000    0.517    0.518    0    0  (Gen:  0)
   477296     37264 380208824  0.000  0.000    0.517    0.518    0    0  (Gen:  0)
   475360     37056 380378360  0.000  0.000    0.517    0.518    0    0  (Gen:  0)
   475248     37192 380551136  0.000  0.000    0.517    0.518    0    0  (Gen:  0)
   475328     37360 380723912  0.000  0.000    0.517    0.518    0    0  (Gen:  0)
   475312     37048 380893400  0.000  0.000    0.517    0.518    0    0  (Gen:  0)
   476816     37192 381066128  0.000  0.000    0.518    0.518    0    0  (Gen:  0)
   476400     37312 381239000  0.000  0.000    0.518    0.519    0    0  (Gen:  0)
   476272     37392 381408584  0.000  0.000    0.518    0.519    0    0  (Gen:  0)
   476384     37096 381581168  0.000  0.000    0.518    0.519    0    0  (Gen:  0)
   475872     37272 381753992  0.000  0.000    0.518    0.519    0    0  (Gen:  0)
   475728     37152 381923384  0.000  0.000    0.518    0.519    0    0  (Gen:  0)
   477696     36696 382092728  0.000  0.000    0.518    0.519    0    0  (Gen:  0)
   477264     36792 382262120  0.000  0.000    0.518    0.519    0    0  (Gen:  0)
   475952     36912 382431536  0.000  0.000    0.519    0.519    0    0  (Gen:  0)
   476128     36736 382600760  0.000  0.000    0.519    0.519    0    0  (Gen:  0)
   477840     36576 382770056  0.000  0.000    0.519    0.520    0    0  (Gen:  0)
   475376     36808 382939472  0.000  0.000    0.519    0.520    0    0  (Gen:  0)
   475552     36832 383108792  0.000  0.000    0.519    0.520    0    0  (Gen:  0)
   476544     36624 383278040  0.000  0.000    0.519    0.520    0    0  (Gen:  0)
   475184     36816 383447552  0.000  0.000    0.519    0.520    0    0  (Gen:  0)
   476360     36760 383626240  0.000  0.000    0.519    0.520    0    0  (Gen:  0)
   477504     37496 383803024  0.000  0.000    0.519    0.520    0    0  (Gen:  0)
   477488     38080 383980064  0.000  0.000    0.520    0.520    0    0  (Gen:  0)
   473864     38208 384156680  0.000  0.000    0.520    0.521    0    0  (Gen:  0)
   475760     37744 384326240  0.000  0.000    0.520    0.521    0    0  (Gen:  0)
   475072     36928 384495512  0.000  0.000    0.520    0.521    0    0  (Gen:  0)
   475024     36496 384664736  0.000  0.000    0.520    0.521    0    0  (Gen:  0)
   475904     36976 384834248  0.000  0.000    0.520    0.521    0    0  (Gen:  0)
   476176     36784 385003376  0.000  0.000    0.520    0.521    0    0  (Gen:  0)
   477696     36712 385172672  0.000  0.000    0.520    0.521    0    0  (Gen:  0)
   475664     36952 385342184  0.000  0.000    0.520    0.521    0    0  (Gen:  0)
   475072     36928 385511408  0.000  0.000    0.521    0.521    0    0  (Gen:  0)
   477120     36664 385680656  0.000  0.000    0.521    0.521    0    0  (Gen:  0)
   478944     37024 385850144  0.000  0.000    0.521    0.522    0    0  (Gen:  0)
   476608     37168 386019728  0.000  0.000    0.521    0.522    0    0  (Gen:  0)
   477088     37000 386189000  0.000  0.000    0.521    0.522    0    0  (Gen:  0)
   475168     36448 386358080  0.000  0.000    0.521    0.522    0    0  (Gen:  0)
   476576     36880 386527592  0.000  0.000    0.521    0.522    0    0  (Gen:  0)
   476848     36928 386696864  0.000  0.000    0.521    0.522    0    0  (Gen:  0)
   476016     36400 386862632  0.000  0.000    0.521    0.522    0    0  (Gen:  0)
   476208     36216 387028448  0.000  0.000    0.522    0.522    0    0  (Gen:  0)
   476832     36624 387197840  0.000  0.000    0.522    0.522    0    0  (Gen:  0)
   477824     36456 387363728  0.000  0.000    0.522    0.523    0    0  (Gen:  0)
   476960     36256 387529616  0.000  0.000    0.522    0.523    0    0  (Gen:  0)
   478736     36352 387698768  0.000  0.000    0.522    0.523    0    0  (Gen:  0)
   479128     36384 387867856  0.000  0.000    0.522    0.523    0    0  (Gen:  0)
   476648     36424 388033928  0.000  0.000    0.522    0.523    0    0  (Gen:  0)
   476672     36328 388199912  0.000  0.000    0.522    0.523    0    0  (Gen:  0)
   477088     36976 388372616  0.000  0.000    0.522    0.523    0    0  (Gen:  0)
   478264     37184 388545088  0.000  0.000    0.523    0.523    0    0  (Gen:  0)
   476280     37384 388714976  0.000  0.000    0.523    0.523    0    0  (Gen:  0)
   474704     37048 388887656  0.000  0.000    0.523    0.524    0    0  (Gen:  0)
   478216     36584 389059888  0.000  0.000    0.523    0.524    0    0  (Gen:  0)
   479168     37104 389229872  0.000  0.000    0.523    0.524    0    0  (Gen:  0)
   477768     36648 389399120  0.000  0.000    0.523    0.524    0    0  (Gen:  0)
   476576     36960 389568728  0.000  0.000    0.523    0.524    0    0  (Gen:  0)
   477312     37016 389738072  0.000  0.000    0.523    0.524    0    0  (Gen:  0)
   476832     36848 389907416  0.000  0.000    0.523    0.524    0    0  (Gen:  0)
   476784     36704 390076712  0.000  0.000    0.524    0.524    0    0  (Gen:  0)
   478376     35680 390248104  0.000  0.000    0.524    0.525    0    0  (Gen:  0)
   479136     35712 390417544  0.000  0.000    0.524    0.525    0    0  (Gen:  0)
   479184     36632 390587848  0.000  0.000    0.524    0.525    0    0  (Gen:  0)
   476568     36720 390754208  0.000  0.000    0.524    0.525    0    0  (Gen:  0)
   478880     36664 390923408  0.000  0.000    0.524    0.525    0    0  (Gen:  0)
   477440     36312 391089248  0.000  0.000    0.524    0.525    0    0  (Gen:  0)
   476000     36304 391255136  0.000  0.000    0.524    0.525    0    0  (Gen:  0)
   476800     36520 391424504  0.000  0.000    0.524    0.525    0    0  (Gen:  0)
   479728     36280 391590248  0.000  0.000    0.525    0.525    0    0  (Gen:  0)
   479944     34968 391754944  0.000  0.000    0.525    0.526    0    0  (Gen:  0)
   479856     35000 391920568  0.000  0.000    0.525    0.526    0    0  (Gen:  0)
   479288     36216 392087552  0.000  0.000    0.525    0.526    0    0  (Gen:  0)
   477136     35992 392250128  0.000  0.000    0.525    0.526    0    0  (Gen:  0)
   476288     35896 392415752  0.000  0.000    0.525    0.526    0    0  (Gen:  0)
   476928     35880 392581472  0.000  0.000    0.525    0.526    0    0  (Gen:  0)
   479848     35856 392746936  0.000  0.000    0.525    0.526    0    0  (Gen:  0)
   480000     35288 392912176  0.000  0.000    0.525    0.526    0    0  (Gen:  0)
   476296     36280 393079088  0.000  0.000    0.526    0.526    0    0  (Gen:  0)
   472848     37768 393259016  0.000  0.000    0.526    0.526    0    0  (Gen:  0)
   476792     38232 393438472  0.000  0.000    0.526    0.527    0    0  (Gen:  0)
   476736     37616 393617632  0.000  0.000    0.526    0.527    0    0  (Gen:  0)
   475352     38704 393798584  0.000  0.000    0.526    0.527    0    0  (Gen:  0)
   475216     38472 393971840  0.000  0.000    0.526    0.527    0    0  (Gen:  0)
   477384     37176 394147456  0.000  0.000    0.526    0.527    0    0  (Gen:  0)
   475112     37624 394320920  0.000  0.000    0.526    0.527    0    0  (Gen:  0)
   477400     37664 394497016  0.000  0.000    0.526    0.527    0    0  (Gen:  0)
   475592     37584 394670048  0.000  0.000    0.527    0.527    0    0  (Gen:  0)
   475056     37504 394843016  0.000  0.000    0.527    0.527    0    0  (Gen:  0)
   475488     37728 395019272  0.000  0.000    0.527    0.528    0    0  (Gen:  0)
   476384     38040 395192360  0.000  0.000    0.527    0.528    0    0  (Gen:  0)
   476144     37600 395365304  0.000  0.000    0.527    0.528    0    0  (Gen:  0)
   477528     37104 395540920  0.000  0.000    0.527    0.528    0    0  (Gen:  0)
   475272     37872 395714576  0.000  0.000    0.527    0.528    0    0  (Gen:  0)
   474624     37696 395887544  0.000  0.000    0.527    0.528    0    0  (Gen:  0)
   477368     37352 396063480  0.000  0.000    0.527    0.528    0    0  (Gen:  0)
   477472     37728 396239800  0.000  0.000    0.528    0.528    0    0  (Gen:  0)
   477288     37720 396409688  0.000  0.000    0.528    0.528    0    0  (Gen:  0)
   476912     36952 396582224  0.000  0.000    0.528    0.529    0    0  (Gen:  0)
   478032     37264 396755192  0.000  0.000    0.528    0.529    0    0  (Gen:  0)
   477552     37416 396927968  0.000  0.000    0.528    0.529    0    0  (Gen:  0)
   476800     37288 397097552  0.000  0.000    0.528    0.529    0    0  (Gen:  0)
   476144     37144 397270232  0.000  0.000    0.528    0.529    0    0  (Gen:  0)
   476048     37488 397443272  0.000  0.000    0.529    0.529    0    0  (Gen:  0)
   478376     36736 397615288  0.000  0.000    0.529    0.530    0    0  (Gen:  0)
   476760     37128 397785512  0.000  0.000    0.529    0.530    0    0  (Gen:  0)
   474992     37504 397961720  0.000  0.000    0.529    0.530    0    0  (Gen:  0)
   475520     38112 398138240  0.000  0.000    0.529    0.530    0    0  (Gen:  0)
   475216     38032 398314472  0.000  0.000    0.529    0.530    0    0  (Gen:  0)
   474576     37968 398490872  0.000  0.000    0.530    0.530    0    0  (Gen:  0)
   473696     38208 398667440  0.000  0.000    0.530    0.531    0    0  (Gen:  0)
   475296     37888 398840312  0.000  0.000    0.530    0.531    0    0  (Gen:  0)
   475376     37544 399013256  0.000  0.000    0.530    0.531    0    0  (Gen:  0)
   475568     37648 399189464  0.000  0.000    0.530    0.531    0    0  (Gen:  0)
   475952     37800 399362504  0.000  0.000    0.530    0.531    0    0  (Gen:  0)
   477464     36616 399537520  0.000  0.000    0.531    0.531    0    0  (Gen:  0)
   474632     37504 399711560  0.000  0.000    0.531    0.532    0    0  (Gen:  0)
   477544     37472 399887608  0.000  0.000    0.531    0.532    0    0  (Gen:  0)
   475544     37672 400060784  0.000  0.000    0.531    0.532    0    0  (Gen:  0)
   475616     37528 400233680  0.000  0.000    0.531    0.532    0    0  (Gen:  0)
   477512     37464 400409752  0.000  0.000    0.531    0.532    0    0  (Gen:  0)
   476056     37968 400583144  0.000  0.000    0.531    0.532    0    0  (Gen:  0)
   475472     37696 400756088  0.000  0.000    0.532    0.533    0    0  (Gen:  0)
   477296     37696 400932296  0.000  0.000    0.532    0.533    0    0  (Gen:  0)
   476272     37720 401105312  0.000  0.000    0.532    0.533    0    0  (Gen:  0)
   477152     37504 401278040  0.000  0.000    0.532    0.533    0    0  (Gen:  0)
   475456     37200 401447672  0.000  0.000    0.532    0.533    0    0  (Gen:  0)
   475072     37312 401620376  0.000  0.000    0.533    0.534    0    0  (Gen:  0)
   476992     37376 401793080  0.000  0.000    0.533    0.534    0    0  (Gen:  0)
   478456     36032 401964784  0.000  0.000    0.533    0.534    0    0  (Gen:  0)
   475848     37288 402135536  0.000  0.000    0.533    0.534    0    0  (Gen:  0)
   476400     37336 402308360  0.000  0.000    0.534    0.535    0    0  (Gen:  0)
   477008     37120 402480944  0.000  0.000    0.534    0.535    0    0  (Gen:  0)
   475312     37144 402650624  0.000  0.000    0.535    0.536    0    0  (Gen:  0)
   473072     37864 402830264  0.000  0.000    0.535    0.536    0    0  (Gen:  0)
   476728     38504 403009888  0.000  0.000    0.535    0.536    0    0  (Gen:  0)
   476720     38480 403189944  0.000  0.000    0.535    0.536    0    0  (Gen:  0)
   476512     37968 403369216  0.000  0.000    0.535    0.536    0    0  (Gen:  0)
   474440     38560 403546448  0.000  0.000    0.535    0.536    0    0  (Gen:  0)
   474960     37720 403719416  0.000  0.000    0.536    0.537    0    0  (Gen:  0)
   474672     37416 403892192  0.000  0.000    0.536    0.537    0    0  (Gen:  0)
   476256     37872 404068688  0.000  0.000    0.537    0.538    0    0  (Gen:  0)
   474480     37720 404241560  0.000  0.000    0.538    0.539    0    0  (Gen:  0)
   476336     37488 404414504  0.000  0.000    0.538    0.539    0    0  (Gen:  0)
   477328     37736 404590736  0.000  0.000    0.538    0.539    0    0  (Gen:  0)
   475648     37888 404763896  0.000  0.000    0.538    0.539    0    0  (Gen:  0)
   474576     37648 404936672  0.000  0.000    0.538    0.539    0    0  (Gen:  0)
   474432     37600 405109736  0.000  0.000    0.539    0.540    0    0  (Gen:  0)
   474880     37744 405285968  0.000  0.000    0.539    0.540    0    0  (Gen:  0)
   475776     37648 405458888  0.000  0.000    0.539    0.540    0    0  (Gen:  0)
   475088     37544 405631736  0.000  0.000    0.539    0.540    0    0  (Gen:  0)
   474944     37504 405807896  0.000  0.000    0.539    0.540    0    0  (Gen:  0)
   477504     37584 405980816  0.000  0.000    0.539    0.540    0    0  (Gen:  0)
   478216     36104 406152376  0.000  0.000    0.540    0.541    0    0  (Gen:  0)
   475528     37360 406323200  0.000  0.000    0.540    0.541    0    0  (Gen:  0)
   474720     37360 406496072  0.000  0.000    0.540    0.541    0    0  (Gen:  0)
   478184     36120 406667704  0.000  0.000    0.540    0.541    0    0  (Gen:  0)
   476712     37224 406838360  0.000  0.000    0.540    0.541    0    0  (Gen:  0)
   474496     37120 407011064  0.000  0.000    0.540    0.541    0    0  (Gen:  0)
   477376     37328 407183864  0.000  0.000    0.540    0.541    0    0  (Gen:  0)
   478240     37176 407356568  0.000  0.000    0.541    0.542    0    0  (Gen:  0)
   478248     36672 407528680  0.000  0.000    0.541    0.542    0    0  (Gen:  0)
   474280     38112 407706128  0.000  0.000    0.541    0.542    0    0  (Gen:  0)
   475168     37984 407882408  0.000  0.000    0.541    0.542    0    0  (Gen:  0)
   476112     37920 408058712  0.000  0.000    0.541    0.542    0    0  (Gen:  0)
   475648     38280 408235352  0.000  0.000    0.541    0.542    0    0  (Gen:  0)
   476768     38176 408411608  0.000  0.000    0.542    0.543    0    0  (Gen:  0)
   475472     37704 408584552  0.000  0.000    0.542    0.543    0    0  (Gen:  0)
   475136     37744 408757640  0.000  0.000    0.542    0.543    0    0  (Gen:  0)
   474752     37648 408933704  0.000  0.000    0.542    0.543    0    0  (Gen:  0)
   474432     37536 409106576  0.000  0.000    0.542    0.543    0    0  (Gen:  0)
   476096     37528 409279568  0.000  0.000    0.542    0.543    0    0  (Gen:  0)
   475696     37816 409455800  0.000  0.000    0.542    0.543    0    0  (Gen:  0)
   474992     37872 409628840  0.000  0.000    0.543    0.544    0    0  (Gen:  0)
   475712     37648 409801832  0.000  0.000    0.543    0.544    0    0  (Gen:  0)
   474368     37432 409974560  0.000  0.000    0.543    0.544    0    0  (Gen:  0)
   475920     37368 410147384  0.000  0.000    0.543    0.544    0    0  (Gen:  0)
   476272     37200 410316968  0.000  0.000    0.543    0.544    0    0  (Gen:  0)
   476624     37048 410489552  0.000  0.000    0.543    0.544    0    0  (Gen:  0)
   474912     37168 410662424  0.000  0.000    0.544    0.545    0    0  (Gen:  0)
   476592     37344 410831912  0.000  0.000    0.544    0.545    0    0  (Gen:  0)
   477696     36696 411001160  0.000  0.000    0.544    0.545    0    0  (Gen:  0)
   477408     36840 411170600  0.000  0.000    0.544    0.545    0    0  (Gen:  0)
   475760     36912 411339968  0.000  0.000    0.544    0.545    0    0  (Gen:  0)
   476320     36784 411509240  0.000  0.000    0.544    0.545    0    0  (Gen:  0)
   477696     36624 411678488  0.000  0.000    0.544    0.545    0    0  (Gen:  0)
   475520     36864 411847952  0.000  0.000    0.545    0.546    0    0  (Gen:  0)
   475120     36832 412017224  0.000  0.000    0.545    0.546    0    0  (Gen:  0)
   476832     36768 412186568  0.000  0.000    0.545    0.546    0    0  (Gen:  0)
   478120     36752 412359088  0.000  0.000    0.545    0.546    0    0  (Gen:  0)
   475160     38272 412539368  0.000  0.000    0.545    0.546    0    0  (Gen:  0)
   473632     38640 412716008  0.000  0.000    0.545    0.546    0    0  (Gen:  0)
   474512     38296 412895600  0.000  0.000    0.546    0.547    0    0  (Gen:  0)
   473888     38584 413075600  0.000  0.000    0.546    0.547    0    0  (Gen:  0)
   475376     38464 413248784  0.000  0.000    0.546    0.547    0    0  (Gen:  0)
   477384     37056 413424304  0.000  0.000    0.546    0.547    0    0  (Gen:  0)
   476152     37600 413597888  0.000  0.000    0.546    0.547    0    0  (Gen:  0)
   477376     37912 413774216  0.000  0.000    0.546    0.547    0    0  (Gen:  0)
   474528     37600 413947040  0.000  0.000    0.547    0.547    0    0  (Gen:  0)
   474912     37504 414119912  0.000  0.000    0.547    0.548    0    0  (Gen:  0)
   475056     37824 414296312  0.000  0.000    0.547    0.548    0    0  (Gen:  0)
   474432     37680 414469184  0.000  0.000    0.547    0.548    0    0  (Gen:  0)
   474768     37456 414642056  0.000  0.000    0.547    0.548    0    0  (Gen:  0)
   476080     37704 414815120  0.000  0.000    0.547    0.548    0    0  (Gen:  0)
   475856     37720 414991280  0.000  0.000    0.547    0.548    0    0  (Gen:  0)
   475248     37576 415164248  0.000  0.000    0.548    0.549    0    0  (Gen:  0)
   475328     37584 415337192  0.000  0.000    0.548    0.549    0    0  (Gen:  0)
   474976     37880 415513472  0.000  0.000    0.548    0.549    0    0  (Gen:  0)
   476560     37480 415683104  0.000  0.000    0.548    0.549    0    0  (Gen:  0)
   476624     37096 415855688  0.000  0.000    0.548    0.549    0    0  (Gen:  0)
   477936     37176 416028512  0.000  0.000    0.548    0.549    0    0  (Gen:  0)
   477984     37552 416201528  0.000  0.000    0.549    0.549    0    0  (Gen:  0)
   477184     37384 416371064  0.000  0.000    0.549    0.550    0    0  (Gen:  0)
   475040     37144 416543600  0.000  0.000    0.549    0.550    0    0  (Gen:  0)
   474096     37120 416716520  0.000  0.000    0.549    0.550    0    0  (Gen:  0)
   476320     37344 416886152  0.000  0.000    0.549    0.550    0    0  (Gen:  0)
   476768     37000 417058640  0.000  0.000    0.549    0.550    0    0  (Gen:  0)
   477496     37232 417234688  0.000  0.000    0.549    0.550    0    0  (Gen:  0)
   475064     38176 417411488  0.000  0.000    0.550    0.551    0    0  (Gen:  0)
   476736     38080 417587840  0.000  0.000    0.550    0.551    0    0  (Gen:  0)
   475152     38128 417764288  0.000  0.000    0.550    0.551    0    0  (Gen:  0)
   473888     38304 417940904  0.000  0.000    0.550    0.551    0    0  (Gen:  0)
   475008     37744 418113680  0.000  0.000    0.550    0.551    0    0  (Gen:  0)
   475568     37528 418286624  0.000  0.000    0.550    0.551    0    0  (Gen:  0)
   475568     37648 418462832  0.000  0.000    0.551    0.552    0    0  (Gen:  0)
   475376     37792 418635824  0.000  0.000    0.551    0.552    0    0  (Gen:  0)
   474656     37648 418808816  0.000  0.000    0.551    0.552    0    0  (Gen:  0)
   477480     37544 418984920  0.000  0.000    0.551    0.552    0    0  (Gen:  0)
   477504     36816 419160256  0.000  0.000    0.551    0.552    0    0  (Gen:  0)
   475976     37816 419334248  0.000  0.000    0.551    0.552    0    0  (Gen:  0)
   475664     37440 419507096  0.000  0.000    0.552    0.553    0    0  (Gen:  0)
   477512     37080 419682736  0.000  0.000    0.552    0.553    0    0  (Gen:  0)
   475816     37872 419856464  0.000  0.000    0.552    0.553    0    0  (Gen:  0)
   475664     37552 420029456  0.000  0.000    0.552    0.553    0    0  (Gen:  0)
   477416     37560 420205624  0.000  0.000    0.552    0.553    0    0  (Gen:  0)
   474488     37648 420378656  0.000  0.000    0.552    0.553    0    0  (Gen:  0)
   478280     37200 420551152  0.000  0.000    0.552    0.553    0    0  (Gen:  0)
   477000     37168 420720992  0.000  0.000    0.553    0.554    0    0  (Gen:  0)
   475776     37336 420893864  0.000  0.000    0.553    0.554    0    0  (Gen:  0)
   475472     37360 421066544  0.000  0.000    0.553    0.554    0    0  (Gen:  0)
   478344     37000 421239192  0.000  0.000    0.553    0.554    0    0  (Gen:  0)
   476200     37344 421409000  0.000  0.000    0.553    0.554    0    0  (Gen:  0)
   476448     37400 421581776  0.000  0.000    0.553    0.554    0    0  (Gen:  0)
   477296     37264 421754456  0.000  0.000    0.554    0.555    0    0  (Gen:  0)
   475696     37104 421924040  0.000  0.000    0.554    0.555    0    0  (Gen:  0)
   472864     37840 422103752  0.000  0.000    0.554    0.555    0    0  (Gen:  0)
   476128     38800 422283656  0.000  0.000    0.554    0.555    0    0  (Gen:  0)
   476584     37424 422462368  0.000  0.000    0.554    0.555    0    0  (Gen:  0)
   476688     38448 422643208  0.000  0.000    0.554    0.555    0    0  (Gen:  0)
   477312     38528 422819848  0.000  0.000    0.554    0.555    0    0  (Gen:  0)
   475480     37480 422989376  0.000  0.000    0.555    0.556    0    0  (Gen:  0)
   478376     36456 423161488  0.000  0.000    0.555    0.556    0    0  (Gen:  0)
   474824     37528 423335144  0.000  0.000    0.555    0.556    0    0  (Gen:  0)
   476032     37344 423504680  0.000  0.000    0.555    0.556    0    0  (Gen:  0)
   476912     36952 423677216  0.000  0.000    0.555    0.556    0    0  (Gen:  0)
   477024     37216 423850136  0.000  0.000    0.555    0.556    0    0  (Gen:  0)
   477552     37368 424022912  0.000  0.000    0.556    0.557    0    0  (Gen:  0)
   476800     37288 424192496  0.000  0.000    0.556    0.557    0    0  (Gen:  0)
   478160     37240 424365272  0.000  0.000    0.556    0.557    0    0  (Gen:  0)
   476048     37584 424538312  0.000  0.000    0.556    0.557    0    0  (Gen:  0)
   478280     36640 424710232  0.000  0.000    0.556    0.557    0    0  (Gen:  0)
   476856     37128 424880552  0.000  0.000    0.556    0.557    0    0  (Gen:  0)
   474832     37216 425053304  0.000  0.000    0.556    0.557    0    0  (Gen:  0)
   478280     36864 425225704  0.000  0.000    0.557    0.558    0    0  (Gen:  0)
   479040     36728 425395096  0.000  0.000    0.557    0.558    0    0  (Gen:  0)
   479040     36200 425564152  0.000  0.000    0.557    0.558    0    0  (Gen:  0)
   476040     37128 425734376  0.000  0.000    0.557    0.558    0    0  (Gen:  0)
   476368     36760 425903552  0.000  0.000    0.557    0.558    0    0  (Gen:  0)
   475936     36592 426072824  0.000  0.000    0.557    0.558    0    0  (Gen:  0)
   475632     36672 426242120  0.000  0.000    0.558    0.559    0    0  (Gen:  0)
   475952     36912 426411536  0.000  0.000    0.558    0.559    0    0  (Gen:  0)
   476512     36688 426580760  0.000  0.000    0.558    0.559    0    0  (Gen:  0)
   479176     36760 426750144  0.000  0.000    0.558    0.559    0    0  (Gen:  0)
   477408     37448 426926440  0.000  0.000    0.558    0.559    0    0  (Gen:  0)
   476344     38136 427099544  0.000  0.000    0.558    0.559    0    0  (Gen:  0)
   475712     37696 427272536  0.000  0.000    0.558    0.559    0    0  (Gen:  0)
   476768     37552 427448600  0.000  0.000    0.559    0.560    0    0  (Gen:  0)
   475616     37800 427621688  0.000  0.000    0.559    0.560    0    0  (Gen:  0)
   478280     37104 427794088  0.000  0.000    0.559    0.560    0    0  (Gen:  0)
   476872     37248 427963904  0.000  0.000    0.559    0.560    0    0  (Gen:  0)
   477416     36144 428138824  0.000  0.000    0.559    0.560    0    0  (Gen:  0)
   476296     37312 428309600  0.000  0.000    0.559    0.560    0    0  (Gen:  0)
   478328     36888 428482096  0.000  0.000    0.560    0.561    0    0  (Gen:  0)
   478368     37224 428655160  0.000  0.000    0.560    0.561    0    0  (Gen:  0)
   477560     37512 428828048  0.000  0.000    0.560    0.561    0    0  (Gen:  0)
   475984     37296 428997632  0.000  0.000    0.560    0.561    0    0  (Gen:  0)
   475632     37072 429167120  0.000  0.000    0.560    0.561    0    0  (Gen:  0)
   474944     36952 429339656  0.000  0.000    0.560    0.561    0    0  (Gen:  0)
   478560     36816 429509096  0.000  0.000    0.561    0.561    0    0  (Gen:  0)
   477648     36736 429678392  0.000  0.000    0.561    0.562    0    0  (Gen:  0)
   476352     36736 429847736  0.000  0.000    0.561    0.562    0    0  (Gen:  0)
   476256     36840 430017080  0.000  0.000    0.561    0.562    0    0  (Gen:  0)
   478112     36544 430183064  0.000  0.000    0.561    0.562    0    0  (Gen:  0)
   476768     36464 430349048  0.000  0.000    0.561    0.562    0    0  (Gen:  0)
   476384     36352 430518104  0.000  0.000    0.561    0.562    0    0  (Gen:  0)
   476192     36504 430683992  0.000  0.000    0.562    0.563    0    0  (Gen:  0)
   476192     36448 430849976  0.000  0.000    0.562    0.563    0    0  (Gen:  0)
   479016     36248 431018976  0.000  0.000    0.562    0.563    0    0  (Gen:  0)
   479088     36240 431188024  0.000  0.000    0.562    0.563    0    0  (Gen:  0)
   476744     36424 431354144  0.000  0.000    0.562    0.563    0    0  (Gen:  0)
   476528     36232 431520032  0.000  0.000    0.562    0.563    0    0  (Gen:  0)
   475072     37144 431696360  0.000  0.000    0.563    0.564    0    0  (Gen:  0)
   476488     37968 431875696  0.000  0.000    0.563    0.564    0    0  (Gen:  0)
   476832     38312 432055768  0.000  0.000    0.563    0.564    0    0  (Gen:  0)
   476496     37832 432235264  0.000  0.000    0.563    0.564    0    0  (Gen:  0)
   473368     38608 432412760  0.000  0.000    0.563    0.564    0    0  (Gen:  0)
   476480     38024 432585752  0.000  0.000    0.564    0.565    0    0  (Gen:  0)
   477336     36480 432760744  0.000  0.000    0.564    0.565    0    0  (Gen:  0)
   475512     37776 432934928  0.000  0.000    0.564    0.565    0    0  (Gen:  0)
   477336     37320 433110592  0.000  0.000    0.564    0.565    0    0  (Gen:  0)
   474200     37528 433284056  0.000  0.000    0.564    0.565    0    0  (Gen:  0)
   474848     37584 433457048  0.000  0.000    0.565    0.566    0    0  (Gen:  0)
   476224     37736 433633184  0.000  0.000    0.565    0.566    0    0  (Gen:  0)
   474720     37504 433806104  0.000  0.000    0.565    0.566    0    0  (Gen:  0)
   476304     37512 433979024  0.000  0.000    0.565    0.566    0    0  (Gen:  0)
   476256     37768 434155376  0.000  0.000    0.566    0.567    0    0  (Gen:  0)
   474192     38008 434328344  0.000  0.000    0.566    0.567    0    0  (Gen:  0)
   476000     37536 434501336  0.000  0.000    0.566    0.567    0    0  (Gen:  0)
   477608     37672 434677504  0.000  0.000    0.566    0.567    0    0  (Gen:  0)
   474872     37744 434850488  0.000  0.000    0.567    0.568    0    0  (Gen:  0)
   476032     37344 435020024  0.000  0.000    0.567    0.568    0    0  (Gen:  0)
   478344     36888 435192496  0.000  0.000    0.567    0.568    0    0  (Gen:  0)
   474856     37440 435365696  0.000  0.000    0.567    0.568    0    0  (Gen:  0)
   478232     37152 435538240  0.000  0.000    0.568    0.569    0    0  (Gen:  0)
   476856     37120 435707936  0.000  0.000    0.568    0.569    0    0  (Gen:  0)
   475744     37168 435880688  0.000  0.000    0.568    0.569    0    0  (Gen:  0)
   475264     37264 436053440  0.000  0.000    0.568    0.569    0    0  (Gen:  0)
   475984     37224 436223024  0.000  0.000    0.569    0.570    0    0  (Gen:  0)
   478344     36936 436395544  0.000  0.000    0.569    0.570    0    0  (Gen:  0)
   476400     37872 436575472  0.000  0.000    0.569    0.570    0    0  (Gen:  0)
   477552     37896 436751584  0.000  0.000    0.569    0.570    0    0  (Gen:  0)
   477272     38032 436928336  0.000  0.000    0.569    0.570    0    0  (Gen:  0)
   474464     38208 437104904  0.000  0.000    0.569    0.570    0    0  (Gen:  0)
   476128     38080 437281184  0.000  0.000    0.570    0.572    0    0  (Gen:  0)
   474528     37696 437454056  0.000  0.000    0.571    0.572    0    0  (Gen:  0)
   475472     37632 437627096  0.000  0.000    0.572    0.573    0    0  (Gen:  0)
   475312     37816 437803376  0.000  0.000    0.572    0.573    0    0  (Gen:  0)
   475344     37656 437976248  0.000  0.000    0.572    0.573    0    0  (Gen:  0)
   475184     37480 438149192  0.000  0.000    0.572    0.573    0    0  (Gen:  0)
   476800     37576 438325328  0.000  0.000    0.572    0.573    0    0  (Gen:  0)
   476048     37864 438498464  0.000  0.000    0.572    0.573    0    0  (Gen:  0)
   477560     36552 438673480  0.000  0.000    0.572    0.574    0    0  (Gen:  0)
   476552     37560 438847616  0.000  0.000    0.573    0.574    0    0  (Gen:  0)
   477256     37520 439023712  0.000  0.000    0.573    0.574    0    0  (Gen:  0)
   475880     37720 439196936  0.000  0.000    0.573    0.574    0    0  (Gen:  0)
   475616     37584 439369832  0.000  0.000    0.573    0.574    0    0  (Gen:  0)
   476512     37672 439546112  0.000  0.000    0.573    0.574    0    0  (Gen:  0)
   478488     37752 439719088  0.000  0.000    0.573    0.575    0    0  (Gen:  0)
   478384     36392 439890784  0.000  0.000    0.574    0.575    0    0  (Gen:  0)
   476760     37344 440061536  0.000  0.000    0.574    0.575    0    0  (Gen:  0)
   474352     37312 440234240  0.000  0.000    0.574    0.575    0    0  (Gen:  0)
   478280     36672 440406496  0.000  0.000    0.574    0.575    0    0  (Gen:  0)
   475992     37072 440576480  0.000  0.000    0.574    0.575    0    0  (Gen:  0)
   476160     37336 440749400  0.000  0.000    0.574    0.576    0    0  (Gen:  0)
   475472     37168 440921984  0.000  0.000    0.575    0.576    0    0  (Gen:  0)
   478264     36152 441093784  0.000  0.000    0.575    0.576    0    0  (Gen:  0)
   475112     37464 441267824  0.000  0.000    0.575    0.576    0    0  (Gen:  0)
   473904     38272 441447704  0.000  0.000    0.575    0.576    0    0  (Gen:  0)
   474016     38592 441624344  0.000  0.000    0.575    0.576    0    0  (Gen:  0)
   474896     38392 441804032  0.000  0.000    0.575    0.577    0    0  (Gen:  0)
   472736     38488 441983936  0.000  0.000    0.576    0.577    0    0  (Gen:  0)
   476384     38464 442157120  0.000  0.000    0.576    0.577    0    0  (Gen:  0)
   477528     36576 442332256  0.000  0.000    0.576    0.577    0    0  (Gen:  0)
   475960     37600 442506272  0.000  0.000    0.576    0.577    0    0  (Gen:  0)
   477272     37704 442682392  0.000  0.000    0.576    0.577    0    0  (Gen:  0)
   475064     37560 442855424  0.000  0.000    0.576    0.577    0    0  (Gen:  0)
   475904     37440 443028320  0.000  0.000    0.577    0.578    0    0  (Gen:  0)
   474208     37880 443204744  0.000  0.000    0.577    0.578    0    0  (Gen:  0)
   474336     37560 443377520  0.000  0.000    0.577    0.578    0    0  (Gen:  0)
   476384     37384 443550464  0.000  0.000    0.577    0.578    0    0  (Gen:  0)
   477560     36792 443725816  0.000  0.000    0.577    0.578    0    0  (Gen:  0)
   475192     37920 443899928  0.000  0.000    0.577    0.578    0    0  (Gen:  0)
   474864     37496 444072656  0.000  0.000    0.577    0.579    0    0  (Gen:  0)
   474368     37544 444245696  0.000  0.000    0.578    0.579    0    0  (Gen:  0)
   473696     37552 444421808  0.000  0.000    0.578    0.579    0    0  (Gen:  0)
   477040     37408 444591488  0.000  0.000    0.578    0.579    0    0  (Gen:  0)
   476144     37096 444764072  0.000  0.000    0.578    0.579    0    0  (Gen:  0)
   478080     37320 444936944  0.000  0.000    0.578    0.579    0    0  (Gen:  0)
   478464     37600 445109864  0.000  0.000    0.578    0.580    0    0  (Gen:  0)
   476128     37296 445279400  0.000  0.000    0.579    0.580    0    0  (Gen:  0)
   475088     37144 445452032  0.000  0.000    0.579    0.580    0    0  (Gen:  0)
   474432     37176 445624856  0.000  0.000    0.579    0.580    0    0  (Gen:  0)
   476944     37344 445794536  0.000  0.000    0.579    0.580    0    0  (Gen:  0)
   476096     37048 445967024  0.000  0.000    0.579    0.580    0    0  (Gen:  0)
   477544     36984 446142832  0.000  0.000    0.579    0.580    0    0  (Gen:  0)
   475256     38320 446319920  0.000  0.000    0.580    0.581    0    0  (Gen:  0)
   475968     37984 446496224  0.000  0.000    0.580    0.581    0    0  (Gen:  0)
   474720     38136 446672624  0.000  0.000    0.580    0.581    0    0  (Gen:  0)
   475232     38248 446849288  0.000  0.000    0.580    0.581    0    0  (Gen:  0)
   474672     37840 447022064  0.000  0.000    0.580    0.581    0    0  (Gen:  0)
   475616     37480 447194960  0.000  0.000    0.580    0.581    0    0  (Gen:  0)
   475376     37600 447371216  0.000  0.000    0.580    0.582    0    0  (Gen:  0)
   474992     37656 447544160  0.000  0.000    0.581    0.582    0    0  (Gen:  0)
   475520     37664 447717200  0.000  0.000    0.581    0.582    0    0  (Gen:  0)
   477200     37552 447893312  0.000  0.000    0.581    0.582    0    0  (Gen:  0)
   477496     37016 448068928  0.000  0.000    0.581    0.582    0    0  (Gen:  0)
   475976     37768 448242632  0.000  0.000    0.581    0.582    0    0  (Gen:  0)
   474624     37608 448415648  0.000  0.000    0.581    0.582    0    0  (Gen:  0)
   477200     37416 448585112  0.000  0.000    0.582    0.583    0    0  (Gen:  0)
   476544     37064 448754456  0.000  0.000    0.582    0.583    0    0  (Gen:  0)
   475360     36536 448923632  0.000  0.000    0.582    0.583    0    0  (Gen:  0)
   476256     36576 449092976  0.000  0.000    0.582    0.583    0    0  (Gen:  0)
   475776     36792 449262368  0.000  0.000    0.582    0.583    0    0  (Gen:  0)
   477248     36504 449428256  0.000  0.000    0.582    0.583    0    0  (Gen:  0)
   476768     36160 449594096  0.000  0.000    0.582    0.584    0    0  (Gen:  0)
   476912     36352 449763248  0.000  0.000    0.583    0.584    0    0  (Gen:  0)
   478144     36664 449929448  0.000  0.000    0.583    0.584    0    0  (Gen:  0)
   479112     35928 450097912  0.000  0.000    0.583    0.584    0    0  (Gen:  0)
   477256     36360 450264344  0.000  0.000    0.583    0.584    0    0  (Gen:  0)
   476224     36424 450433568  0.000  0.000    0.583    0.584    0    0  (Gen:  0)
   477824     36424 450599552  0.000  0.000    0.583    0.584    0    0  (Gen:  0)
   477824     36304 450765440  0.000  0.000    0.584    0.585    0    0  (Gen:  0)
   474448     36832 450938192  0.000  0.000    0.584    0.585    0    0  (Gen:  0)
   474800     37864 451114712  0.000  0.000    0.584    0.585    0    0  (Gen:  0)
   473360     37960 451290920  0.000  0.000    0.584    0.585    0    0  (Gen:  0)
   475248     37800 451467224  0.000  0.000    0.584    0.585    0    0  (Gen:  0)
   473456     38352 451643840  0.000  0.000    0.584    0.585    0    0  (Gen:  0)
   478232     36888 451815760  0.000  0.000    0.584    0.586    0    0  (Gen:  0)
   477000     37168 451986128  0.000  0.000    0.585    0.586    0    0  (Gen:  0)
   476176     37264 452158928  0.000  0.000    0.585    0.586    0    0  (Gen:  0)
   475840     37360 452331728  0.000  0.000    0.585    0.586    0    0  (Gen:  0)
   476560     37072 452501216  0.000  0.000    0.585    0.586    0    0  (Gen:  0)
   474992     37096 452673848  0.000  0.000    0.585    0.586    0    0  (Gen:  0)
   474432     37128 452846720  0.000  0.000    0.585    0.586    0    0  (Gen:  0)
   476560     37296 453016352  0.000  0.000    0.585    0.587    0    0  (Gen:  0)
   476432     37000 453188888  0.000  0.000    0.586    0.587    0    0  (Gen:  0)
   478408     36816 453361360  0.000  0.000    0.586    0.587    0    0  (Gen:  0)
   478368     37200 453534376  0.000  0.000    0.586    0.587    0    0  (Gen:  0)
   475096     37272 453704192  0.000  0.000    0.586    0.587    0    0  (Gen:  0)
   477136     37000 453876848  0.000  0.000    0.586    0.587    0    0  (Gen:  0)
   475104     37344 454049864  0.000  0.000    0.586    0.587    0    0  (Gen:  0)
   478896     37152 454219256  0.000  0.000    0.587    0.588    0    0  (Gen:  0)
   478272     36784 454388504  0.000  0.000    0.587    0.588    0    0  (Gen:  0)
   475248     36888 454557896  0.000  0.000    0.587    0.588    0    0  (Gen:  0)
   477056     36904 454727264  0.000  0.000    0.587    0.588    0    0  (Gen:  0)
   476608     36832 454896584  0.000  0.000    0.587    0.588    0    0  (Gen:  0)
   478704     36672 455065880  0.000  0.000    0.587    0.588    0    0  (Gen:  0)
   478312     36704 455238208  0.000  0.000    0.587    0.589    0    0  (Gen:  0)
   479136     36936 455407936  0.000  0.000    0.588    0.589    0    0  (Gen:  0)
   479144     36784 455577392  0.000  0.000    0.588    0.589    0    0  (Gen:  0)
   478168     36552 455749672  0.000  0.000    0.588    0.589    0    0  (Gen:  0)
   475272     37848 455923376  0.000  0.000    0.588    0.589    0    0  (Gen:  0)
   474480     37600 456096248  0.000  0.000    0.588    0.589    0    0  (Gen:  0)
   474528     37360 456269072  0.000  0.000    0.588    0.589    0    0  (Gen:  0)
   473632     37792 456445496  0.000  0.000    0.589    0.590    0    0  (Gen:  0)
   478184     37224 456617944  0.000  0.000    0.589    0.590    0    0  (Gen:  0)
   475288     37096 456787616  0.000  0.000    0.589    0.590    0    0  (Gen:  0)
   475984     37144 456960368  0.000  0.000    0.589    0.590    0    0  (Gen:  0)
   477360     37288 457133240  0.000  0.000    0.589    0.590    0    0  (Gen:  0)
   476320     37344 457302872  0.000  0.000    0.589    0.590    0    0  (Gen:  0)
   477104     37048 457475408  0.000  0.000    0.589    0.591    0    0  (Gen:  0)
   474992     37392 457648400  0.000  0.000    0.590    0.591    0    0  (Gen:  0)
   478232     37152 457820992  0.000  0.000    0.590    0.591    0    0  (Gen:  0)
   477528     37216 457990736  0.000  0.000    0.590    0.591    0    0  (Gen:  0)
   474944     37240 458163464  0.000  0.000    0.590    0.591    0    0  (Gen:  0)
   477216     37176 458336240  0.000  0.000    0.590    0.591    0    0  (Gen:  0)
   476176     37192 458505824  0.000  0.000    0.590    0.592    0    0  (Gen:  0)
   477296     37096 458678504  0.000  0.000    0.591    0.592    0    0  (Gen:  0)
   475184     37488 458851544  0.000  0.000    0.591    0.592    0    0  (Gen:  0)
   476368     37048 459020720  0.000  0.000    0.591    0.592    0    0  (Gen:  0)
   478176     36664 459190064  0.000  0.000    0.591    0.592    0    0  (Gen:  0)
   476496     36784 459359408  0.000  0.000    0.591    0.592    0    0  (Gen:  0)
   476144     37000 459528872  0.000  0.000    0.591    0.592    0    0  (Gen:  0)
   476368     36688 459698048  0.000  0.000    0.591    0.593    0    0  (Gen:  0)
   478848     36712 459867440  0.000  0.000    0.592    0.593    0    0  (Gen:  0)
   475552     36928 460036880  0.000  0.000    0.592    0.593    0    0  (Gen:  0)
   475408     37048 460206248  0.000  0.000    0.592    0.593    0    0  (Gen:  0)
   475360     36448 460375376  0.000  0.000    0.592    0.593    0    0  (Gen:  0)
   478072     36480 460547752  0.000  0.000    0.592    0.593    0    0  (Gen:  0)
   474520     37992 460724768  0.000  0.000    0.592    0.594    0    0  (Gen:  0)
   474928     38080 460901096  0.000  0.000    0.593    0.594    0    0  (Gen:  0)
   477624     38024 461077552  0.000  0.000    0.593    0.594    0    0  (Gen:  0)
   476368     38384 461257360  0.000  0.000    0.593    0.594    0    0  (Gen:  0)
   479136     37376 461426224  0.000  0.000    0.593    0.594    0    0  (Gen:  0)
   478760     36744 461596208  0.000  0.000    0.593    0.594    0    0  (Gen:  0)
   476784     36744 461765552  0.000  0.000    0.593    0.594    0    0  (Gen:  0)
   475952     37008 461935064  0.000  0.000    0.593    0.595    0    0  (Gen:  0)
   476464     36656 462104192  0.000  0.000    0.594    0.595    0    0  (Gen:  0)
   478560     36672 462273584  0.000  0.000    0.594    0.595    0    0  (Gen:  0)
   475984     36936 462443072  0.000  0.000    0.594    0.595    0    0  (Gen:  0)
   475168     37048 462612440  0.000  0.000    0.594    0.595    0    0  (Gen:  0)
   475456     36464 462781520  0.000  0.000    0.594    0.595    0    0  (Gen:  0)
   478368     36720 462951008  0.000  0.000    0.594    0.596    0    0  (Gen:  0)
   475904     37008 463120472  0.000  0.000    0.595    0.596    0    0  (Gen:  0)
   476176     36752 463289648  0.000  0.000    0.595    0.596    0    0  (Gen:  0)
   477744     36528 463458896  0.000  0.000    0.595    0.596    0    0  (Gen:  0)
   475568     36912 463628456  0.000  0.000    0.595    0.596    0    0  (Gen:  0)
   479096     36256 463797088  0.000  0.000    0.595    0.596    0    0  (Gen:  0)
   477208     36384 463963520  0.000  0.000    0.595    0.596    0    0  (Gen:  0)
   477440     36256 464129552  0.000  0.000    0.595    0.597    0    0  (Gen:  0)
   476848     36568 464298824  0.000  0.000    0.596    0.597    0    0  (Gen:  0)
   476496     36304 464464640  0.000  0.000    0.596    0.597    0    0  (Gen:  0)
   476240     36184 464630480  0.000  0.000    0.596    0.597    0    0  (Gen:  0)
   476576     36160 464799536  0.000  0.000    0.596    0.597    0    0  (Gen:  0)
   476272     36472 464965592  0.000  0.000    0.596    0.597    0    0  (Gen:  0)
   475968     36352 465131456  0.000  0.000    0.596    0.598    0    0  (Gen:  0)
   476304     36208 465297320  0.000  0.000    0.597    0.598    0    0  (Gen:  0)
   477384     36744 465473176  0.000  0.000    0.597    0.598    0    0  (Gen:  0)
   476568     37320 465643016  0.000  0.000    0.597    0.598    0    0  (Gen:  0)
   476768     37000 465815600  0.000  0.000    0.597    0.598    0    0  (Gen:  0)
   477984     37216 465988520  0.000  0.000    0.597    0.599    0    0  (Gen:  0)
   475648     37488 466158152  0.000  0.000    0.598    0.599    0    0  (Gen:  0)
   476272     36904 466327328  0.000  0.000    0.598    0.599    0    0  (Gen:  0)
   477904     36592 466496648  0.000  0.000    0.598    0.599    0    0  (Gen:  0)
   478360     36288 466668688  0.000  0.000    0.598    0.599    0    0  (Gen:  0)
   479232     36792 466838224  0.000  0.000    0.599    0.600    0    0  (Gen:  0)
   478328     36736 467008112  0.000  0.000    0.599    0.600    0    0  (Gen:  0)
   476448     36736 467177456  0.000  0.000    0.599    0.600    0    0  (Gen:  0)
   475520     36904 467346872  0.000  0.000    0.599    0.600    0    0  (Gen:  0)
   476608     36688 467516096  0.000  0.000    0.599    0.601    0    0  (Gen:  0)
   478752     36808 467685584  0.000  0.000    0.600    0.601    0    0  (Gen:  0)
   476128     36808 467851640  0.000  0.000    0.600    0.601    0    0  (Gen:  0)
   478832     36664 468020744  0.000  0.000    0.600    0.601    0    0  (Gen:  0)
   476432     36264 468186680  0.000  0.000    0.600    0.602    0    0  (Gen:  0)
   479048     35208 468354592  0.000  0.000    0.601    0.602    0    0  (Gen:  0)
   476008     36568 468521840  0.000  0.000    0.601    0.602    0    0  (Gen:  0)
   479960     35952 468687280  0.000  0.000    0.601    0.602    0    0  (Gen:  0)
   479856     35256 468852472  0.000  0.000    0.601    0.602    0    0  (Gen:  0)
   479904     35568 469018528  0.000  0.000    0.601    0.603    0    0  (Gen:  0)
   479000     36312 469185032  0.000  0.000    0.602    0.603    0    0  (Gen:  0)
   477232     36000 469347512  0.000  0.000    0.602    0.604    0    0  (Gen:  0)
   477776     35800 469512992  0.000  0.000    0.603    0.604    0    0  (Gen:  0)
   478096     36112 469679000  0.000  0.000    0.603    0.604    0    0  (Gen:  0)
   477248     36064 469844672  0.000  0.000    0.603    0.604    0    0  (Gen:  0)
   479944     35376 470009944  0.000  0.000    0.603    0.604    0    0  (Gen:  0)
   475832  24013704 235250408  0.029  0.029    0.632    0.634    0    0  (Gen:  1)
   473856     37960 235430240  0.000  0.000    0.632    0.634    0    0  (Gen:  0)
   473776     38536 235606832  0.000  0.000    0.633    0.634    0    0  (Gen:  0)
   476000     38392 235786616  0.000  0.000    0.633    0.634    0    0  (Gen:  0)
   472544     38832 235966808  0.000  0.000    0.633    0.635    0    0  (Gen:  0)
   474672     38152 236139632  0.000  0.000    0.633    0.635    0    0  (Gen:  0)
   476432     37480 236312528  0.000  0.000    0.633    0.635    0    0  (Gen:  0)
   476336     37600 236488736  0.000  0.000    0.633    0.635    0    0  (Gen:  0)
   474832     37872 236661944  0.000  0.000    0.634    0.635    0    0  (Gen:  0)
   475776     37600 236834720  0.000  0.000    0.634    0.635    0    0  (Gen:  0)
   477240     37424 237010728  0.000  0.000    0.635    0.636    0    0  (Gen:  0)
   476936     37744 237187232  0.000  0.000    0.635    0.636    0    0  (Gen:  0)
   475248     37768 237360200  0.000  0.000    0.635    0.637    0    0  (Gen:  0)
   475808     37536 237533096  0.000  0.000    0.635    0.637    0    0  (Gen:  0)
   477512     37192 237708736  0.000  0.000    0.636    0.637    0    0  (Gen:  0)
   475960     37864 237882464  0.000  0.000    0.636    0.637    0    0  (Gen:  0)
   475568     37600 238055360  0.000  0.000    0.636    0.638    0    0  (Gen:  0)
   477528     37296 238231120  0.000  0.000    0.636    0.638    0    0  (Gen:  0)
   474456     37912 238404776  0.000  0.000    0.637    0.638    0    0  (Gen:  0)
   477776     37360 238577312  0.000  0.000    0.638    0.639    0    0  (Gen:  0)
   478408     36152 238749064  0.000  0.000    0.638    0.640    0    0  (Gen:  0)
   478080     37248 238922896  0.000  0.000    0.638    0.640    0    0  (Gen:  0)
   476664     37480 239092688  0.000  0.000    0.638    0.640    0    0  (Gen:  0)
   474944     37144 239265272  0.000  0.000    0.639    0.640    0    0  (Gen:  0)
   478216     36488 239437552  0.000  0.000    0.639    0.640    0    0  (Gen:  0)
   476600     37456 239611064  0.000  0.000    0.639    0.640    0    0  (Gen:  0)
   476800     37288 239780600  0.000  0.000    0.639    0.641    0    0  (Gen:  0)
   475856     37096 239953136  0.000  0.000    0.639    0.641    0    0  (Gen:  0)
   476640     37528 240129584  0.000  0.000    0.639    0.641    0    0  (Gen:  0)
   475536     38280 240305984  0.000  0.000    0.639    0.641    0    0  (Gen:  0)
   474960     37984 240482336  0.000  0.000    0.639    0.641    0    0  (Gen:  0)
   474816     38032 240658784  0.000  0.000    0.640    0.641    0    0  (Gen:  0)
   474288     38128 240835184  0.000  0.000    0.640    0.641    0    0  (Gen:  0)
   476384     37800 241008128  0.000  0.000    0.640    0.641    0    0  (Gen:  0)
   476288     37648 241181216  0.000  0.000    0.640    0.641    0    0  (Gen:  0)
   474800     37648 241357280  0.000  0.000    0.640    0.642    0    0  (Gen:  0)
   474608     37752 241530368  0.000  0.000    0.640    0.642    0    0  (Gen:  0)
   475520     37456 241703216  0.000  0.000    0.640    0.642    0    0  (Gen:  0)
   477480     37056 241878928  0.000  0.000    0.640    0.642    0    0  (Gen:  0)
   477552     37160 242055088  0.000  0.000    0.640    0.642    0    0  (Gen:  0)
   476168     37624 242228696  0.000  0.000    0.641    0.642    0    0  (Gen:  0)
   476304     37512 242401616  0.000  0.000    0.641    0.642    0    0  (Gen:  0)
   476256     37768 242577968  0.000  0.000    0.641    0.642    0    0  (Gen:  0)
   474192     38008 242750936  0.000  0.000    0.641    0.642    0    0  (Gen:  0)
   476000     37536 242923928  0.000  0.000    0.641    0.643    0    0  (Gen:  0)
   477560     37576 243100000  0.000  0.000    0.641    0.643    0    0  (Gen:  0)
   474920     37744 243273080  0.000  0.000    0.641    0.643    0    0  (Gen:  0)
   476032     37344 243442616  0.000  0.000    0.641    0.643    0    0  (Gen:  0)
   478200     36744 243614944  0.000  0.000    0.641    0.643    0    0  (Gen:  0)
   475000     37440 243788288  0.000  0.000    0.642    0.643    0    0  (Gen:  0)
   478328     37200 243960880  0.000  0.000    0.642    0.643    0    0  (Gen:  0)
   476760     37120 244130528  0.000  0.000    0.642    0.643    0    0  (Gen:  0)
   475744     37168 244303280  0.000  0.000    0.642    0.643    0    0  (Gen:  0)
   475264     37264 244476032  0.000  0.000    0.642    0.644    0    0  (Gen:  0)
   475984     37224 244645616  0.000  0.000    0.642    0.644    0    0  (Gen:  0)
   478344     37032 244818232  0.000  0.000    0.642    0.644    0    0  (Gen:  0)
   474120     38280 244998464  0.000  0.000    0.642    0.644    0    0  (Gen:  0)
   475184     38656 245178152  0.000  0.000    0.642    0.644    0    0  (Gen:  0)
   476616     38440 245357904  0.000  0.000    0.643    0.644    0    0  (Gen:  0)
   476232     38704 245537912  0.000  0.000    0.643    0.644    0    0  (Gen:  0)
   477256     38200 245714056  0.000  0.000    0.643    0.644    0    0  (Gen:  0)
   475816     37896 245887400  0.000  0.000    0.643    0.644    0    0  (Gen:  0)
   475664     37808 246060440  0.000  0.000    0.643    0.645    0    0  (Gen:  0)
   473744     37696 246236648  0.000  0.000    0.643    0.645    0    0  (Gen:  0)
   474720     37392 246409376  0.000  0.000    0.643    0.645    0    0  (Gen:  0)
   476000     37488 246582368  0.000  0.000    0.643    0.645    0    0  (Gen:  0)
   476272     37720 246758648  0.000  0.000    0.643    0.645    0    0  (Gen:  0)
   475376     37776 246931688  0.000  0.000    0.643    0.645    0    0  (Gen:  0)
   474848     37712 247104680  0.000  0.000    0.644    0.645    0    0  (Gen:  0)
   474432     37528 247277600  0.000  0.000    0.644    0.645    0    0  (Gen:  0)
   474704     37624 247453712  0.000  0.000    0.644    0.645    0    0  (Gen:  0)
   476336     37560 247626704  0.000  0.000    0.644    0.645    0    0  (Gen:  0)
   475520     37456 247799552  0.000  0.000    0.644    0.646    0    0  (Gen:  0)
   475136     37600 247975808  0.000  0.000    0.644    0.646    0    0  (Gen:  0)
   478032     37632 248148728  0.000  0.000    0.644    0.646    0    0  (Gen:  0)
   478456     36152 248320432  0.000  0.000    0.644    0.646    0    0  (Gen:  0)
   476856     37336 248491232  0.000  0.000    0.644    0.646    0    0  (Gen:  0)
   476400     37384 248664056  0.000  0.000    0.645    0.646    0    0  (Gen:  0)
   477008     37120 248836640  0.000  0.000    0.645    0.646    0    0  (Gen:  0)
   475216     37096 249006272  0.000  0.000    0.645    0.646    0    0  (Gen:  0)
   474496     37216 249178976  0.000  0.000    0.645    0.646    0    0  (Gen:  0)
   476944     37328 249351728  0.000  0.000    0.645    0.647    0    0  (Gen:  0)
   475072     37024 249521264  0.000  0.000    0.645    0.647    0    0  (Gen:  0)
   474912     37384 249694280  0.000  0.000    0.645    0.647    0    0  (Gen:  0)
   476616     37632 249873568  0.000  0.000    0.645    0.647    0    0  (Gen:  0)
   477488     38160 250050232  0.000  0.000    0.645    0.647    0    0  (Gen:  0)
   477000     38128 250226672  0.000  0.000    0.646    0.647    0    0  (Gen:  0)
   476824     37656 250405816  0.000  0.000    0.646    0.647    0    0  (Gen:  0)
   475400     38232 250579472  0.000  0.000    0.646    0.647    0    0  (Gen:  0)
   476096     37480 250752464  0.000  0.000    0.646    0.647    0    0  (Gen:  0)
   477512     36568 250927528  0.000  0.000    0.646    0.648    0    0  (Gen:  0)
   474424     37872 251101736  0.000  0.000    0.646    0.648    0    0  (Gen:  0)
   474432     37528 251274560  0.000  0.000    0.646    0.648    0    0  (Gen:  0)
   474480     37408 251447480  0.000  0.000    0.646    0.648    0    0  (Gen:  0)
   475680     37928 251623928  0.000  0.000    0.646    0.648    0    0  (Gen:  0)
   474528     37672 251796752  0.000  0.000    0.647    0.648    0    0  (Gen:  0)
   476336     37528 251969648  0.000  0.000    0.647    0.648    0    0  (Gen:  0)
   475168     37504 252142544  0.000  0.000    0.647    0.648    0    0  (Gen:  0)
   475312     37264 252315248  0.000  0.000    0.647    0.648    0    0  (Gen:  0)
   476800     37120 252484832  0.000  0.000    0.647    0.649    0    0  (Gen:  0)
   476144     37144 252657512  0.000  0.000    0.647    0.649    0    0  (Gen:  0)
   474336     37368 252830432  0.000  0.000    0.647    0.649    0    0  (Gen:  0)
   478512     37104 252999776  0.000  0.000    0.647    0.649    0    0  (Gen:  0)
   478656     36696 253169072  0.000  0.000    0.647    0.649    0    0  (Gen:  0)
   475536     36744 253338416  0.000  0.000    0.648    0.649    0    0  (Gen:  0)
   476720     36912 253507928  0.000  0.000    0.648    0.649    0    0  (Gen:  0)
   476272     36704 253677104  0.000  0.000    0.648    0.649    0    0  (Gen:  0)
   479080     36080 253845904  0.000  0.000    0.648    0.649    0    0  (Gen:  0)
   478320     36272 254018440  0.000  0.000    0.648    0.650    0    0  (Gen:  0)
   479088     36840 254188504  0.000  0.000    0.648    0.650    0    0  (Gen:  0)
   478616     36736 254357960  0.000  0.000    0.648    0.650    0    0  (Gen:  0)
   475760     37264 254531000  0.000  0.000    0.648    0.650    0    0  (Gen:  0)
   474480     38392 254710880  0.000  0.000    0.648    0.650    0    0  (Gen:  0)
   476168     38472 254890576  0.000  0.000    0.649    0.650    0    0  (Gen:  0)
   473832     38424 255067280  0.000  0.000    0.649    0.650    0    0  (Gen:  0)
   473088     38776 255247352  0.000  0.000    0.649    0.650    0    0  (Gen:  0)
   475008     37984 255420176  0.000  0.000    0.649    0.650    0    0  (Gen:  0)
   477528     36648 255595504  0.000  0.000    0.649    0.651    0    0  (Gen:  0)
   474472     37656 255769280  0.000  0.000    0.649    0.651    0    0  (Gen:  0)
   477656     36840 255944680  0.000  0.000    0.649    0.651    0    0  (Gen:  0)
   475448     37512 256118384  0.000  0.000    0.649    0.651    0    0  (Gen:  0)
   475040     37584 256291472  0.000  0.000    0.649    0.651    0    0  (Gen:  0)
   475168     37768 256467752  0.000  0.000    0.650    0.651    0    0  (Gen:  0)
   475200     37512 256640576  0.000  0.000    0.650    0.651    0    0  (Gen:  0)
   475376     37440 256813472  0.000  0.000    0.650    0.651    0    0  (Gen:  0)
   477656     37368 256989496  0.000  0.000    0.650    0.652    0    0  (Gen:  0)
   474584     37800 257162768  0.000  0.000    0.650    0.652    0    0  (Gen:  0)
   476656     37656 257335928  0.000  0.000    0.650    0.652    0    0  (Gen:  0)
   477480     37656 257512024  0.000  0.000    0.650    0.652    0    0  (Gen:  0)
   476232     37824 257685200  0.000  0.000    0.650    0.652    0    0  (Gen:  0)
   476768     37408 257857784  0.000  0.000    0.650    0.652    0    0  (Gen:  0)
   475264     37008 258027320  0.000  0.000    0.651    0.652    0    0  (Gen:  0)
   474832     37264 258200168  0.000  0.000    0.651    0.652    0    0  (Gen:  0)
   478096     37312 258372920  0.000  0.000    0.651    0.652    0    0  (Gen:  0)
   478312     36848 258545200  0.000  0.000    0.651    0.652    0    0  (Gen:  0)
   475320     37240 258715328  0.000  0.000    0.651    0.653    0    0  (Gen:  0)
   474640     37264 258888080  0.000  0.000    0.651    0.653    0    0  (Gen:  0)
   478424     36912 259060480  0.000  0.000    0.651    0.653    0    0  (Gen:  0)
   475704     37024 259230272  0.000  0.000    0.651    0.653    0    0  (Gen:  0)
   475248     37696 259406768  0.000  0.000    0.651    0.653    0    0  (Gen:  0)
   475296     38224 259583168  0.000  0.000    0.651    0.653    0    0  (Gen:  0)
   473488     38008 259759448  0.000  0.000    0.652    0.653    0    0  (Gen:  0)
   474576     37864 259935848  0.000  0.000    0.652    0.653    0    0  (Gen:  0)
   474720     38128 260112296  0.000  0.000    0.652    0.653    0    0  (Gen:  0)
   474480     37736 260285072  0.000  0.000    0.652    0.653    0    0  (Gen:  0)
   474672     37456 260458088  0.000  0.000    0.652    0.654    0    0  (Gen:  0)
   475168     37552 260634176  0.000  0.000    0.652    0.654    0    0  (Gen:  0)
   476048     37968 260807312  0.000  0.000    0.652    0.654    0    0  (Gen:  0)
   475472     37552 260980208  0.000  0.000    0.652    0.654    0    0  (Gen:  0)
   477152     37504 261156368  0.000  0.000    0.652    0.654    0    0  (Gen:  0)
   477448     36968 261331840  0.000  0.000    0.653    0.654    0    0  (Gen:  0)
   476456     37720 261505688  0.000  0.000    0.653    0.654    0    0  (Gen:  0)
   476976     37560 261678560  0.000  0.000    0.653    0.654    0    0  (Gen:  0)
   474912     37872 261855008  0.000  0.000    0.653    0.654    0    0  (Gen:  0)
   474480     37720 262027928  0.000  0.000    0.653    0.654    0    0  (Gen:  0)
   474768     37416 262200704  0.000  0.000    0.653    0.655    0    0  (Gen:  0)
   477544     36608 262375936  0.000  0.000    0.653    0.655    0    0  (Gen:  0)
   476456     37720 262549976  0.000  0.000    0.653    0.655    0    0  (Gen:  0)
   476656     37344 262719560  0.000  0.000    0.653    0.655    0    0  (Gen:  0)
   477248     37048 262892144  0.000  0.000    0.653    0.655    0    0  (Gen:  0)
   476000     37488 263065232  0.000  0.000    0.654    0.655    0    0  (Gen:  0)
   478376     36768 263237344  0.000  0.000    0.654    0.655    0    0  (Gen:  0)
   476760     37072 263407472  0.000  0.000    0.654    0.655    0    0  (Gen:  0)
   474784     37120 263580176  0.000  0.000    0.654    0.655    0    0  (Gen:  0)
   475504     37120 263752928  0.000  0.000    0.654    0.656    0    0  (Gen:  0)
   476560     37224 263922560  0.000  0.000    0.654    0.656    0    0  (Gen:  0)
   476048     37096 264095192  0.000  0.000    0.654    0.656    0    0  (Gen:  0)
   473024     38208 264275288  0.000  0.000    0.654    0.656    0    0  (Gen:  0)
   476360     38272 264454648  0.000  0.000    0.654    0.656    0    0  (Gen:  0)
   474072     38424 264631640  0.000  0.000    0.654    0.656    0    0  (Gen:  0)
   473856     38632 264811568  0.000  0.000    0.655    0.656    0    0  (Gen:  0)
   475152     38272 264984680  0.000  0.000    0.655    0.656    0    0  (Gen:  0)
   474848     37216 265157168  0.000  0.000    0.655    0.656    0    0  (Gen:  0)
   475408     36952 265326800  0.000  0.000    0.655    0.656    0    0  (Gen:  0)
   475200     37432 265499768  0.000  0.000    0.655    0.657    0    0  (Gen:  0)
   477776     37120 265672304  0.000  0.000    0.655    0.657    0    0  (Gen:  0)
   478408     36152 265844056  0.000  0.000    0.655    0.657    0    0  (Gen:  0)
   478136     37360 266018000  0.000  0.000    0.655    0.657    0    0  (Gen:  0)
   475600     37432 266187632  0.000  0.000    0.655    0.657    0    0  (Gen:  0)
   474944     37144 266360216  0.000  0.000    0.655    0.657    0    0  (Gen:  0)
   476368     37056 266529896  0.000  0.000    0.656    0.657    0    0  (Gen:  0)
   474960     37336 266702720  0.000  0.000    0.656    0.657    0    0  (Gen:  0)
   477872     37168 266875400  0.000  0.000    0.656    0.657    0    0  (Gen:  0)
   478360     36144 267047104  0.000  0.000    0.656    0.657    0    0  (Gen:  0)
   478280     37456 267221096  0.000  0.000    0.656    0.658    0    0  (Gen:  0)
   475296     37296 267390536  0.000  0.000    0.656    0.658    0    0  (Gen:  0)
   477312     36792 267559784  0.000  0.000    0.656    0.658    0    0  (Gen:  0)
   477888     36984 267729224  0.000  0.000    0.656    0.658    0    0  (Gen:  0)
   476368     37128 267898808  0.000  0.000    0.656    0.658    0    0  (Gen:  0)
   477088     36904 268067984  0.000  0.000    0.656    0.658    0    0  (Gen:  0)
   475408     36592 268237160  0.000  0.000    0.657    0.658    0    0  (Gen:  0)
   476432     36840 268406576  0.000  0.000    0.657    0.658    0    0  (Gen:  0)
   477392     37120 268576136  0.000  0.000    0.657    0.658    0    0  (Gen:  0)
   476944     36832 268745264  0.000  0.000    0.657    0.659    0    0  (Gen:  0)
   475120     36688 268914536  0.000  0.000    0.657    0.659    0    0  (Gen:  0)
   476304     37584 269090936  0.000  0.000    0.657    0.659    0    0  (Gen:  0)
   474432     37680 269263760  0.000  0.000    0.657    0.659    0    0  (Gen:  0)
   474240     37360 269436632  0.000  0.000    0.657    0.659    0    0  (Gen:  0)
   477496     36512 269611720  0.000  0.000    0.658    0.659    0    0  (Gen:  0)
   477656     37824 269785952  0.000  0.000    0.658    0.659    0    0  (Gen:  0)
   476560     37384 269955440  0.000  0.000    0.658    0.659    0    0  (Gen:  0)
   476000     37144 270128120  0.000  0.000    0.658    0.659    0    0  (Gen:  0)
   474432     37176 270300992  0.000  0.000    0.658    0.660    0    0  (Gen:  0)
   476560     37296 270470624  0.000  0.000    0.658    0.660    0    0  (Gen:  0)
   476432     37000 270643160  0.000  0.000    0.658    0.660    0    0  (Gen:  0)
   477024     37224 270816032  0.000  0.000    0.658    0.660    0    0  (Gen:  0)
   478320     37552 270989000  0.000  0.000    0.658    0.660    0    0  (Gen:  0)
   476656     37392 271158488  0.000  0.000    0.659    0.660    0    0  (Gen:  0)
   478200     36552 271330576  0.000  0.000    0.659    0.660    0    0  (Gen:  0)
   476616     37144 271500800  0.000  0.000    0.659    0.660    0    0  (Gen:  0)
   476608     36856 271670072  0.000  0.000    0.659    0.660    0    0  (Gen:  0)
   476176     36496 271839200  0.000  0.000    0.659    0.660    0    0  (Gen:  0)
   476528     36736 272008664  0.000  0.000    0.659    0.661    0    0  (Gen:  0)
   476224     36736 272177888  0.000  0.000    0.659    0.661    0    0  (Gen:  0)
   477824     36424 272343872  0.000  0.000    0.659    0.661    0    0  (Gen:  0)
   477024     36328 272509784  0.000  0.000    0.659    0.661    0    0  (Gen:  0)
   477120     36520 272679032  0.000  0.000    0.659    0.661    0    0  (Gen:  0)
   477104     36880 272845064  0.000  0.000    0.660    0.661    0    0  (Gen:  0)
   479112     35712 273013432  0.000  0.000    0.660    0.661    0    0  (Gen:  0)
   476392     36400 273180056  0.000  0.000    0.660    0.661    0    0  (Gen:  0)
   478240     36488 273349184  0.000  0.000    0.660    0.661    0    0  (Gen:  0)
   477392     36384 273515072  0.000  0.000    0.660    0.661    0    0  (Gen:  0)
   477104     36208 273680960  0.000  0.000    0.660    0.662    0    0  (Gen:  0)
   476520     37320 273860584  0.000  0.000    0.660    0.662    0    0  (Gen:  0)
   476208     37832 274039696  0.000  0.000    0.660    0.662    0    0  (Gen:  0)
   474456     38584 274217216  0.000  0.000    0.660    0.662    0    0  (Gen:  0)
   473024     38392 274397000  0.000  0.000    0.660    0.662    0    0  (Gen:  0)
   475120     38496 274573688  0.000  0.000    0.661    0.662    0    0  (Gen:  0)
   474432     37912 274746560  0.000  0.000    0.661    0.662    0    0  (Gen:  0)
   474736     37384 274919360  0.000  0.000    0.661    0.662    0    0  (Gen:  0)
   474192     37664 275095616  0.000  0.000    0.661    0.662    0    0  (Gen:  0)
   474720     37624 275268632  0.000  0.000    0.661    0.662    0    0  (Gen:  0)
   476288     37592 275441624  0.000  0.000    0.661    0.663    0    0  (Gen:  0)
   476144     37600 275617736  0.000  0.000    0.661    0.663    0    0  (Gen:  0)
   474352     37776 275790752  0.000  0.000    0.661    0.663    0    0  (Gen:  0)
   474960     37600 275963720  0.000  0.000    0.661    0.663    0    0  (Gen:  0)
   475680     37456 276136544  0.000  0.000    0.661    0.663    0    0  (Gen:  0)
   474208     37840 276312968  0.000  0.000    0.662    0.663    0    0  (Gen:  0)
   474336     37568 276485744  0.000  0.000    0.662    0.663    0    0  (Gen:  0)
   476384     37384 276658688  0.000  0.000    0.662    0.663    0    0  (Gen:  0)
   475184     37552 276834800  0.000  0.000    0.662    0.664    0    0  (Gen:  0)
   475200     37624 277007864  0.000  0.000    0.662    0.664    0    0  (Gen:  0)
   477184     37384 277177400  0.000  0.000    0.662    0.664    0    0  (Gen:  0)
   476048     37192 277349984  0.000  0.000    0.662    0.664    0    0  (Gen:  0)
   476192     37240 277522976  0.000  0.000    0.662    0.664    0    0  (Gen:  0)
   478184     36816 277695184  0.000  0.000    0.663    0.664    0    0  (Gen:  0)
   475000     37104 277865192  0.000  0.000    0.663    0.664    0    0  (Gen:  0)
   474784     37064 278037896  0.000  0.000    0.663    0.665    0    0  (Gen:  0)
   477744     37336 278210816  0.000  0.000    0.663    0.665    0    0  (Gen:  0)
   477424     37336 278380352  0.000  0.000    0.663    0.665    0    0  (Gen:  0)
   474656     37240 278553032  0.000  0.000    0.663    0.665    0    0  (Gen:  0)
   473440     37776 278729672  0.000  0.000    0.664    0.665    0    0  (Gen:  0)
   475504     38104 278905952  0.000  0.000    0.664    0.665    0    0  (Gen:  0)
   473824     37744 279082136  0.000  0.000    0.664    0.665    0    0  (Gen:  0)
   473936     38080 279258608  0.000  0.000    0.664    0.666    0    0  (Gen:  0)
   477512     37968 279434824  0.000  0.000    0.664    0.666    0    0  (Gen:  0)
   475816     37720 279607928  0.000  0.000    0.664    0.666    0    0  (Gen:  0)
   475712     37840 279781016  0.000  0.000    0.665    0.666    0    0  (Gen:  0)
   473984     37696 279957176  0.000  0.000    0.665    0.666    0    0  (Gen:  0)
   474624     37480 280130000  0.000  0.000    0.665    0.666    0    0  (Gen:  0)
   475904     37528 280302944  0.000  0.000    0.665    0.667    0    0  (Gen:  0)
   476368     37816 280479272  0.000  0.000    0.665    0.667    0    0  (Gen:  0)
   475184     37768 280652216  0.000  0.000    0.665    0.667    0    0  (Gen:  0)
   475184     37744 280825256  0.000  0.000    0.665    0.667    0    0  (Gen:  0)
   477528     36576 281000344  0.000  0.000    0.666    0.667    0    0  (Gen:  0)
   475752     37912 281174528  0.000  0.000    0.666    0.667    0    0  (Gen:  0)
   477576     36600 281349520  0.000  0.000    0.666    0.668    0    0  (Gen:  0)
   475688     37528 281523608  0.000  0.000    0.666    0.668    0    0  (Gen:  0)
   477304     37424 281699512  0.000  0.000    0.666    0.668    0    0  (Gen:  0)
   478320     37280 281872192  0.000  0.000    0.666    0.668    0    0  (Gen:  0)
   476712     37200 282042368  0.000  0.000    0.667    0.668    0    0  (Gen:  0)
   475952     37096 282215096  0.000  0.000    0.667    0.668    0    0  (Gen:  0)
   476304     37264 282387920  0.000  0.000    0.667    0.668    0    0  (Gen:  0)
   476560     37336 282557504  0.000  0.000    0.667    0.669    0    0  (Gen:  0)
   476240     37192 282730184  0.000  0.000    0.667    0.669    0    0  (Gen:  0)
   475632     37080 282902912  0.000  0.000    0.667    0.669    0    0  (Gen:  0)
   478360     37200 283075576  0.000  0.000    0.667    0.669    0    0  (Gen:  0)
   476376     37240 283245416  0.000  0.000    0.668    0.669    0    0  (Gen:  0)
   477056     37552 283421672  0.000  0.000    0.668    0.669    0    0  (Gen:  0)
   473664     38256 283601456  0.000  0.000    0.668    0.669    0    0  (Gen:  0)
   473968     38632 283778144  0.000  0.000    0.668    0.670    0    0  (Gen:  0)
   475664     38440 283957832  0.000  0.000    0.668    0.670    0    0  (Gen:  0)
   473120     38880 284138024  0.000  0.000    0.668    0.670    0    0  (Gen:  0)
   474528     38152 284310848  0.000  0.000    0.668    0.670    0    0  (Gen:  0)
   476336     37528 284483744  0.000  0.000    0.668    0.670    0    0  (Gen:  0)
   476336     37648 284659952  0.000  0.000    0.669    0.670    0    0  (Gen:  0)
   475168     37912 284833160  0.000  0.000    0.669    0.671    0    0  (Gen:  0)
   475344     37648 285005936  0.000  0.000    0.670    0.671    0    0  (Gen:  0)
   477224     37536 285182008  0.000  0.000    0.670    0.672    0    0  (Gen:  0)
   477096     37744 285358400  0.000  0.000    0.670    0.672    0    0  (Gen:  0)
   475536     37816 285531416  0.000  0.000    0.670    0.672    0    0  (Gen:  0)
   475472     37480 285704264  0.000  0.000    0.670    0.672    0    0  (Gen:  0)
   477560     37128 285879856  0.000  0.000    0.671    0.672    0    0  (Gen:  0)
   476248     37872 286053632  0.000  0.000    0.671    0.672    0    0  (Gen:  0)
   475472     37552 286226576  0.000  0.000    0.671    0.673    0    0  (Gen:  0)
   477432     37440 286402480  0.000  0.000    0.671    0.673    0    0  (Gen:  0)
   474744     37816 286575992  0.000  0.000    0.672    0.674    0    0  (Gen:  0)
   477440     37360 286748528  0.000  0.000    0.672    0.674    0    0  (Gen:  0)
   478312     35808 286919992  0.000  0.000    0.673    0.675    0    0  (Gen:  0)
   478272     37016 287093824  0.000  0.000    0.673    0.675    0    0  (Gen:  0)
   476472     37536 287263904  0.000  0.000    0.673    0.675    0    0  (Gen:  0)
   474944     37000 287436440  0.000  0.000    0.673    0.675    0    0  (Gen:  0)
   478312     36584 287608816  0.000  0.000    0.674    0.675    0    0  (Gen:  0)
   476936     37504 287782280  0.000  0.000    0.674    0.675    0    0  (Gen:  0)
   476464     37296 287951768  0.000  0.000    0.674    0.676    0    0  (Gen:  0)
   476000     37000 288124304  0.000  0.000    0.674    0.676    0    0  (Gen:  0)
   476304     37576 288300800  0.000  0.000    0.674    0.676    0    0  (Gen:  0)
   475632     38272 288477200  0.000  0.000    0.674    0.676    0    0  (Gen:  0)
   475056     38088 288653600  0.000  0.000    0.674    0.676    0    0  (Gen:  0)
   474672     37936 288829952  0.000  0.000    0.674    0.676    0    0  (Gen:  0)
   474336     38176 289006400  0.000  0.000    0.675    0.676    0    0  (Gen:  0)
   474432     37768 289179320  0.000  0.000    0.675    0.676    0    0  (Gen:  0)
   476336     37632 289352360  0.000  0.000    0.675    0.677    0    0  (Gen:  0)
   476512     37784 289528496  0.000  0.000    0.675    0.677    0    0  (Gen:  0)
   474896     37864 289701584  0.000  0.000    0.675    0.677    0    0  (Gen:  0)
   475616     37600 289874528  0.000  0.000    0.675    0.677    0    0  (Gen:  0)
   477576     37488 290050528  0.000  0.000    0.675    0.677    0    0  (Gen:  0)
   477648     37344 290226448  0.000  0.000    0.675    0.677    0    0  (Gen:  0)
   475784     37632 290399864  0.000  0.000    0.676    0.677    0    0  (Gen:  0)
   478408     37544 290572912  0.000  0.000    0.676    0.677    0    0  (Gen:  0)
   475368     37432 290742464  0.000  0.000    0.676    0.678    0    0  (Gen:  0)
   475792     37240 290911832  0.000  0.000    0.676    0.678    0    0  (Gen:  0)
   475168     36448 291080960  0.000  0.000    0.676    0.678    0    0  (Gen:  0)
   476544     36712 291250304  0.000  0.000    0.676    0.678    0    0  (Gen:  0)
   476064     36880 291419648  0.000  0.000    0.676    0.678    0    0  (Gen:  0)
   477776     36592 291585536  0.000  0.000    0.676    0.678    0    0  (Gen:  0)
   476768     36304 291751424  0.000  0.000    0.677    0.678    0    0  (Gen:  0)
   476720     36400 291920624  0.000  0.000    0.677    0.678    0    0  (Gen:  0)
   476576     36456 292086560  0.000  0.000    0.677    0.679    0    0  (Gen:  0)
   479128     36248 292255560  0.000  0.000    0.677    0.679    0    0  (Gen:  0)
   476328     36312 292421600  0.000  0.000    0.677    0.679    0    0  (Gen:  0)
   478944     36536 292590944  0.000  0.000    0.677    0.679    0    0  (Gen:  0)
   476208     36472 292756808  0.000  0.000    0.677    0.679    0    0  (Gen:  0)
   476624     36232 292922648  0.000  0.000    0.677    0.679    0    0  (Gen:  0)
   474192     37048 293095520  0.000  0.000    0.678    0.679    0    0  (Gen:  0)
   473616     37960 293271920  0.000  0.000    0.678    0.679    0    0  (Gen:  0)
   474496     37816 293448152  0.000  0.000    0.678    0.680    0    0  (Gen:  0)
   475152     38112 293624648  0.000  0.000    0.678    0.680    0    0  (Gen:  0)
   473424     38232 293801144  0.000  0.000    0.678    0.680    0    0  (Gen:  0)
   476800     37600 293970680  0.000  0.000    0.678    0.680    0    0  (Gen:  0)
   475856     37096 294143216  0.000  0.000    0.678    0.680    0    0  (Gen:  0)
   477360     37216 294316184  0.000  0.000    0.678    0.680    0    0  (Gen:  0)
   475072     37536 294485816  0.000  0.000    0.678    0.680    0    0  (Gen:  0)
   475472     37048 294658304  0.000  0.000    0.679    0.680    0    0  (Gen:  0)
   478408     36968 294830824  0.000  0.000    0.679    0.680    0    0  (Gen:  0)
   476216     37368 295004048  0.000  0.000    0.679    0.681    0    0  (Gen:  0)
   476944     37240 295173632  0.000  0.000    0.679    0.681    0    0  (Gen:  0)
   475904     37144 295346264  0.000  0.000    0.679    0.681    0    0  (Gen:  0)
   478272     37128 295519088  0.000  0.000    0.679    0.681    0    0  (Gen:  0)
   478312     36392 295690888  0.000  0.000    0.679    0.681    0    0  (Gen:  0)
   476616     37336 295861640  0.000  0.000    0.679    0.681    0    0  (Gen:  0)
   475376     37240 296034272  0.000  0.000    0.680    0.681    0    0  (Gen:  0)
   476448     37216 296207192  0.000  0.000    0.680    0.681    0    0  (Gen:  0)
   479080     36896 296376328  0.000  0.000    0.680    0.682    0    0  (Gen:  0)
   477656     36744 296545784  0.000  0.000    0.680    0.682    0    0  (Gen:  0)
   475056     36744 296715176  0.000  0.000    0.680    0.682    0    0  (Gen:  0)
   475824     36888 296884568  0.000  0.000    0.680    0.682    0    0  (Gen:  0)
   478800     36744 297053864  0.000  0.000    0.680    0.682    0    0  (Gen:  0)
   476592     36792 297223160  0.000  0.000    0.680    0.682    0    0  (Gen:  0)
   476032     36984 297392792  0.000  0.000    0.681    0.682    0    0  (Gen:  0)
   476512     36808 297561968  0.000  0.000    0.681    0.682    0    0  (Gen:  0)
   476224     36544 297731192  0.000  0.000    0.681    0.683    0    0  (Gen:  0)
   476784     37080 297904064  0.000  0.000    0.681    0.683    0    0  (Gen:  0)
   474832     37848 298077272  0.000  0.000    0.681    0.683    0    0  (Gen:  0)
   475776     37600 298250048  0.000  0.000    0.681    0.683    0    0  (Gen:  0)
   477240     37424 298426056  0.000  0.000    0.681    0.683    0    0  (Gen:  0)
   477600     37632 298602448  0.000  0.000    0.681    0.683    0    0  (Gen:  0)
   477096     37600 298772192  0.000  0.000    0.682    0.683    0    0  (Gen:  0)
   476288     37096 298944824  0.000  0.000    0.682    0.683    0    0  (Gen:  0)
   478248     37280 299117704  0.000  0.000    0.682    0.684    0    0  (Gen:  0)
   478200     37560 299290616  0.000  0.000    0.682    0.684    0    0  (Gen:  0)
   476416     37240 299460152  0.000  0.000    0.682    0.684    0    0  (Gen:  0)
   474848     37048 299632688  0.000  0.000    0.682    0.684    0    0  (Gen:  0)
   474624     37168 299805656  0.000  0.000    0.682    0.684    0    0  (Gen:  0)
   476656     37344 299975240  0.000  0.000    0.682    0.684    0    0  (Gen:  0)
   476288     36952 300147728  0.000  0.000    0.682    0.684    0    0  (Gen:  0)
   478216     37208 300320632  0.000  0.000    0.683    0.684    0    0  (Gen:  0)
   478416     36960 300493024  0.000  0.000    0.683    0.685    0    0  (Gen:  0)
   475240     37264 300663080  0.000  0.000    0.683    0.685    0    0  (Gen:  0)
   477088     37096 300835784  0.000  0.000    0.683    0.685    0    0  (Gen:  0)
   475296     37296 301008704  0.000  0.000    0.683    0.685    0    0  (Gen:  0)
   478992     37104 301178096  0.000  0.000    0.683    0.685    0    0  (Gen:  0)
   478176     36696 301347344  0.000  0.000    0.683    0.685    0    0  (Gen:  0)
   475248     36784 301516736  0.000  0.000    0.684    0.685    0    0  (Gen:  0)
   477008     36912 301686200  0.000  0.000    0.684    0.685    0    0  (Gen:  0)
   476752     36752 301855424  0.000  0.000    0.684    0.686    0    0  (Gen:  0)
   478512     36624 302024720  0.000  0.000    0.684    0.686    0    0  (Gen:  0)
   478216     36368 302196808  0.000  0.000    0.684    0.686    0    0  (Gen:  0)
   479040     36560 302366488  0.000  0.000    0.684    0.686    0    0  (Gen:  0)
   479136     36576 302536072  0.000  0.000    0.684    0.686    0    0  (Gen:  0)
   475304     37144 302709152  0.000  0.000    0.684    0.686    0    0  (Gen:  0)
   474752     38080 302885672  0.000  0.000    0.684    0.686    0    0  (Gen:  0)
   475168     38080 303061952  0.000  0.000    0.685    0.686    0    0  (Gen:  0)
   475920     37912 303238304  0.000  0.000    0.685    0.686    0    0  (Gen:  0)
   473648     38448 303415016  0.000  0.000    0.685    0.687    0    0  (Gen:  0)
   476512     37360 303584192  0.000  0.000    0.685    0.687    0    0  (Gen:  0)
   478368     36616 303753488  0.000  0.000    0.685    0.687    0    0  (Gen:  0)
   475248     36784 303922832  0.000  0.000    0.685    0.687    0    0  (Gen:  0)
   477056     36952 304092344  0.000  0.000    0.685    0.687    0    0  (Gen:  0)
   476512     36736 304261520  0.000  0.000    0.685    0.687    0    0  (Gen:  0)
   478896     36664 304430864  0.000  0.000    0.685    0.687    0    0  (Gen:  0)
   478360     36744 304603288  0.000  0.000    0.686    0.687    0    0  (Gen:  0)
   479184     36992 304773016  0.000  0.000    0.686    0.687    0    0  (Gen:  0)
   479000     36792 304942472  0.000  0.000    0.686    0.688    0    0  (Gen:  0)
   477648     36840 305111864  0.000  0.000    0.686    0.688    0    0  (Gen:  0)
   475952     37008 305281280  0.000  0.000    0.686    0.688    0    0  (Gen:  0)
   476512     36688 305450504  0.000  0.000    0.686    0.688    0    0  (Gen:  0)
   478704     36768 305619896  0.000  0.000    0.686    0.688    0    0  (Gen:  0)
   475744     36936 305789336  0.000  0.000    0.686    0.688    0    0  (Gen:  0)
   479112     36912 305958568  0.000  0.000    0.686    0.688    0    0  (Gen:  0)
   477016     36312 306124472  0.000  0.000    0.687    0.688    0    0  (Gen:  0)
   476480     36352 306290456  0.000  0.000    0.687    0.688    0    0  (Gen:  0)
   476144     36448 306459560  0.000  0.000    0.687    0.689    0    0  (Gen:  0)
   477584     36352 306625496  0.000  0.000    0.687    0.689    0    0  (Gen:  0)
   476768     36320 306791384  0.000  0.000    0.687    0.689    0    0  (Gen:  0)
   475568     36304 306960488  0.000  0.000    0.687    0.689    0    0  (Gen:  0)
   476144     36504 307126424  0.000  0.000    0.687    0.689    0    0  (Gen:  0)
   477056     36352 307292312  0.000  0.000    0.687    0.689    0    0  (Gen:  0)
   477872     36544 307461512  0.000  0.000    0.687    0.689    0    0  (Gen:  0)
   474480     36912 307634288  0.000  0.000    0.688    0.689    0    0  (Gen:  0)
   476800     37288 307803872  0.000  0.000    0.688    0.689    0    0  (Gen:  0)
   476288     37096 307976504  0.000  0.000    0.688    0.690    0    0  (Gen:  0)
   477312     37224 308149328  0.000  0.000    0.688    0.690    0    0  (Gen:  0)
   477088     37440 308319008  0.000  0.000    0.688    0.690    0    0  (Gen:  0)
   477136     36856 308488232  0.000  0.000    0.688    0.690    0    0  (Gen:  0)
   475648     36608 308657408  0.000  0.000    0.688    0.690    0    0  (Gen:  0)
   475504     36864 308827040  0.000  0.000    0.688    0.690    0    0  (Gen:  0)
   476416     36856 308996312  0.000  0.000    0.688    0.690    0    0  (Gen:  0)
   476368     36512 309165440  0.000  0.000    0.689    0.690    0    0  (Gen:  0)
   476720     36744 309334904  0.000  0.000    0.689    0.690    0    0  (Gen:  0)
   476672     36944 309504320  0.000  0.000    0.689    0.691    0    0  (Gen:  0)
   476416     36736 309673592  0.000  0.000    0.689    0.691    0    0  (Gen:  0)
   478952     36160 309842368  0.000  0.000    0.689    0.691    0    0  (Gen:  0)
   478040     36720 310012160  0.000  0.000    0.689    0.691    0    0  (Gen:  0)
   477056     36504 310178192  0.000  0.000    0.689    0.691    0    0  (Gen:  0)
   476624     36160 310343984  0.000  0.000    0.689    0.691    0    0  (Gen:  0)
   478832     36400 310513184  0.000  0.000    0.689    0.691    0    0  (Gen:  0)
   477568     36568 310679288  0.000  0.000    0.690    0.691    0    0  (Gen:  0)
   477296     36112 310844768  0.000  0.000    0.690    0.691    0    0  (Gen:  0)
   479992     35048 311009800  0.000  0.000    0.690    0.692    0    0  (Gen:  0)
   479240     36168 311176448  0.000  0.000    0.690    0.692    0    0  (Gen:  0)
   479848     35520 311341624  0.000  0.000    0.690    0.692    0    0  (Gen:  0)
   476904     36096 311504792  0.000  0.000    0.690    0.692    0    0  (Gen:  0)
   476048     35848 311670320  0.000  0.000    0.690    0.692    0    0  (Gen:  0)
   477392     36040 311836304  0.000  0.000    0.690    0.692    0    0  (Gen:  0)
   479392     36016 312001904  0.000  0.000    0.690    0.692    0    0  (Gen:  0)
   479896     34824 312166648  0.000  0.000    0.691    0.692    0    0  (Gen:  0)
   475608     36768 312337352  0.000  0.000    0.691    0.692    0    0  (Gen:  0)
   472576     38128 312517160  0.000  0.000    0.691    0.693    0    0  (Gen:  0)
   476216     38112 312696616  0.000  0.000    0.691    0.693    0    0  (Gen:  0)
   476720     38464 312876720  0.000  0.000    0.691    0.693    0    0  (Gen:  0)
   475800     39000 313056968  0.000  0.000    0.691    0.693    0    0  (Gen:  0)
   475776     38152 313229792  0.000  0.000    0.691    0.693    0    0  (Gen:  0)
   475088     37440 313402640  0.000  0.000    0.691    0.693    0    0  (Gen:  0)
   477512     37224 313578568  0.000  0.000    0.691    0.693    0    0  (Gen:  0)
   475528     37920 313752104  0.000  0.000    0.692    0.693    0    0  (Gen:  0)
   475232     37600 313925000  0.000  0.000    0.692    0.693    0    0  (Gen:  0)
   477336     37392 314100808  0.000  0.000    0.692    0.694    0    0  (Gen:  0)
   477552     37640 314277352  0.000  0.000    0.692    0.694    0    0  (Gen:  0)
   475688     37672 314450384  0.000  0.000    0.692    0.694    0    0  (Gen:  0)
   475904     37528 314623328  0.000  0.000    0.692    0.694    0    0  (Gen:  0)
   477608     37272 314799112  0.000  0.000    0.692    0.694    0    0  (Gen:  0)
   475960     37864 314972696  0.000  0.000    0.692    0.694    0    0  (Gen:  0)
   475184     37744 315145736  0.000  0.000    0.692    0.694    0    0  (Gen:  0)
   477488     37600 315321848  0.000  0.000    0.693    0.694    0    0  (Gen:  0)
   476176     37872 315494960  0.000  0.000    0.693    0.694    0    0  (Gen:  0)
   476912     37456 315667640  0.000  0.000    0.693    0.695    0    0  (Gen:  0)
   478296     36952 315840240  0.000  0.000    0.693    0.695    0    0  (Gen:  0)
   478288     37016 316012888  0.000  0.000    0.693    0.695    0    0  (Gen:  0)
   475608     37544 316182968  0.000  0.000    0.693    0.695    0    0  (Gen:  0)
   475952     37192 316355552  0.000  0.000    0.693    0.695    0    0  (Gen:  0)
   478264     36480 316527784  0.000  0.000    0.693    0.695    0    0  (Gen:  0)
   477368     37416 316701248  0.000  0.000    0.693    0.695    0    0  (Gen:  0)
   475888     37296 316870832  0.000  0.000    0.694    0.695    0    0  (Gen:  0)
   476096     36952 317043368  0.000  0.000    0.694    0.695    0    0  (Gen:  0)
   475200     37680 317219912  0.000  0.000    0.694    0.696    0    0  (Gen:  0)
   474336     38376 317396360  0.000  0.000    0.694    0.696    0    0  (Gen:  0)
   475968     37992 317572712  0.000  0.000    0.694    0.696    0    0  (Gen:  0)
   474912     38088 317749064  0.000  0.000    0.694    0.696    0    0  (Gen:  0)
   474816     38176 317925512  0.000  0.000    0.694    0.696    0    0  (Gen:  0)
   474336     37584 318098240  0.000  0.000    0.694    0.696    0    0  (Gen:  0)
   476352     37504 318271304  0.000  0.000    0.694    0.696    0    0  (Gen:  0)
   475008     37776 318447560  0.000  0.000    0.695    0.696    0    0  (Gen:  0)
   474528     37968 318620480  0.000  0.000    0.695    0.696    0    0  (Gen:  0)
   476144     37440 318793424  0.000  0.000    0.695    0.697    0    0  (Gen:  0)
   477416     37464 318969496  0.000  0.000    0.695    0.697    0    0  (Gen:  0)
   475368     37896 319142768  0.000  0.000    0.695    0.697    0    0  (Gen:  0)
   474960     37600 319315736  0.000  0.000    0.695    0.697    0    0  (Gen:  0)
   475680     37456 319488560  0.000  0.000    0.695    0.697    0    0  (Gen:  0)
   474208     37840 319664984  0.000  0.000    0.695    0.697    0    0  (Gen:  0)
   474336     37568 319837760  0.000  0.000    0.696    0.697    0    0  (Gen:  0)
   474192     37312 320010632  0.000  0.000    0.696    0.697    0    0  (Gen:  0)
   477376     37552 320186816  0.000  0.000    0.696    0.697    0    0  (Gen:  0)
   475200     37792 320359880  0.000  0.000    0.696    0.698    0    0  (Gen:  0)
   477184     37384 320529416  0.000  0.000    0.696    0.698    0    0  (Gen:  0)
   476048     37192 320702000  0.000  0.000    0.696    0.698    0    0  (Gen:  0)
   474096     37168 320874920  0.000  0.000    0.696    0.698    0    0  (Gen:  0)
   476320     37344 321044552  0.000  0.000    0.696    0.698    0    0  (Gen:  0)
   476768     37000 321217040  0.000  0.000    0.696    0.698    0    0  (Gen:  0)
   476976     37224 321389912  0.000  0.000    0.697    0.698    0    0  (Gen:  0)
   477744     37456 321562832  0.000  0.000    0.697    0.698    0    0  (Gen:  0)
   477424     37336 321732368  0.000  0.000    0.697    0.699    0    0  (Gen:  0)
   475744     37312 321905120  0.000  0.000    0.697    0.699    0    0  (Gen:  0)
   473456     38032 322085120  0.000  0.000    0.697    0.699    0    0  (Gen:  0)
   476192     38584 322264904  0.000  0.000    0.697    0.699    0    0  (Gen:  0)
   476536     37968 322444240  0.000  0.000    0.697    0.699    0    0  (Gen:  0)
   474968     38656 322624664  0.000  0.000    0.697    0.699    0    0  (Gen:  0)
   477496     37424 322800040  0.000  0.000    0.698    0.699    0    0  (Gen:  0)
   474872     37776 322974032  0.000  0.000    0.698    0.699    0    0  (Gen:  0)
   475472     37576 323147072  0.000  0.000    0.698    0.700    0    0  (Gen:  0)
   476896     37912 323323352  0.000  0.000    0.698    0.700    0    0  (Gen:  0)
   474240     37608 323496176  0.000  0.000    0.698    0.700    0    0  (Gen:  0)
   475712     37528 323669168  0.000  0.000    0.698    0.700    0    0  (Gen:  0)
   476704     37768 323845400  0.000  0.000    0.699    0.700    0    0  (Gen:  0)
   474368     37960 324018488  0.000  0.000    0.699    0.700    0    0  (Gen:  0)
   475664     37504 324191336  0.000  0.000    0.699    0.701    0    0  (Gen:  0)
   474384     37624 324364352  0.000  0.000    0.699    0.701    0    0  (Gen:  0)
   474608     37624 324540464  0.000  0.000    0.699    0.701    0    0  (Gen:  0)
   474576     37576 324713336  0.000  0.000    0.699    0.701    0    0  (Gen:  0)
   474336     37416 324886208  0.000  0.000    0.699    0.701    0    0  (Gen:  0)
   476448     37680 325062512  0.000  0.000    0.700    0.702    0    0  (Gen:  0)
   475408     37792 325232240  0.000  0.000    0.700    0.702    0    0  (Gen:  0)
   476000     37144 325404872  0.000  0.000    0.700    0.702    0    0  (Gen:  0)
   478360     36248 325576816  0.000  0.000    0.700    0.702    0    0  (Gen:  0)
   477944     37504 325750616  0.000  0.000    0.700    0.702    0    0  (Gen:  0)
   476320     37248 325920152  0.000  0.000    0.700    0.702    0    0  (Gen:  0)
   477200     37144 326092784  0.000  0.000    0.701    0.702    0    0  (Gen:  0)
   475904     37240 326265680  0.000  0.000    0.701    0.703    0    0  (Gen:  0)
   478424     37200 326438128  0.000  0.000    0.701    0.703    0    0  (Gen:  0)
   475512     37224 326608064  0.000  0.000    0.701    0.703    0    0  (Gen:  0)
   477432     36912 326783776  0.000  0.000    0.701    0.703    0    0  (Gen:  0)
   475336     38152 326960792  0.000  0.000    0.701    0.703    0    0  (Gen:  0)
   474976     38032 327137024  0.000  0.000    0.701    0.703    0    0  (Gen:  0)
   477024     37960 327313376  0.000  0.000    0.702    0.704    0    0  (Gen:  0)
   476776     37568 327492424  0.000  0.000    0.702    0.704    0    0  (Gen:  0)
   476168     37992 327666224  0.000  0.000    0.702    0.704    0    0  (Gen:  0)
   476384     37384 327839168  0.000  0.000    0.702    0.704    0    0  (Gen:  0)
   477560     37128 328014856  0.000  0.000    0.702    0.704    0    0  (Gen:  0)
   476328     37944 328188656  0.000  0.000    0.702    0.704    0    0  (Gen:  0)
   474816     37648 328361480  0.000  0.000    0.702    0.704    0    0  (Gen:  0)
   477144     37320 328537384  0.000  0.000    0.703    0.705    0    0  (Gen:  0)
   477608     37896 328714088  0.000  0.000    0.703    0.705    0    0  (Gen:  0)
   475536     37720 328886912  0.000  0.000    0.703    0.705    0    0  (Gen:  0)
   475088     37480 329059760  0.000  0.000    0.703    0.705    0    0  (Gen:  0)
   475600     37408 329232656  0.000  0.000    0.704    0.706    0    0  (Gen:  0)
   478312     37184 329405272  0.000  0.000    0.704    0.706    0    0  (Gen:  0)
   476280     37296 329575160  0.000  0.000    0.705    0.706    0    0  (Gen:  0)
   475280     37192 329747792  0.000  0.000    0.705    0.707    0    0  (Gen:  0)
   476304     37312 329920760  0.000  0.000    0.705    0.707    0    0  (Gen:  0)
   479080     36848 330089704  0.000  0.000    0.705    0.707    0    0  (Gen:  0)
   477848     36744 330259352  0.000  0.000    0.705    0.707    0    0  (Gen:  0)
   475248     36744 330428744  0.000  0.000    0.706    0.708    0    0  (Gen:  0)
   475248     36888 330598136  0.000  0.000    0.706    0.708    0    0  (Gen:  0)
   479128     36632 330767320  0.000  0.000    0.707    0.709    0    0  (Gen:  0)
   477032     36792 330936728  0.000  0.000    0.707    0.709    0    0  (Gen:  0)
   475600     36936 331106312  0.000  0.000    0.707    0.709    0    0  (Gen:  0)
   476368     36808 331275536  0.000  0.000    0.708    0.710    0    0  (Gen:  0)
   476416     36544 331444760  0.000  0.000    0.708    0.710    0    0  (Gen:  0)
   477208     37040 331620760  0.000  0.000    0.708    0.710    0    0  (Gen:  0)
   476696     38592 331801088  0.000  0.000    0.708    0.710    0    0  (Gen:  0)
   474064     38592 331977632  0.000  0.000    0.708    0.710    0    0  (Gen:  0)
   472784     38440 332157416  0.000  0.000    0.708    0.710    0    0  (Gen:  0)
   475920     38568 332337392  0.000  0.000    0.708    0.710    0    0  (Gen:  0)
   474864     38136 332510216  0.000  0.000    0.708    0.710    0    0  (Gen:  0)
   475712     37536 332683208  0.000  0.000    0.709    0.711    0    0  (Gen:  0)
   477520     37720 332859440  0.000  0.000    0.709    0.711    0    0  (Gen:  0)
   475424     37920 333032480  0.000  0.000    0.709    0.711    0    0  (Gen:  0)
   474704     37616 333205424  0.000  0.000    0.709    0.711    0    0  (Gen:  0)
   477528     37392 333381472  0.000  0.000    0.709    0.711    0    0  (Gen:  0)
   477552     37064 333557152  0.000  0.000    0.709    0.711    0    0  (Gen:  0)
   475976     37720 333730904  0.000  0.000    0.709    0.711    0    0  (Gen:  0)
   475712     37680 333903992  0.000  0.000    0.709    0.711    0    0  (Gen:  0)
   477608     37528 334079872  0.000  0.000    0.709    0.711    0    0  (Gen:  0)
   475336     37864 334253120  0.000  0.000    0.710    0.712    0    0  (Gen:  0)
   475760     37504 334426112  0.000  0.000    0.710    0.712    0    0  (Gen:  0)
   477480     37536 334602208  0.000  0.000    0.710    0.712    0    0  (Gen:  0)
   474568     37696 334775312  0.000  0.000    0.710    0.712    0    0  (Gen:  0)
   478232     37104 334947664  0.000  0.000    0.710    0.712    0    0  (Gen:  0)
   475096     37144 335117576  0.000  0.000    0.710    0.712    0    0  (Gen:  0)
   475584     37168 335290352  0.000  0.000    0.710    0.712    0    0  (Gen:  0)
   477712     37496 335463200  0.000  0.000    0.710    0.712    0    0  (Gen:  0)
   478296     37016 335635800  0.000  0.000    0.710    0.712    0    0  (Gen:  0)
   476392     37392 335805656  0.000  0.000    0.711    0.713    0    0  (Gen:  0)
   476208     37400 335978432  0.000  0.000    0.711    0.713    0    0  (Gen:  0)
   477296     37264 336151064  0.000  0.000    0.711    0.713    0    0  (Gen:  0)
   476032     37144 336320696  0.000  0.000    0.711    0.713    0    0  (Gen:  0)
   476744     37728 336500248  0.000  0.000    0.711    0.713    0    0  (Gen:  0)
   476280     38448 336676784  0.000  0.000    0.711    0.713    0    0  (Gen:  0)
   476112     38032 336853136  0.000  0.000    0.711    0.713    0    0  (Gen:  0)
   473520     37992 337029488  0.000  0.000    0.711    0.713    0    0  (Gen:  0)
   476400     38080 337205888  0.000  0.000    0.711    0.713    0    0  (Gen:  0)
   474624     37816 337378856  0.000  0.000    0.711    0.713    0    0  (Gen:  0)
   475152     37408 337551680  0.000  0.000    0.712    0.714    0    0  (Gen:  0)
   476112     37912 337728128  0.000  0.000    0.712    0.714    0    0  (Gen:  0)
   474336     37728 337901000  0.000  0.000    0.712    0.714    0    0  (Gen:  0)
   476336     37440 338073944  0.000  0.000    0.712    0.714    0    0  (Gen:  0)
   477376     37672 338250128  0.000  0.000    0.712    0.714    0    0  (Gen:  0)
   475552     37984 338423384  0.000  0.000    0.712    0.714    0    0  (Gen:  0)
   474864     37600 338596112  0.000  0.000    0.712    0.714    0    0  (Gen:  0)
   474192     37552 338769176  0.000  0.000    0.712    0.714    0    0  (Gen:  0)
   474832     37600 338945312  0.000  0.000    0.712    0.714    0    0  (Gen:  0)
   475536     37696 339118328  0.000  0.000    0.712    0.714    0    0  (Gen:  0)
   475472     37480 339291176  0.000  0.000    0.713    0.715    0    0  (Gen:  0)
   474944     37696 339467336  0.000  0.000    0.713    0.715    0    0  (Gen:  0)
   477120     37632 339640304  0.000  0.000    0.713    0.715    0    0  (Gen:  0)
   475216     37240 339809744  0.000  0.000    0.713    0.715    0    0  (Gen:  0)
   476336     37288 339982568  0.000  0.000    0.713    0.715    0    0  (Gen:  0)
   474912     37272 340155392  0.000  0.000    0.713    0.715    0    0  (Gen:  0)
   477040     37344 340324976  0.000  0.000    0.713    0.715    0    0  (Gen:  0)
   475760     37000 340497512  0.000  0.000    0.713    0.715    0    0  (Gen:  0)
   476688     37080 340670336  0.000  0.000    0.713    0.715    0    0  (Gen:  0)
   478360     37392 340843192  0.000  0.000    0.714    0.716    0    0  (Gen:  0)
   476328     37296 341012792  0.000  0.000    0.714    0.716    0    0  (Gen:  0)
   474400     37360 341185688  0.000  0.000    0.714    0.716    0    0  (Gen:  0)
   472416     38056 341365520  0.000  0.000    0.714    0.716    0    0  (Gen:  0)
   476744     38568 341545312  0.000  0.000    0.714    0.716    0    0  (Gen:  0)
   473736     38464 341721872  0.000  0.000    0.714    0.716    0    0  (Gen:  0)
   473952     38680 341901896  0.000  0.000    0.714    0.716    0    0  (Gen:  0)
   476160     38224 342074864  0.000  0.000    0.714    0.716    0    0  (Gen:  0)
   476096     37312 342247496  0.000  0.000    0.714    0.716    0    0  (Gen:  0)
   478360     36488 342419680  0.000  0.000    0.715    0.717    0    0  (Gen:  0)
   478256     37504 342593288  0.000  0.000    0.715    0.717    0    0  (Gen:  0)
   475960     37344 342762824  0.000  0.000    0.715    0.717    0    0  (Gen:  0)
   476000     36904 342935312  0.000  0.000    0.715    0.717    0    0  (Gen:  0)
   476544     37264 343108328  0.000  0.000    0.715    0.717    0    0  (Gen:  0)
   478264     37160 343280800  0.000  0.000    0.715    0.717    0    0  (Gen:  0)
   476280     37384 343450688  0.000  0.000    0.715    0.717    0    0  (Gen:  0)
   476720     37144 343623464  0.000  0.000    0.715    0.717    0    0  (Gen:  0)
   476592     37272 343796288  0.000  0.000    0.715    0.717    0    0  (Gen:  0)
   475888     37296 343965872  0.000  0.000    0.715    0.717    0    0  (Gen:  0)
   476096     36952 344138408  0.000  0.000    0.716    0.718    0    0  (Gen:  0)
   476352     37224 344311328  0.000  0.000    0.716    0.718    0    0  (Gen:  0)
   475680     37192 344480720  0.000  0.000    0.716    0.718    0    0  (Gen:  0)
   477312     36880 344650064  0.000  0.000    0.716    0.718    0    0  (Gen:  0)
   477408     36832 344819456  0.000  0.000    0.716    0.718    0    0  (Gen:  0)
   475904     37096 344988968  0.000  0.000    0.716    0.718    0    0  (Gen:  0)
   476176     36784 345158096  0.000  0.000    0.716    0.718    0    0  (Gen:  0)
   477696     36712 345327392  0.000  0.000    0.716    0.718    0    0  (Gen:  0)
   475664     36952 345496904  0.000  0.000    0.717    0.719    0    0  (Gen:  0)
   475072     36928 345666128  0.000  0.000    0.717    0.719    0    0  (Gen:  0)
   477120     36664 345835376  0.000  0.000    0.717    0.719    0    0  (Gen:  0)
   475152     36976 346004816  0.000  0.000    0.717    0.719    0    0  (Gen:  0)
   477552     37552 346181168  0.000  0.000    0.717    0.719    0    0  (Gen:  0)
   475200     37816 346354088  0.000  0.000    0.717    0.719    0    0  (Gen:  0)
   475424     37488 346526984  0.000  0.000    0.717    0.719    0    0  (Gen:  0)
   476896     37720 346703264  0.000  0.000    0.717    0.719    0    0  (Gen:  0)
   478120     37400 346875832  0.000  0.000    0.717    0.719    0    0  (Gen:  0)
   478176     36632 347048272  0.000  0.000    0.717    0.719    0    0  (Gen:  0)
   477000     37240 347218640  0.000  0.000    0.718    0.720    0    0  (Gen:  0)
   475728     37432 347391560  0.000  0.000    0.718    0.720    0    0  (Gen:  0)
   477296     37072 347564096  0.000  0.000    0.718    0.720    0    0  (Gen:  0)
   475168     37104 347733680  0.000  0.000    0.718    0.720    0    0  (Gen:  0)
   476400     37336 347906600  0.000  0.000    0.718    0.720    0    0  (Gen:  0)
   476144     37360 348079232  0.000  0.000    0.718    0.720    0    0  (Gen:  0)
   478360     36960 348251848  0.000  0.000    0.718    0.720    0    0  (Gen:  0)
   475736     37152 348421544  0.000  0.000    0.718    0.720    0    0  (Gen:  0)
   476896     37176 348591176  0.000  0.000    0.718    0.720    0    0  (Gen:  0)
   476992     36808 348760304  0.000  0.000    0.719    0.721    0    0  (Gen:  0)
   475168     36544 348929480  0.000  0.000    0.719    0.721    0    0  (Gen:  0)
   476144     36696 349098896  0.000  0.000    0.719    0.721    0    0  (Gen:  0)
   478288     36880 349268264  0.000  0.000    0.719    0.721    0    0  (Gen:  0)
   478112     36480 349434152  0.000  0.000    0.719    0.721    0    0  (Gen:  0)
   477152     36448 349600136  0.000  0.000    0.719    0.721    0    0  (Gen:  0)
   475840     36472 349769360  0.000  0.000    0.719    0.721    0    0  (Gen:  0)
   477344     36376 349935296  0.000  0.000    0.719    0.721    0    0  (Gen:  0)
   479064     35520 350103616  0.000  0.000    0.719    0.721    0    0  (Gen:  0)
   476056     36352 350270240  0.000  0.000    0.719    0.721    0    0  (Gen:  0)
   478528     36568 350439512  0.000  0.000    0.720    0.722    0    0  (Gen:  0)
   477824     36432 350605400  0.000  0.000    0.720    0.722    0    0  (Gen:  0)
   477824     36400 350771384  0.000  0.000    0.720    0.722    0    0  (Gen:  0)
   473296     37600 350951144  0.000  0.000    0.720    0.722    0    0  (Gen:  0)
   476272     38896 351131000  0.000  0.000    0.720    0.722    0    0  (Gen:  0)
   473440     38520 351307640  0.000  0.000    0.720    0.722    0    0  (Gen:  0)
   472960     38416 351487352  0.000  0.000    0.720    0.722    0    0  (Gen:  0)
   473760     38368 351663800  0.000  0.000    0.720    0.722    0    0  (Gen:  0)
   475296     37720 351836720  0.000  0.000    0.720    0.722    0    0  (Gen:  0)
   476048     37576 352009712  0.000  0.000    0.721    0.723    0    0  (Gen:  0)
   474448     37960 352186040  0.000  0.000    0.721    0.723    0    0  (Gen:  0)
   474912     37600 352358912  0.000  0.000    0.721    0.723    0    0  (Gen:  0)
   475856     37480 352531808  0.000  0.000    0.721    0.723    0    0  (Gen:  0)
   475424     37648 352707968  0.000  0.000    0.721    0.723    0    0  (Gen:  0)
   475888     37912 352881176  0.000  0.000    0.721    0.723    0    0  (Gen:  0)
   477576     36696 353056216  0.000  0.000    0.721    0.723    0    0  (Gen:  0)
   476264     37720 353230208  0.000  0.000    0.721    0.723    0    0  (Gen:  0)
   477552     37816 353406560  0.000  0.000    0.721    0.723    0    0  (Gen:  0)
   475200     37816 353579480  0.000  0.000    0.722    0.724    0    0  (Gen:  0)
   475424     37488 353752376  0.000  0.000    0.722    0.724    0    0  (Gen:  0)
   476896     37720 353928656  0.000  0.000    0.722    0.724    0    0  (Gen:  0)
   478120     37400 354101224  0.000  0.000    0.722    0.724    0    0  (Gen:  0)
   478176     36680 354273712  0.000  0.000    0.722    0.724    0    0  (Gen:  0)
   477000     37240 354444032  0.000  0.000    0.722    0.724    0    0  (Gen:  0)
   475728     37432 354616952  0.000  0.000    0.722    0.724    0    0  (Gen:  0)
   477296     37072 354789488  0.000  0.000    0.722    0.724    0    0  (Gen:  0)
   475168     37104 354959072  0.000  0.000    0.722    0.724    0    0  (Gen:  0)
   476400     37336 355131992  0.000  0.000    0.722    0.724    0    0  (Gen:  0)
   476144     37360 355304624  0.000  0.000    0.723    0.725    0    0  (Gen:  0)
   478360     37008 355477288  0.000  0.000    0.723    0.725    0    0  (Gen:  0)
   477848     37368 355650320  0.000  0.000    0.723    0.725    0    0  (Gen:  0)
   473600     38040 355826936  0.000  0.000    0.723    0.725    0    0  (Gen:  0)
   474592     37936 356003072  0.000  0.000    0.723    0.725    0    0  (Gen:  0)
   475920     37960 356179424  0.000  0.000    0.723    0.725    0    0  (Gen:  0)
   474176     38200 356356040  0.000  0.000    0.723    0.725    0    0  (Gen:  0)
   477608     37600 356531728  0.000  0.000    0.723    0.725    0    0  (Gen:  0)
   476440     37576 356705264  0.000  0.000    0.723    0.725    0    0  (Gen:  0)
   475520     37696 356878352  0.000  0.000    0.724    0.726    0    0  (Gen:  0)
   474608     37696 357054464  0.000  0.000    0.724    0.726    0    0  (Gen:  0)
   474576     37576 357227336  0.000  0.000    0.724    0.726    0    0  (Gen:  0)
   474336     37416 357400208  0.000  0.000    0.724    0.726    0    0  (Gen:  0)
   476448     37680 357576512  0.000  0.000    0.724    0.726    0    0  (Gen:  0)
   476144     37984 357749600  0.000  0.000    0.724    0.726    0    0  (Gen:  0)
   475568     37600 357922496  0.000  0.000    0.724    0.726    0    0  (Gen:  0)
   477384     36912 358098016  0.000  0.000    0.724    0.726    0    0  (Gen:  0)
   475800     37960 358271912  0.000  0.000    0.724    0.726    0    0  (Gen:  0)
   474528     37600 358444736  0.000  0.000    0.724    0.726    0    0  (Gen:  0)
   474912     37504 358617608  0.000  0.000    0.725    0.727    0    0  (Gen:  0)
   475296     37864 358794056  0.000  0.000    0.725    0.727    0    0  (Gen:  0)
   477008     37384 358966592  0.000  0.000    0.725    0.727    0    0  (Gen:  0)
   476032     37096 359136224  0.000  0.000    0.725    0.727    0    0  (Gen:  0)
   474416     37144 359308904  0.000  0.000    0.725    0.727    0    0  (Gen:  0)
   477312     37368 359481728  0.000  0.000    0.725    0.727    0    0  (Gen:  0)
   476128     37288 359651264  0.000  0.000    0.725    0.727    0    0  (Gen:  0)
   477536     37096 359823944  0.000  0.000    0.725    0.727    0    0  (Gen:  0)
   474704     37440 359996984  0.000  0.000    0.725    0.727    0    0  (Gen:  0)
   478232     37072 360169384  0.000  0.000    0.726    0.728    0    0  (Gen:  0)
   476952     37224 360339272  0.000  0.000    0.726    0.728    0    0  (Gen:  0)
   474640     37576 360515504  0.000  0.000    0.726    0.728    0    0  (Gen:  0)
   472672     38344 360695264  0.000  0.000    0.726    0.728    0    0  (Gen:  0)
   474976     38464 360871952  0.000  0.000    0.726    0.728    0    0  (Gen:  0)
   474448     38560 361051760  0.000  0.000    0.726    0.728    0    0  (Gen:  0)
   473008     38560 361231664  0.000  0.000    0.726    0.728    0    0  (Gen:  0)
   475296     38008 361404536  0.000  0.000    0.726    0.728    0    0  (Gen:  0)
   475376     37536 361577480  0.000  0.000    0.726    0.728    0    0  (Gen:  0)
   477368     37576 361753600  0.000  0.000    0.727    0.729    0    0  (Gen:  0)
   476152     37864 361926800  0.000  0.000    0.727    0.729    0    0  (Gen:  0)
   477416     36504 362101720  0.000  0.000    0.727    0.729    0    0  (Gen:  0)
   474680     37512 362275856  0.000  0.000    0.727    0.729    0    0  (Gen:  0)
   477256     36840 362451280  0.000  0.000    0.727    0.729    0    0  (Gen:  0)
   475976     37728 362625128  0.000  0.000    0.727    0.729    0    0  (Gen:  0)
   475664     37536 362798072  0.000  0.000    0.727    0.729    0    0  (Gen:  0)
   477560     37512 362974144  0.000  0.000    0.727    0.729    0    0  (Gen:  0)
   476056     37912 363147440  0.000  0.000    0.727    0.729    0    0  (Gen:  0)
   475328     37648 363320384  0.000  0.000    0.727    0.729    0    0  (Gen:  0)
   477416     37552 363496592  0.000  0.000    0.728    0.730    0    0  (Gen:  0)
   476296     37824 363669752  0.000  0.000    0.728    0.730    0    0  (Gen:  0)
   477104     37408 363842336  0.000  0.000    0.728    0.730    0    0  (Gen:  0)
   475744     37144 364011968  0.000  0.000    0.728    0.730    0    0  (Gen:  0)
   474592     37312 364184672  0.000  0.000    0.728    0.730    0    0  (Gen:  0)
   477088     37216 364357376  0.000  0.000    0.728    0.730    0    0  (Gen:  0)
   478408     35936 364528984  0.000  0.000    0.728    0.730    0    0  (Gen:  0)
   476040     37344 364699928  0.000  0.000    0.728    0.730    0    0  (Gen:  0)
   476304     37336 364872656  0.000  0.000    0.728    0.730    0    0  (Gen:  0)
   477152     37216 365045384  0.000  0.000    0.728    0.730    0    0  (Gen:  0)
   475456     37200 365215016  0.000  0.000    0.729    0.731    0    0  (Gen:  0)
   473808     37744 365391320  0.000  0.000    0.729    0.731    0    0  (Gen:  0)
   475008     38368 365567768  0.000  0.000    0.729    0.731    0    0  (Gen:  0)
   474064     37864 365744000  0.000  0.000    0.729    0.731    0    0  (Gen:  0)
   474288     37912 365920352  0.000  0.000    0.729    0.731    0    0  (Gen:  0)
   475248     38032 366096752  0.000  0.000    0.729    0.731    0    0  (Gen:  0)
   474576     37768 366269720  0.000  0.000    0.729    0.731    0    0  (Gen:  0)
   474496     37432 366442520  0.000  0.000    0.729    0.731    0    0  (Gen:  0)
   474384     37848 366618920  0.000  0.000    0.729    0.731    0    0  (Gen:  0)
   474528     37584 366791696  0.000  0.000    0.730    0.732    0    0  (Gen:  0)
   476432     37528 366964688  0.000  0.000    0.730    0.732    0    0  (Gen:  0)
   477512     37320 367140520  0.000  0.000    0.730    0.732    0    0  (Gen:  0)
   475176     37936 367313984  0.000  0.000    0.730    0.732    0    0  (Gen:  0)
   474960     37600 367486904  0.000  0.000    0.730    0.732    0    0  (Gen:  0)
   474368     37264 367659632  0.000  0.000    0.730    0.732    0    0  (Gen:  0)
   478240     37344 367832480  0.000  0.000    0.730    0.732    0    0  (Gen:  0)
   479208     36312 368001160  0.000  0.000    0.730    0.732    0    0  (Gen:  0)
   479088     36696 368170984  0.000  0.000    0.730    0.732    0    0  (Gen:  0)
   475928     36832 368340584  0.000  0.000    0.730    0.733    0    0  (Gen:  0)
   477840     36976 368509976  0.000  0.000    0.731    0.733    0    0  (Gen:  0)
   477584     36648 368675912  0.000  0.000    0.731    0.733    0    0  (Gen:  0)
   476352     36376 368841728  0.000  0.000    0.731    0.733    0    0  (Gen:  0)
   476464     36400 369010904  0.000  0.000    0.731    0.733    0    0  (Gen:  0)
   476240     36720 369176936  0.000  0.000    0.731    0.733    0    0  (Gen:  0)
   477008     36256 369342776  0.000  0.000    0.731    0.733    0    0  (Gen:  0)
   478640     36352 369511880  0.000  0.000    0.731    0.733    0    0  (Gen:  0)
   479128     35912 369680536  0.000  0.000    0.731    0.733    0    0  (Gen:  0)
   476840     36424 369846992  0.000  0.000    0.731    0.734    0    0  (Gen:  0)
   476624     36144 370012880  0.000  0.000    0.732    0.734    0    0  (Gen:  0)
   477280     37144 370189208  0.000  0.000    0.732    0.734    0    0  (Gen:  0)
   475584     38344 370365656  0.000  0.000    0.732    0.734    0    0  (Gen:  0)
   475248     38136 370542056  0.000  0.000    0.732    0.734    0    0  (Gen:  0)
   474528     37992 370718408  0.000  0.000    0.732    0.734    0    0  (Gen:  0)
   476928     38232 370894856  0.000  0.000    0.732    0.734    0    0  (Gen:  0)
   476128     37696 371064488  0.000  0.000    0.732    0.734    0    0  (Gen:  0)
   476192     37144 371237120  0.000  0.000    0.732    0.734    0    0  (Gen:  0)
   477504     37312 371409992  0.000  0.000    0.732    0.735    0    0  (Gen:  0)
   478360     36968 371582176  0.000  0.000    0.733    0.735    0    0  (Gen:  0)
   475848     37144 371752352  0.000  0.000    0.733    0.735    0    0  (Gen:  0)
   474800     37096 371925080  0.000  0.000    0.733    0.735    0    0  (Gen:  0)
   476496     37216 372097856  0.000  0.000    0.733    0.735    0    0  (Gen:  0)
   476032     37288 372267392  0.000  0.000    0.733    0.735    0    0  (Gen:  0)
   476240     37240 372440216  0.000  0.000    0.733    0.735    0    0  (Gen:  0)
   478168     36968 372612640  0.000  0.000    0.733    0.735    0    0  (Gen:  0)
   478224     37112 372785368  0.000  0.000    0.733    0.735    0    0  (Gen:  0)
   476472     37200 372955448  0.000  0.000    0.733    0.736    0    0  (Gen:  0)
   474608     37000 373128032  0.000  0.000    0.734    0.736    0    0  (Gen:  0)
   478168     37152 373300888  0.000  0.000    0.734    0.736    0    0  (Gen:  0)
   479088     36992 373470136  0.000  0.000    0.734    0.736    0    0  (Gen:  0)
   478040     36696 373639592  0.000  0.000    0.734    0.736    0    0  (Gen:  0)
   476528     36912 373809104  0.000  0.000    0.734    0.736    0    0  (Gen:  0)
   475120     36880 373978376  0.000  0.000    0.734    0.736    0    0  (Gen:  0)
   476832     36768 374147720  0.000  0.000    0.734    0.736    0    0  (Gen:  0)
   476784     36696 374317016  0.000  0.000    0.734    0.736    0    0  (Gen:  0)
   477424     37032 374486600  0.000  0.000    0.734    0.737    0    0  (Gen:  0)
   476656     36808 374655776  0.000  0.000    0.735    0.737    0    0  (Gen:  0)
   475312     36592 374825000  0.000  0.000    0.735    0.737    0    0  (Gen:  0)
   476240     37192 374998040  0.000  0.000    0.735    0.737    0    0  (Gen:  0)
   475952     37888 375171080  0.000  0.000    0.735    0.737    0    0  (Gen:  0)
   477296     37600 375347096  0.000  0.000    0.735    0.737    0    0  (Gen:  0)
   474800     37512 375520136  0.000  0.000    0.735    0.737    0    0  (Gen:  0)
   477416     37816 375696448  0.000  0.000    0.735    0.737    0    0  (Gen:  0)
   477240     37480 375866000  0.000  0.000    0.735    0.737    0    0  (Gen:  0)
   476288     37192 376038632  0.000  0.000    0.735    0.738    0    0  (Gen:  0)
   476880     37128 376211456  0.000  0.000    0.736    0.738    0    0  (Gen:  0)
   478456     36432 376383352  0.000  0.000    0.736    0.738    0    0  (Gen:  0)
   476136     37384 376554008  0.000  0.000    0.736    0.738    0    0  (Gen:  0)
   475088     37000 376726544  0.000  0.000    0.736    0.738    0    0  (Gen:  0)
   476112     37264 376899512  0.000  0.000    0.736    0.738    0    0  (Gen:  0)
   476224     37344 377069048  0.000  0.000    0.736    0.738    0    0  (Gen:  0)
   476432     37096 377241584  0.000  0.000    0.736    0.739    0    0  (Gen:  0)
   477936     37320 377414552  0.000  0.000    0.737    0.739    0    0  (Gen:  0)
   478296     37424 377587344  0.000  0.000    0.737    0.739    0    0  (Gen:  0)
   476200     37336 377757008  0.000  0.000    0.737    0.739    0    0  (Gen:  0)
   475280     37064 377929640  0.000  0.000    0.737    0.739    0    0  (Gen:  0)
   477648     37224 378102512  0.000  0.000    0.737    0.739    0    0  (Gen:  0)
   478800     37000 378271808  0.000  0.000    0.737    0.739    0    0  (Gen:  0)
   477600     36744 378441104  0.000  0.000    0.738    0.740    0    0  (Gen:  0)
   476720     36960 378610712  0.000  0.000    0.738    0.740    0    0  (Gen:  0)
   477264     37096 378780104  0.000  0.000    0.738    0.740    0    0  (Gen:  0)
   475072     36568 378949136  0.000  0.000    0.738    0.740    0    0  (Gen:  0)
   476832     36720 379118528  0.000  0.000    0.738    0.740    0    0  (Gen:  0)
   476272     37024 379288160  0.000  0.000    0.739    0.741    0    0  (Gen:  0)
   477184     36952 379457432  0.000  0.000    0.739    0.741    0    0  (Gen:  0)
   475408     36496 379626464  0.000  0.000    0.739    0.741    0    0  (Gen:  0)
   473984     37192 379799552  0.000  0.000    0.740    0.742    0    0  (Gen:  0)
   473616     38032 379975952  0.000  0.000    0.740    0.742    0    0  (Gen:  0)
   474496     37816 380152184  0.000  0.000    0.740    0.743    0    0  (Gen:  0)
   475152     38112 380328680  0.000  0.000    0.741    0.743    0    0  (Gen:  0)
   475008     38280 380505224  0.000  0.000    0.741    0.743    0    0  (Gen:  0)
   479208     37416 380674528  0.000  0.000    0.742    0.744    0    0  (Gen:  0)
   477432     36840 380843816  0.000  0.000    0.742    0.744    0    0  (Gen:  0)
   477152     36864 381013232  0.000  0.000    0.742    0.744    0    0  (Gen:  0)
   476352     37048 381182672  0.000  0.000    0.743    0.745    0    0  (Gen:  0)
   476032     36616 381351848  0.000  0.000    0.743    0.745    0    0  (Gen:  0)
   476592     36760 381521240  0.000  0.000    0.743    0.745    0    0  (Gen:  0)
   476224     37032 381690776  0.000  0.000    0.743    0.745    0    0  (Gen:  0)
   476752     36904 381860000  0.000  0.000    0.743    0.745    0    0  (Gen:  0)
   475888     36496 382029176  0.000  0.000    0.743    0.745    0    0  (Gen:  0)
   476256     36760 382198616  0.000  0.000    0.743    0.745    0    0  (Gen:  0)
   477056     36952 382367984  0.000  0.000    0.743    0.745    0    0  (Gen:  0)
   476608     36832 382537304  0.000  0.000    0.743    0.746    0    0  (Gen:  0)
   478704     36672 382706600  0.000  0.000    0.744    0.746    0    0  (Gen:  0)
   478312     36608 382878832  0.000  0.000    0.744    0.746    0    0  (Gen:  0)
   477224     36784 383045336  0.000  0.000    0.744    0.746    0    0  (Gen:  0)
   476960     36240 383211224  0.000  0.000    0.744    0.746    0    0  (Gen:  0)
   476480     36400 383377208  0.000  0.000    0.744    0.746    0    0  (Gen:  0)
   475760     36448 383546312  0.000  0.000    0.744    0.746    0    0  (Gen:  0)
   477776     36312 383712248  0.000  0.000    0.744    0.746    0    0  (Gen:  0)
   476624     36352 383878184  0.000  0.000    0.744    0.746    0    0  (Gen:  0)
   475664     36400 384047192  0.000  0.000    0.744    0.747    0    0  (Gen:  0)
   476480     36456 384213176  0.000  0.000    0.745    0.747    0    0  (Gen:  0)
   479080     36456 384382272  0.000  0.000    0.745    0.747    0    0  (Gen:  0)
   478024     36552 384548456  0.000  0.000    0.745    0.747    0    0  (Gen:  0)
   475632     37232 384721328  0.000  0.000    0.745    0.747    0    0  (Gen:  0)
   477440     37168 384893912  0.000  0.000    0.745    0.747    0    0  (Gen:  0)
   478344     37144 385066656  0.000  0.000    0.745    0.747    0    0  (Gen:  0)
   478240     37296 385239496  0.000  0.000    0.745    0.747    0    0  (Gen:  0)
   476360     37360 385409096  0.000  0.000    0.745    0.747    0    0  (Gen:  0)
   476544     36744 385578344  0.000  0.000    0.745    0.748    0    0  (Gen:  0)
   478080     36744 385747784  0.000  0.000    0.746    0.748    0    0  (Gen:  0)
   476416     37032 385917320  0.000  0.000    0.746    0.748    0    0  (Gen:  0)
   475136     36736 386086472  0.000  0.000    0.746    0.748    0    0  (Gen:  0)
   477312     36552 386255720  0.000  0.000    0.746    0.748    0    0  (Gen:  0)
   476336     36768 386425136  0.000  0.000    0.746    0.748    0    0  (Gen:  0)
   475392     36904 386594528  0.000  0.000    0.746    0.748    0    0  (Gen:  0)
   477136     36664 386763752  0.000  0.000    0.746    0.748    0    0  (Gen:  0)
   478984     36128 386932456  0.000  0.000    0.746    0.748    0    0  (Gen:  0)
   479184     36488 387102184  0.000  0.000    0.746    0.749    0    0  (Gen:  0)
   478024     36552 387268520  0.000  0.000    0.747    0.749    0    0  (Gen:  0)
   477440     36304 387434408  0.000  0.000    0.747    0.749    0    0  (Gen:  0)
   477488     36352 387603416  0.000  0.000    0.747    0.749    0    0  (Gen:  0)
   476336     36504 387769448  0.000  0.000    0.747    0.749    0    0  (Gen:  0)
   479864     36072 387935040  0.000  0.000    0.747    0.749    0    0  (Gen:  0)
   479952     34976 388099840  0.000  0.000    0.747    0.749    0    0  (Gen:  0)
   479432     36208 388266776  0.000  0.000    0.747    0.749    0    0  (Gen:  0)
   479848     35768 388432048  0.000  0.000    0.747    0.749    0    0  (Gen:  0)
   479856     35664 388597768  0.000  0.000    0.747    0.749    0    0  (Gen:  0)
   480000     34952 388763008  0.000  0.000    0.747    0.750    0    0  (Gen:  0)
   478040     36160 388929992  0.000  0.000    0.748    0.750    0    0  (Gen:  0)
   477424     36088 389092568  0.000  0.000    0.748    0.750    0    0  (Gen:  0)
   476432     35752 389258000  0.000  0.000    0.748    0.750    0    0  (Gen:  0)
   474752     36856 389431040  0.000  0.000    0.748    0.750    0    0  (Gen:  0)
   473968     38368 389610848  0.000  0.000    0.748    0.750    0    0  (Gen:  0)
   476632     37520 389789608  0.000  0.000    0.748    0.750    0    0  (Gen:  0)
   473640     38736 389967416  0.000  0.000    0.748    0.750    0    0  (Gen:  0)
   473168     38584 390147200  0.000  0.000    0.748    0.750    0    0  (Gen:  0)
   474624     37888 390320072  0.000  0.000    0.748    0.751    0    0  (Gen:  0)
   475616     37584 390492968  0.000  0.000    0.749    0.751    0    0  (Gen:  0)
   477448     37728 390669304  0.000  0.000    0.749    0.751    0    0  (Gen:  0)
   474968     37816 390842288  0.000  0.000    0.749    0.751    0    0  (Gen:  0)
   475520     37696 391015280  0.000  0.000    0.749    0.751    0    0  (Gen:  0)
   477200     37600 391191392  0.000  0.000    0.749    0.751    0    0  (Gen:  0)
   477400     36912 391366864  0.000  0.000    0.749    0.751    0    0  (Gen:  0)
   476312     37824 391540712  0.000  0.000    0.749    0.751    0    0  (Gen:  0)
   474384     37512 391713632  0.000  0.000    0.749    0.751    0    0  (Gen:  0)
   477496     36984 391889056  0.000  0.000    0.749    0.752    0    0  (Gen:  0)
   474632     37968 392062904  0.000  0.000    0.750    0.752    0    0  (Gen:  0)
   475712     37536 392235896  0.000  0.000    0.750    0.752    0    0  (Gen:  0)
   474512     37648 392408840  0.000  0.000    0.750    0.752    0    0  (Gen:  0)
   477488     37792 392585048  0.000  0.000    0.750    0.752    0    0  (Gen:  0)
   476320     37368 392754584  0.000  0.000    0.750    0.752    0    0  (Gen:  0)
   477872     37192 392927264  0.000  0.000    0.750    0.752    0    0  (Gen:  0)
   476240     37288 393100160  0.000  0.000    0.750    0.752    0    0  (Gen:  0)
   478424     37248 393272608  0.000  0.000    0.750    0.752    0    0  (Gen:  0)
   475512     37224 393442544  0.000  0.000    0.750    0.753    0    0  (Gen:  0)
   474848     37000 393615176  0.000  0.000    0.751    0.753    0    0  (Gen:  0)
   476016     37176 393787952  0.000  0.000    0.751    0.753    0    0  (Gen:  0)
   476416     37192 393957536  0.000  0.000    0.751    0.753    0    0  (Gen:  0)
   477776     37240 394130312  0.000  0.000    0.751    0.753    0    0  (Gen:  0)
   474400     37824 394306856  0.000  0.000    0.751    0.753    0    0  (Gen:  0)
   474208     38392 394483136  0.000  0.000    0.751    0.753    0    0  (Gen:  0)
   474352     37744 394659416  0.000  0.000    0.751    0.753    0    0  (Gen:  0)
   473424     37960 394835816  0.000  0.000    0.751    0.753    0    0  (Gen:  0)
   476400     38184 395012216  0.000  0.000    0.751    0.754    0    0  (Gen:  0)
   474912     37680 395185088  0.000  0.000    0.752    0.754    0    0  (Gen:  0)
   474624     37504 395358008  0.000  0.000    0.752    0.754    0    0  (Gen:  0)
   476304     37920 395534408  0.000  0.000    0.752    0.754    0    0  (Gen:  0)
   474432     37680 395707232  0.000  0.000    0.752    0.754    0    0  (Gen:  0)
   474240     37360 395880104  0.000  0.000    0.752    0.754    0    0  (Gen:  0)
   477496     36512 396055192  0.000  0.000    0.752    0.754    0    0  (Gen:  0)
   475480     37888 396229496  0.000  0.000    0.752    0.754    0    0  (Gen:  0)
   474576     37576 396402272  0.000  0.000    0.752    0.754    0    0  (Gen:  0)
   474432     37600 396575336  0.000  0.000    0.752    0.754    0    0  (Gen:  0)
   474880     37760 396751568  0.000  0.000    0.752    0.755    0    0  (Gen:  0)
   475776     37648 396924488  0.000  0.000    0.753    0.755    0    0  (Gen:  0)
   475088     37536 397097336  0.000  0.000    0.753    0.755    0    0  (Gen:  0)
   476944     37576 397273568  0.000  0.000    0.753    0.755    0    0  (Gen:  0)
   477888     37792 397446632  0.000  0.000    0.753    0.755    0    0  (Gen:  0)
   478408     36440 397618384  0.000  0.000    0.753    0.755    0    0  (Gen:  0)
   477144     37488 397789040  0.000  0.000    0.753    0.755    0    0  (Gen:  0)
   474960     37384 397961912  0.000  0.000    0.753    0.755    0    0  (Gen:  0)
   477776     37120 398134496  0.000  0.000    0.753    0.755    0    0  (Gen:  0)
   478312     35904 398306056  0.000  0.000    0.753    0.756    0    0  (Gen:  0)
   478328     37320 398480096  0.000  0.000    0.754    0.756    0    0  (Gen:  0)
   478216     36144 398651704  0.000  0.000    0.754    0.756    0    0  (Gen:  0)
   476712     37336 398822648  0.000  0.000    0.754    0.756    0    0  (Gen:  0)
   475584     37528 398995520  0.000  0.000    0.754    0.756    0    0  (Gen:  0)
   473184     38224 399175544  0.000  0.000    0.754    0.756    0    0  (Gen:  0)
   474944     38368 399355088  0.000  0.000    0.754    0.756    0    0  (Gen:  0)
   476536     37632 399534136  0.000  0.000    0.754    0.756    0    0  (Gen:  0)
   474968     38664 399714896  0.000  0.000    0.754    0.756    0    0  (Gen:  0)
   475552     38464 399888200  0.000  0.000    0.754    0.756    0    0  (Gen:  0)
   477480     37176 400063768  0.000  0.000    0.754    0.757    0    0  (Gen:  0)
   474824     37576 400237232  0.000  0.000    0.755    0.757    0    0  (Gen:  0)
   477592     37608 400413328  0.000  0.000    0.755    0.757    0    0  (Gen:  0)
   475544     37632 400586408  0.000  0.000    0.755    0.757    0    0  (Gen:  0)
   475152     37408 400759328  0.000  0.000    0.755    0.757    0    0  (Gen:  0)
   475248     37672 400935584  0.000  0.000    0.755    0.757    0    0  (Gen:  0)
   474384     37960 401108600  0.000  0.000    0.755    0.757    0    0  (Gen:  0)
   476144     37480 401281544  0.000  0.000    0.755    0.757    0    0  (Gen:  0)
   475136     37744 401454632  0.000  0.000    0.755    0.757    0    0  (Gen:  0)
   475568     37792 401630744  0.000  0.000    0.755    0.757    0    0  (Gen:  0)
   474432     37488 401803568  0.000  0.000    0.755    0.758    0    0  (Gen:  0)
   474480     37408 401976488  0.000  0.000    0.756    0.758    0    0  (Gen:  0)
   476112     37968 402152984  0.000  0.000    0.756    0.758    0    0  (Gen:  0)
   476272     37656 402322568  0.000  0.000    0.756    0.758    0    0  (Gen:  0)
   476960     37144 402495104  0.000  0.000    0.756    0.758    0    0  (Gen:  0)
   478080     37168 402667976  0.000  0.000    0.756    0.758    0    0  (Gen:  0)
   477552     37416 402840800  0.000  0.000    0.756    0.758    0    0  (Gen:  0)
   476560     37296 403010432  0.000  0.000    0.756    0.758    0    0  (Gen:  0)
   476480     37048 403183016  0.000  0.000    0.756    0.758    0    0  (Gen:  0)
   475616     37488 403356104  0.000  0.000    0.756    0.758    0    0  (Gen:  0)
   478280     37104 403528504  0.000  0.000    0.756    0.759    0    0  (Gen:  0)
   474952     37152 403698224  0.000  0.000    0.757    0.759    0    0  (Gen:  0)
   477256     37456 403874552  0.000  0.000    0.757    0.759    0    0  (Gen:  0)
   475160     38232 404051072  0.000  0.000    0.757    0.759    0    0  (Gen:  0)
   475792     38080 404227304  0.000  0.000    0.757    0.759    0    0  (Gen:  0)
   474528     38112 404403752  0.000  0.000    0.757    0.759    0    0  (Gen:  0)
   473504     38208 404580272  0.000  0.000    0.757    0.759    0    0  (Gen:  0)
   475344     37840 404753144  0.000  0.000    0.757    0.759    0    0  (Gen:  0)
   475184     37480 404926088  0.000  0.000    0.757    0.759    0    0  (Gen:  0)
   475760     37552 405102200  0.000  0.000    0.757    0.759    0    0  (Gen:  0)
   475472     37848 405275336  0.000  0.000    0.757    0.760    0    0  (Gen:  0)
   474704     37600 405448184  0.000  0.000    0.758    0.760    0    0  (Gen:  0)
   477336     37392 405623992  0.000  0.000    0.758    0.760    0    0  (Gen:  0)
   477504     37152 405800056  0.000  0.000    0.758    0.760    0    0  (Gen:  0)
   476168     37728 405973616  0.000  0.000    0.758    0.760    0    0  (Gen:  0)
   475616     37488 406146512  0.000  0.000    0.758    0.760    0    0  (Gen:  0)
   475360     37408 406319408  0.000  0.000    0.758    0.760    0    0  (Gen:  0)
   478240     37312 406492208  0.000  0.000    0.758    0.760    0    0  (Gen:  0)
   476448     37384 406661912  0.000  0.000    0.758    0.760    0    0  (Gen:  0)
   474944     37024 406834448  0.000  0.000    0.758    0.760    0    0  (Gen:  0)
   478312     37304 407007456  0.000  0.000    0.758    0.761    0    0  (Gen:  0)
   478664     37144 407176808  0.000  0.000    0.759    0.761    0    0  (Gen:  0)
   477744     36880 407346104  0.000  0.000    0.759    0.761    0    0  (Gen:  0)
   476672     36960 407515568  0.000  0.000    0.759    0.761    0    0  (Gen:  0)
   477888     37096 407684960  0.000  0.000    0.759    0.761    0    0  (Gen:  0)
   476544     36704 407854208  0.000  0.000    0.759    0.761    0    0  (Gen:  0)
   477072     36656 408023600  0.000  0.000    0.759    0.761    0    0  (Gen:  0)
   478376     36720 408196096  0.000  0.000    0.759    0.761    0    0  (Gen:  0)
   479232     36336 408365104  0.000  0.000    0.759    0.761    0    0  (Gen:  0)
   478760     36736 408534944  0.000  0.000    0.759    0.762    0    0  (Gen:  0)
   474864     37408 408711344  0.000  0.000    0.760    0.762    0    0  (Gen:  0)
   476584     38096 408890776  0.000  0.000    0.760    0.762    0    0  (Gen:  0)
   476688     38216 409070752  0.000  0.000    0.760    0.762    0    0  (Gen:  0)
   476592     37680 409250248  0.000  0.000    0.760    0.762    0    0  (Gen:  0)
   475464     38728 409427864  0.000  0.000    0.760    0.762    0    0  (Gen:  0)
   474432     37960 409600736  0.000  0.000    0.760    0.762    0    0  (Gen:  0)
   477480     36408 409775776  0.000  0.000    0.760    0.762    0    0  (Gen:  0)
   475320     37864 409950008  0.000  0.000    0.760    0.762    0    0  (Gen:  0)
   477240     37848 410126152  0.000  0.000    0.760    0.763    0    0  (Gen:  0)
   474344     37488 410299040  0.000  0.000    0.761    0.763    0    0  (Gen:  0)
   474704     37528 410472032  0.000  0.000    0.761    0.763    0    0  (Gen:  0)
   476464     37864 410648312  0.000  0.000    0.761    0.763    0    0  (Gen:  0)
   474528     37512 410821088  0.000  0.000    0.761    0.763    0    0  (Gen:  0)
   476688     37600 410994152  0.000  0.000    0.761    0.763    0    0  (Gen:  0)
   475872     37824 411170408  0.000  0.000    0.761    0.763    0    0  (Gen:  0)
   476384     38136 411343496  0.000  0.000    0.761    0.763    0    0  (Gen:  0)
   476144     37600 411516440  0.000  0.000    0.761    0.763    0    0  (Gen:  0)
   476336     37648 411692600  0.000  0.000    0.761    0.763    0    0  (Gen:  0)
   476096     37752 411865592  0.000  0.000    0.761    0.764    0    0  (Gen:  0)
   478376     37296 412038184  0.000  0.000    0.762    0.764    0    0  (Gen:  0)
   476104     37104 412207808  0.000  0.000    0.762    0.764    0    0  (Gen:  0)
   474848     37432 412380848  0.000  0.000    0.762    0.764    0    0  (Gen:  0)
   477104     37240 412553432  0.000  0.000    0.762    0.764    0    0  (Gen:  0)
   475936     37152 412723064  0.000  0.000    0.762    0.764    0    0  (Gen:  0)
   475648     37216 412895768  0.000  0.000    0.762    0.764    0    0  (Gen:  0)
   475216     37312 413068520  0.000  0.000    0.762    0.764    0    0  (Gen:  0)
   476032     37224 413238056  0.000  0.000    0.762    0.764    0    0  (Gen:  0)
   478200     36992 413410632  0.000  0.000    0.762    0.765    0    0  (Gen:  0)
   476736     37488 413590120  0.000  0.000    0.763    0.765    0    0  (Gen:  0)
   477456     38096 413766808  0.000  0.000    0.763    0.765    0    0  (Gen:  0)
   477032     38080 413943416  0.000  0.000    0.763    0.765    0    0  (Gen:  0)
   474656     38160 414119888  0.000  0.000    0.763    0.765    0    0  (Gen:  0)
   476080     38128 414296264  0.000  0.000    0.763    0.765    0    0  (Gen:  0)
   474432     37512 414469040  0.000  0.000    0.763    0.765    0    0  (Gen:  0)
   475424     37584 414642080  0.000  0.000    0.763    0.765    0    0  (Gen:  0)
   475408     37816 414818456  0.000  0.000    0.763    0.765    0    0  (Gen:  0)
   475248     37608 414991232  0.000  0.000    0.763    0.765    0    0  (Gen:  0)
   475328     37440 415164176  0.000  0.000    0.763    0.766    0    0  (Gen:  0)
   476752     37720 415340504  0.000  0.000    0.764    0.766    0    0  (Gen:  0)
   475952     37872 415513544  0.000  0.000    0.764    0.766    0    0  (Gen:  0)
   477464     36568 415688512  0.000  0.000    0.764    0.766    0    0  (Gen:  0)
   476648     37600 415862696  0.000  0.000    0.764    0.766    0    0  (Gen:  0)
   477400     37472 416038648  0.000  0.000    0.764    0.766    0    0  (Gen:  0)
   475688     37672 416211920  0.000  0.000    0.764    0.766    0    0  (Gen:  0)
   475616     37528 416384816  0.000  0.000    0.764    0.766    0    0  (Gen:  0)
   476656     37720 416561144  0.000  0.000    0.764    0.766    0    0  (Gen:  0)
   478440     37752 416734064  0.000  0.000    0.764    0.766    0    0  (Gen:  0)
   475192     37384 416903648  0.000  0.000    0.764    0.767    0    0  (Gen:  0)
   475712     37192 417076376  0.000  0.000    0.765    0.767    0    0  (Gen:  0)
   476448     37176 417249152  0.000  0.000    0.765    0.767    0    0  (Gen:  0)
   475696     37200 417418688  0.000  0.000    0.765    0.767    0    0  (Gen:  0)
   476336     37000 417591320  0.000  0.000    0.765    0.767    0    0  (Gen:  0)
   476160     37224 417764192  0.000  0.000    0.765    0.767    0    0  (Gen:  0)
   478120     36480 417936040  0.000  0.000    0.765    0.767    0    0  (Gen:  0)
   476616     37440 418106696  0.000  0.000    0.765    0.767    0    0  (Gen:  0)
   477240     37104 418282504  0.000  0.000    0.765    0.767    0    0  (Gen:  0)
   475016     38352 418462688  0.000  0.000    0.765    0.768    0    0  (Gen:  0)
   474016     38536 418639328  0.000  0.000    0.766    0.768    0    0  (Gen:  0)
   475088     38392 418819064  0.000  0.000    0.766    0.768    0    0  (Gen:  0)
   472496     38544 418999016  0.000  0.000    0.766    0.768    0    0  (Gen:  0)
   478184     38160 419171848  0.000  0.000    0.766    0.768    0    0  (Gen:  0)
   476616     37224 419341592  0.000  0.000    0.766    0.768    0    0  (Gen:  0)
   474944     37096 419514176  0.000  0.000    0.766    0.768    0    0  (Gen:  0)
   476832     37312 419687096  0.000  0.000    0.766    0.768    0    0  (Gen:  0)
   476176     37344 419856680  0.000  0.000    0.766    0.768    0    0  (Gen:  0)
   478200     37080 420029200  0.000  0.000    0.766    0.769    0    0  (Gen:  0)
   476424     37464 420202280  0.000  0.000    0.767    0.769    0    0  (Gen:  0)
   477104     37264 420374960  0.000  0.000    0.767    0.769    0    0  (Gen:  0)
   475552     37048 420544544  0.000  0.000    0.767    0.769    0    0  (Gen:  0)
   476192     37192 420717272  0.000  0.000    0.767    0.769    0    0  (Gen:  0)
   476592     37272 420890048  0.000  0.000    0.767    0.769    0    0  (Gen:  0)
   476128     37240 421059680  0.000  0.000    0.767    0.769    0    0  (Gen:  0)
   478016     37192 421232360  0.000  0.000    0.767    0.769    0    0  (Gen:  0)
   474800     37344 421405208  0.000  0.000    0.767    0.769    0    0  (Gen:  0)
   476176     37336 421574576  0.000  0.000    0.767    0.770    0    0  (Gen:  0)
   477600     36616 421743872  0.000  0.000    0.768    0.770    0    0  (Gen:  0)
   477456     36784 421913264  0.000  0.000    0.768    0.770    0    0  (Gen:  0)
   475520     36952 422082680  0.000  0.000    0.768    0.770    0    0  (Gen:  0)
   476608     36688 422251904  0.000  0.000    0.768    0.770    0    0  (Gen:  0)
   477888     36664 422421248  0.000  0.000    0.768    0.770    0    0  (Gen:  0)
   475184     36856 422590664  0.000  0.000    0.768    0.770    0    0  (Gen:  0)
   476640     36952 422760008  0.000  0.000    0.768    0.770    0    0  (Gen:  0)
   475456     36568 422929232  0.000  0.000    0.768    0.770    0    0  (Gen:  0)
   476800     36856 423098816  0.000  0.000    0.768    0.771    0    0  (Gen:  0)
   474848     37504 423274976  0.000  0.000    0.769    0.771    0    0  (Gen:  0)
   476384     37560 423447920  0.000  0.000    0.769    0.771    0    0  (Gen:  0)
   476096     37600 423620960  0.000  0.000    0.769    0.771    0    0  (Gen:  0)
   473984     37600 423797024  0.000  0.000    0.769    0.771    0    0  (Gen:  0)
   478168     37424 423969832  0.000  0.000    0.769    0.771    0    0  (Gen:  0)
   475704     37240 424139576  0.000  0.000    0.769    0.771    0    0  (Gen:  0)
   475808     37144 424312256  0.000  0.000    0.769    0.771    0    0  (Gen:  0)
   476400     37264 424485128  0.000  0.000    0.769    0.771    0    0  (Gen:  0)
   476272     37392 424654712  0.000  0.000    0.769    0.771    0    0  (Gen:  0)
   476384     37096 424827296  0.000  0.000    0.769    0.772    0    0  (Gen:  0)
   475872     37272 425000120  0.000  0.000    0.770    0.772    0    0  (Gen:  0)
   478360     37352 425172880  0.000  0.000    0.770    0.772    0    0  (Gen:  0)
   476232     37192 425342528  0.000  0.000    0.770    0.772    0    0  (Gen:  0)
   478272     37120 425515232  0.000  0.000    0.770    0.772    0    0  (Gen:  0)
   475904     37000 425684696  0.000  0.000    0.770    0.772    0    0  (Gen:  0)
   478464     36912 425854040  0.000  0.000    0.770    0.772    0    0  (Gen:  0)
   477696     36696 426023288  0.000  0.000    0.770    0.772    0    0  (Gen:  0)
   475520     36864 426192752  0.000  0.000    0.770    0.772    0    0  (Gen:  0)
   479048     36144 426361336  0.000  0.000    0.770    0.773    0    0  (Gen:  0)
   477448     36576 426528008  0.000  0.000    0.771    0.773    0    0  (Gen:  0)
   477296     36304 426693944  0.000  0.000    0.771    0.773    0    0  (Gen:  0)
   476896     36520 426863120  0.000  0.000    0.771    0.773    0    0  (Gen:  0)
   476496     36352 427029032  0.000  0.000    0.771    0.773    0    0  (Gen:  0)
   476336     36248 427194872  0.000  0.000    0.771    0.773    0    0  (Gen:  0)
   476528     36256 427363976  0.000  0.000    0.771    0.773    0    0  (Gen:  0)
   476176     36432 427529888  0.000  0.000    0.771    0.773    0    0  (Gen:  0)
   476112     36400 427695848  0.000  0.000    0.771    0.773    0    0  (Gen:  0)
   479016     35784 427864408  0.000  0.000    0.771    0.774    0    0  (Gen:  0)
   474088     37944 428045048  0.000  0.000    0.772    0.774    0    0  (Gen:  0)
   476168     38608 428224696  0.000  0.000    0.772    0.774    0    0  (Gen:  0)
   474264     38424 428401400  0.000  0.000    0.772    0.774    0    0  (Gen:  0)
   473856     38536 428581232  0.000  0.000    0.772    0.774    0    0  (Gen:  0)
   474128     38248 428757584  0.000  0.000    0.772    0.774    0    0  (Gen:  0)
   474992     37600 428930480  0.000  0.000    0.772    0.774    0    0  (Gen:  0)
   475664     37792 429103520  0.000  0.000    0.772    0.774    0    0  (Gen:  0)
   473888     37696 429279728  0.000  0.000    0.772    0.775    0    0  (Gen:  0)
   474768     37528 429452600  0.000  0.000    0.773    0.775    0    0  (Gen:  0)
   475952     37584 429625544  0.000  0.000    0.773    0.775    0    0  (Gen:  0)
   476176     37688 429801728  0.000  0.000    0.773    0.775    0    0  (Gen:  0)
   475328     37720 429974768  0.000  0.000    0.773    0.775    0    0  (Gen:  0)
   474992     37696 430147760  0.000  0.000    0.773    0.776    0    0  (Gen:  0)
   474432     37624 430320776  0.000  0.000    0.774    0.776    0    0  (Gen:  0)
   474704     37720 430496888  0.000  0.000    0.774    0.776    0    0  (Gen:  0)
   476384     37608 430669880  0.000  0.000    0.774    0.776    0    0  (Gen:  0)
   475616     37664 430842872  0.000  0.000    0.774    0.777    0    0  (Gen:  0)
   474896     37648 431018984  0.000  0.000    0.774    0.777    0    0  (Gen:  0)
   478080     37584 431191808  0.000  0.000    0.775    0.777    0    0  (Gen:  0)
   475120     37144 431361392  0.000  0.000    0.775    0.778    0    0  (Gen:  0)
   475808     37144 431534168  0.000  0.000    0.776    0.778    0    0  (Gen:  0)
   476496     37264 431706944  0.000  0.000    0.776    0.778    0    0  (Gen:  0)
   476032     37288 431876480  0.000  0.000    0.776    0.779    0    0  (Gen:  0)
   476144     37144 432049208  0.000  0.000    0.777    0.779    0    0  (Gen:  0)
   476736     37224 432221984  0.000  0.000    0.777    0.780    0    0  (Gen:  0)
   478312     36872 432394216  0.000  0.000    0.778    0.780    0    0  (Gen:  0)
   475896     37200 432564440  0.000  0.000    0.778    0.780    0    0  (Gen:  0)
   474912     37336 432737360  0.000  0.000    0.778    0.780    0    0  (Gen:  0)
   476520     37584 432916648  0.000  0.000    0.778    0.781    0    0  (Gen:  0)
   477488     38168 433093408  0.000  0.000    0.778    0.781    0    0  (Gen:  0)
   477144     38136 433269800  0.000  0.000    0.778    0.781    0    0  (Gen:  0)
   476584     37712 433448992  0.000  0.000    0.779    0.781    0    0  (Gen:  0)
   475592     38272 433622648  0.000  0.000    0.779    0.781    0    0  (Gen:  0)
   476144     37480 433795592  0.000  0.000    0.779    0.781    0    0  (Gen:  0)
   477512     36712 433970800  0.000  0.000    0.779    0.781    0    0  (Gen:  0)
   474280     37824 434144816  0.000  0.000    0.779    0.781    0    0  (Gen:  0)
   474624     37624 434317784  0.000  0.000    0.779    0.781    0    0  (Gen:  0)
   476192     37480 434490680  0.000  0.000    0.779    0.782    0    0  (Gen:  0)
   474064     37864 434667008  0.000  0.000    0.779    0.782    0    0  (Gen:  0)
   474336     37600 434839880  0.000  0.000    0.780    0.782    0    0  (Gen:  0)
   476336     37432 435012824  0.000  0.000    0.780    0.782    0    0  (Gen:  0)
   477296     37696 435189032  0.000  0.000    0.780    0.782    0    0  (Gen:  0)
   475408     37920 435362192  0.000  0.000    0.780    0.782    0    0  (Gen:  0)
   475056     37648 435535016  0.000  0.000    0.780    0.782    0    0  (Gen:  0)
   477192     37512 435711160  0.000  0.000    0.780    0.782    0    0  (Gen:  0)
   477552     37248 435886984  0.000  0.000    0.780    0.783    0    0  (Gen:  0)
   475576     37584 436057088  0.000  0.000    0.780    0.783    0    0  (Gen:  0)
   478232     36936 436229632  0.000  0.000    0.780    0.783    0    0  (Gen:  0)
   478136     37440 436402664  0.000  0.000    0.781    0.783    0    0  (Gen:  0)
   478360     37408 436575480  0.000  0.000    0.781    0.783    0    0  (Gen:  0)
   476280     37240 436745072  0.000  0.000    0.781    0.783    0    0  (Gen:  0)
   475088     37240 436917800  0.000  0.000    0.781    0.783    0    0  (Gen:  0)
   474384     37080 437090528  0.000  0.000    0.781    0.783    0    0  (Gen:  0)
   477040     37288 437260208  0.000  0.000    0.781    0.783    0    0  (Gen:  0)
   476144     37096 437432792  0.000  0.000    0.781    0.784    0    0  (Gen:  0)
   473232     37672 437609192  0.000  0.000    0.781    0.784    0    0  (Gen:  0)
   476632     38240 437788720  0.000  0.000    0.781    0.784    0    0  (Gen:  0)
   476544     38256 437968600  0.000  0.000    0.782    0.784    0    0  (Gen:  0)
   476592     38024 438148096  0.000  0.000    0.782    0.784    0    0  (Gen:  0)
   475224     38736 438325664  0.000  0.000    0.782    0.784    0    0  (Gen:  0)
   477576     36912 438500656  0.000  0.000    0.782    0.784    0    0  (Gen:  0)
   475832     37584 438674792  0.000  0.000    0.782    0.784    0    0  (Gen:  0)
   477400     36752 438849976  0.000  0.000    0.782    0.784    0    0  (Gen:  0)
   474440     37968 439024016  0.000  0.000    0.782    0.784    0    0  (Gen:  0)
   475520     37392 439196864  0.000  0.000    0.782    0.785    0    0  (Gen:  0)
   474992     37600 439369952  0.000  0.000    0.782    0.785    0    0  (Gen:  0)
   474128     37600 439546016  0.000  0.000    0.782    0.785    0    0  (Gen:  0)
   474576     37384 439718936  0.000  0.000    0.783    0.785    0    0  (Gen:  0)
   475920     37512 439891904  0.000  0.000    0.783    0.785    0    0  (Gen:  0)
   476976     37816 440068208  0.000  0.000    0.783    0.785    0    0  (Gen:  0)
   476048     38088 440241248  0.000  0.000    0.783    0.785    0    0  (Gen:  0)
   475904     37552 440414240  0.000  0.000    0.783    0.785    0    0  (Gen:  0)
   476528     37504 440590304  0.000  0.000    0.783    0.785    0    0  (Gen:  0)
   476000     37704 440763392  0.000  0.000    0.783    0.786    0    0  (Gen:  0)
   478184     37296 440936032  0.000  0.000    0.783    0.786    0    0  (Gen:  0)
   476632     37096 441105656  0.000  0.000    0.783    0.786    0    0  (Gen:  0)
   474320     37480 441278696  0.000  0.000    0.784    0.786    0    0  (Gen:  0)
   477296     37192 441451232  0.000  0.000    0.784    0.786    0    0  (Gen:  0)
   475552     37104 441620816  0.000  0.000    0.784    0.786    0    0  (Gen:  0)
   475984     37072 441793472  0.000  0.000    0.784    0.786    0    0  (Gen:  0)
   474784     37280 441966272  0.000  0.000    0.784    0.786    0    0  (Gen:  0)
   476368     37168 442135856  0.000  0.000    0.784    0.786    0    0  (Gen:  0)
   478248     36552 442307848  0.000  0.000    0.784    0.786    0    0  (Gen:  0)
   476640     37880 442488352  0.000  0.000    0.784    0.787    0    0  (Gen:  0)
   477600     37848 442664416  0.000  0.000    0.784    0.787    0    0  (Gen:  0)
   477176     38040 442841168  0.000  0.000    0.784    0.787    0    0  (Gen:  0)
   474512     38152 443017736  0.000  0.000    0.785    0.787    0    0  (Gen:  0)
   475936     38176 443194064  0.000  0.000    0.785    0.787    0    0  (Gen:  0)
   474816     37648 443366888  0.000  0.000    0.785    0.787    0    0  (Gen:  0)
   475424     37680 443539976  0.000  0.000    0.785    0.787    0    0  (Gen:  0)
   474880     37784 443716208  0.000  0.000    0.785    0.787    0    0  (Gen:  0)
   475776     37648 443889128  0.000  0.000    0.785    0.787    0    0  (Gen:  0)
   475088     37536 444061976  0.000  0.000    0.785    0.788    0    0  (Gen:  0)
   476944     37576 444238208  0.000  0.000    0.785    0.788    0    0  (Gen:  0)
   475184     37816 444411296  0.000  0.000    0.785    0.788    0    0  (Gen:  0)
   474992     37600 444584192  0.000  0.000    0.786    0.788    0    0  (Gen:  0)
   475808     37624 444757064  0.000  0.000    0.786    0.788    0    0  (Gen:  0)
   476656     37240 444926648  0.000  0.000    0.786    0.788    0    0  (Gen:  0)
   477184     36808 445095824  0.000  0.000    0.786    0.788    0    0  (Gen:  0)
   475120     36496 445265000  0.000  0.000    0.786    0.788    0    0  (Gen:  0)
   476288     36648 445434416  0.000  0.000    0.786    0.788    0    0  (Gen:  0)
   477856     36880 445603784  0.000  0.000    0.786    0.788    0    0  (Gen:  0)
   476208     36312 445769552  0.000  0.000    0.786    0.789    0    0  (Gen:  0)
   476960     36288 445935488  0.000  0.000    0.786    0.789    0    0  (Gen:  0)
   475408     36472 446104808  0.000  0.000    0.786    0.789    0    0  (Gen:  0)
   477680     36432 446270648  0.000  0.000    0.787    0.789    0    0  (Gen:  0)
   477344     36400 446436632  0.000  0.000    0.787    0.789    0    0  (Gen:  0)
   478016     36352 446605688  0.000  0.000    0.787    0.789    0    0  (Gen:  0)
   479032     35952 446774344  0.000  0.000    0.787    0.789    0    0  (Gen:  0)
   477176     36384 446940752  0.000  0.000    0.787    0.789    0    0  (Gen:  0)
   477392     36328 447106784  0.000  0.000    0.787    0.789    0    0  (Gen:  0)
   474192     37264 447283088  0.000  0.000    0.787    0.790    0    0  (Gen:  0)
   475392     38432 447459584  0.000  0.000    0.787    0.790    0    0  (Gen:  0)
   474016     37864 447635816  0.000  0.000    0.787    0.790    0    0  (Gen:  0)
   474192     38016 447812216  0.000  0.000    0.788    0.790    0    0  (Gen:  0)
   477400     37304 447987784  0.000  0.000    0.788    0.790    0    0  (Gen:  0)
   475816     37488 448158128  0.000  0.000    0.788    0.790    0    0  (Gen:  0)
   475952     37168 448327688  0.000  0.000    0.788    0.790    0    0  (Gen:  0)
   477296     37288 448503704  0.000  0.000    0.788    0.790    0    0  (Gen:  0)
   476176     37320 448673384  0.000  0.000    0.788    0.790    0    0  (Gen:  0)
   476480     37048 448845968  0.000  0.000    0.788    0.791    0    0  (Gen:  0)
   478216     37120 449018736  0.000  0.000    0.788    0.791    0    0  (Gen:  0)
   477032     37464 449191664  0.000  0.000    0.788    0.791    0    0  (Gen:  0)
   476368     37288 449361248  0.000  0.000    0.789    0.791    0    0  (Gen:  0)
   478296     36408 449533096  0.000  0.000    0.789    0.791    0    0  (Gen:  0)
   475960     37344 449706872  0.000  0.000    0.789    0.791    0    0  (Gen:  0)
   478328     37152 449879560  0.000  0.000    0.789    0.791    0    0  (Gen:  0)
   476616     37224 450049304  0.000  0.000    0.789    0.791    0    0  (Gen:  0)
   476080     37168 450221960  0.000  0.000    0.789    0.791    0    0  (Gen:  0)
   478096     37312 450394808  0.000  0.000    0.789    0.791    0    0  (Gen:  0)
   478560     37032 450564152  0.000  0.000    0.789    0.792    0    0  (Gen:  0)
   479176     36200 450732808  0.000  0.000    0.789    0.792    0    0  (Gen:  0)
   475992     37080 450903032  0.000  0.000    0.789    0.792    0    0  (Gen:  0)
   475696     37096 451072304  0.000  0.000    0.790    0.792    0    0  (Gen:  0)
   475312     36592 451241528  0.000  0.000    0.790    0.792    0    0  (Gen:  0)
   476544     36768 451410872  0.000  0.000    0.790    0.792    0    0  (Gen:  0)
   475616     36912 451580240  0.000  0.000    0.790    0.792    0    0  (Gen:  0)
   476464     36832 451749512  0.000  0.000    0.790    0.792    0    0  (Gen:  0)
   477648     36816 451918904  0.000  0.000    0.790    0.792    0    0  (Gen:  0)
   474608     37368 452091848  0.000  0.000    0.790    0.793    0    0  (Gen:  0)
   477352     37848 452267952  0.000  0.000    0.790    0.793    0    0  (Gen:  0)
   475656     37504 452440952  0.000  0.000    0.790    0.793    0    0  (Gen:  0)
   474416     37600 452613992  0.000  0.000    0.791    0.793    0    0  (Gen:  0)
   477592     37688 452790144  0.000  0.000    0.791    0.793    0    0  (Gen:  0)
   476168     37456 452959688  0.000  0.000    0.791    0.793    0    0  (Gen:  0)
   478328     36424 453131752  0.000  0.000    0.791    0.793    0    0  (Gen:  0)
   476456     37296 453305264  0.000  0.000    0.791    0.793    0    0  (Gen:  0)
   478312     36824 453477448  0.000  0.000    0.791    0.793    0    0  (Gen:  0)
   476760     37288 453647816  0.000  0.000    0.791    0.793    0    0  (Gen:  0)
   474992     37096 453820400  0.000  0.000    0.791    0.794    0    0  (Gen:  0)
   476448     37264 453993272  0.000  0.000    0.791    0.794    0    0  (Gen:  0)
   476224     37392 454162808  0.000  0.000    0.791    0.794    0    0  (Gen:  0)
   477248     37096 454335488  0.000  0.000    0.792    0.794    0    0  (Gen:  0)
   476400     37264 454508360  0.000  0.000    0.792    0.794    0    0  (Gen:  0)
   478360     37064 454680688  0.000  0.000    0.792    0.794    0    0  (Gen:  0)
   476568     37192 454850720  0.000  0.000    0.792    0.794    0    0  (Gen:  0)
   475088     37144 455023496  0.000  0.000    0.792    0.794    0    0  (Gen:  0)
   478456     36632 455195680  0.000  0.000    0.792    0.794    0    0  (Gen:  0)
   479184     36848 455365360  0.000  0.000    0.792    0.795    0    0  (Gen:  0)
   478328     36792 455535056  0.000  0.000    0.792    0.795    0    0  (Gen:  0)
   476384     36912 455704520  0.000  0.000    0.792    0.795    0    0  (Gen:  0)
   476544     37016 455873864  0.000  0.000    0.793    0.795    0    0  (Gen:  0)
   475360     36536 456043040  0.000  0.000    0.793    0.795    0    0  (Gen:  0)
   476256     36576 456212384  0.000  0.000    0.793    0.795    0    0  (Gen:  0)
   476000     36912 456381896  0.000  0.000    0.793    0.795    0    0  (Gen:  0)
   476080     36704 456551024  0.000  0.000    0.793    0.795    0    0  (Gen:  0)
   477840     36528 456720320  0.000  0.000    0.793    0.795    0    0  (Gen:  0)
   476880     37416 456896720  0.000  0.000    0.793    0.796    0    0  (Gen:  0)
   475440     38176 457073120  0.000  0.000    0.793    0.796    0    0  (Gen:  0)
   475680     38136 457249568  0.000  0.000    0.793    0.796    0    0  (Gen:  0)
   474480     38032 457425968  0.000  0.000    0.794    0.796    0    0  (Gen:  0)
   474400     38112 457599224  0.000  0.000    0.794    0.796    0    0  (Gen:  0)
   476320     37168 457768352  0.000  0.000    0.794    0.796    0    0  (Gen:  0)
   475360     36448 457937528  0.000  0.000    0.794    0.796    0    0  (Gen:  0)
   476672     36792 458107040  0.000  0.000    0.794    0.796    0    0  (Gen:  0)
   477024     36952 458276384  0.000  0.000    0.794    0.796    0    0  (Gen:  0)
   477120     36800 458445728  0.000  0.000    0.794    0.796    0    0  (Gen:  0)
   476496     36640 458615024  0.000  0.000    0.794    0.797    0    0  (Gen:  0)
   475664     37000 458784632  0.000  0.000    0.794    0.797    0    0  (Gen:  0)
   476416     36688 458953712  0.000  0.000    0.794    0.797    0    0  (Gen:  0)
   475360     36560 459122936  0.000  0.000    0.795    0.797    0    0  (Gen:  0)
   475536     36672 459292328  0.000  0.000    0.795    0.797    0    0  (Gen:  0)
   476928     36984 459461768  0.000  0.000    0.795    0.797    0    0  (Gen:  0)
   477696     36744 459631016  0.000  0.000    0.795    0.797    0    0  (Gen:  0)
   476784     36880 459800408  0.000  0.000    0.795    0.797    0    0  (Gen:  0)
   477328     37128 459970088  0.000  0.000    0.795    0.797    0    0  (Gen:  0)
   476016     36712 460135856  0.000  0.000    0.795    0.798    0    0  (Gen:  0)
   479112     35736 460304416  0.000  0.000    0.795    0.798    0    0  (Gen:  0)
   477960     36576 460471016  0.000  0.000    0.795    0.798    0    0  (Gen:  0)
   477152     36472 460640072  0.000  0.000    0.796    0.798    0    0  (Gen:  0)
   477872     36360 460806008  0.000  0.000    0.796    0.798    0    0  (Gen:  0)
   476592     36232 460971824  0.000  0.000    0.796    0.798    0    0  (Gen:  0)
   476544     36440 461141072  0.000  0.000    0.796    0.798    0    0  (Gen:  0)
   477056     36464 461307104  0.000  0.000    0.796    0.798    0    0  (Gen:  0)
   478920     36048 461475952  0.000  0.000    0.796    0.798    0    0  (Gen:  0)
   479088     36192 461645056  0.000  0.000    0.796    0.798    0    0  (Gen:  0)
   476984     37288 461818424  0.000  0.000    0.796    0.799    0    0  (Gen:  0)
   476464     37392 461988008  0.000  0.000    0.796    0.799    0    0  (Gen:  0)
   476240     37144 462160592  0.000  0.000    0.796    0.799    0    0  (Gen:  0)
   475536     37120 462333416  0.000  0.000    0.797    0.799    0    0  (Gen:  0)
   475920     37200 462502808  0.000  0.000    0.797    0.799    0    0  (Gen:  0)
   477792     36696 462672152  0.000  0.000    0.797    0.799    0    0  (Gen:  0)
   477264     36792 462841544  0.000  0.000    0.797    0.799    0    0  (Gen:  0)
   475904     36904 463010960  0.000  0.000    0.797    0.799    0    0  (Gen:  0)
   476176     36736 463180184  0.000  0.000    0.797    0.799    0    0  (Gen:  0)
   477840     36624 463349480  0.000  0.000    0.797    0.800    0    0  (Gen:  0)
   475328     36816 463518896  0.000  0.000    0.797    0.800    0    0  (Gen:  0)
   475504     36832 463688216  0.000  0.000    0.797    0.800    0    0  (Gen:  0)
   476544     36672 463857464  0.000  0.000    0.798    0.800    0    0  (Gen:  0)
   476416     36672 464023664  0.000  0.000    0.798    0.800    0    0  (Gen:  0)
   476848     36688 464192936  0.000  0.000    0.798    0.800    0    0  (Gen:  0)
   476496     36304 464358752  0.000  0.000    0.798    0.800    0    0  (Gen:  0)
   476240     36184 464524592  0.000  0.000    0.798    0.800    0    0  (Gen:  0)
   476576     36160 464693648  0.000  0.000    0.798    0.800    0    0  (Gen:  0)
   478016     36400 464859632  0.000  0.000    0.798    0.800    0    0  (Gen:  0)
   479864     36000 465025216  0.000  0.000    0.798    0.801    0    0  (Gen:  0)
   478824     36016 465187952  0.000  0.000    0.798    0.801    0    0  (Gen:  0)
   479072     36208 465356960  0.000  0.000    0.798    0.801    0    0  (Gen:  0)
   479896     35456 465522136  0.000  0.000    0.799    0.801    0    0  (Gen:  0)
   477384     35952 465685352  0.000  0.000    0.799    0.801    0    0  (Gen:  0)
   477568     35920 465851048  0.000  0.000    0.799    0.801    0    0  (Gen:  0)
   477456     36040 466016864  0.000  0.000    0.799    0.801    0    0  (Gen:  0)
   479488     35992 466182512  0.000  0.000    0.799    0.801    0    0  (Gen:  0)
   479848     35304 466347640  0.000  0.000    0.799    0.801    0    0  (Gen:  0)
   477312     36800 466524232  0.000  0.000    0.799    0.802    0    0  (Gen:  0)
   476640     38144 466704016  0.000  0.000    0.799    0.802    0    0  (Gen:  0)
   473928     38584 466881296  0.000  0.000    0.799    0.802    0    0  (Gen:  0)
   472544     38392 467061032  0.000  0.000    0.800    0.802    0    0  (Gen:  0)
   474448     38496 467237720  0.000  0.000    0.800    0.802    0    0  (Gen:  0)
   474480     37912 467410496  0.000  0.000    0.800    0.802    0    0  (Gen:  0)
   474672     37456 467583512  0.000  0.000    0.800    0.802    0    0  (Gen:  0)
   475168     37552 467759600  0.000  0.000    0.800    0.802    0    0  (Gen:  0)
   476048     37976 467932736  0.000  0.000    0.800    0.802    0    0  (Gen:  0)
   477480     37248 468108496  0.000  0.000    0.800    0.803    0    0  (Gen:  0)
   475144     37504 468281792  0.000  0.000    0.800    0.803    0    0  (Gen:  0)
   477040     37832 468458120  0.000  0.000    0.800    0.803    0    0  (Gen:  0)
   474672     37560 468630944  0.000  0.000    0.801    0.803    0    0  (Gen:  0)
   477168     37560 468803912  0.000  0.000    0.801    0.803    0    0  (Gen:  0)
   474816     37920 468980360  0.000  0.000    0.801    0.803    0    0  (Gen:  0)
   474336     37584 469153088  0.000  0.000    0.801    0.803    0    0  (Gen:  0)
   474528     37408 469326056  0.000  0.000    0.801    0.803    0    0  (Gen:  0)
   474592     37552 469499024  0.000  0.000    0.801    0.803    0    0  (Gen:  0)
   474288     37792 469671992  0.000  0.000    0.801    0.804    0    0  (Gen:  0)
   477488     37168 469844624  0.000  0.000    0.801    0.804    0    0  (Gen:  0)
   476704     37152 470014208  0.000  0.000    0.801    0.804    0    0  (Gen:  0)
   477528  24013704 235250416  0.026  0.026    0.827    0.830    0    0  (Gen:  1)
   477384     37408 235420064  0.000  0.000    0.828    0.830    0    0  (Gen:  0)
   477104     37192 235592696  0.000  0.000    0.828    0.830    0    0  (Gen:  0)
   477024     37080 235765424  0.000  0.000    0.828    0.830    0    0  (Gen:  0)
   477456     37360 235938344  0.000  0.000    0.828    0.830    0    0  (Gen:  0)
   476608     37344 236107976  0.000  0.000    0.828    0.830    0    0  (Gen:  0)
   476720     37144 236280560  0.000  0.000    0.828    0.831    0    0  (Gen:  0)
   476296     36960 236459464  0.000  0.000    0.828    0.831    0    0  (Gen:  0)
   477504     37616 236636152  0.000  0.000    0.828    0.831    0    0  (Gen:  0)
   477264     37592 236812792  0.000  0.000    0.829    0.831    0    0  (Gen:  0)
   474808     38112 236989712  0.000  0.000    0.829    0.831    0    0  (Gen:  0)
   477544     38232 237166144  0.000  0.000    0.829    0.831    0    0  (Gen:  0)
   475544     37776 237339080  0.000  0.000    0.829    0.831    0    0  (Gen:  0)
   475856     37792 237512120  0.000  0.000    0.829    0.831    0    0  (Gen:  0)
   473360     37792 237688328  0.000  0.000    0.829    0.832    0    0  (Gen:  0)
   475008     37432 237861104  0.000  0.000    0.829    0.832    0    0  (Gen:  0)
   475568     37528 238034048  0.000  0.000    0.830    0.832    0    0  (Gen:  0)
   476704     37720 238210328  0.000  0.000    0.830    0.832    0    0  (Gen:  0)
   475376     37912 238383368  0.000  0.000    0.830    0.832    0    0  (Gen:  0)
   474704     37648 238556312  0.000  0.000    0.830    0.832    0    0  (Gen:  0)
   474288     37576 238729280  0.000  0.000    0.830    0.832    0    0  (Gen:  0)
   474992     37672 238905440  0.000  0.000    0.830    0.833    0    0  (Gen:  0)
   476096     37600 239078336  0.000  0.000    0.830    0.833    0    0  (Gen:  0)
   475760     37504 239251280  0.000  0.000    0.830    0.833    0    0  (Gen:  0)
   474608     37648 239427488  0.000  0.000    0.831    0.833    0    0  (Gen:  0)
   478456     37616 239600400  0.000  0.000    0.831    0.833    0    0  (Gen:  0)
   478296     37440 239773160  0.000  0.000    0.831    0.833    0    0  (Gen:  0)
   476784     37240 239942864  0.000  0.000    0.831    0.833    0    0  (Gen:  0)
   474496     37336 240115616  0.000  0.000    0.831    0.833    0    0  (Gen:  0)
   478232     36528 240287680  0.000  0.000    0.831    0.834    0    0  (Gen:  0)
   475896     37024 240457808  0.000  0.000    0.831    0.834    0    0  (Gen:  0)
   476544     37384 240630824  0.000  0.000    0.831    0.834    0    0  (Gen:  0)
   475280     37264 240803408  0.000  0.000    0.832    0.834    0    0  (Gen:  0)
   478264     36056 240975016  0.000  0.000    0.832    0.834    0    0  (Gen:  0)
   474344     37360 241149152  0.000  0.000    0.832    0.834    0    0  (Gen:  0)
   474096     38272 241329128  0.000  0.000    0.832    0.834    0    0  (Gen:  0)
   473872     38640 241505720  0.000  0.000    0.832    0.834    0    0  (Gen:  0)
   475520     38440 241685408  0.000  0.000    0.832    0.835    0    0  (Gen:  0)
   474496     38944 241865720  0.000  0.000    0.832    0.835    0    0  (Gen:  0)
   474336     38464 242038448  0.000  0.000    0.832    0.835    0    0  (Gen:  0)
   474528     37408 242211416  0.000  0.000    0.833    0.835    0    0  (Gen:  0)
   476720     37528 242387528  0.000  0.000    0.833    0.835    0    0  (Gen:  0)
   474640     37864 242560592  0.000  0.000    0.833    0.835    0    0  (Gen:  0)
   474960     37600 242733512  0.000  0.000    0.833    0.835    0    0  (Gen:  0)
   477432     37032 242909176  0.000  0.000    0.833    0.835    0    0  (Gen:  0)
   477456     37928 243086008  0.000  0.000    0.833    0.836    0    0  (Gen:  0)
   474968     37776 243258944  0.000  0.000    0.833    0.836    0    0  (Gen:  0)
   475952     37392 243431792  0.000  0.000    0.834    0.836    0    0  (Gen:  0)
   474464     37696 243604928  0.000  0.000    0.834    0.836    0    0  (Gen:  0)
   476432     37744 243781088  0.000  0.000    0.834    0.836    0    0  (Gen:  0)
   474528     37432 243953960  0.000  0.000    0.834    0.836    0    0  (Gen:  0)
   474464     37584 244126952  0.000  0.000    0.834    0.836    0    0  (Gen:  0)
   476560     37816 244303280  0.000  0.000    0.834    0.836    0    0  (Gen:  0)
   477040     37584 244472864  0.000  0.000    0.834    0.837    0    0  (Gen:  0)
   475760     37000 244645400  0.000  0.000    0.834    0.837    0    0  (Gen:  0)
   477696     37128 244818272  0.000  0.000    0.835    0.837    0    0  (Gen:  0)
   478312     37440 244991128  0.000  0.000    0.835    0.837    0    0  (Gen:  0)
   476376     37296 245160728  0.000  0.000    0.835    0.837    0    0  (Gen:  0)
   475184     37096 245333360  0.000  0.000    0.835    0.837    0    0  (Gen:  0)
   474768     37264 245506328  0.000  0.000    0.835    0.837    0    0  (Gen:  0)
   475136     37216 245675744  0.000  0.000    0.835    0.838    0    0  (Gen:  0)
   477856     37096 245848400  0.000  0.000    0.835    0.838    0    0  (Gen:  0)
   477304     37440 246024688  0.000  0.000    0.835    0.838    0    0  (Gen:  0)
   475496     38280 246201296  0.000  0.000    0.836    0.838    0    0  (Gen:  0)
   475104     37936 246377552  0.000  0.000    0.836    0.838    0    0  (Gen:  0)
   474864     38176 246554000  0.000  0.000    0.836    0.838    0    0  (Gen:  0)
   474048     38128 246730496  0.000  0.000    0.836    0.838    0    0  (Gen:  0)
   476096     37800 246903392  0.000  0.000    0.836    0.838    0    0  (Gen:  0)
   475760     37456 247076336  0.000  0.000    0.836    0.839    0    0  (Gen:  0)
   475424     37600 247252544  0.000  0.000    0.836    0.839    0    0  (Gen:  0)
   474992     37696 247425584  0.000  0.000    0.836    0.839    0    0  (Gen:  0)
   475328     37648 247598528  0.000  0.000    0.837    0.839    0    0  (Gen:  0)
   477440     37552 247774736  0.000  0.000    0.837    0.839    0    0  (Gen:  0)
   477496     37208 247950448  0.000  0.000    0.837    0.839    0    0  (Gen:  0)
   476264     37768 248124008  0.000  0.000    0.837    0.839    0    0  (Gen:  0)
   474864     37560 248296928  0.000  0.000    0.837    0.840    0    0  (Gen:  0)
   476400     37456 248469800  0.000  0.000    0.837    0.840    0    0  (Gen:  0)
   478360     37064 248642128  0.000  0.000    0.838    0.840    0    0  (Gen:  0)
   476568     37192 248812160  0.000  0.000    0.838    0.840    0    0  (Gen:  0)
   475088     37144 248984936  0.000  0.000    0.838    0.840    0    0  (Gen:  0)
   478456     36632 249157120  0.000  0.000    0.838    0.840    0    0  (Gen:  0)
   479184     36848 249326800  0.000  0.000    0.838    0.841    0    0  (Gen:  0)
   478328     36792 249496496  0.000  0.000    0.838    0.841    0    0  (Gen:  0)
   476384     36912 249665960  0.000  0.000    0.839    0.841    0    0  (Gen:  0)
   476544     37016 249835304  0.000  0.000    0.839    0.841    0    0  (Gen:  0)
   475360     36536 250004480  0.000  0.000    0.839    0.841    0    0  (Gen:  0)
   476256     36576 250173824  0.000  0.000    0.839    0.841    0    0  (Gen:  0)
   476000     36912 250343336  0.000  0.000    0.839    0.841    0    0  (Gen:  0)
   476080     36704 250512464  0.000  0.000    0.839    0.842    0    0  (Gen:  0)
   477840     36528 250681760  0.000  0.000    0.839    0.842    0    0  (Gen:  0)
   473408     37632 250858376  0.000  0.000    0.839    0.842    0    0  (Gen:  0)
   475360     38632 251038184  0.000  0.000    0.840    0.842    0    0  (Gen:  0)
   476632     38232 251217616  0.000  0.000    0.840    0.842    0    0  (Gen:  0)
   476592     37832 251397064  0.000  0.000    0.840    0.842    0    0  (Gen:  0)
   474280     38568 251574560  0.000  0.000    0.840    0.842    0    0  (Gen:  0)
   474432     37696 251747384  0.000  0.000    0.840    0.842    0    0  (Gen:  0)
   476016     37456 251920352  0.000  0.000    0.840    0.842    0    0  (Gen:  0)
   473392     37648 252096536  0.000  0.000    0.840    0.843    0    0  (Gen:  0)
   476384     38016 252269624  0.000  0.000    0.840    0.843    0    0  (Gen:  0)
   476144     37600 252442568  0.000  0.000    0.841    0.843    0    0  (Gen:  0)
   476288     37648 252618728  0.000  0.000    0.841    0.843    0    0  (Gen:  0)
   474496     37776 252791744  0.000  0.000    0.841    0.843    0    0  (Gen:  0)
   474624     37696 252964712  0.000  0.000    0.841    0.844    0    0  (Gen:  0)
   476160     37456 253137584  0.000  0.000    0.841    0.844    0    0  (Gen:  0)
   473728     37888 253313960  0.000  0.000    0.842    0.844    0    0  (Gen:  0)
   474528     37600 253486784  0.000  0.000    0.842    0.844    0    0  (Gen:  0)
   476336     37528 253659680  0.000  0.000    0.842    0.844    0    0  (Gen:  0)
   475376     37600 253835840  0.000  0.000    0.842    0.845    0    0  (Gen:  0)
   474816     37672 254008856  0.000  0.000    0.843    0.845    0    0  (Gen:  0)
   477088     37392 254178392  0.000  0.000    0.843    0.846    0    0  (Gen:  0)
   476672     37144 254350976  0.000  0.000    0.844    0.846    0    0  (Gen:  0)
   476000     37488 254523968  0.000  0.000    0.844    0.846    0    0  (Gen:  0)
   478328     37200 254696608  0.000  0.000    0.844    0.847    0    0  (Gen:  0)
   476952     37120 254866256  0.000  0.000    0.845    0.847    0    0  (Gen:  0)
   474784     37216 255039008  0.000  0.000    0.845    0.847    0    0  (Gen:  0)
   475360     37072 255211664  0.000  0.000    0.845    0.848    0    0  (Gen:  0)
   477040     37216 255381344  0.000  0.000    0.846    0.848    0    0  (Gen:  0)
   475472     37192 255554024  0.000  0.000    0.846    0.848    0    0  (Gen:  0)
   476568     38008 255733824  0.000  0.000    0.846    0.848    0    0  (Gen:  0)
   474376     38376 255907112  0.000  0.000    0.846    0.849    0    0  (Gen:  0)
   473872     37856 256083248  0.000  0.000    0.846    0.849    0    0  (Gen:  0)
   474080     38080 256259768  0.000  0.000    0.846    0.849    0    0  (Gen:  0)
   475952     38104 256436072  0.000  0.000    0.847    0.849    0    0  (Gen:  0)
   475232     37608 256608968  0.000  0.000    0.847    0.849    0    0  (Gen:  0)
   475664     37808 256782008  0.000  0.000    0.847    0.849    0    0  (Gen:  0)
   473744     37696 256958216  0.000  0.000    0.847    0.849    0    0  (Gen:  0)
   474720     37392 257130944  0.000  0.000    0.847    0.849    0    0  (Gen:  0)
   476000     37488 257303936  0.000  0.000    0.847    0.850    0    0  (Gen:  0)
   476272     37720 257480216  0.000  0.000    0.847    0.850    0    0  (Gen:  0)
   475376     37776 257653256  0.000  0.000    0.847    0.850    0    0  (Gen:  0)
   474848     37712 257826248  0.000  0.000    0.848    0.850    0    0  (Gen:  0)
   474432     37528 257999168  0.000  0.000    0.848    0.850    0    0  (Gen:  0)
   474704     37624 258175280  0.000  0.000    0.848    0.850    0    0  (Gen:  0)
   476336     37560 258348272  0.000  0.000    0.848    0.850    0    0  (Gen:  0)
   475520     37456 258521120  0.000  0.000    0.848    0.850    0    0  (Gen:  0)
   475136     37600 258697376  0.000  0.000    0.848    0.851    0    0  (Gen:  0)
   478032     37632 258870296  0.000  0.000    0.848    0.851    0    0  (Gen:  0)
   478456     36152 259042000  0.000  0.000    0.848    0.851    0    0  (Gen:  0)
   476856     37336 259212800  0.000  0.000    0.849    0.851    0    0  (Gen:  0)
   476400     37384 259385624  0.000  0.000    0.849    0.851    0    0  (Gen:  0)
   477008     37120 259558208  0.000  0.000    0.849    0.851    0    0  (Gen:  0)
   475216     37096 259727840  0.000  0.000    0.849    0.851    0    0  (Gen:  0)
   474496     37216 259900544  0.000  0.000    0.849    0.851    0    0  (Gen:  0)
   476944     37328 260073296  0.000  0.000    0.849    0.852    0    0  (Gen:  0)
   475072     37024 260242832  0.000  0.000    0.849    0.852    0    0  (Gen:  0)
   477288     37248 260418880  0.000  0.000    0.849    0.852    0    0  (Gen:  0)
   474392     38352 260599016  0.000  0.000    0.849    0.852    0    0  (Gen:  0)
   473776     38592 260775608  0.000  0.000    0.850    0.852    0    0  (Gen:  0)
   476240     38344 260955296  0.000  0.000    0.850    0.852    0    0  (Gen:  0)
   474160     38904 261135608  0.000  0.000    0.850    0.852    0    0  (Gen:  0)
   477008     37936 261308144  0.000  0.000    0.850    0.852    0    0  (Gen:  0)
   476032     37096 261477776  0.000  0.000    0.850    0.852    0    0  (Gen:  0)
   474416     37144 261650456  0.000  0.000    0.850    0.853    0    0  (Gen:  0)
   477312     37368 261823280  0.000  0.000    0.850    0.853    0    0  (Gen:  0)
   476128     37288 261992816  0.000  0.000    0.850    0.853    0    0  (Gen:  0)
   477536     37096 262165496  0.000  0.000    0.850    0.853    0    0  (Gen:  0)
   474704     37440 262338536  0.000  0.000    0.851    0.853    0    0  (Gen:  0)
   478280     37168 262511032  0.000  0.000    0.851    0.853    0    0  (Gen:  0)
   476904     37224 262680824  0.000  0.000    0.851    0.853    0    0  (Gen:  0)
   475424     37144 262853456  0.000  0.000    0.851    0.853    0    0  (Gen:  0)
   477456     37408 263026376  0.000  0.000    0.851    0.853    0    0  (Gen:  0)
   476032     37344 263195912  0.000  0.000    0.851    0.854    0    0  (Gen:  0)
   477632     37000 263368496  0.000  0.000    0.851    0.854    0    0  (Gen:  0)
   474656     37432 263541584  0.000  0.000    0.851    0.854    0    0  (Gen:  0)
   476464     37048 263710808  0.000  0.000    0.851    0.854    0    0  (Gen:  0)
   477888     36672 263880152  0.000  0.000    0.852    0.854    0    0  (Gen:  0)
   476928     36832 264049496  0.000  0.000    0.852    0.854    0    0  (Gen:  0)
   475904     37000 264218912  0.000  0.000    0.852    0.854    0    0  (Gen:  0)
   476464     36736 264388136  0.000  0.000    0.852    0.854    0    0  (Gen:  0)
   478416     36720 264557528  0.000  0.000    0.852    0.854    0    0  (Gen:  0)
   476368     37032 264727016  0.000  0.000    0.852    0.855    0    0  (Gen:  0)
   477216     37216 264896456  0.000  0.000    0.852    0.855    0    0  (Gen:  0)
   475456     36520 265065536  0.000  0.000    0.852    0.855    0    0  (Gen:  0)
   478328     36600 265238080  0.000  0.000    0.852    0.855    0    0  (Gen:  0)
   474888     37672 265411496  0.000  0.000    0.853    0.855    0    0  (Gen:  0)
   474672     37648 265584320  0.000  0.000    0.853    0.855    0    0  (Gen:  0)
   477624     36744 265759648  0.000  0.000    0.853    0.855    0    0  (Gen:  0)
   477600     37440 265936432  0.000  0.000    0.853    0.855    0    0  (Gen:  0)
   475752     37848 266106512  0.000  0.000    0.853    0.855    0    0  (Gen:  0)
   476144     37096 266279144  0.000  0.000    0.853    0.856    0    0  (Gen:  0)
   475264     37248 266448776  0.000  0.000    0.853    0.856    0    0  (Gen:  0)
   475920     37384 266621504  0.000  0.000    0.853    0.856    0    0  (Gen:  0)
   477296     37072 266794184  0.000  0.000    0.854    0.856    0    0  (Gen:  0)
   475840     37152 266963816  0.000  0.000    0.854    0.856    0    0  (Gen:  0)
   474528     37240 267136544  0.000  0.000    0.854    0.856    0    0  (Gen:  0)
   475856     37360 267309272  0.000  0.000    0.854    0.856    0    0  (Gen:  0)
   478344     37096 267482016  0.000  0.000    0.854    0.856    0    0  (Gen:  0)
   477720     37240 267651584  0.000  0.000    0.854    0.857    0    0  (Gen:  0)
   475712     37112 267821048  0.000  0.000    0.854    0.857    0    0  (Gen:  0)
   476368     36832 267990224  0.000  0.000    0.854    0.857    0    0  (Gen:  0)
   477648     36712 268159568  0.000  0.000    0.855    0.857    0    0  (Gen:  0)
   475760     37000 268329032  0.000  0.000    0.855    0.857    0    0  (Gen:  0)
   479048     36672 268498000  0.000  0.000    0.855    0.857    0    0  (Gen:  0)
   477544     36520 268664144  0.000  0.000    0.855    0.857    0    0  (Gen:  0)
   476816     36368 268830128  0.000  0.000    0.855    0.857    0    0  (Gen:  0)
   475232     36448 268999280  0.000  0.000    0.855    0.858    0    0  (Gen:  0)
   476064     36240 269165096  0.000  0.000    0.855    0.858    0    0  (Gen:  0)
   476528     36192 269330936  0.000  0.000    0.855    0.858    0    0  (Gen:  0)
   478816     36376 269500160  0.000  0.000    0.856    0.858    0    0  (Gen:  0)
   476848     36688 269666312  0.000  0.000    0.856    0.858    0    0  (Gen:  0)
   478952     36296 269835192  0.000  0.000    0.856    0.858    0    0  (Gen:  0)
   477032     36408 270001304  0.000  0.000    0.856    0.858    0    0  (Gen:  0)
   473168     38048 270181352  0.000  0.000    0.856    0.858    0    0  (Gen:  0)
   475664     38584 270361040  0.000  0.000    0.856    0.859    0    0  (Gen:  0)
   476680     37920 270540328  0.000  0.000    0.856    0.859    0    0  (Gen:  0)
   475400     38808 270720800  0.000  0.000    0.856    0.859    0    0  (Gen:  0)
   477352     37712 270896464  0.000  0.000    0.856    0.859    0    0  (Gen:  0)
   476392     37840 271070288  0.000  0.000    0.857    0.859    0    0  (Gen:  0)
   475472     37648 271243328  0.000  0.000    0.857    0.859    0    0  (Gen:  0)
   474992     37744 271419488  0.000  0.000    0.857    0.859    0    0  (Gen:  0)
   476096     37600 271592384  0.000  0.000    0.857    0.860    0    0  (Gen:  0)
   475760     37504 271765328  0.000  0.000    0.857    0.860    0    0  (Gen:  0)
   474608     37648 271941536  0.000  0.000    0.858    0.860    0    0  (Gen:  0)
   474704     37696 272114528  0.000  0.000    0.858    0.860    0    0  (Gen:  0)
   475424     37696 272287472  0.000  0.000    0.858    0.860    0    0  (Gen:  0)
   477624     36720 272462800  0.000  0.000    0.858    0.860    0    0  (Gen:  0)
   475608     37912 272636888  0.000  0.000    0.858    0.860    0    0  (Gen:  0)
   474672     37648 272809712  0.000  0.000    0.858    0.861    0    0  (Gen:  0)
   477528     36696 272984992  0.000  0.000    0.858    0.861    0    0  (Gen:  0)
   477648     37440 273161824  0.000  0.000    0.858    0.861    0    0  (Gen:  0)
   475800     37848 273331904  0.000  0.000    0.858    0.861    0    0  (Gen:  0)
   476144     37096 273504536  0.000  0.000    0.859    0.861    0    0  (Gen:  0)
   475264     37248 273674168  0.000  0.000    0.859    0.861    0    0  (Gen:  0)
   475920     37384 273846896  0.000  0.000    0.859    0.861    0    0  (Gen:  0)
   477296     37072 274019576  0.000  0.000    0.859    0.861    0    0  (Gen:  0)
   475840     37152 274189208  0.000  0.000    0.859    0.861    0    0  (Gen:  0)
   474528     37240 274361936  0.000  0.000    0.859    0.862    0    0  (Gen:  0)
   475856     37360 274534664  0.000  0.000    0.859    0.862    0    0  (Gen:  0)
   478288     37096 274707416  0.000  0.000    0.859    0.862    0    0  (Gen:  0)
   476816     37552 274880456  0.000  0.000    0.859    0.862    0    0  (Gen:  0)
   473456     38112 275056880  0.000  0.000    0.860    0.862    0    0  (Gen:  0)
   474784     37984 275233208  0.000  0.000    0.860    0.862    0    0  (Gen:  0)
   477496     37712 275409304  0.000  0.000    0.860    0.862    0    0  (Gen:  0)
   476352     37952 275588944  0.000  0.000    0.860    0.862    0    0  (Gen:  0)
   475976     38080 275762456  0.000  0.000    0.860    0.862    0    0  (Gen:  0)
   474528     37408 275935232  0.000  0.000    0.860    0.863    0    0  (Gen:  0)
   475216     37744 276108392  0.000  0.000    0.860    0.863    0    0  (Gen:  0)
   475808     37720 276284456  0.000  0.000    0.860    0.863    0    0  (Gen:  0)
   475296     37528 276457376  0.000  0.000    0.860    0.863    0    0  (Gen:  0)
   475040     37528 276630320  0.000  0.000    0.861    0.863    0    0  (Gen:  0)
   474448     37912 276806648  0.000  0.000    0.861    0.863    0    0  (Gen:  0)
   474912     37608 276979520  0.000  0.000    0.861    0.863    0    0  (Gen:  0)
   475856     37480 277152416  0.000  0.000    0.861    0.863    0    0  (Gen:  0)
   474272     37744 277325504  0.000  0.000    0.861    0.864    0    0  (Gen:  0)
   476720     37792 277501664  0.000  0.000    0.861    0.864    0    0  (Gen:  0)
   474384     37480 277674536  0.000  0.000    0.861    0.864    0    0  (Gen:  0)
   474512     37680 277847576  0.000  0.000    0.861    0.864    0    0  (Gen:  0)
   476656     37768 278023856  0.000  0.000    0.862    0.864    0    0  (Gen:  0)
   476992     37528 278193392  0.000  0.000    0.862    0.864    0    0  (Gen:  0)
   475760     37048 278365976  0.000  0.000    0.862    0.864    0    0  (Gen:  0)
   477744     37128 278538848  0.000  0.000    0.862    0.864    0    0  (Gen:  0)
   478312     37208 278711464  0.000  0.000    0.862    0.864    0    0  (Gen:  0)
   476280     37296 278881352  0.000  0.000    0.862    0.865    0    0  (Gen:  0)
   475280     37192 279053984  0.000  0.000    0.862    0.865    0    0  (Gen:  0)
   475008     37264 279226904  0.000  0.000    0.862    0.865    0    0  (Gen:  0)
   476992     37392 279396440  0.000  0.000    0.862    0.865    0    0  (Gen:  0)
   475712     36952 279568928  0.000  0.000    0.863    0.865    0    0  (Gen:  0)
   474176     37608 279745496  0.000  0.000    0.863    0.865    0    0  (Gen:  0)
   476032     38632 279925400  0.000  0.000    0.863    0.865    0    0  (Gen:  0)
   476632     38528 280105176  0.000  0.000    0.863    0.865    0    0  (Gen:  0)
   476640     38400 280284952  0.000  0.000    0.863    0.866    0    0  (Gen:  0)
   474408     38784 280461944  0.000  0.000    0.863    0.866    0    0  (Gen:  0)
   474816     37960 280634768  0.000  0.000    0.863    0.866    0    0  (Gen:  0)
   477528     36504 280809904  0.000  0.000    0.863    0.866    0    0  (Gen:  0)
   474744     37720 280984040  0.000  0.000    0.864    0.866    0    0  (Gen:  0)
   477432     37800 281160136  0.000  0.000    0.864    0.866    0    0  (Gen:  0)
   474632     37440 281333072  0.000  0.000    0.864    0.866    0    0  (Gen:  0)
   474224     37488 281506016  0.000  0.000    0.864    0.866    0    0  (Gen:  0)
   476752     37784 281682344  0.000  0.000    0.864    0.867    0    0  (Gen:  0)
   476576     37728 281855336  0.000  0.000    0.864    0.867    0    0  (Gen:  0)
   475024     37552 282028184  0.000  0.000    0.864    0.867    0    0  (Gen:  0)
   475104     37696 282204440  0.000  0.000    0.864    0.867    0    0  (Gen:  0)
   474528     38016 282377360  0.000  0.000    0.865    0.867    0    0  (Gen:  0)
   476144     37440 282550304  0.000  0.000    0.865    0.867    0    0  (Gen:  0)
   477416     37464 282726376  0.000  0.000    0.865    0.867    0    0  (Gen:  0)
   474920     37704 282899456  0.000  0.000    0.865    0.868    0    0  (Gen:  0)
   476176     37192 283069040  0.000  0.000    0.865    0.868    0    0  (Gen:  0)
   478152     37088 283241712  0.000  0.000    0.865    0.868    0    0  (Gen:  0)
   475096     37488 283414760  0.000  0.000    0.865    0.868    0    0  (Gen:  0)
   478328     37248 283587352  0.000  0.000    0.866    0.868    0    0  (Gen:  0)
   477096     37272 283757096  0.000  0.000    0.866    0.868    0    0  (Gen:  0)
   475456     37216 283929800  0.000  0.000    0.866    0.868    0    0  (Gen:  0)
   475072     37328 284102504  0.000  0.000    0.866    0.868    0    0  (Gen:  0)
   476176     37120 284272088  0.000  0.000    0.866    0.869    0    0  (Gen:  0)
   477824     37096 284444720  0.000  0.000    0.866    0.869    0    0  (Gen:  0)
   476728     37872 284624536  0.000  0.000    0.866    0.869    0    0  (Gen:  0)
   477456     37944 284800648  0.000  0.000    0.867    0.869    0    0  (Gen:  0)
   477080     38088 284977400  0.000  0.000    0.867    0.869    0    0  (Gen:  0)
   474560     38160 285153920  0.000  0.000    0.867    0.869    0    0  (Gen:  0)
   476560     38224 285330344  0.000  0.000    0.867    0.869    0    0  (Gen:  0)
   476144     37672 285503192  0.000  0.000    0.867    0.870    0    0  (Gen:  0)
   475760     37840 285676328  0.000  0.000    0.867    0.870    0    0  (Gen:  0)
   475312     37768 285852512  0.000  0.000    0.867    0.870    0    0  (Gen:  0)
   475200     37696 286025432  0.000  0.000    0.867    0.870    0    0  (Gen:  0)
   475424     37480 286198328  0.000  0.000    0.868    0.870    0    0  (Gen:  0)
   474608     37648 286374536  0.000  0.000    0.868    0.870    0    0  (Gen:  0)
   475712     37752 286547528  0.000  0.000    0.868    0.870    0    0  (Gen:  0)
   477440     37744 286723688  0.000  0.000    0.868    0.870    0    0  (Gen:  0)
   475264     37504 286893416  0.000  0.000    0.868    0.871    0    0  (Gen:  0)
   478376     36160 287064904  0.000  0.000    0.868    0.871    0    0  (Gen:  0)
   479136     35808 287234344  0.000  0.000    0.868    0.871    0    0  (Gen:  0)
   479136     36576 287404504  0.000  0.000    0.868    0.871    0    0  (Gen:  0)
   476056     36768 287574128  0.000  0.000    0.869    0.871    0    0  (Gen:  0)
   479096     36528 287743144  0.000  0.000    0.869    0.871    0    0  (Gen:  0)
   477592     36480 287909432  0.000  0.000    0.869    0.871    0    0  (Gen:  0)
   476816     36560 288075464  0.000  0.000    0.869    0.871    0    0  (Gen:  0)
   476272     36424 288244592  0.000  0.000    0.869    0.872    0    0  (Gen:  0)
   477968     36424 288410528  0.000  0.000    0.869    0.873    0    0  (Gen:  0)
   479016     35424 288578704  0.000  0.000    0.869    0.873    0    0  (Gen:  0)
   477864     36472 288745688  0.000  0.000    0.870    0.873    0    0  (Gen:  0)
   476624     36472 288914792  0.000  0.000    0.870    0.873    0    0  (Gen:  0)
   477584     36312 289080728  0.000  0.000    0.870    0.873    0    0  (Gen:  0)
   476352     36376 289246544  0.000  0.000    0.870    0.874    0    0  (Gen:  0)
   476408     36792 289425616  0.000  0.000    0.870    0.874    0    0  (Gen:  0)
   477600     38352 289602400  0.000  0.000    0.870    0.874    0    0  (Gen:  0)
   477032     38040 289779104  0.000  0.000    0.870    0.874    0    0  (Gen:  0)
   474944     38104 289955576  0.000  0.000    0.871    0.874    0    0  (Gen:  0)
   477656     37968 290131648  0.000  0.000    0.871    0.874    0    0  (Gen:  0)
   475672     37408 290301416  0.000  0.000    0.871    0.874    0    0  (Gen:  0)
   478376     36984 290474008  0.000  0.000    0.871    0.875    0    0  (Gen:  0)
   474872     37488 290647088  0.000  0.000    0.871    0.875    0    0  (Gen:  0)
   475984     37296 290816672  0.000  0.000    0.871    0.875    0    0  (Gen:  0)
   477008     37000 290989256  0.000  0.000    0.871    0.875    0    0  (Gen:  0)
   476928     37120 291162032  0.000  0.000    0.872    0.875    0    0  (Gen:  0)
   477696     37408 291334952  0.000  0.000    0.872    0.875    0    0  (Gen:  0)
   476656     37344 291504536  0.000  0.000    0.872    0.875    0    0  (Gen:  0)
   478256     37096 291677168  0.000  0.000    0.872    0.876    0    0  (Gen:  0)
   476000     37536 291850256  0.000  0.000    0.872    0.876    0    0  (Gen:  0)
   478232     36624 292022224  0.000  0.000    0.872    0.876    0    0  (Gen:  0)
   476904     37072 292192496  0.000  0.000    0.873    0.876    0    0  (Gen:  0)
   474784     37120 292365200  0.000  0.000    0.873    0.876    0    0  (Gen:  0)
   478280     36864 292537696  0.000  0.000    0.873    0.877    0    0  (Gen:  0)
   479136     36920 292707280  0.000  0.000    0.873    0.877    0    0  (Gen:  0)
   479040     36200 292876144  0.000  0.000    0.873    0.877    0    0  (Gen:  0)
   475896     37128 293046368  0.000  0.000    0.874    0.877    0    0  (Gen:  0)
   476512     36808 293215592  0.000  0.000    0.874    0.877    0    0  (Gen:  0)
   475744     36560 293384768  0.000  0.000    0.874    0.878    0    0  (Gen:  0)
   475776     36576 293554064  0.000  0.000    0.874    0.878    0    0  (Gen:  0)
   475952     36960 293723576  0.000  0.000    0.875    0.878    0    0  (Gen:  0)
   476464     36656 293892704  0.000  0.000    0.875    0.879    0    0  (Gen:  0)
   479112     36720 294062144  0.000  0.000    0.875    0.879    0    0  (Gen:  0)
   477472     37304 294238288  0.000  0.000    0.876    0.879    0    0  (Gen:  0)
   474392     38056 294411464  0.000  0.000    0.876    0.880    0    0  (Gen:  0)
   475520     37536 294584360  0.000  0.000    0.876    0.880    0    0  (Gen:  0)
   477416     36808 294759760  0.000  0.000    0.877    0.880    0    0  (Gen:  0)
   474824     37744 294933560  0.000  0.000    0.877    0.881    0    0  (Gen:  0)
   476176     37344 295103144  0.000  0.000    0.877    0.881    0    0  (Gen:  0)
   478152     36840 295275424  0.000  0.000    0.878    0.881    0    0  (Gen:  0)
   475384     37344 295448624  0.000  0.000    0.878    0.881    0    0  (Gen:  0)
   478280     37200 295621408  0.000  0.000    0.878    0.881    0    0  (Gen:  0)
   476472     37168 295791056  0.000  0.000    0.878    0.881    0    0  (Gen:  0)
   476224     37168 295963760  0.000  0.000    0.878    0.882    0    0  (Gen:  0)
   474544     37168 296136464  0.000  0.000    0.878    0.882    0    0  (Gen:  0)
   476128     37168 296306096  0.000  0.000    0.878    0.882    0    0  (Gen:  0)
   478296     36600 296478184  0.000  0.000    0.878    0.882    0    0  (Gen:  0)
   476536     37440 296651720  0.000  0.000    0.878    0.882    0    0  (Gen:  0)
   478184     37584 296824408  0.000  0.000    0.879    0.882    0    0  (Gen:  0)
   476280     37224 296994152  0.000  0.000    0.879    0.882    0    0  (Gen:  0)
   474368     37000 297166688  0.000  0.000    0.879    0.882    0    0  (Gen:  0)
   478360     36632 297338920  0.000  0.000    0.879    0.882    0    0  (Gen:  0)
   479136     36792 297508696  0.000  0.000    0.879    0.883    0    0  (Gen:  0)
   479088     36144 297677608  0.000  0.000    0.879    0.883    0    0  (Gen:  0)
   477240     37080 297847880  0.000  0.000    0.879    0.883    0    0  (Gen:  0)
   475456     37048 298017104  0.000  0.000    0.879    0.883    0    0  (Gen:  0)
   475360     36448 298186280  0.000  0.000    0.880    0.883    0    0  (Gen:  0)
   476496     36672 298355672  0.000  0.000    0.880    0.883    0    0  (Gen:  0)
   475712     36856 298525040  0.000  0.000    0.880    0.883    0    0  (Gen:  0)
   476368     36784 298694312  0.000  0.000    0.880    0.883    0    0  (Gen:  0)
   477600     36576 298863560  0.000  0.000    0.880    0.883    0    0  (Gen:  0)
   476256     37608 299040104  0.000  0.000    0.880    0.884    0    0  (Gen:  0)
   474336     38424 299216552  0.000  0.000    0.880    0.884    0    0  (Gen:  0)
   475968     37992 299392904  0.000  0.000    0.880    0.884    0    0  (Gen:  0)
   474912     38088 299569256  0.000  0.000    0.880    0.884    0    0  (Gen:  0)
   475792     38104 299742464  0.000  0.000    0.880    0.884    0    0  (Gen:  0)
   476464     37168 299911688  0.000  0.000    0.881    0.884    0    0  (Gen:  0)
   476464     36544 300080912  0.000  0.000    0.881    0.884    0    0  (Gen:  0)
   477184     36904 300250448  0.000  0.000    0.881    0.884    0    0  (Gen:  0)
   477072     37216 300419888  0.000  0.000    0.881    0.884    0    0  (Gen:  0)
   475456     36568 300589064  0.000  0.000    0.881    0.885    0    0  (Gen:  0)
   476304     36664 300758456  0.000  0.000    0.881    0.885    0    0  (Gen:  0)
   476000     36904 300927824  0.000  0.000    0.881    0.885    0    0  (Gen:  0)
   476080     36832 301097096  0.000  0.000    0.881    0.885    0    0  (Gen:  0)
   475504     36400 301266176  0.000  0.000    0.881    0.885    0    0  (Gen:  0)
   475200     36712 301435616  0.000  0.000    0.882    0.885    0    0  (Gen:  0)
   477600     36928 301605008  0.000  0.000    0.882    0.885    0    0  (Gen:  0)
   476544     36736 301774256  0.000  0.000    0.882    0.885    0    0  (Gen:  0)
   477072     36688 301943648  0.000  0.000    0.882    0.885    0    0  (Gen:  0)
   476384     37048 302113256  0.000  0.000    0.882    0.886    0    0  (Gen:  0)
   476208     36544 302278976  0.000  0.000    0.882    0.886    0    0  (Gen:  0)
   476528     36232 302444864  0.000  0.000    0.882    0.886    0    0  (Gen:  0)
   477728     36304 302614016  0.000  0.000    0.882    0.886    0    0  (Gen:  0)
   476320     36624 302780168  0.000  0.000    0.882    0.886    0    0  (Gen:  0)
   475872     36208 302945840  0.000  0.000    0.883    0.886    0    0  (Gen:  0)
   479112     35928 303114592  0.000  0.000    0.883    0.886    0    0  (Gen:  0)
   478328     36688 303284336  0.000  0.000    0.883    0.886    0    0  (Gen:  0)
   477920     36496 303450224  0.000  0.000    0.883    0.886    0    0  (Gen:  0)
   476864     36304 303616112  0.000  0.000    0.883    0.887    0    0  (Gen:  0)
   475312     36472 303785432  0.000  0.000    0.883    0.887    0    0  (Gen:  0)
   476352     37184 303958256  0.000  0.000    0.883    0.887    0    0  (Gen:  0)
   478376     37080 304130848  0.000  0.000    0.883    0.887    0    0  (Gen:  0)
   477480     37168 304300544  0.000  0.000    0.883    0.887    0    0  (Gen:  0)
   477480     36768 304476016  0.000  0.000    0.883    0.887    0    0  (Gen:  0)
   479232     37360 304646088  0.000  0.000    0.884    0.887    0    0  (Gen:  0)
   477656     36696 304815440  0.000  0.000    0.884    0.887    0    0  (Gen:  0)
   477648     36744 304984832  0.000  0.000    0.884    0.887    0    0  (Gen:  0)
   475424     36960 305154296  0.000  0.000    0.884    0.887    0    0  (Gen:  0)
   476608     36656 305323472  0.000  0.000    0.884    0.888    0    0  (Gen:  0)
   477696     36624 305492816  0.000  0.000    0.884    0.888    0    0  (Gen:  0)
   475568     36864 305662280  0.000  0.000    0.884    0.888    0    0  (Gen:  0)
   476544     36968 305831624  0.000  0.000    0.884    0.888    0    0  (Gen:  0)
   475360     36536 306000800  0.000  0.000    0.884    0.888    0    0  (Gen:  0)
   475936     36648 306167048  0.000  0.000    0.885    0.888    0    0  (Gen:  0)
   475664     36568 306336152  0.000  0.000    0.885    0.888    0    0  (Gen:  0)
   477872     36360 306501992  0.000  0.000    0.885    0.888    0    0  (Gen:  0)
   476720     36400 306667928  0.000  0.000    0.885    0.888    0    0  (Gen:  0)
   476096     36304 306836984  0.000  0.000    0.885    0.889    0    0  (Gen:  0)
   477264     36288 307002848  0.000  0.000    0.885    0.889    0    0  (Gen:  0)
   477424     36040 307165376  0.000  0.000    0.885    0.889    0    0  (Gen:  0)
   477104     35848 307330952  0.000  0.000    0.885    0.889    0    0  (Gen:  0)
   476336     36048 307496984  0.000  0.000    0.885    0.889    0    0  (Gen:  0)
   479864     36072 307662576  0.000  0.000    0.885    0.889    0    0  (Gen:  0)
   479904     35360 307827760  0.000  0.000    0.886    0.889    0    0  (Gen:  0)
   479904     35376 307993480  0.000  0.000    0.886    0.889    0    0  (Gen:  0)
   478520     36112 308159936  0.000  0.000    0.886    0.889    0    0  (Gen:  0)
   479872     36088 308325680  0.000  0.000    0.886    0.889    0    0  (Gen:  0)
   478224     35992 308488280  0.000  0.000    0.886    0.890    0    0  (Gen:  0)
   473376     37240 308664728  0.000  0.000    0.886    0.890    0    0  (Gen:  0)
   473072     38488 308844416  0.000  0.000    0.886    0.890    0    0  (Gen:  0)
   476584     38064 309023848  0.000  0.000    0.886    0.890    0    0  (Gen:  0)
   476688     37976 309203536  0.000  0.000    0.886    0.890    0    0  (Gen:  0)
   474664     38616 309380840  0.000  0.000    0.887    0.890    0    0  (Gen:  0)
   474432     37792 309553712  0.000  0.000    0.887    0.890    0    0  (Gen:  0)
   474736     37384 309726512  0.000  0.000    0.887    0.890    0    0  (Gen:  0)
   474192     37656 309902768  0.000  0.000    0.887    0.890    0    0  (Gen:  0)
   474720     37624 310075784  0.000  0.000    0.887    0.891    0    0  (Gen:  0)
   476288     37584 310248776  0.000  0.000    0.887    0.891    0    0  (Gen:  0)
   477368     37032 310424320  0.000  0.000    0.887    0.891    0    0  (Gen:  0)
   475320     37936 310598072  0.000  0.000    0.887    0.891    0    0  (Gen:  0)
   474912     37600 310770944  0.000  0.000    0.887    0.891    0    0  (Gen:  0)
   475632     37552 310943912  0.000  0.000    0.888    0.891    0    0  (Gen:  0)
   474160     37840 311120192  0.000  0.000    0.888    0.891    0    0  (Gen:  0)
   474480     37600 311293064  0.000  0.000    0.888    0.891    0    0  (Gen:  0)
   476336     37480 311466008  0.000  0.000    0.888    0.891    0    0  (Gen:  0)
   475232     37648 311642168  0.000  0.000    0.888    0.891    0    0  (Gen:  0)
   475440     37584 311815088  0.000  0.000    0.888    0.892    0    0  (Gen:  0)
   476800     37344 311984624  0.000  0.000    0.888    0.892    0    0  (Gen:  0)
   476096     37096 312157256  0.000  0.000    0.888    0.892    0    0  (Gen:  0)
   474096     37176 312330128  0.000  0.000    0.888    0.892    0    0  (Gen:  0)
   476560     37288 312499760  0.000  0.000    0.888    0.892    0    0  (Gen:  0)
   476624     37096 312672344  0.000  0.000    0.889    0.892    0    0  (Gen:  0)
   476928     37128 312845120  0.000  0.000    0.889    0.892    0    0  (Gen:  0)
   477984     37504 313018136  0.000  0.000    0.889    0.892    0    0  (Gen:  0)
   477184     37384 313187672  0.000  0.000    0.889    0.892    0    0  (Gen:  0)
   474416     37192 313360256  0.000  0.000    0.889    0.893    0    0  (Gen:  0)
   473536     37720 313536896  0.000  0.000    0.889    0.893    0    0  (Gen:  0)
   473504     38032 313713104  0.000  0.000    0.889    0.893    0    0  (Gen:  0)
   475872     37744 313889360  0.000  0.000    0.889    0.893    0    0  (Gen:  0)
   473936     38200 314065880  0.000  0.000    0.889    0.893    0    0  (Gen:  0)
   477368     37344 314241472  0.000  0.000    0.890    0.893    0    0  (Gen:  0)
   475960     37680 314415152  0.000  0.000    0.890    0.893    0    0  (Gen:  0)
   475808     37648 314588240  0.000  0.000    0.890    0.893    0    0  (Gen:  0)
   474032     37648 314764400  0.000  0.000    0.890    0.893    0    0  (Gen:  0)
   474672     37480 314937320  0.000  0.000    0.890    0.894    0    0  (Gen:  0)
   475808     37536 315110216  0.000  0.000    0.890    0.894    0    0  (Gen:  0)
   476464     37768 315286496  0.000  0.000    0.890    0.894    0    0  (Gen:  0)
   474992     37728 315459440  0.000  0.000    0.890    0.894    0    0  (Gen:  0)
   475520     37664 315632480  0.000  0.000    0.890    0.894    0    0  (Gen:  0)
   477336     36624 315807664  0.000  0.000    0.890    0.894    0    0  (Gen:  0)
   475704     37816 315981848  0.000  0.000    0.891    0.894    0    0  (Gen:  0)
   477464     37592 316157784  0.000  0.000    0.891    0.894    0    0  (Gen:  0)
   476040     37488 316330832  0.000  0.000    0.891    0.894    0    0  (Gen:  0)
   477496     37440 316506784  0.000  0.000    0.891    0.894    0    0  (Gen:  0)
   478464     37656 316679944  0.000  0.000    0.891    0.895    0    0  (Gen:  0)
   476184     37248 316849640  0.000  0.000    0.891    0.895    0    0  (Gen:  0)
   475952     37048 317022320  0.000  0.000    0.891    0.895    0    0  (Gen:  0)
   476400     37312 317195240  0.000  0.000    0.891    0.895    0    0  (Gen:  0)
   476464     37392 317364824  0.000  0.000    0.891    0.895    0    0  (Gen:  0)
   476240     37144 317537408  0.000  0.000    0.892    0.895    0    0  (Gen:  0)
   475536     37120 317710232  0.000  0.000    0.892    0.895    0    0  (Gen:  0)
   478312     37112 317882704  0.000  0.000    0.892    0.895    0    0  (Gen:  0)
   476424     37200 318052640  0.000  0.000    0.892    0.895    0    0  (Gen:  0)
   477008     37456 318228896  0.000  0.000    0.892    0.896    0    0  (Gen:  0)
   473760     38392 318408824  0.000  0.000    0.892    0.896    0    0  (Gen:  0)
   474016     38736 318585464  0.000  0.000    0.892    0.896    0    0  (Gen:  0)
   475328     38392 318765056  0.000  0.000    0.892    0.896    0    0  (Gen:  0)
   473648     38824 318945248  0.000  0.000    0.892    0.896    0    0  (Gen:  0)
   474336     38200 319118120  0.000  0.000    0.892    0.896    0    0  (Gen:  0)
   476336     37432 319291064  0.000  0.000    0.893    0.896    0    0  (Gen:  0)
   476288     37648 319467224  0.000  0.000    0.893    0.896    0    0  (Gen:  0)
   475408     37872 319640384  0.000  0.000    0.893    0.896    0    0  (Gen:  0)
   475056     37648 319813208  0.000  0.000    0.893    0.896    0    0  (Gen:  0)
   477192     37512 319989352  0.000  0.000    0.893    0.897    0    0  (Gen:  0)
   477272     37888 320165816  0.000  0.000    0.893    0.897    0    0  (Gen:  0)
   475776     37776 320338640  0.000  0.000    0.893    0.897    0    0  (Gen:  0)
   475088     37440 320511488  0.000  0.000    0.893    0.897    0    0  (Gen:  0)
   477512     36904 320687080  0.000  0.000    0.893    0.897    0    0  (Gen:  0)
   474200     37752 320860784  0.000  0.000    0.894    0.897    0    0  (Gen:  0)
   475472     37432 321033728  0.000  0.000    0.894    0.897    0    0  (Gen:  0)
   474656     37696 321206720  0.000  0.000    0.894    0.897    0    0  (Gen:  0)
   475232     37648 321382976  0.000  0.000    0.894    0.897    0    0  (Gen:  0)
   476560     37368 321552512  0.000  0.000    0.894    0.898    0    0  (Gen:  0)
   476000     37048 321725096  0.000  0.000    0.894    0.898    0    0  (Gen:  0)
   477264     37224 321898016  0.000  0.000    0.894    0.898    0    0  (Gen:  0)
   475600     37480 322067648  0.000  0.000    0.894    0.898    0    0  (Gen:  0)
   474944     37144 322240232  0.000  0.000    0.894    0.898    0    0  (Gen:  0)
   478120     36344 322412368  0.000  0.000    0.894    0.898    0    0  (Gen:  0)
   476696     37456 322586024  0.000  0.000    0.895    0.898    0    0  (Gen:  0)
   476800     37288 322755560  0.000  0.000    0.895    0.898    0    0  (Gen:  0)
   475856     37096 322928096  0.000  0.000    0.895    0.898    0    0  (Gen:  0)
   476640     37528 323104544  0.000  0.000    0.895    0.898    0    0  (Gen:  0)
   475536     38280 323280944  0.000  0.000    0.895    0.899    0    0  (Gen:  0)
   474960     37984 323457296  0.000  0.000    0.895    0.899    0    0  (Gen:  0)
   474816     38032 323633744  0.000  0.000    0.895    0.899    0    0  (Gen:  0)
   474288     38128 323810144  0.000  0.000    0.895    0.899    0    0  (Gen:  0)
   476384     37800 323983088  0.000  0.000    0.895    0.899    0    0  (Gen:  0)
   476288     37648 324156176  0.000  0.000    0.896    0.899    0    0  (Gen:  0)
   474800     37648 324332240  0.000  0.000    0.896    0.899    0    0  (Gen:  0)
   474608     37752 324505328  0.000  0.000    0.896    0.899    0    0  (Gen:  0)
   475520     37456 324678176  0.000  0.000    0.896    0.899    0    0  (Gen:  0)
   477480     37056 324853888  0.000  0.000    0.896    0.900    0    0  (Gen:  0)
   477504     37064 325029952  0.000  0.000    0.896    0.900    0    0  (Gen:  0)
   476216     37624 325203656  0.000  0.000    0.896    0.900    0    0  (Gen:  0)
   477072     37560 325376624  0.000  0.000    0.896    0.900    0    0  (Gen:  0)
   476192     37576 325549568  0.000  0.000    0.896    0.900    0    0  (Gen:  0)
   478328     37344 325722064  0.000  0.000    0.896    0.900    0    0  (Gen:  0)
   475608     37072 325891904  0.000  0.000    0.897    0.900    0    0  (Gen:  0)
   474656     37048 326064584  0.000  0.000    0.897    0.900    0    0  (Gen:  0)
   478264     36872 326237056  0.000  0.000    0.897    0.900    0    0  (Gen:  0)
   479184     36992 326406736  0.000  0.000    0.897    0.900    0    0  (Gen:  0)
   479136     36152 326575504  0.000  0.000    0.897    0.901    0    0  (Gen:  0)
   475192     36912 326745608  0.000  0.000    0.897    0.901    0    0  (Gen:  0)
   477216     37112 326915048  0.000  0.000    0.897    0.901    0    0  (Gen:  0)
   475456     36536 327084128  0.000  0.000    0.897    0.901    0    0  (Gen:  0)
   476352     36624 327253520  0.000  0.000    0.897    0.901    0    0  (Gen:  0)
   475904     36912 327422984  0.000  0.000    0.898    0.901    0    0  (Gen:  0)
   476176     36752 327592160  0.000  0.000    0.898    0.901    0    0  (Gen:  0)
   477744     36528 327761408  0.000  0.000    0.898    0.901    0    0  (Gen:  0)
   474784     37752 327938144  0.000  0.000    0.898    0.901    0    0  (Gen:  0)
   472256     38728 328117928  0.000  0.000    0.898    0.902    0    0  (Gen:  0)
   476392     37248 328296640  0.000  0.000    0.898    0.902    0    0  (Gen:  0)
   476544     37640 328476568  0.000  0.000    0.898    0.902    0    0  (Gen:  0)
   473816     38640 328654184  0.000  0.000    0.898    0.902    0    0  (Gen:  0)
   474528     37720 328827008  0.000  0.000    0.898    0.902    0    0  (Gen:  0)
   475920     37552 328999928  0.000  0.000    0.899    0.902    0    0  (Gen:  0)
   475056     37872 329176328  0.000  0.000    0.899    0.902    0    0  (Gen:  0)
   474432     37680 329349200  0.000  0.000    0.899    0.902    0    0  (Gen:  0)
   474768     37456 329522072  0.000  0.000    0.899    0.902    0    0  (Gen:  0)
   477592     36704 329697304  0.000  0.000    0.899    0.903    0    0  (Gen:  0)
   474472     37752 329871320  0.000  0.000    0.899    0.903    0    0  (Gen:  0)
   475296     37528 330044240  0.000  0.000    0.899    0.903    0    0  (Gen:  0)
   475104     37552 330217208  0.000  0.000    0.899    0.903    0    0  (Gen:  0)
   474208     37856 330393440  0.000  0.000    0.899    0.903    0    0  (Gen:  0)
   474960     37600 330566408  0.000  0.000    0.900    0.903    0    0  (Gen:  0)
   475904     37536 330739304  0.000  0.000    0.900    0.903    0    0  (Gen:  0)
   477416     37664 330915480  0.000  0.000    0.900    0.903    0    0  (Gen:  0)
   476120     37744 331088504  0.000  0.000    0.900    0.903    0    0  (Gen:  0)
   476128     37296 331258040  0.000  0.000    0.900    0.904    0    0  (Gen:  0)
   476096     37192 331430720  0.000  0.000    0.900    0.904    0    0  (Gen:  0)
   474432     37224 331603544  0.000  0.000    0.900    0.904    0    0  (Gen:  0)
   476944     37344 331773224  0.000  0.000    0.900    0.904    0    0  (Gen:  0)
   476096     37048 331945712  0.000  0.000    0.900    0.904    0    0  (Gen:  0)
   477312     37264 332118632  0.000  0.000    0.900    0.904    0    0  (Gen:  0)
   478224     37512 332291456  0.000  0.000    0.901    0.904    0    0  (Gen:  0)
   476224     37192 332460992  0.000  0.000    0.901    0.904    0    0  (Gen:  0)
   476080     37312 332633840  0.000  0.000    0.901    0.904    0    0  (Gen:  0)
   476504     37872 332813536  0.000  0.000    0.901    0.904    0    0  (Gen:  0)
   477552     38024 332989792  0.000  0.000    0.901    0.905    0    0  (Gen:  0)
   476792     37936 333166304  0.000  0.000    0.901    0.905    0    0  (Gen:  0)
   473840     38152 333342872  0.000  0.000    0.901    0.905    0    0  (Gen:  0)
   477608     37632 333518656  0.000  0.000    0.901    0.905    0    0  (Gen:  0)
   476104     37728 333692144  0.000  0.000    0.901    0.905    0    0  (Gen:  0)
   475664     37600 333865232  0.000  0.000    0.902    0.905    0    0  (Gen:  0)
   474704     37696 334041344  0.000  0.000    0.902    0.905    0    0  (Gen:  0)
   476336     37560 334214336  0.000  0.000    0.902    0.905    0    0  (Gen:  0)
   475520     37456 334387184  0.000  0.000    0.902    0.905    0    0  (Gen:  0)
   475136     37600 334563440  0.000  0.000    0.902    0.906    0    0  (Gen:  0)
   474080     37656 334736384  0.000  0.000    0.902    0.906    0    0  (Gen:  0)
   475664     37456 334909376  0.000  0.000    0.902    0.906    0    0  (Gen:  0)
   477528     36576 335084560  0.000  0.000    0.902    0.906    0    0  (Gen:  0)
   475752     37864 335258792  0.000  0.000    0.902    0.906    0    0  (Gen:  0)
   474480     37648 335431568  0.000  0.000    0.903    0.906    0    0  (Gen:  0)
   477528     36264 335606560  0.000  0.000    0.903    0.906    0    0  (Gen:  0)
   477552     37544 335783824  0.000  0.000    0.903    0.906    0    0  (Gen:  0)
   476424     37888 335953808  0.000  0.000    0.903    0.907    0    0  (Gen:  0)
   476000     37144 336126440  0.000  0.000    0.903    0.907    0    0  (Gen:  0)
   478360     36248 336298384  0.000  0.000    0.903    0.907    0    0  (Gen:  0)
   477944     37504 336472184  0.000  0.000    0.903    0.907    0    0  (Gen:  0)
   476320     37248 336641720  0.000  0.000    0.904    0.907    0    0  (Gen:  0)
   477200     37144 336814352  0.000  0.000    0.904    0.907    0    0  (Gen:  0)
   475904     37240 336987248  0.000  0.000    0.904    0.907    0    0  (Gen:  0)
   478424     37200 337159696  0.000  0.000    0.904    0.908    0    0  (Gen:  0)
   475512     37224 337329632  0.000  0.000    0.904    0.908    0    0  (Gen:  0)
   475376     37360 337505792  0.000  0.000    0.904    0.908    0    0  (Gen:  0)
   474240     38392 337685768  0.000  0.000    0.904    0.908    0    0  (Gen:  0)
   474016     38640 337862408  0.000  0.000    0.905    0.908    0    0  (Gen:  0)
   474128     38440 338042000  0.000  0.000    0.905    0.908    0    0  (Gen:  0)
   473712     38752 338222120  0.000  0.000    0.905    0.908    0    0  (Gen:  0)
   476608     38112 338391752  0.000  0.000    0.905    0.909    0    0  (Gen:  0)
   476432     37048 338564240  0.000  0.000    0.905    0.909    0    0  (Gen:  0)
   478080     37264 338737208  0.000  0.000    0.905    0.909    0    0  (Gen:  0)
   478176     37560 338910080  0.000  0.000    0.905    0.909    0    0  (Gen:  0)
   476800     37344 339079616  0.000  0.000    0.905    0.909    0    0  (Gen:  0)
   475088     37048 339252200  0.000  0.000    0.906    0.909    0    0  (Gen:  0)
   476336     37296 339425240  0.000  0.000    0.906    0.909    0    0  (Gen:  0)
   478184     36720 339597304  0.000  0.000    0.906    0.910    0    0  (Gen:  0)
   477048     37176 339767480  0.000  0.000    0.906    0.910    0    0  (Gen:  0)
   474656     37096 339940160  0.000  0.000    0.906    0.910    0    0  (Gen:  0)
   477984     37408 340113176  0.000  0.000    0.906    0.910    0    0  (Gen:  0)
   477184     37384 340282712  0.000  0.000    0.907    0.910    0    0  (Gen:  0)
   475040     37144 340455248  0.000  0.000    0.907    0.910    0    0  (Gen:  0)
   474816     37168 340628216  0.000  0.000    0.907    0.910    0    0  (Gen:  0)
   478752     37104 340797560  0.000  0.000    0.907    0.911    0    0  (Gen:  0)
   478416     36744 340966856  0.000  0.000    0.907    0.911    0    0  (Gen:  0)
   475296     36792 341136200  0.000  0.000    0.907    0.911    0    0  (Gen:  0)
   476864     36864 341305616  0.000  0.000    0.908    0.912    0    0  (Gen:  0)
   476608     36736 341474888  0.000  0.000    0.908    0.912    0    0  (Gen:  0)
   479016     36720 341644232  0.000  0.000    0.909    0.912    0    0  (Gen:  0)
   478144     36696 341816608  0.000  0.000    0.909    0.913    0    0  (Gen:  0)
   479136     36848 341986240  0.000  0.000    0.910    0.913    0    0  (Gen:  0)
   479000     36744 342155744  0.000  0.000    0.910    0.913    0    0  (Gen:  0)
   478456     37040 342328552  0.000  0.000    0.910    0.914    0    0  (Gen:  0)
   475368     37800 342501728  0.000  0.000    0.910    0.914    0    0  (Gen:  0)
   474336     37600 342674600  0.000  0.000    0.910    0.914    0    0  (Gen:  0)
   474672     37312 342847424  0.000  0.000    0.911    0.914    0    0  (Gen:  0)
   475536     37816 343023872  0.000  0.000    0.911    0.914    0    0  (Gen:  0)
   477104     37576 343196600  0.000  0.000    0.911    0.915    0    0  (Gen:  0)
   476128     37152 343366136  0.000  0.000    0.911    0.915    0    0  (Gen:  0)
   474320     37096 343538720  0.000  0.000    0.911    0.915    0    0  (Gen:  0)
   477216     37368 343711592  0.000  0.000    0.911    0.915    0    0  (Gen:  0)
   476176     37240 343881176  0.000  0.000    0.911    0.915    0    0  (Gen:  0)
   477296     37048 344053760  0.000  0.000    0.912    0.915    0    0  (Gen:  0)
   474848     37384 344226800  0.000  0.000    0.912    0.915    0    0  (Gen:  0)
   478328     37152 344399296  0.000  0.000    0.912    0.915    0    0  (Gen:  0)
   476952     37216 344569088  0.000  0.000    0.912    0.915    0    0  (Gen:  0)
   478152     36072 344740696  0.000  0.000    0.912    0.916    0    0  (Gen:  0)
   476360     37144 344911208  0.000  0.000    0.912    0.916    0    0  (Gen:  0)
   478560     36840 345080552  0.000  0.000    0.912    0.916    0    0  (Gen:  0)
   479128     36768 345249736  0.000  0.000    0.912    0.916    0    0  (Gen:  0)
   478368     36272 345421744  0.000  0.000    0.912    0.916    0    0  (Gen:  0)
   476696     37072 345588632  0.000  0.000    0.913    0.916    0    0  (Gen:  0)
   476576     36240 345754520  0.000  0.000    0.913    0.916    0    0  (Gen:  0)
   476624     36448 345920456  0.000  0.000    0.913    0.916    0    0  (Gen:  0)
   475952     36448 346089560  0.000  0.000    0.913    0.917    0    0  (Gen:  0)
   477488     36408 346255496  0.000  0.000    0.913    0.917    0    0  (Gen:  0)
   477008     36256 346421336  0.000  0.000    0.913    0.917    0    0  (Gen:  0)
   475568     36352 346590440  0.000  0.000    0.913    0.917    0    0  (Gen:  0)
   477104     36456 346756472  0.000  0.000    0.913    0.917    0    0  (Gen:  0)
   478952     35128 346924240  0.000  0.000    0.913    0.917    0    0  (Gen:  0)
   478944     35888 347094256  0.000  0.000    0.914    0.917    0    0  (Gen:  0)
   473432     38112 347274968  0.000  0.000    0.914    0.917    0    0  (Gen:  0)
   474256     38544 347451560  0.000  0.000    0.914    0.917    0    0  (Gen:  0)
   473888     38296 347631104  0.000  0.000    0.914    0.917    0    0  (Gen:  0)
   474096     38472 347811128  0.000  0.000    0.914    0.918    0    0  (Gen:  0)
   474112     38328 347984240  0.000  0.000    0.914    0.918    0    0  (Gen:  0)
   477384     36888 348159712  0.000  0.000    0.914    0.918    0    0  (Gen:  0)
   474920     37624 348333416  0.000  0.000    0.914    0.918    0    0  (Gen:  0)
   477544     37328 348509224  0.000  0.000    0.914    0.918    0    0  (Gen:  0)
   475832     37728 348682544  0.000  0.000    0.915    0.918    0    0  (Gen:  0)
   474576     37456 348855512  0.000  0.000    0.915    0.918    0    0  (Gen:  0)
   476304     37776 349031816  0.000  0.000    0.915    0.918    0    0  (Gen:  0)
   476144     37992 349204856  0.000  0.000    0.915    0.918    0    0  (Gen:  0)
   475712     37696 349377848  0.000  0.000    0.915    0.919    0    0  (Gen:  0)
   477480     37200 349553560  0.000  0.000    0.915    0.919    0    0  (Gen:  0)
   475800     37920 349727120  0.000  0.000    0.915    0.919    0    0  (Gen:  0)
   474336     37600 349899992  0.000  0.000    0.915    0.919    0    0  (Gen:  0)
   474672     37312 350072816  0.000  0.000    0.915    0.919    0    0  (Gen:  0)
   475536     37816 350249264  0.000  0.000    0.915    0.919    0    0  (Gen:  0)
   477104     37576 350421992  0.000  0.000    0.916    0.919    0    0  (Gen:  0)
   476128     37152 350591528  0.000  0.000    0.916    0.919    0    0  (Gen:  0)
   474320     37096 350764112  0.000  0.000    0.916    0.919    0    0  (Gen:  0)
   477216     37368 350936984  0.000  0.000    0.916    0.920    0    0  (Gen:  0)
   476176     37240 351106568  0.000  0.000    0.916    0.920    0    0  (Gen:  0)
   477296     37048 351279152  0.000  0.000    0.916    0.920    0    0  (Gen:  0)
   474848     37384 351452192  0.000  0.000    0.916    0.920    0    0  (Gen:  0)
   478328     37200 351624736  0.000  0.000    0.916    0.920    0    0  (Gen:  0)
   476952     37216 351794480  0.000  0.000    0.916    0.920    0    0  (Gen:  0)
   476288     37456 351970640  0.000  0.000    0.917    0.920    0    0  (Gen:  0)
   474800     38200 352147160  0.000  0.000    0.917    0.920    0    0  (Gen:  0)
   475504     38048 352323440  0.000  0.000    0.917    0.920    0    0  (Gen:  0)
   475056     37864 352499744  0.000  0.000    0.917    0.920    0    0  (Gen:  0)
   474784     38416 352676432  0.000  0.000    0.917    0.921    0    0  (Gen:  0)
   475536     38008 352849448  0.000  0.000    0.917    0.921    0    0  (Gen:  0)
   477240     36840 353024824  0.000  0.000    0.917    0.921    0    0  (Gen:  0)
   476328     37824 353198576  0.000  0.000    0.917    0.921    0    0  (Gen:  0)
   477432     37512 353374480  0.000  0.000    0.917    0.921    0    0  (Gen:  0)
   475912     37552 353547728  0.000  0.000    0.918    0.921    0    0  (Gen:  0)
   474656     37696 353720720  0.000  0.000    0.918    0.921    0    0  (Gen:  0)
   473600     37600 353896928  0.000  0.000    0.918    0.921    0    0  (Gen:  0)
   474864     37440 354069752  0.000  0.000    0.918    0.921    0    0  (Gen:  0)
   475712     37536 354242744  0.000  0.000    0.918    0.922    0    0  (Gen:  0)
   477320     37368 354418624  0.000  0.000    0.918    0.922    0    0  (Gen:  0)
   474488     37888 354591992  0.000  0.000    0.918    0.922    0    0  (Gen:  0)
   474704     37536 354764936  0.000  0.000    0.918    0.922    0    0  (Gen:  0)
   474512     37648 354937976  0.000  0.000    0.918    0.922    0    0  (Gen:  0)
   477056     37744 355114136  0.000  0.000    0.919    0.922    0    0  (Gen:  0)
   475744     37464 355283672  0.000  0.000    0.919    0.922    0    0  (Gen:  0)
   476192     36952 355456208  0.000  0.000    0.919    0.922    0    0  (Gen:  0)
   477264     37264 355629224  0.000  0.000    0.919    0.922    0    0  (Gen:  0)
   478408     36872 355801360  0.000  0.000    0.919    0.923    0    0  (Gen:  0)
   476136     37344 355971632  0.000  0.000    0.919    0.923    0    0  (Gen:  0)
   474944     37096 356144312  0.000  0.000    0.919    0.923    0    0  (Gen:  0)
   476640     37312 356317136  0.000  0.000    0.919    0.923    0    0  (Gen:  0)
   475744     37288 356486624  0.000  0.000    0.919    0.923    0    0  (Gen:  0)
   476288     37000 356659256  0.000  0.000    0.920    0.923    0    0  (Gen:  0)
   473536     37872 356835992  0.000  0.000    0.920    0.923    0    0  (Gen:  0)
   472832     38536 357015584  0.000  0.000    0.920    0.923    0    0  (Gen:  0)
   476536     37824 357194824  0.000  0.000    0.920    0.923    0    0  (Gen:  0)
   476400     37640 357374416  0.000  0.000    0.920    0.924    0    0  (Gen:  0)
   475432     38656 357552104  0.000  0.000    0.920    0.924    0    0  (Gen:  0)
   474672     37840 357724928  0.000  0.000    0.920    0.924    0    0  (Gen:  0)
   476160     37504 357897848  0.000  0.000    0.920    0.924    0    0  (Gen:  0)
   474816     37864 358074296  0.000  0.000    0.920    0.924    0    0  (Gen:  0)
   474336     37592 358247024  0.000  0.000    0.921    0.924    0    0  (Gen:  0)
   474528     37408 358419992  0.000  0.000    0.921    0.924    0    0  (Gen:  0)
   477512     37440 358596016  0.000  0.000    0.921    0.924    0    0  (Gen:  0)
   474984     37984 358769288  0.000  0.000    0.921    0.924    0    0  (Gen:  0)
   475008     37552 358942112  0.000  0.000    0.921    0.925    0    0  (Gen:  0)
   475344     37504 359115128  0.000  0.000    0.921    0.925    0    0  (Gen:  0)
   474256     37792 359291360  0.000  0.000    0.921    0.925    0    0  (Gen:  0)
   474624     37696 359464328  0.000  0.000    0.921    0.925    0    0  (Gen:  0)
   476144     37432 359637176  0.000  0.000    0.921    0.925    0    0  (Gen:  0)
   475376     37696 359813384  0.000  0.000    0.921    0.925    0    0  (Gen:  0)
   475584     37632 359986304  0.000  0.000    0.922    0.925    0    0  (Gen:  0)
   476560     37336 360155792  0.000  0.000    0.922    0.925    0    0  (Gen:  0)
   476000     37144 360328472  0.000  0.000    0.922    0.925    0    0  (Gen:  0)
   474432     37176 360501344  0.000  0.000    0.922    0.926    0    0  (Gen:  0)
   476560     37296 360670976  0.000  0.000    0.922    0.926    0    0  (Gen:  0)
   476432     37000 360843512  0.000  0.000    0.922    0.926    0    0  (Gen:  0)
   477024     37224 361016384  0.000  0.000    0.922    0.926    0    0  (Gen:  0)
   478320     37552 361189352  0.000  0.000    0.922    0.926    0    0  (Gen:  0)
   476656     37392 361358840  0.000  0.000    0.922    0.926    0    0  (Gen:  0)
   474176     37048 361531424  0.000  0.000    0.923    0.926    0    0  (Gen:  0)
   473728     37720 361708064  0.000  0.000    0.923    0.926    0    0  (Gen:  0)
   474080     38032 361884320  0.000  0.000    0.923    0.926    0    0  (Gen:  0)
   475248     37752 362060576  0.000  0.000    0.923    0.927    0    0  (Gen:  0)
   473984     38104 362237192  0.000  0.000    0.923    0.927    0    0  (Gen:  0)
   477560     37504 362412784  0.000  0.000    0.923    0.927    0    0  (Gen:  0)
   475720     37672 362586368  0.000  0.000    0.923    0.927    0    0  (Gen:  0)
   475808     37552 362759456  0.000  0.000    0.923    0.927    0    0  (Gen:  0)
   474416     37744 362935664  0.000  0.000    0.923    0.927    0    0  (Gen:  0)
   474624     37528 363108536  0.000  0.000    0.924    0.927    0    0  (Gen:  0)
   475616     37584 363281432  0.000  0.000    0.924    0.927    0    0  (Gen:  0)
   476512     37672 363457712  0.000  0.000    0.924    0.927    0    0  (Gen:  0)
   474896     37768 363630704  0.000  0.000    0.924    0.928    0    0  (Gen:  0)
   475520     37696 363803696  0.000  0.000    0.924    0.928    0    0  (Gen:  0)
   476576     37480 363976520  0.000  0.000    0.924    0.928    0    0  (Gen:  0)
   475952     37080 364145936  0.000  0.000    0.924    0.928    0    0  (Gen:  0)
   476128     36736 364315160  0.000  0.000    0.924    0.928    0    0  (Gen:  0)
   477840     36576 364484456  0.000  0.000    0.924    0.928    0    0  (Gen:  0)
   475376     36808 364653872  0.000  0.000    0.925    0.928    0    0  (Gen:  0)
   479096     36096 364822456  0.000  0.000    0.925    0.928    0    0  (Gen:  0)
   477592     36472 364989128  0.000  0.000    0.925    0.928    0    0  (Gen:  0)
   477104     36368 365155160  0.000  0.000    0.925    0.929    0    0  (Gen:  0)
   476320     36472 365324336  0.000  0.000    0.925    0.929    0    0  (Gen:  0)
   476112     36400 365490152  0.000  0.000    0.925    0.929    0    0  (Gen:  0)
   477152     36280 365656040  0.000  0.000    0.925    0.929    0    0  (Gen:  0)
   476528     36400 365825144  0.000  0.000    0.925    0.929    0    0  (Gen:  0)
   476176     36384 365991104  0.000  0.000    0.925    0.929    0    0  (Gen:  0)
   479160     35256 366159040  0.000  0.000    0.926    0.929    0    0  (Gen:  0)
   479480     36376 366326168  0.000  0.000    0.926    0.929    0    0  (Gen:  0)
   476584     37600 366505992  0.000  0.000    0.926    0.929    0    0  (Gen:  0)
   477344     38296 366682448  0.000  0.000    0.926    0.929    0    0  (Gen:  0)
   476616     38040 366858752  0.000  0.000    0.926    0.930    0    0  (Gen:  0)
   474512     38152 367035320  0.000  0.000    0.926    0.930    0    0  (Gen:  0)
   474992     38152 367208456  0.000  0.000    0.926    0.930    0    0  (Gen:  0)
   477680     37336 367380992  0.000  0.000    0.926    0.930    0    0  (Gen:  0)
   478456     36240 367552888  0.000  0.000    0.926    0.930    0    0  (Gen:  0)
   476216     37416 367726736  0.000  0.000    0.927    0.930    0    0  (Gen:  0)
   476560     37296 367896368  0.000  0.000    0.927    0.930    0    0  (Gen:  0)
   476432     37000 368068904  0.000  0.000    0.927    0.930    0    0  (Gen:  0)
   477024     37224 368241776  0.000  0.000    0.927    0.930    0    0  (Gen:  0)
   478320     37552 368414744  0.000  0.000    0.927    0.931    0    0  (Gen:  0)
   476656     37392 368584232  0.000  0.000    0.927    0.931    0    0  (Gen:  0)
   477008     37096 368756864  0.000  0.000    0.927    0.931    0    0  (Gen:  0)
   474288     37264 368929832  0.000  0.000    0.927    0.931    0    0  (Gen:  0)
   476608     37344 369099464  0.000  0.000    0.927    0.931    0    0  (Gen:  0)
   476432     37048 369271952  0.000  0.000    0.928    0.931    0    0  (Gen:  0)
   477072     37216 369444872  0.000  0.000    0.928    0.931    0    0  (Gen:  0)
   476848     37488 369614552  0.000  0.000    0.928    0.931    0    0  (Gen:  0)
   476944     36904 369783680  0.000  0.000    0.928    0.931    0    0  (Gen:  0)
   476272     36688 369952952  0.000  0.000    0.928    0.932    0    0  (Gen:  0)
   475264     37152 370122584  0.000  0.000    0.928    0.932    0    0  (Gen:  0)
   476176     36856 370291760  0.000  0.000    0.928    0.932    0    0  (Gen:  0)
   476176     36640 370460984  0.000  0.000    0.928    0.932    0    0  (Gen:  0)
   475056     36720 370630280  0.000  0.000    0.928    0.932    0    0  (Gen:  0)
   476384     36960 370799696  0.000  0.000    0.929    0.932    0    0  (Gen:  0)
   476320     36784 370968968  0.000  0.000    0.929    0.932    0    0  (Gen:  0)
   479224     36176 371137672  0.000  0.000    0.929    0.932    0    0  (Gen:  0)
   476888     37512 371314616  0.000  0.000    0.929    0.932    0    0  (Gen:  0)
   476384     38184 371487704  0.000  0.000    0.929    0.933    0    0  (Gen:  0)
   476144     37600 371660648  0.000  0.000    0.929    0.933    0    0  (Gen:  0)
   476288     37648 371836808  0.000  0.000    0.929    0.933    0    0  (Gen:  0)
   476096     37752 372009800  0.000  0.000    0.929    0.933    0    0  (Gen:  0)
   478376     37248 372182344  0.000  0.000    0.929    0.933    0    0  (Gen:  0)
   476104     37104 372352016  0.000  0.000    0.929    0.933    0    0  (Gen:  0)
   474848     37432 372525056  0.000  0.000    0.930    0.933    0    0  (Gen:  0)
   477104     37240 372697640  0.000  0.000    0.930    0.933    0    0  (Gen:  0)
   475936     37152 372867272  0.000  0.000    0.930    0.933    0    0  (Gen:  0)
   475648     37216 373039976  0.000  0.000    0.930    0.934    0    0  (Gen:  0)
   475216     37312 373212728  0.000  0.000    0.930    0.934    0    0  (Gen:  0)
   476032     37224 373382264  0.000  0.000    0.930    0.934    0    0  (Gen:  0)
   478344     36648 373554496  0.000  0.000    0.930    0.934    0    0  (Gen:  0)
   475864     37488 373727984  0.000  0.000    0.930    0.934    0    0  (Gen:  0)
   478328     37200 373900576  0.000  0.000    0.930    0.934    0    0  (Gen:  0)
   476760     37120 374070224  0.000  0.000    0.931    0.934    0    0  (Gen:  0)
   475744     37168 374242976  0.000  0.000    0.931    0.934    0    0  (Gen:  0)
   478376     37008 374415472  0.000  0.000    0.931    0.934    0    0  (Gen:  0)
   478952     37032 374585120  0.000  0.000    0.931    0.935    0    0  (Gen:  0)
   479080     36104 374753824  0.000  0.000    0.931    0.935    0    0  (Gen:  0)
   475512     36984 374924000  0.000  0.000    0.931    0.935    0    0  (Gen:  0)
   476320     36904 375093368  0.000  0.000    0.931    0.935    0    0  (Gen:  0)
   475264     36512 375262496  0.000  0.000    0.931    0.935    0    0  (Gen:  0)
   476640     36576 375431840  0.000  0.000    0.932    0.935    0    0  (Gen:  0)
   475424     36912 375601304  0.000  0.000    0.932    0.935    0    0  (Gen:  0)
   476608     36656 375770480  0.000  0.000    0.932    0.935    0    0  (Gen:  0)
   477888     36672 375939872  0.000  0.000    0.932    0.935    0    0  (Gen:  0)
   474048     37416 376116176  0.000  0.000    0.932    0.936    0    0  (Gen:  0)
   475200     38272 376292624  0.000  0.000    0.932    0.936    0    0  (Gen:  0)
   476160     38032 376469024  0.000  0.000    0.932    0.936    0    0  (Gen:  0)
   474288     38032 376645376  0.000  0.000    0.932    0.936    0    0  (Gen:  0)
   474608     37944 376818464  0.000  0.000    0.932    0.936    0    0  (Gen:  0)
   476368     37000 376987688  0.000  0.000    0.932    0.936    0    0  (Gen:  0)
   479176     36360 377156728  0.000  0.000    0.933    0.936    0    0  (Gen:  0)
   476184     37080 377326664  0.000  0.000    0.933    0.936    0    0  (Gen:  0)
   475456     37048 377495888  0.000  0.000    0.933    0.936    0    0  (Gen:  0)
   475360     36448 377665064  0.000  0.000    0.933    0.937    0    0  (Gen:  0)
   476496     36672 377834456  0.000  0.000    0.933    0.937    0    0  (Gen:  0)
   475712     36856 378003824  0.000  0.000    0.933    0.937    0    0  (Gen:  0)
   476368     36784 378173096  0.000  0.000    0.933    0.937    0    0  (Gen:  0)
   477600     36576 378342344  0.000  0.000    0.933    0.937    0    0  (Gen:  0)
   475440     36880 378511832  0.000  0.000    0.933    0.937    0    0  (Gen:  0)
   477120     36936 378681176  0.000  0.000    0.934    0.937    0    0  (Gen:  0)
   477024     36840 378850520  0.000  0.000    0.934    0.937    0    0  (Gen:  0)
   476592     36688 379019816  0.000  0.000    0.934    0.937    0    0  (Gen:  0)
   477248     36960 379189328  0.000  0.000    0.934    0.938    0    0  (Gen:  0)
   478016     36664 379355264  0.000  0.000    0.934    0.938    0    0  (Gen:  0)
   479160     35808 379523776  0.000  0.000    0.934    0.938    0    0  (Gen:  0)
   476952     36480 379690424  0.000  0.000    0.934    0.938    0    0  (Gen:  0)
   478304     36568 379859576  0.000  0.000    0.934    0.938    0    0  (Gen:  0)
   478112     36360 380025464  0.000  0.000    0.935    0.938    0    0  (Gen:  0)
   476144     36400 380191400  0.000  0.000    0.935    0.938    0    0  (Gen:  0)
   475840     36424 380360624  0.000  0.000    0.935    0.939    0    0  (Gen:  0)
   477344     36376 380526560  0.000  0.000    0.935    0.939    0    0  (Gen:  0)
   478920     35328 380694688  0.000  0.000    0.935    0.939    0    0  (Gen:  0)
   477608     36592 380864912  0.000  0.000    0.935    0.939    0    0  (Gen:  0)
   477120     37344 381037880  0.000  0.000    0.936    0.939    0    0  (Gen:  0)
   476272     37344 381207464  0.000  0.000    0.936    0.939    0    0  (Gen:  0)
   477872     37192 381380048  0.000  0.000    0.936    0.939    0    0  (Gen:  0)
   476464     37552 381553256  0.000  0.000    0.936    0.940    0    0  (Gen:  0)
   476512     37120 381722384  0.000  0.000    0.936    0.940    0    0  (Gen:  0)
   475600     36544 381891608  0.000  0.000    0.936    0.940    0    0  (Gen:  0)
   477168     36720 382061000  0.000  0.000    0.936    0.940    0    0  (Gen:  0)
   475568     36912 382230368  0.000  0.000    0.937    0.940    0    0  (Gen:  0)
   476704     36688 382399640  0.000  0.000    0.937    0.940    0    0  (Gen:  0)
   478176     36720 382568984  0.000  0.000    0.937    0.941    0    0  (Gen:  0)
   476704     36984 382738520  0.000  0.000    0.937    0.941    0    0  (Gen:  0)
   476928     37168 382907960  0.000  0.000    0.937    0.941    0    0  (Gen:  0)
   475504     36568 383077040  0.000  0.000    0.937    0.941    0    0  (Gen:  0)
   479144     36336 383246104  0.000  0.000    0.938    0.941    0    0  (Gen:  0)
   479184     35744 383414680  0.000  0.000    0.938    0.941    0    0  (Gen:  0)
   477224     36432 383581568  0.000  0.000    0.938    0.941    0    0  (Gen:  0)
   477104     36136 383747456  0.000  0.000    0.938    0.942    0    0  (Gen:  0)
   477664     36472 383916728  0.000  0.000    0.938    0.942    0    0  (Gen:  0)
   478800     36360 384082544  0.000  0.000    0.938    0.942    0    0  (Gen:  0)
   479896     35472 384247624  0.000  0.000    0.938    0.942    0    0  (Gen:  0)
   477480     36144 384410888  0.000  0.000    0.938    0.942    0    0  (Gen:  0)
   479064     35328 384579208  0.000  0.000    0.939    0.942    0    0  (Gen:  0)
   478296     36168 384742616  0.000  0.000    0.939    0.942    0    0  (Gen:  0)
   476960     35752 384908096  0.000  0.000    0.939    0.942    0    0  (Gen:  0)
   479328     35968 385073912  0.000  0.000    0.939    0.942    0    0  (Gen:  0)
   477216     36168 385239632  0.000  0.000    0.939    0.943    0    0  (Gen:  0)
   477136     35992 385402208  0.000  0.000    0.939    0.943    0    0  (Gen:  0)
   476096     35704 385567688  0.000  0.000    0.939    0.943    0    0  (Gen:  0)
   474080     37072 385744304  0.000  0.000    0.939    0.943    0    0  (Gen:  0)
   474688     38824 385924160  0.000  0.000    0.940    0.943    0    0  (Gen:  0)
   476536     37512 386103016  0.000  0.000    0.940    0.943    0    0  (Gen:  0)
   476256     37824 386283040  0.000  0.000    0.940    0.943    0    0  (Gen:  0)
   474296     38496 386460416  0.000  0.000    0.940    0.944    0    0  (Gen:  0)
   474480     37720 386633288  0.000  0.000    0.940    0.944    0    0  (Gen:  0)
   475536     37416 386806160  0.000  0.000    0.940    0.944    0    0  (Gen:  0)
   475440     37872 386982608  0.000  0.000    0.940    0.944    0    0  (Gen:  0)
   474720     37720 387155528  0.000  0.000    0.941    0.944    0    0  (Gen:  0)
   476384     37584 387328424  0.000  0.000    0.941    0.945    0    0  (Gen:  0)
   477376     37688 387504656  0.000  0.000    0.941    0.945    0    0  (Gen:  0)
   475168     37936 387677864  0.000  0.000    0.941    0.945    0    0  (Gen:  0)
   475344     37648 387850640  0.000  0.000    0.941    0.945    0    0  (Gen:  0)
   474192     37552 388023560  0.000  0.000    0.942    0.945    0    0  (Gen:  0)
   474736     37648 388199840  0.000  0.000    0.942    0.946    0    0  (Gen:  0)
   475248     37648 388372808  0.000  0.000    0.943    0.947    0    0  (Gen:  0)
   475808     37528 388545704  0.000  0.000    0.943    0.947    0    0  (Gen:  0)
   474992     37648 388721816  0.000  0.000    0.944    0.948    0    0  (Gen:  0)
   476688     37584 388894784  0.000  0.000    0.944    0.948    0    0  (Gen:  0)
   475552     37248 389064272  0.000  0.000    0.945    0.948    0    0  (Gen:  0)
   476192     37192 389237000  0.000  0.000    0.945    0.948    0    0  (Gen:  0)
   474576     37272 389409872  0.000  0.000    0.945    0.949    0    0  (Gen:  0)
   477472     37336 389579456  0.000  0.000    0.945    0.949    0    0  (Gen:  0)
   475760     37144 389752040  0.000  0.000    0.945    0.949    0    0  (Gen:  0)
   476784     37032 389924816  0.000  0.000    0.945    0.949    0    0  (Gen:  0)
   478408     37248 390097576  0.000  0.000    0.945    0.949    0    0  (Gen:  0)
   476280     37288 390267320  0.000  0.000    0.945    0.949    0    0  (Gen:  0)
   475744     37360 390440120  0.000  0.000    0.946    0.949    0    0  (Gen:  0)
   476552     37680 390619672  0.000  0.000    0.946    0.949    0    0  (Gen:  0)
   477600     37976 390795976  0.000  0.000    0.946    0.950    0    0  (Gen:  0)
   477032     38088 390972680  0.000  0.000    0.946    0.950    0    0  (Gen:  0)
   475648     38272 391149320  0.000  0.000    0.946    0.950    0    0  (Gen:  0)
   476864     38224 391325480  0.000  0.000    0.946    0.950    0    0  (Gen:  0)
   475184     37752 391498520  0.000  0.000    0.947    0.950    0    0  (Gen:  0)
   475328     37648 391671512  0.000  0.000    0.947    0.950    0    0  (Gen:  0)
   474752     37792 391847672  0.000  0.000    0.947    0.951    0    0  (Gen:  0)
   474240     37488 392020496  0.000  0.000    0.947    0.951    0    0  (Gen:  0)
   475712     37528 392193488  0.000  0.000    0.947    0.951    0    0  (Gen:  0)
   476704     37768 392369720  0.000  0.000    0.947    0.951    0    0  (Gen:  0)
   474368     37960 392542808  0.000  0.000    0.947    0.951    0    0  (Gen:  0)
   475664     37504 392715656  0.000  0.000    0.947    0.951    0    0  (Gen:  0)
   474384     37624 392888672  0.000  0.000    0.948    0.951    0    0  (Gen:  0)
   474608     37624 393064784  0.000  0.000    0.948    0.951    0    0  (Gen:  0)
   474576     37576 393237656  0.000  0.000    0.948    0.951    0    0  (Gen:  0)
   474336     37416 393410528  0.000  0.000    0.948    0.952    0    0  (Gen:  0)
   476448     37680 393586832  0.000  0.000    0.948    0.952    0    0  (Gen:  0)
   475408     37792 393756560  0.000  0.000    0.948    0.952    0    0  (Gen:  0)
   476000     37144 393929192  0.000  0.000    0.948    0.952    0    0  (Gen:  0)
   478360     36248 394101136  0.000  0.000    0.948    0.952    0    0  (Gen:  0)
   477944     37504 394274936  0.000  0.000    0.948    0.952    0    0  (Gen:  0)
   476320     37248 394444472  0.000  0.000    0.949    0.952    0    0  (Gen:  0)
   477200     37144 394617104  0.000  0.000    0.949    0.952    0    0  (Gen:  0)
   475904     37240 394790000  0.000  0.000    0.949    0.953    0    0  (Gen:  0)
   478424     37200 394962448  0.000  0.000    0.949    0.953    0    0  (Gen:  0)
   475512     37224 395132384  0.000  0.000    0.949    0.953    0    0  (Gen:  0)
   475376     37360 395308544  0.000  0.000    0.949    0.953    0    0  (Gen:  0)
   474240     38392 395488520  0.000  0.000    0.949    0.953    0    0  (Gen:  0)
   474016     38640 395665160  0.000  0.000    0.949    0.953    0    0  (Gen:  0)
   474128     38440 395844752  0.000  0.000    0.950    0.953    0    0  (Gen:  0)
   472896     38704 396024824  0.000  0.000    0.950    0.953    0    0  (Gen:  0)
   474912     38136 396197696  0.000  0.000    0.950    0.953    0    0  (Gen:  0)
   475856     37480 396370592  0.000  0.000    0.950    0.954    0    0  (Gen:  0)
   477464     37560 396546664  0.000  0.000    0.950    0.954    0    0  (Gen:  0)
   474856     37960 396720008  0.000  0.000    0.950    0.954    0    0  (Gen:  0)
   476144     37552 396892856  0.000  0.000    0.950    0.954    0    0  (Gen:  0)
   477576     37584 397068904  0.000  0.000    0.950    0.954    0    0  (Gen:  0)
   477552     37736 397245304  0.000  0.000    0.950    0.954    0    0  (Gen:  0)
   475496     37776 397418288  0.000  0.000    0.951    0.954    0    0  (Gen:  0)
   475376     37440 397591184  0.000  0.000    0.951    0.954    0    0  (Gen:  0)
   477656     37368 397767208  0.000  0.000    0.951    0.955    0    0  (Gen:  0)
   474584     37800 397940480  0.000  0.000    0.951    0.955    0    0  (Gen:  0)
   476656     37656 398113640  0.000  0.000    0.951    0.955    0    0  (Gen:  0)
   477480     37664 398289744  0.000  0.000    0.951    0.955    0    0  (Gen:  0)
   476184     37824 398462912  0.000  0.000    0.951    0.955    0    0  (Gen:  0)
   476768     37408 398635496  0.000  0.000    0.951    0.955    0    0  (Gen:  0)
   475264     37008 398805032  0.000  0.000    0.951    0.955    0    0  (Gen:  0)
   474832     37264 398977880  0.000  0.000    0.952    0.955    0    0  (Gen:  0)
   478096     37312 399150632  0.000  0.000    0.952    0.955    0    0  (Gen:  0)
   478312     36800 399322864  0.000  0.000    0.952    0.956    0    0  (Gen:  0)
   475320     37240 399493040  0.000  0.000    0.952    0.956    0    0  (Gen:  0)
   474640     37264 399665792  0.000  0.000    0.952    0.956    0    0  (Gen:  0)
   478280     36768 399838048  0.000  0.000    0.952    0.956    0    0  (Gen:  0)
   475848     37024 400007984  0.000  0.000    0.952    0.956    0    0  (Gen:  0)
   475248     37696 400184480  0.000  0.000    0.952    0.956    0    0  (Gen:  0)
   475296     38224 400360880  0.000  0.000    0.952    0.956    0    0  (Gen:  0)
   473488     38008 400537160  0.000  0.000    0.953    0.956    0    0  (Gen:  0)
   474576     37864 400713560  0.000  0.000    0.953    0.956    0    0  (Gen:  0)
   474720     38128 400890008  0.000  0.000    0.953    0.957    0    0  (Gen:  0)
   474480     37736 401062784  0.000  0.000    0.953    0.957    0    0  (Gen:  0)
   474672     37456 401235800  0.000  0.000    0.953    0.957    0    0  (Gen:  0)
   475168     37552 401411888  0.000  0.000    0.953    0.957    0    0  (Gen:  0)
   476048     37968 401585024  0.000  0.000    0.953    0.957    0    0  (Gen:  0)
   475472     37552 401757920  0.000  0.000    0.953    0.957    0    0  (Gen:  0)
   477152     37504 401934080  0.000  0.000    0.953    0.957    0    0  (Gen:  0)
   477544     37016 402109600  0.000  0.000    0.954    0.957    0    0  (Gen:  0)
   476360     37720 402283400  0.000  0.000    0.954    0.957    0    0  (Gen:  0)
   478128     37608 402456320  0.000  0.000    0.954    0.958    0    0  (Gen:  0)
   474560     37680 402629360  0.000  0.000    0.954    0.958    0    0  (Gen:  0)
   478328     37200 402801952  0.000  0.000    0.954    0.958    0    0  (Gen:  0)
   476760     37120 402971600  0.000  0.000    0.954    0.958    0    0  (Gen:  0)
   475744     37168 403144352  0.000  0.000    0.954    0.958    0    0  (Gen:  0)
   478376     37008 403316848  0.000  0.000    0.954    0.958    0    0  (Gen:  0)
   478952     37032 403486496  0.000  0.000    0.955    0.958    0    0  (Gen:  0)
   479080     36104 403655200  0.000  0.000    0.955    0.958    0    0  (Gen:  0)
   475512     36984 403825376  0.000  0.000    0.955    0.959    0    0  (Gen:  0)
   476320     36904 403994744  0.000  0.000    0.955    0.959    0    0  (Gen:  0)
   475264     36512 404163872  0.000  0.000    0.955    0.959    0    0  (Gen:  0)
   476640     36576 404333216  0.000  0.000    0.955    0.959    0    0  (Gen:  0)
   475424     36912 404502680  0.000  0.000    0.955    0.959    0    0  (Gen:  0)
   476608     36656 404671856  0.000  0.000    0.955    0.959    0    0  (Gen:  0)
   477888     36672 404841248  0.000  0.000    0.956    0.959    0    0  (Gen:  0)
   476488     37664 405020968  0.000  0.000    0.956    0.959    0    0  (Gen:  0)
   476784     38504 405200560  0.000  0.000    0.956    0.960    0    0  (Gen:  0)
   474504     38536 405377696  0.000  0.000    0.956    0.960    0    0  (Gen:  0)
   473440     38416 405557456  0.000  0.000    0.956    0.960    0    0  (Gen:  0)
   473376     38368 405733904  0.000  0.000    0.956    0.960    0    0  (Gen:  0)
   474960     37720 405906824  0.000  0.000    0.956    0.960    0    0  (Gen:  0)
   474384     37408 406079696  0.000  0.000    0.956    0.960    0    0  (Gen:  0)
   474304     37792 406256024  0.000  0.000    0.957    0.960    0    0  (Gen:  0)
   474432     37608 406428848  0.000  0.000    0.957    0.960    0    0  (Gen:  0)
   474240     37360 406601720  0.000  0.000    0.957    0.961    0    0  (Gen:  0)
   477496     36512 406776808  0.000  0.000    0.957    0.961    0    0  (Gen:  0)
   475480     37888 406951112  0.000  0.000    0.957    0.961    0    0  (Gen:  0)
   474576     37576 407123888  0.000  0.000    0.957    0.961    0    0  (Gen:  0)
   474432     37600 407296952  0.000  0.000    0.957    0.961    0    0  (Gen:  0)
   474880     37760 407473184  0.000  0.000    0.957    0.961    0    0  (Gen:  0)
   475776     37648 407646104  0.000  0.000    0.957    0.961    0    0  (Gen:  0)
   475088     37536 407818952  0.000  0.000    0.958    0.961    0    0  (Gen:  0)
   476992     37576 407995184  0.000  0.000    0.958    0.961    0    0  (Gen:  0)
   477888     37792 408168248  0.000  0.000    0.958    0.961    0    0  (Gen:  0)
   478360     36488 408340048  0.000  0.000    0.958    0.962    0    0  (Gen:  0)
   477192     37488 408510656  0.000  0.000    0.958    0.962    0    0  (Gen:  0)
   474960     37384 408683528  0.000  0.000    0.958    0.962    0    0  (Gen:  0)
   477776     37120 408856112  0.000  0.000    0.958    0.962    0    0  (Gen:  0)
   478312     35952 409027720  0.000  0.000    0.958    0.962    0    0  (Gen:  0)
   478328     37320 409201712  0.000  0.000    0.958    0.962    0    0  (Gen:  0)
   478456     36432 409373608  0.000  0.000    0.959    0.962    0    0  (Gen:  0)
   476472     37336 409544264  0.000  0.000    0.959    0.962    0    0  (Gen:  0)
   475264     37408 409717064  0.000  0.000    0.959    0.963    0    0  (Gen:  0)
   476264     36912 409895848  0.000  0.000    0.959    0.963    0    0  (Gen:  0)
   477504     37448 410072440  0.000  0.000    0.959    0.963    0    0  (Gen:  0)
   477312     38032 410249520  0.000  0.000    0.959    0.963    0    0  (Gen:  0)
   473896     38104 410426096  0.000  0.000    0.959    0.963    0    0  (Gen:  0)
   477464     37632 410601880  0.000  0.000    0.960    0.963    0    0  (Gen:  0)
   474680     37696 410775248  0.000  0.000    0.960    0.964    0    0  (Gen:  0)
   475376     37528 410948336  0.000  0.000    0.960    0.964    0    0  (Gen:  0)
   476848     37864 411124616  0.000  0.000    0.960    0.964    0    0  (Gen:  0)
   474672     37656 411297440  0.000  0.000    0.960    0.964    0    0  (Gen:  0)
   476048     37528 411470384  0.000  0.000    0.960    0.964    0    0  (Gen:  0)
   475024     37672 411646616  0.000  0.000    0.961    0.964    0    0  (Gen:  0)
   475664     37968 411819752  0.000  0.000    0.961    0.964    0    0  (Gen:  0)
   475712     37600 411992648  0.000  0.000    0.961    0.965    0    0  (Gen:  0)
   477480     36912 412168024  0.000  0.000    0.961    0.965    0    0  (Gen:  0)
   475464     37824 412341920  0.000  0.000    0.961    0.965    0    0  (Gen:  0)
   474576     37648 412514888  0.000  0.000    0.961    0.965    0    0  (Gen:  0)
   475440     37456 412687712  0.000  0.000    0.961    0.965    0    0  (Gen:  0)
   474768     37912 412864160  0.000  0.000    0.962    0.965    0    0  (Gen:  0)
   477200     37480 413036792  0.000  0.000    0.962    0.965    0    0  (Gen:  0)
   475648     37056 413206328  0.000  0.000    0.962    0.966    0    0  (Gen:  0)
   474704     37000 413378912  0.000  0.000    0.962    0.966    0    0  (Gen:  0)
   477120     37368 413551880  0.000  0.000    0.962    0.966    0    0  (Gen:  0)
   476272     37344 413721464  0.000  0.000    0.962    0.966    0    0  (Gen:  0)
   477872     37192 413894048  0.000  0.000    0.962    0.966    0    0  (Gen:  0)
   476416     37504 414067208  0.000  0.000    0.962    0.966    0    0  (Gen:  0)
   477296     37312 414239744  0.000  0.000    0.963    0.966    0    0  (Gen:  0)
   475552     37104 414409328  0.000  0.000    0.963    0.966    0    0  (Gen:  0)
   475456     37576 414585656  0.000  0.000    0.963    0.966    0    0  (Gen:  0)
   472624     38392 414765416  0.000  0.000    0.963    0.967    0    0  (Gen:  0)
   474736     38560 414942104  0.000  0.000    0.963    0.967    0    0  (Gen:  0)
   474688     38608 415121912  0.000  0.000    0.963    0.967    0    0  (Gen:  0)
   473680     38848 415301864  0.000  0.000    0.963    0.967    0    0  (Gen:  0)
   475136     37816 415471280  0.000  0.000    0.963    0.967    0    0  (Gen:  0)
   477856     37096 415643936  0.000  0.000    0.963    0.967    0    0  (Gen:  0)
   477840     37240 415816856  0.000  0.000    0.964    0.967    0    0  (Gen:  0)
   478408     37064 415989280  0.000  0.000    0.964    0.967    0    0  (Gen:  0)
   476184     37248 416159264  0.000  0.000    0.964    0.967    0    0  (Gen:  0)
   475184     37144 416331944  0.000  0.000    0.964    0.968    0    0  (Gen:  0)
   474576     37224 416504816  0.000  0.000    0.964    0.968    0    0  (Gen:  0)
   477472     37336 416674400  0.000  0.000    0.964    0.968    0    0  (Gen:  0)
   475760     37144 416846984  0.000  0.000    0.964    0.968    0    0  (Gen:  0)
   478312     36776 417019504  0.000  0.000    0.964    0.968    0    0  (Gen:  0)
   478368     36816 417192088  0.000  0.000    0.964    0.968    0    0  (Gen:  0)
   476808     37288 417362360  0.000  0.000    0.965    0.968    0    0  (Gen:  0)
   475040     37192 417534992  0.000  0.000    0.965    0.968    0    0  (Gen:  0)
   475680     37264 417707960  0.000  0.000    0.965    0.969    0    0  (Gen:  0)
   479032     36944 417877048  0.000  0.000    0.965    0.969    0    0  (Gen:  0)
   478088     36792 418046552  0.000  0.000    0.965    0.969    0    0  (Gen:  0)
   475248     36888 418215944  0.000  0.000    0.965    0.969    0    0  (Gen:  0)
   477152     37008 418385408  0.000  0.000    0.965    0.969    0    0  (Gen:  0)
   477088     36832 418554632  0.000  0.000    0.965    0.969    0    0  (Gen:  0)
   477552     36768 418723928  0.000  0.000    0.965    0.969    0    0  (Gen:  0)
   475264     37176 418893560  0.000  0.000    0.966    0.969    0    0  (Gen:  0)
   476176     36856 419062736  0.000  0.000    0.966    0.969    0    0  (Gen:  0)
   476176     36640 419231960  0.000  0.000    0.966    0.970    0    0  (Gen:  0)
   478392     37080 419404784  0.000  0.000    0.966    0.970    0    0  (Gen:  0)
   474424     37848 419577896  0.000  0.000    0.966    0.970    0    0  (Gen:  0)
   474768     37552 419750768  0.000  0.000    0.966    0.970    0    0  (Gen:  0)
   477624     36744 419926144  0.000  0.000    0.966    0.970    0    0  (Gen:  0)
   477552     37392 420102784  0.000  0.000    0.966    0.970    0    0  (Gen:  0)
   476856     37600 420272912  0.000  0.000    0.966    0.970    0    0  (Gen:  0)
   476912     37048 420445544  0.000  0.000    0.967    0.970    0    0  (Gen:  0)
   478080     37224 420618416  0.000  0.000    0.967    0.970    0    0  (Gen:  0)
   477504     37416 420791240  0.000  0.000    0.967    0.971    0    0  (Gen:  0)
   476944     37344 420960920  0.000  0.000    0.967    0.971    0    0  (Gen:  0)
   475856     37096 421133456  0.000  0.000    0.967    0.971    0    0  (Gen:  0)
   476096     37432 421306496  0.000  0.000    0.967    0.971    0    0  (Gen:  0)
   478184     37104 421478896  0.000  0.000    0.967    0.971    0    0  (Gen:  0)
   476952     37120 421648736  0.000  0.000    0.967    0.971    0    0  (Gen:  0)
   478248     36408 421820728  0.000  0.000    0.968    0.971    0    0  (Gen:  0)
   476408     37008 421990856  0.000  0.000    0.968    0.971    0    0  (Gen:  0)
   478896     36840 422160248  0.000  0.000    0.968    0.972    0    0  (Gen:  0)
   478704     36840 422329544  0.000  0.000    0.968    0.972    0    0  (Gen:  0)
   478312     36608 422501776  0.000  0.000    0.968    0.972    0    0  (Gen:  0)
   477224     36784 422668280  0.000  0.000    0.968    0.972    0    0  (Gen:  0)
   476960     36240 422834168  0.000  0.000    0.968    0.972    0    0  (Gen:  0)
   476480     36400 423000152  0.000  0.000    0.968    0.972    0    0  (Gen:  0)
   475760     36448 423169256  0.000  0.000    0.968    0.972    0    0  (Gen:  0)
   477776     36312 423335192  0.000  0.000    0.969    0.972    0    0  (Gen:  0)
   476624     36352 423501128  0.000  0.000    0.969    0.973    0    0  (Gen:  0)
   475664     36400 423670136  0.000  0.000    0.969    0.973    0    0  (Gen:  0)
   476480     36456 423836120  0.000  0.000    0.969    0.973    0    0  (Gen:  0)
   479080     36456 424005216  0.000  0.000    0.969    0.973    0    0  (Gen:  0)
   477768     36624 424174640  0.000  0.000    0.969    0.973    0    0  (Gen:  0)
   473952     38128 424354664  0.000  0.000    0.970    0.973    0    0  (Gen:  0)
   473392     38592 424531256  0.000  0.000    0.970    0.974    0    0  (Gen:  0)
   474368     38296 424710896  0.000  0.000    0.970    0.974    0    0  (Gen:  0)
   472704     38472 424890776  0.000  0.000    0.970    0.974    0    0  (Gen:  0)
   476128     38424 425064032  0.000  0.000    0.970    0.974    0    0  (Gen:  0)
   477576     37176 425239648  0.000  0.000    0.970    0.974    0    0  (Gen:  0)
   474440     37624 425413064  0.000  0.000    0.971    0.974    0    0  (Gen:  0)
   477640     37376 425588968  0.000  0.000    0.971    0.974    0    0  (Gen:  0)
   475736     37680 425762288  0.000  0.000    0.971    0.975    0    0  (Gen:  0)
   475776     37504 425935208  0.000  0.000    0.971    0.975    0    0  (Gen:  0)
   474384     37920 426111608  0.000  0.000    0.971    0.975    0    0  (Gen:  0)
   474528     37584 426284384  0.000  0.000    0.971    0.975    0    0  (Gen:  0)
   476432     37528 426457376  0.000  0.000    0.971    0.975    0    0  (Gen:  0)
   474800     37696 426630416  0.000  0.000    0.972    0.975    0    0  (Gen:  0)
   475520     37792 426806528  0.000  0.000    0.972    0.976    0    0  (Gen:  0)
   474960     37528 426979496  0.000  0.000    0.972    0.976    0    0  (Gen:  0)
   475760     37584 427152440  0.000  0.000    0.972    0.976    0    0  (Gen:  0)
   474736     37880 427328768  0.000  0.000    0.972    0.976    0    0  (Gen:  0)
   476128     37480 427498304  0.000  0.000    0.972    0.976    0    0  (Gen:  0)
   476912     37048 427670936  0.000  0.000    0.972    0.976    0    0  (Gen:  0)
   478080     37224 427843808  0.000  0.000    0.972    0.976    0    0  (Gen:  0)
   477504     37416 428016632  0.000  0.000    0.973    0.976    0    0  (Gen:  0)
   476944     37344 428186312  0.000  0.000    0.973    0.976    0    0  (Gen:  0)
   475856     37096 428358848  0.000  0.000    0.973    0.977    0    0  (Gen:  0)
   476096     37432 428531888  0.000  0.000    0.973    0.977    0    0  (Gen:  0)
   478184     37152 428704336  0.000  0.000    0.973    0.977    0    0  (Gen:  0)
   476952     37120 428874128  0.000  0.000    0.973    0.977    0    0  (Gen:  0)
   474896     37456 429050336  0.000  0.000    0.973    0.977    0    0  (Gen:  0)
   473520     38032 429226784  0.000  0.000    0.973    0.977    0    0  (Gen:  0)
   477168     38040 429403088  0.000  0.000    0.973    0.977    0    0  (Gen:  0)
   474672     38032 429579488  0.000  0.000    0.974    0.977    0    0  (Gen:  0)
   473840     38248 429756104  0.000  0.000    0.974    0.977    0    0  (Gen:  0)
   475152     37840 429928928  0.000  0.000    0.974    0.978    0    0  (Gen:  0)
   475424     37480 430101872  0.000  0.000    0.974    0.978    0    0  (Gen:  0)
   475568     37648 430278080  0.000  0.000    0.974    0.978    0    0  (Gen:  0)
   475856     37792 430451120  0.000  0.000    0.974    0.978    0    0  (Gen:  0)
   477416     36504 430626040  0.000  0.000    0.974    0.978    0    0  (Gen:  0)
   474680     37512 430800176  0.000  0.000    0.974    0.978    0    0  (Gen:  0)
   477256     36840 430975600  0.000  0.000    0.975    0.978    0    0  (Gen:  0)
   475976     37728 431149448  0.000  0.000    0.975    0.979    0    0  (Gen:  0)
   475664     37536 431322392  0.000  0.000    0.975    0.979    0    0  (Gen:  0)
   477560     37512 431498464  0.000  0.000    0.975    0.979    0    0  (Gen:  0)
   476056     37912 431671760  0.000  0.000    0.975    0.979    0    0  (Gen:  0)
   475328     37648 431844704  0.000  0.000    0.975    0.979    0    0  (Gen:  0)
   477416     37552 432020912  0.000  0.000    0.976    0.979    0    0  (Gen:  0)
   476296     37824 432194072  0.000  0.000    0.976    0.980    0    0  (Gen:  0)
   477104     37408 432366656  0.000  0.000    0.977    0.980    0    0  (Gen:  0)
   475744     37144 432536288  0.000  0.000    0.977    0.980    0    0  (Gen:  0)
   474592     37312 432708992  0.000  0.000    0.977    0.981    0    0  (Gen:  0)
   477088     37216 432881696  0.000  0.000    0.978    0.981    0    0  (Gen:  0)
   478408     35936 433053304  0.000  0.000    0.978    0.982    0    0  (Gen:  0)
   476040     37344 433224248  0.000  0.000    0.978    0.982    0    0  (Gen:  0)
   476304     37336 433396976  0.000  0.000    0.978    0.982    0    0  (Gen:  0)
   477152     37216 433569704  0.000  0.000    0.979    0.982    0    0  (Gen:  0)
   475456     37200 433739336  0.000  0.000    0.979    0.983    0    0  (Gen:  0)
   474496     37984 433919048  0.000  0.000    0.979    0.983    0    0  (Gen:  0)
   475552     38896 434098952  0.000  0.000    0.979    0.983    0    0  (Gen:  0)
   476536     37568 434277760  0.000  0.000    0.979    0.983    0    0  (Gen:  0)
   476640     38600 434458504  0.000  0.000    0.979    0.983    0    0  (Gen:  0)
   474008     38544 434635160  0.000  0.000    0.980    0.983    0    0  (Gen:  0)
   474912     37680 434808032  0.000  0.000    0.980    0.984    0    0  (Gen:  0)
   474624     37504 434980952  0.000  0.000    0.980    0.984    0    0  (Gen:  0)
   476304     37920 435157352  0.000  0.000    0.980    0.984    0    0  (Gen:  0)
   474432     37680 435330176  0.000  0.000    0.980    0.984    0    0  (Gen:  0)
   474240     37360 435503048  0.000  0.000    0.980    0.984    0    0  (Gen:  0)
   477496     36512 435678136  0.000  0.000    0.980    0.984    0    0  (Gen:  0)
   475480     37888 435852440  0.000  0.000    0.980    0.984    0    0  (Gen:  0)
   474576     37576 436025216  0.000  0.000    0.981    0.984    0    0  (Gen:  0)
   474432     37600 436198280  0.000  0.000    0.981    0.984    0    0  (Gen:  0)
   474880     37760 436374512  0.000  0.000    0.981    0.985    0    0  (Gen:  0)
   475776     37648 436547432  0.000  0.000    0.981    0.985    0    0  (Gen:  0)
   475088     37536 436720280  0.000  0.000    0.981    0.985    0    0  (Gen:  0)
   476944     37576 436896512  0.000  0.000    0.981    0.985    0    0  (Gen:  0)
   477888     37792 437069576  0.000  0.000    0.981    0.985    0    0  (Gen:  0)
   478408     36440 437241328  0.000  0.000    0.981    0.985    0    0  (Gen:  0)
   477144     37488 437411984  0.000  0.000    0.982    0.985    0    0  (Gen:  0)
   474960     37384 437584856  0.000  0.000    0.982    0.985    0    0  (Gen:  0)
   477776     37120 437757440  0.000  0.000    0.982    0.986    0    0  (Gen:  0)
   478312     35904 437929000  0.000  0.000    0.982    0.986    0    0  (Gen:  0)
   478328     37320 438103040  0.000  0.000    0.982    0.986    0    0  (Gen:  0)
   478216     36144 438274648  0.000  0.000    0.982    0.986    0    0  (Gen:  0)
   476712     37336 438445592  0.000  0.000    0.982    0.986    0    0  (Gen:  0)
   475264     37456 438618392  0.000  0.000    0.982    0.986    0    0  (Gen:  0)
   476456     37056 438797320  0.000  0.000    0.982    0.986    0    0  (Gen:  0)
   477552     37640 438973960  0.000  0.000    0.983    0.986    0    0  (Gen:  0)
   477224     38088 439150904  0.000  0.000    0.983    0.986    0    0  (Gen:  0)
   473744     38104 439327424  0.000  0.000    0.983    0.987    0    0  (Gen:  0)
   477320     37440 439503016  0.000  0.000    0.983    0.987    0    0  (Gen:  0)
   474824     37696 439676576  0.000  0.000    0.983    0.987    0    0  (Gen:  0)
   475376     37528 439849664  0.000  0.000    0.983    0.987    0    0  (Gen:  0)
   476848     37864 440025944  0.000  0.000    0.983    0.987    0    0  (Gen:  0)
   474672     37656 440198768  0.000  0.000    0.983    0.987    0    0  (Gen:  0)
   476048     37528 440371712  0.000  0.000    0.983    0.987    0    0  (Gen:  0)
   475024     37672 440547944  0.000  0.000    0.984    0.987    0    0  (Gen:  0)
   475664     37968 440721080  0.000  0.000    0.984    0.988    0    0  (Gen:  0)
   475712     37600 440893976  0.000  0.000    0.984    0.988    0    0  (Gen:  0)
   478208     37480 441066752  0.000  0.000    0.984    0.988    0    0  (Gen:  0)
   475616     37120 441236216  0.000  0.000    0.984    0.988    0    0  (Gen:  0)
   476608     36640 441405392  0.000  0.000    0.984    0.988    0    0  (Gen:  0)
   478080     36616 441574736  0.000  0.000    0.984    0.988    0    0  (Gen:  0)
   476848     36928 441744272  0.000  0.000    0.984    0.988    0    0  (Gen:  0)
   478544     36832 441913424  0.000  0.000    0.984    0.988    0    0  (Gen:  0)
   476960     36312 442079408  0.000  0.000    0.985    0.988    0    0  (Gen:  0)
   476528     36352 442245392  0.000  0.000    0.985    0.988    0    0  (Gen:  0)
   475568     36400 442414496  0.000  0.000    0.985    0.989    0    0  (Gen:  0)
   477776     36208 442580336  0.000  0.000    0.985    0.989    0    0  (Gen:  0)
   476720     36400 442746272  0.000  0.000    0.985    0.989    0    0  (Gen:  0)
   476144     36256 442915328  0.000  0.000    0.985    0.989    0    0  (Gen:  0)
   477616     36624 443081528  0.000  0.000    0.985    0.989    0    0  (Gen:  0)
   478872     35112 443249224  0.000  0.000    0.985    0.989    0    0  (Gen:  0)
   477576     36528 443416544  0.000  0.000    0.985    0.989    0    0  (Gen:  0)
   474848     37552 443596280  0.000  0.000    0.986    0.989    0    0  (Gen:  0)
   477640     37752 443772328  0.000  0.000    0.986    0.990    0    0  (Gen:  0)
   475928     38088 443949080  0.000  0.000    0.986    0.990    0    0  (Gen:  0)
   473840     38064 444125552  0.000  0.000    0.986    0.990    0    0  (Gen:  0)
   474928     37912 444298448  0.000  0.000    0.986    0.990    0    0  (Gen:  0)
   478360     36704 444470584  0.000  0.000    0.986    0.990    0    0  (Gen:  0)
   476184     37248 444640904  0.000  0.000    0.986    0.990    0    0  (Gen:  0)
   475392     37384 444813776  0.000  0.000    0.986    0.990    0    0  (Gen:  0)
   477632     37168 444986408  0.000  0.000    0.986    0.990    0    0  (Gen:  0)
   478312     35960 445157968  0.000  0.000    0.987    0.990    0    0  (Gen:  0)
   478328     37416 445332104  0.000  0.000    0.987    0.991    0    0  (Gen:  0)
   475456     37528 445501736  0.000  0.000    0.987    0.991    0    0  (Gen:  0)
   474848     37096 445674224  0.000  0.000    0.987    0.991    0    0  (Gen:  0)
   476416     37000 445843904  0.000  0.000    0.987    0.991    0    0  (Gen:  0)
   475200     37480 446016872  0.000  0.000    0.987    0.991    0    0  (Gen:  0)
   477776     37120 446189408  0.000  0.000    0.987    0.991    0    0  (Gen:  0)
   478408     36152 446361160  0.000  0.000    0.987    0.991    0    0  (Gen:  0)
   478136     37360 446535104  0.000  0.000    0.988    0.991    0    0  (Gen:  0)
   475488     37240 446704544  0.000  0.000    0.988    0.991    0    0  (Gen:  0)
   477120     36784 446873792  0.000  0.000    0.988    0.992    0    0  (Gen:  0)
   477936     36976 447043232  0.000  0.000    0.988    0.992    0    0  (Gen:  0)
   476608     37120 447212816  0.000  0.000    0.988    0.992    0    0  (Gen:  0)
   477088     37000 447382088  0.000  0.000    0.988    0.992    0    0  (Gen:  0)
   475168     36448 447551168  0.000  0.000    0.988    0.992    0    0  (Gen:  0)
   476576     36880 447720680  0.000  0.000    0.988    0.992    0    0  (Gen:  0)
   475056     37048 447890072  0.000  0.000    0.988    0.992    0    0  (Gen:  0)
   476944     36712 448059200  0.000  0.000    0.989    0.992    0    0  (Gen:  0)
   477120     36760 448228544  0.000  0.000    0.989    0.992    0    0  (Gen:  0)
   476400     37648 448404944  0.000  0.000    0.989    0.993    0    0  (Gen:  0)
   474624     37816 448577912  0.000  0.000    0.989    0.993    0    0  (Gen:  0)
   476144     37432 448750760  0.000  0.000    0.989    0.993    0    0  (Gen:  0)
   477512     37704 448926976  0.000  0.000    0.989    0.993    0    0  (Gen:  0)
   475736     37752 449100008  0.000  0.000    0.989    0.993    0    0  (Gen:  0)
   476416     37240 449269544  0.000  0.000    0.989    0.993    0    0  (Gen:  0)
   475856     37096 449442128  0.000  0.000    0.989    0.993    0    0  (Gen:  0)
   474624     37216 449615096  0.000  0.000    0.990    0.993    0    0  (Gen:  0)
   476656     37344 449784680  0.000  0.000    0.990    0.993    0    0  (Gen:  0)
   476288     36952 449957168  0.000  0.000    0.990    0.994    0    0  (Gen:  0)
   477168     37264 450130136  0.000  0.000    0.990    0.994    0    0  (Gen:  0)
   478224     37512 450303008  0.000  0.000    0.990    0.994    0    0  (Gen:  0)
   476560     37336 450472496  0.000  0.000    0.990    0.994    0    0  (Gen:  0)
   477008     37192 450645224  0.000  0.000    0.990    0.994    0    0  (Gen:  0)
   474432     37224 450818096  0.000  0.000    0.990    0.994    0    0  (Gen:  0)
   476560     37296 450987728  0.000  0.000    0.990    0.994    0    0  (Gen:  0)
   476432     37000 451160264  0.000  0.000    0.991    0.994    0    0  (Gen:  0)
   477024     37224 451333136  0.000  0.000    0.991    0.994    0    0  (Gen:  0)
   477184     37432 451502816  0.000  0.000    0.991    0.995    0    0  (Gen:  0)
   476896     37000 451672040  0.000  0.000    0.991    0.995    0    0  (Gen:  0)
   475936     36544 451841216  0.000  0.000    0.991    0.995    0    0  (Gen:  0)
   475648     37096 452010848  0.000  0.000    0.991    0.995    0    0  (Gen:  0)
   476080     36952 452180120  0.000  0.000    0.991    0.995    0    0  (Gen:  0)
   476080     36448 452349248  0.000  0.000    0.991    0.995    0    0  (Gen:  0)
   477200     36832 452518712  0.000  0.000    0.991    0.995    0    0  (Gen:  0)
   476816     37120 452688128  0.000  0.000    0.992    0.995    0    0  (Gen:  0)
   476080     36832 452857400  0.000  0.000    0.992    0.996    0    0  (Gen:  0)
   477808     36544 453026624  0.000  0.000    0.992    0.996    0    0  (Gen:  0)
   476680     37392 453206056  0.000  0.000    0.992    0.996    0    0  (Gen:  0)
   477648     38472 453382600  0.000  0.000    0.992    0.996    0    0  (Gen:  0)
   477360     37976 453559192  0.000  0.000    0.992    0.996    0    0  (Gen:  0)
   474616     38160 453735776  0.000  0.000    0.992    0.996    0    0  (Gen:  0)
   476112     38032 453908888  0.000  0.000    0.992    0.996    0    0  (Gen:  0)
   476992     36976 454077968  0.000  0.000    0.992    0.996    0    0  (Gen:  0)
   478752     36664 454247312  0.000  0.000    0.993    0.996    0    0  (Gen:  0)
   478240     37176 454420160  0.000  0.000    0.993    0.997    0    0  (Gen:  0)
   479208     36312 454588840  0.000  0.000    0.993    0.997    0    0  (Gen:  0)
   479088     36696 454758664  0.000  0.000    0.993    0.997    0    0  (Gen:  0)
   475928     36832 454928264  0.000  0.000    0.993    0.997    0    0  (Gen:  0)
   476816     37008 455097680  0.000  0.000    0.993    0.997    0    0  (Gen:  0)
   476080     36832 455266952  0.000  0.000    0.993    0.997    0    0  (Gen:  0)
   479080     35504 455435128  0.000  0.000    0.993    0.997    0    0  (Gen:  0)
   476904     37176 455605880  0.000  0.000    0.993    0.997    0    0  (Gen:  0)
   476128     37192 455775152  0.000  0.000    0.994    0.997    0    0  (Gen:  0)
   475072     36496 455944376  0.000  0.000    0.994    0.998    0    0  (Gen:  0)
   476544     36624 456113720  0.000  0.000    0.994    0.998    0    0  (Gen:  0)
   476064     36928 456283064  0.000  0.000    0.994    0.998    0    0  (Gen:  0)
   477776     36696 456449000  0.000  0.000    0.994    0.998    0    0  (Gen:  0)
   476672     36304 456614792  0.000  0.000    0.994    0.998    0    0  (Gen:  0)
   476768     36448 456784040  0.000  0.000    0.994    0.998    0    0  (Gen:  0)
   476528     36504 456949976  0.000  0.000    0.994    0.998    0    0  (Gen:  0)
   479024     36304 457118984  0.000  0.000    0.994    0.998    0    0  (Gen:  0)
   476384     36304 457284968  0.000  0.000    0.995    0.998    0    0  (Gen:  0)
   479040     36592 457454312  0.000  0.000    0.995    0.999    0    0  (Gen:  0)
   476496     36424 457620128  0.000  0.000    0.995    0.999    0    0  (Gen:  0)
   476240     36192 457785968  0.000  0.000    0.995    0.999    0    0  (Gen:  0)
   475520     36664 457955528  0.000  0.000    0.995    0.999    0    0  (Gen:  0)
   476032     37384 458128328  0.000  0.000    0.995    0.999    0    0  (Gen:  0)
   478040     36304 458300008  0.000  0.000    0.995    0.999    0    0  (Gen:  0)
   475704     37176 458470520  0.000  0.000    0.995    0.999    0    0  (Gen:  0)
   475296     37288 458643440  0.000  0.000    0.996    0.999    0    0  (Gen:  0)
   476608     37024 458812760  0.000  0.000    0.996    0.999    0    0  (Gen:  0)
   475984     36448 458981840  0.000  0.000    0.996    1.000    0    0  (Gen:  0)
   475248     36664 459151184  0.000  0.000    0.996    1.000    0    0  (Gen:  0)
   477056     36952 459320696  0.000  0.000    0.996    1.000    0    0  (Gen:  0)
   476512     36736 459489872  0.000  0.000    0.996    1.000    0    0  (Gen:  0)
   478896     36664 459659216  0.000  0.000    0.996    1.000    0    0  (Gen:  0)
   478360     36696 459831592  0.000  0.000    0.996    1.000    0    0  (Gen:  0)
   479184     36944 460001320  0.000  0.000    0.996    1.000    0    0  (Gen:  0)
   479000     36792 460170824  0.000  0.000    0.997    1.000    0    0  (Gen:  0)
   476704     36720 460336928  0.000  0.000    0.997    1.000    0    0  (Gen:  0)
   475808     36520 460505984  0.000  0.000    0.997    1.001    0    0  (Gen:  0)
   478112     36208 460671920  0.000  0.000    0.997    1.001    0    0  (Gen:  0)
   477104     36400 460837904  0.000  0.000    0.997    1.001    0    0  (Gen:  0)
   475664     36304 461006960  0.000  0.000    0.997    1.001    0    0  (Gen:  0)
   479040     36384 461172872  0.000  0.000    0.997    1.001    0    0  (Gen:  0)
   479848     35288 461337904  0.000  0.000    0.997    1.001    0    0  (Gen:  0)
   476904     35992 461501168  0.000  0.000    0.997    1.001    0    0  (Gen:  0)
   476064     36136 461667032  0.000  0.000    0.998    1.001    0    0  (Gen:  0)
   478064     35920 461832608  0.000  0.000    0.998    1.001    0    0  (Gen:  0)
   479848     35232 461997688  0.000  0.000    0.998    1.002    0    0  (Gen:  0)
   479432     36208 462164144  0.000  0.000    0.998    1.002    0    0  (Gen:  0)
   478416     36168 462329960  0.000  0.000    0.998    1.002    0    0  (Gen:  0)
   476848     36048 462492536  0.000  0.000    0.998    1.002    0    0  (Gen:  0)
   478400     35800 462658064  0.000  0.000    0.998    1.002    0    0  (Gen:  0)
   473888     37384 462838016  0.000  0.000    0.998    1.002    0    0  (Gen:  0)
   476600     38832 463017568  0.000  0.000    0.998    1.002    0    0  (Gen:  0)
   474360     38464 463194512  0.000  0.000    0.999    1.002    0    0  (Gen:  0)
   474576     38680 463374488  0.000  0.000    0.999    1.003    0    0  (Gen:  0)
   473488     38368 463550816  0.000  0.000    0.999    1.003    0    0  (Gen:  0)
   474528     37696 463723688  0.000  0.000    0.999    1.003    0    0  (Gen:  0)
   475472     37624 463896728  0.000  0.000    0.999    1.003    0    0  (Gen:  0)
   475312     37816 464073008  0.000  0.000    0.999    1.003    0    0  (Gen:  0)
   475344     37648 464245880  0.000  0.000    0.999    1.003    0    0  (Gen:  0)
   475184     37480 464418824  0.000  0.000    0.999    1.003    0    0  (Gen:  0)
   474752     37504 464594888  0.000  0.000    1.000    1.003    0    0  (Gen:  0)
   475472     37800 464768024  0.000  0.000    1.000    1.003    0    0  (Gen:  0)
   474704     37600 464940872  0.000  0.000    1.000    1.004    0    0  (Gen:  0)
   474576     37720 465113840  0.000  0.000    1.000    1.004    0    0  (Gen:  0)
   473888     37624 465290048  0.000  0.000    1.000    1.004    0    0  (Gen:  0)
   474768     37528 465462920  0.000  0.000    1.000    1.004    0    0  (Gen:  0)
   475952     37584 465635864  0.000  0.000    1.000    1.004    0    0  (Gen:  0)
   476176     37688 465812048  0.000  0.000    1.000    1.004    0    0  (Gen:  0)
   478264     37248 465984616  0.000  0.000    1.000    1.004    0    0  (Gen:  0)
   478176     36296 466156672  0.000  0.000    1.001    1.004    0    0  (Gen:  0)
   477048     37296 466327520  0.000  0.000    1.001    1.005    0    0  (Gen:  0)
   474640     37360 466500272  0.000  0.000    1.001    1.005    0    0  (Gen:  0)
   478280     36768 466672528  0.000  0.000    1.001    1.005    0    0  (Gen:  0)
   475848     37024 466842464  0.000  0.000    1.001    1.005    0    0  (Gen:  0)
   476016     37336 467015432  0.000  0.000    1.001    1.005    0    0  (Gen:  0)
   475952     37216 467188016  0.000  0.000    1.001    1.005    0    0  (Gen:  0)
   478264     36728 467360344  0.000  0.000    1.001    1.005    0    0  (Gen:  0)
   477368     37416 467533808  0.000  0.000    1.001    1.005    0    0  (Gen:  0)
   474128     38032 467710328  0.000  0.000    1.002    1.005    0    0  (Gen:  0)
   474496     38096 467886560  0.000  0.000    1.002    1.006    0    0  (Gen:  0)
   476400     37912 468062960  0.000  0.000    1.002    1.006    0    0  (Gen:  0)
   474880     38280 468239504  0.000  0.000    1.002    1.006    0    0  (Gen:  0)
   477384     38072 468415704  0.000  0.000    1.002    1.006    0    0  (Gen:  0)
   476056     37552 468588752  0.000  0.000    1.002    1.006    0    0  (Gen:  0)
   475232     37648 468761744  0.000  0.000    1.002    1.006    0    0  (Gen:  0)
   474560     37648 468937904  0.000  0.000    1.002    1.006    0    0  (Gen:  0)
   474432     37392 469110728  0.000  0.000    1.003    1.006    0    0  (Gen:  0)
   475152     37408 469283648  0.000  0.000    1.003    1.007    0    0  (Gen:  0)
   475248     37672 469459904  0.000  0.000    1.003    1.007    0    0  (Gen:  0)
   474384     37960 469632920  0.000  0.000    1.003    1.007    0    0  (Gen:  0)
   476144     37480 469805864  0.000  0.000    1.003    1.007    0    0  (Gen:  0)
   475136     37744 469978952  0.000  0.000    1.003    1.007    0    0  (Gen:  0)
   475568  24013696 235250408  0.026  0.026    1.029    1.033    0    0  (Gen:  1)
   474432     37488 235423232  0.000  0.000    1.029    1.033    0    0  (Gen:  0)
   474480     37408 235596152  0.000  0.000    1.029    1.033    0    0  (Gen:  0)
   476112     37968 235772648  0.000  0.000    1.030    1.033    0    0  (Gen:  0)
   476272     37656 235942232  0.000  0.000    1.030    1.034    0    0  (Gen:  0)
   476960     37144 236114768  0.000  0.000    1.030    1.034    0    0  (Gen:  0)
   478080     37168 236287640  0.000  0.000    1.030    1.034    0    0  (Gen:  0)
   477552     37416 236460464  0.000  0.000    1.030    1.034    0    0  (Gen:  0)
   476560     37296 236630096  0.000  0.000    1.030    1.034    0    0  (Gen:  0)
   476480     37048 236802680  0.000  0.000    1.030    1.034    0    0  (Gen:  0)
   475616     37488 236975768  0.000  0.000    1.030    1.034    0    0  (Gen:  0)
   478280     37104 237148168  0.000  0.000    1.031    1.034    0    0  (Gen:  0)
   474952     37152 237317888  0.000  0.000    1.031    1.035    0    0  (Gen:  0)
   475248     37528 237494288  0.000  0.000    1.031    1.035    0    0  (Gen:  0)
   473488     38464 237674144  0.000  0.000    1.031    1.035    0    0  (Gen:  0)
   474064     38424 237850688  0.000  0.000    1.031    1.035    0    0  (Gen:  0)
   472784     38440 238030472  0.000  0.000    1.031    1.035    0    0  (Gen:  0)
   475920     38568 238210448  0.000  0.000    1.031    1.035    0    0  (Gen:  0)
   474864     38136 238383272  0.000  0.000    1.031    1.035    0    0  (Gen:  0)
   475712     37536 238556264  0.000  0.000    1.031    1.035    0    0  (Gen:  0)
   477520     37720 238732496  0.000  0.000    1.032    1.035    0    0  (Gen:  0)
   475424     37920 238905536  0.000  0.000    1.032    1.036    0    0  (Gen:  0)
   474704     37616 239078480  0.000  0.000    1.032    1.036    0    0  (Gen:  0)
   477528     37392 239254528  0.000  0.000    1.032    1.036    0    0  (Gen:  0)
   477552     37064 239430208  0.000  0.000    1.032    1.036    0    0  (Gen:  0)
   475976     37720 239603960  0.000  0.000    1.032    1.036    0    0  (Gen:  0)
   475712     37680 239777048  0.000  0.000    1.032    1.036    0    0  (Gen:  0)
   477608     37528 239952928  0.000  0.000    1.032    1.036    0    0  (Gen:  0)
   475336     37864 240126176  0.000  0.000    1.033    1.036    0    0  (Gen:  0)
   475760     37504 240299168  0.000  0.000    1.033    1.037    0    0  (Gen:  0)
   477480     37584 240475312  0.000  0.000    1.033    1.037    0    0  (Gen:  0)
   474520     37696 240648368  0.000  0.000    1.033    1.037    0    0  (Gen:  0)
   478088     36912 240820528  0.000  0.000    1.033    1.037    0    0  (Gen:  0)
   475240     37144 240990632  0.000  0.000    1.033    1.037    0    0  (Gen:  0)
   475584     37168 241163408  0.000  0.000    1.033    1.037    0    0  (Gen:  0)
   477712     37496 241336256  0.000  0.000    1.033    1.037    0    0  (Gen:  0)
   478296     37016 241508856  0.000  0.000    1.033    1.037    0    0  (Gen:  0)
   476392     37392 241678712  0.000  0.000    1.034    1.037    0    0  (Gen:  0)
   476208     37400 241851488  0.000  0.000    1.034    1.038    0    0  (Gen:  0)
   477296     37264 242024120  0.000  0.000    1.034    1.038    0    0  (Gen:  0)
   476032     37144 242193752  0.000  0.000    1.034    1.038    0    0  (Gen:  0)
   476744     37728 242373304  0.000  0.000    1.034    1.038    0    0  (Gen:  0)
   476280     38448 242549840  0.000  0.000    1.034    1.038    0    0  (Gen:  0)
   476112     38032 242726192  0.000  0.000    1.034    1.038    0    0  (Gen:  0)
   473520     37992 242902544  0.000  0.000    1.034    1.038    0    0  (Gen:  0)
   476400     38080 243078944  0.000  0.000    1.035    1.038    0    0  (Gen:  0)
   474624     37816 243251912  0.000  0.000    1.035    1.038    0    0  (Gen:  0)
   475152     37408 243424736  0.000  0.000    1.035    1.039    0    0  (Gen:  0)
   476112     37912 243601184  0.000  0.000    1.035    1.039    0    0  (Gen:  0)
   474336     37728 243774056  0.000  0.000    1.035    1.039    0    0  (Gen:  0)
   476336     37440 243947000  0.000  0.000    1.035    1.039    0    0  (Gen:  0)
   477376     37672 244123184  0.000  0.000    1.035    1.039    0    0  (Gen:  0)
   475552     37984 244296440  0.000  0.000    1.035    1.039    0    0  (Gen:  0)
   474864     37600 244469168  0.000  0.000    1.035    1.039    0    0  (Gen:  0)
   476256     37600 244642280  0.000  0.000    1.036    1.039    0    0  (Gen:  0)
   474480     37456 244815056  0.000  0.000    1.036    1.040    0    0  (Gen:  0)
   477728     37216 244987736  0.000  0.000    1.036    1.040    0    0  (Gen:  0)
   475360     37096 245157272  0.000  0.000    1.036    1.040    0    0  (Gen:  0)
   474928     37264 245330024  0.000  0.000    1.036    1.040    0    0  (Gen:  0)
   478424     36240 245501752  0.000  0.000    1.036    1.040    0    0  (Gen:  0)
   475992     36960 245668832  0.000  0.000    1.036    1.040    0    0  (Gen:  0)
   475552     36592 245838104  0.000  0.000    1.036    1.040    0    0  (Gen:  0)
   478232     36456 246010456  0.000  0.000    1.036    1.040    0    0  (Gen:  0)
   479144     37080 246180248  0.000  0.000    1.037    1.040    0    0  (Gen:  0)
   478608     36744 246349544  0.000  0.000    1.037    1.040    0    0  (Gen:  0)
   476576     36816 246518912  0.000  0.000    1.037    1.041    0    0  (Gen:  0)
   476816     36928 246688376  0.000  0.000    1.037    1.041    0    0  (Gen:  0)
   476368     36736 246857600  0.000  0.000    1.037    1.041    0    0  (Gen:  0)
   478432     36640 247026920  0.000  0.000    1.037    1.041    0    0  (Gen:  0)
   473536     38040 247206992  0.000  0.000    1.037    1.041    0    0  (Gen:  0)
   475232     38608 247386728  0.000  0.000    1.037    1.041    0    0  (Gen:  0)
   476608     38344 247566440  0.000  0.000    1.037    1.041    0    0  (Gen:  0)
   476432     38704 247746488  0.000  0.000    1.038    1.041    0    0  (Gen:  0)
   477216     38664 247923032  0.000  0.000    1.038    1.041    0    0  (Gen:  0)
   475472     37848 248095976  0.000  0.000    1.038    1.042    0    0  (Gen:  0)
   475856     37792 248269016  0.000  0.000    1.038    1.042    0    0  (Gen:  0)
   473360     37792 248445224  0.000  0.000    1.038    1.042    0    0  (Gen:  0)
   475008     37432 248618000  0.000  0.000    1.038    1.042    0    0  (Gen:  0)
   475568     37528 248790944  0.000  0.000    1.038    1.042    0    0  (Gen:  0)
   476704     37720 248967224  0.000  0.000    1.038    1.042    0    0  (Gen:  0)
   475376     37912 249140264  0.000  0.000    1.039    1.042    0    0  (Gen:  0)
   474704     37648 249313208  0.000  0.000    1.039    1.043    0    0  (Gen:  0)
   474288     37576 249486176  0.000  0.000    1.039    1.043    0    0  (Gen:  0)
   474992     37672 249662336  0.000  0.000    1.039    1.043    0    0  (Gen:  0)
   476096     37600 249835232  0.000  0.000    1.039    1.043    0    0  (Gen:  0)
   475760     37504 250008176  0.000  0.000    1.039    1.043    0    0  (Gen:  0)
   474656     37648 250184384  0.000  0.000    1.039    1.043    0    0  (Gen:  0)
   478456     37616 250357296  0.000  0.000    1.039    1.043    0    0  (Gen:  0)
   475128     37440 250526888  0.000  0.000    1.040    1.043    0    0  (Gen:  0)
   475664     37000 250699520  0.000  0.000    1.040    1.044    0    0  (Gen:  0)
   476544     37264 250872440  0.000  0.000    1.040    1.044    0    0  (Gen:  0)
   475984     37336 251042024  0.000  0.000    1.040    1.044    0    0  (Gen:  0)
   476048     37000 251214512  0.000  0.000    1.040    1.044    0    0  (Gen:  0)
   476352     37216 251387480  0.000  0.000    1.040    1.044    0    0  (Gen:  0)
   478360     36920 251559712  0.000  0.000    1.040    1.044    0    0  (Gen:  0)
   476376     37392 251729888  0.000  0.000    1.040    1.044    0    0  (Gen:  0)
   475056     37288 251902808  0.000  0.000    1.041    1.044    0    0  (Gen:  0)
   476664     37632 252082144  0.000  0.000    1.041    1.045    0    0  (Gen:  0)
   477216     37944 252258640  0.000  0.000    1.041    1.045    0    0  (Gen:  0)
   477032     38080 252435248  0.000  0.000    1.041    1.045    0    0  (Gen:  0)
   476656     38232 252614960  0.000  0.000    1.041    1.045    0    0  (Gen:  0)
   475760     38176 252788048  0.000  0.000    1.041    1.045    0    0  (Gen:  0)
   475904     37552 252961040  0.000  0.000    1.041    1.045    0    0  (Gen:  0)
   477592     37544 253137144  0.000  0.000    1.042    1.046    0    0  (Gen:  0)
   474536     37872 253310360  0.000  0.000    1.042    1.046    0    0  (Gen:  0)
   474336     37512 253483136  0.000  0.000    1.042    1.046    0    0  (Gen:  0)
   474624     37360 253656056  0.000  0.000    1.042    1.046    0    0  (Gen:  0)
   475392     37864 253832504  0.000  0.000    1.042    1.046    0    0  (Gen:  0)
   474672     37720 254005328  0.000  0.000    1.043    1.046    0    0  (Gen:  0)
   476432     37480 254178224  0.000  0.000    1.043    1.047    0    0  (Gen:  0)
   477344     37648 254354480  0.000  0.000    1.043    1.047    0    0  (Gen:  0)
   474832     37920 254527688  0.000  0.000    1.044    1.048    0    0  (Gen:  0)
   475776     37600 254700464  0.000  0.000    1.044    1.048    0    0  (Gen:  0)
   477240     37424 254876472  0.000  0.000    1.044    1.048    0    0  (Gen:  0)
   477600     37632 255052864  0.000  0.000    1.045    1.049    0    0  (Gen:  0)
   477096     37600 255222608  0.000  0.000    1.045    1.049    0    0  (Gen:  0)
   476288     37096 255395240  0.000  0.000    1.045    1.049    0    0  (Gen:  0)
   478248     37280 255568120  0.000  0.000    1.046    1.049    0    0  (Gen:  0)
   478200     37560 255741032  0.000  0.000    1.046    1.050    0    0  (Gen:  0)
   476416     37240 255910568  0.000  0.000    1.046    1.050    0    0  (Gen:  0)
   474848     37048 256083104  0.000  0.000    1.046    1.050    0    0  (Gen:  0)
   474624     37168 256256072  0.000  0.000    1.046    1.050    0    0  (Gen:  0)
   476656     37344 256425656  0.000  0.000    1.046    1.050    0    0  (Gen:  0)
   476288     36952 256598144  0.000  0.000    1.046    1.050    0    0  (Gen:  0)
   473952     37624 256774640  0.000  0.000    1.046    1.050    0    0  (Gen:  0)
   476440     38568 256954552  0.000  0.000    1.047    1.050    0    0  (Gen:  0)
   476496     38024 257133808  0.000  0.000    1.047    1.051    0    0  (Gen:  0)
   476592     37976 257313544  0.000  0.000    1.047    1.051    0    0  (Gen:  0)
   475048     38616 257491040  0.000  0.000    1.047    1.051    0    0  (Gen:  0)
   478376     37368 257663392  0.000  0.000    1.047    1.051    0    0  (Gen:  0)
   475896     37072 257833280  0.000  0.000    1.047    1.051    0    0  (Gen:  0)
   474928     37264 258006128  0.000  0.000    1.047    1.051    0    0  (Gen:  0)
   477712     37216 258178832  0.000  0.000    1.047    1.051    0    0  (Gen:  0)
   478264     36360 258350728  0.000  0.000    1.048    1.051    0    0  (Gen:  0)
   475896     37344 258521384  0.000  0.000    1.048    1.052    0    0  (Gen:  0)
   474304     37312 258694088  0.000  0.000    1.048    1.052    0    0  (Gen:  0)
   478232     36576 258866248  0.000  0.000    1.048    1.052    0    0  (Gen:  0)
   475944     37128 259036328  0.000  0.000    1.048    1.052    0    0  (Gen:  0)
   476032     37312 259209224  0.000  0.000    1.048    1.052    0    0  (Gen:  0)
   477760     37376 259381928  0.000  0.000    1.048    1.052    0    0  (Gen:  0)
   478216     36512 259553968  0.000  0.000    1.048    1.052    0    0  (Gen:  0)
   475848     37288 259724384  0.000  0.000    1.048    1.052    0    0  (Gen:  0)
   476416     37360 259897184  0.000  0.000    1.049    1.052    0    0  (Gen:  0)
   476176     36856 260066408  0.000  0.000    1.049    1.053    0    0  (Gen:  0)
   477840     36624 260235704  0.000  0.000    1.049    1.053    0    0  (Gen:  0)
   476336     36864 260405168  0.000  0.000    1.049    1.053    0    0  (Gen:  0)
   475696     36880 260574488  0.000  0.000    1.049    1.053    0    0  (Gen:  0)
   476544     36672 260743736  0.000  0.000    1.049    1.053    0    0  (Gen:  0)
   477072     36696 260913128  0.000  0.000    1.049    1.053    0    0  (Gen:  0)
   476416     36984 261082664  0.000  0.000    1.049    1.053    0    0  (Gen:  0)
   475136     36736 261251816  0.000  0.000    1.049    1.053    0    0  (Gen:  0)
   477312     36552 261421064  0.000  0.000    1.050    1.053    0    0  (Gen:  0)
   475344     37008 261593888  0.000  0.000    1.050    1.054    0    0  (Gen:  0)
   476368     37840 261767144  0.000  0.000    1.050    1.054    0    0  (Gen:  0)
   477384     36936 261942424  0.000  0.000    1.050    1.054    0    0  (Gen:  0)
   474392     37584 262116080  0.000  0.000    1.050    1.054    0    0  (Gen:  0)
   477160     36992 262291696  0.000  0.000    1.050    1.054    0    0  (Gen:  0)
   476344     37480 262461992  0.000  0.000    1.050    1.054    0    0  (Gen:  0)
   478144     37144 262634696  0.000  0.000    1.050    1.054    0    0  (Gen:  0)
   477264     37248 262807472  0.000  0.000    1.050    1.054    0    0  (Gen:  0)
   478456     36432 262979368  0.000  0.000    1.051    1.054    0    0  (Gen:  0)
   476472     37336 263150024  0.000  0.000    1.051    1.055    0    0  (Gen:  0)
   475376     37240 263322656  0.000  0.000    1.051    1.055    0    0  (Gen:  0)
   474960     37168 263495528  0.000  0.000    1.051    1.055    0    0  (Gen:  0)
   476848     37296 263665112  0.000  0.000    1.051    1.055    0    0  (Gen:  0)
   475904     37048 263837648  0.000  0.000    1.051    1.055    0    0  (Gen:  0)
   477056     37080 264007256  0.000  0.000    1.051    1.055    0    0  (Gen:  0)
   476544     37112 264176696  0.000  0.000    1.051    1.055    0    0  (Gen:  0)
   475888     36584 264345776  0.000  0.000    1.051    1.055    0    0  (Gen:  0)
   476640     36720 264515168  0.000  0.000    1.052    1.055    0    0  (Gen:  0)
   477040     36984 264684752  0.000  0.000    1.052    1.055    0    0  (Gen:  0)
   479160     35568 264852688  0.000  0.000    1.052    1.056    0    0  (Gen:  0)
   477320     36240 265019672  0.000  0.000    1.052    1.056    0    0  (Gen:  0)
   476800     36408 265185680  0.000  0.000    1.052    1.056    0    0  (Gen:  0)
   477056     36472 265354832  0.000  0.000    1.052    1.056    0    0  (Gen:  0)
   477776     36304 265520768  0.000  0.000    1.052    1.056    0    0  (Gen:  0)
   478160     36352 265686704  0.000  0.000    1.052    1.056    0    0  (Gen:  0)
   477264     36496 265855952  0.000  0.000    1.052    1.056    0    0  (Gen:  0)
   479112     36528 266024896  0.000  0.000    1.052    1.056    0    0  (Gen:  0)
   477832     36304 266190992  0.000  0.000    1.053    1.056    0    0  (Gen:  0)
   478000     36832 266363792  0.000  0.000    1.053    1.057    0    0  (Gen:  0)
   473856     38200 266543720  0.000  0.000    1.053    1.057    0    0  (Gen:  0)
   473872     38688 266720408  0.000  0.000    1.053    1.057    0    0  (Gen:  0)
   475760     38344 266900000  0.000  0.000    1.053    1.057    0    0  (Gen:  0)
   472784     38784 267080192  0.000  0.000    1.053    1.057    0    0  (Gen:  0)
   474720     38200 267253112  0.000  0.000    1.053    1.057    0    0  (Gen:  0)
   476384     37592 267426008  0.000  0.000    1.053    1.057    0    0  (Gen:  0)
   476336     37648 267602216  0.000  0.000    1.053    1.057    0    0  (Gen:  0)
   474880     37824 267775328  0.000  0.000    1.054    1.057    0    0  (Gen:  0)
   475680     37648 267948200  0.000  0.000    1.054    1.058    0    0  (Gen:  0)
   477192     37520 268124208  0.000  0.000    1.054    1.058    0    0  (Gen:  0)
   477032     37752 268300664  0.000  0.000    1.054    1.058    0    0  (Gen:  0)
   475296     37720 268473584  0.000  0.000    1.054    1.058    0    0  (Gen:  0)
   475664     37480 268646480  0.000  0.000    1.054    1.058    0    0  (Gen:  0)
   477608     37224 268822168  0.000  0.000    1.054    1.058    0    0  (Gen:  0)
   476104     37920 268995896  0.000  0.000    1.054    1.058    0    0  (Gen:  0)
   475472     37648 269168840  0.000  0.000    1.054    1.058    0    0  (Gen:  0)
   477432     37296 269344552  0.000  0.000    1.055    1.058    0    0  (Gen:  0)
   474696     37864 269518160  0.000  0.000    1.055    1.059    0    0  (Gen:  0)
   477632     37408 269690792  0.000  0.000    1.055    1.059    0    0  (Gen:  0)
   478312     35960 269862352  0.000  0.000    1.055    1.059    0    0  (Gen:  0)
   478080     37056 270036136  0.000  0.000    1.055    1.059    0    0  (Gen:  0)
   476712     37576 270206168  0.000  0.000    1.055    1.059    0    0  (Gen:  0)
   474848     37096 270378656  0.000  0.000    1.055    1.059    0    0  (Gen:  0)
   478312     36480 270550984  0.000  0.000    1.055    1.059    0    0  (Gen:  0)
   476792     37464 270724448  0.000  0.000    1.055    1.059    0    0  (Gen:  0)
   476560     37248 270893984  0.000  0.000    1.056    1.059    0    0  (Gen:  0)
   476000     37048 271066568  0.000  0.000    1.056    1.060    0    0  (Gen:  0)
   476496     37632 271243064  0.000  0.000    1.056    1.060    0    0  (Gen:  0)
   475536     38328 271419464  0.000  0.000    1.056    1.060    0    0  (Gen:  0)
   475056     38088 271595864  0.000  0.000    1.056    1.060    0    0  (Gen:  0)
   474720     38040 271772216  0.000  0.000    1.056    1.060    0    0  (Gen:  0)
   474336     38184 271948664  0.000  0.000    1.056    1.060    0    0  (Gen:  0)
   476480     37896 272121656  0.000  0.000    1.056    1.060    0    0  (Gen:  0)
   476336     37696 272294696  0.000  0.000    1.056    1.060    0    0  (Gen:  0)
   474560     37696 272470760  0.000  0.000    1.057    1.060    0    0  (Gen:  0)
   474752     37800 272643848  0.000  0.000    1.057    1.061    0    0  (Gen:  0)
   475568     37616 272816792  0.000  0.000    1.057    1.061    0    0  (Gen:  0)
   477528     37296 272992600  0.000  0.000    1.057    1.061    0    0  (Gen:  0)
   477600     37304 273168664  0.000  0.000    1.057    1.061    0    0  (Gen:  0)
   475880     37584 273342080  0.000  0.000    1.057    1.061    0    0  (Gen:  0)
   476688     37600 273515144  0.000  0.000    1.057    1.061    0    0  (Gen:  0)
   475872     37824 273691400  0.000  0.000    1.057    1.061    0    0  (Gen:  0)
   476384     38136 273864488  0.000  0.000    1.057    1.061    0    0  (Gen:  0)
   476144     37600 274037432  0.000  0.000    1.057    1.061    0    0  (Gen:  0)
   476288     37648 274213592  0.000  0.000    1.058    1.061    0    0  (Gen:  0)
   476096     37752 274386584  0.000  0.000    1.058    1.062    0    0  (Gen:  0)
   478376     37248 274559128  0.000  0.000    1.058    1.062    0    0  (Gen:  0)
   476104     37104 274728800  0.000  0.000    1.058    1.062    0    0  (Gen:  0)
   474848     37432 274901840  0.000  0.000    1.058    1.062    0    0  (Gen:  0)
   477104     37240 275074424  0.000  0.000    1.058    1.062    0    0  (Gen:  0)
   475936     37152 275244056  0.000  0.000    1.058    1.062    0    0  (Gen:  0)
   475648     37216 275416760  0.000  0.000    1.058    1.062    0    0  (Gen:  0)
   475216     37312 275589512  0.000  0.000    1.058    1.062    0    0  (Gen:  0)
   476032     37224 275759048  0.000  0.000    1.059    1.062    0    0  (Gen:  0)
   478208     37048 275931680  0.000  0.000    1.059    1.063    0    0  (Gen:  0)
   474208     38328 276111944  0.000  0.000    1.059    1.063    0    0  (Gen:  0)
   474992     38608 276291536  0.000  0.000    1.059    1.063    0    0  (Gen:  0)
   476616     38384 276471288  0.000  0.000    1.059    1.063    0    0  (Gen:  0)
   476280     38712 276651296  0.000  0.000    1.059    1.063    0    0  (Gen:  0)
   477352     38112 276827344  0.000  0.000    1.059    1.063    0    0  (Gen:  0)
   475672     37792 277000784  0.000  0.000    1.059    1.063    0    0  (Gen:  0)
   475664     37792 277173824  0.000  0.000    1.060    1.063    0    0  (Gen:  0)
   473888     37696 277350032  0.000  0.000    1.060    1.064    0    0  (Gen:  0)
   474768     37528 277522904  0.000  0.000    1.060    1.064    0    0  (Gen:  0)
   475952     37584 277695848  0.000  0.000    1.060    1.064    0    0  (Gen:  0)
   476176     37688 277872032  0.000  0.000    1.060    1.064    0    0  (Gen:  0)
   475328     37720 278045072  0.000  0.000    1.060    1.064    0    0  (Gen:  0)
   474992     37696 278218064  0.000  0.000    1.060    1.064    0    0  (Gen:  0)
   474432     37624 278391080  0.000  0.000    1.060    1.064    0    0  (Gen:  0)
   474704     37720 278567192  0.000  0.000    1.060    1.064    0    0  (Gen:  0)
   476384     37608 278740184  0.000  0.000    1.061    1.064    0    0  (Gen:  0)
   475616     37664 278913176  0.000  0.000    1.061    1.065    0    0  (Gen:  0)
   474896     37648 279089288  0.000  0.000    1.061    1.065    0    0  (Gen:  0)
   477928     37528 279262056  0.000  0.000    1.061    1.065    0    0  (Gen:  0)
   475272     37144 279431696  0.000  0.000    1.061    1.065    0    0  (Gen:  0)
   475808     37144 279604472  0.000  0.000    1.061    1.065    0    0  (Gen:  0)
   476496     37264 279777248  0.000  0.000    1.061    1.065    0    0  (Gen:  0)
   476032     37288 279946784  0.000  0.000    1.061    1.065    0    0  (Gen:  0)
   476144     37144 280119512  0.000  0.000    1.061    1.065    0    0  (Gen:  0)
   476736     37224 280292288  0.000  0.000    1.062    1.065    0    0  (Gen:  0)
   478168     37352 280465000  0.000  0.000    1.062    1.066    0    0  (Gen:  0)
   476040     37200 280634744  0.000  0.000    1.062    1.066    0    0  (Gen:  0)
   474912     37336 280807664  0.000  0.000    1.062    1.066    0    0  (Gen:  0)
   476520     37584 280986952  0.000  0.000    1.062    1.066    0    0  (Gen:  0)
   477264     38000 281163544  0.000  0.000    1.062    1.066    0    0  (Gen:  0)
   477368     38136 281340104  0.000  0.000    1.062    1.066    0    0  (Gen:  0)
   476584     37664 281519248  0.000  0.000    1.062    1.066    0    0  (Gen:  0)
   475592     38272 281692952  0.000  0.000    1.062    1.066    0    0  (Gen:  0)
   476144     37480 281865896  0.000  0.000    1.063    1.066    0    0  (Gen:  0)
   477512     36664 282041056  0.000  0.000    1.063    1.067    0    0  (Gen:  0)
   474280     37824 282215120  0.000  0.000    1.063    1.067    0    0  (Gen:  0)
   474624     37624 282388088  0.000  0.000    1.063    1.067    0    0  (Gen:  0)
   476192     37480 282560984  0.000  0.000    1.063    1.067    0    0  (Gen:  0)
   474064     37864 282737312  0.000  0.000    1.063    1.067    0    0  (Gen:  0)
   474336     37600 282910184  0.000  0.000    1.063    1.067    0    0  (Gen:  0)
   476336     37432 283083128  0.000  0.000    1.063    1.067    0    0  (Gen:  0)
   478160     37432 283255904  0.000  0.000    1.063    1.067    0    0  (Gen:  0)
   477008     37128 283425368  0.000  0.000    1.064    1.067    0    0  (Gen:  0)
   476752     36752 283594592  0.000  0.000    1.064    1.068    0    0  (Gen:  0)
   478512     36624 283763888  0.000  0.000    1.064    1.068    0    0  (Gen:  0)
   478264     36320 283935928  0.000  0.000    1.064    1.068    0    0  (Gen:  0)
   477416     36696 284102624  0.000  0.000    1.064    1.068    0    0  (Gen:  0)
   476864     36192 284268512  0.000  0.000    1.064    1.068    0    0  (Gen:  0)
   476432     36304 284434496  0.000  0.000    1.064    1.068    0    0  (Gen:  0)
   475760     36448 284603600  0.000  0.000    1.064    1.068    0    0  (Gen:  0)
   478112     36256 284769536  0.000  0.000    1.064    1.068    0    0  (Gen:  0)
   476432     36352 284935472  0.000  0.000    1.065    1.068    0    0  (Gen:  0)
   475616     36208 285104480  0.000  0.000    1.065    1.069    0    0  (Gen:  0)
   476336     36448 285270464  0.000  0.000    1.065    1.069    0    0  (Gen:  0)
   476096     36400 285436400  0.000  0.000    1.065    1.069    0    0  (Gen:  0)
   475216     36472 285605672  0.000  0.000    1.065    1.069    0    0  (Gen:  0)
   473408     37600 285782192  0.000  0.000    1.065    1.069    0    0  (Gen:  0)
   474832     38032 285958424  0.000  0.000    1.065    1.069    0    0  (Gen:  0)
   473872     37840 286134608  0.000  0.000    1.065    1.069    0    0  (Gen:  0)
   473840     38088 286311224  0.000  0.000    1.065    1.069    0    0  (Gen:  0)
   475216     37864 286484072  0.000  0.000    1.066    1.069    0    0  (Gen:  0)
   474976     37320 286653608  0.000  0.000    1.066    1.070    0    0  (Gen:  0)
   475664     37000 286826240  0.000  0.000    1.066    1.070    0    0  (Gen:  0)
   476544     37264 286999160  0.000  0.000    1.066    1.070    0    0  (Gen:  0)
   475984     37336 287168744  0.000  0.000    1.066    1.070    0    0  (Gen:  0)
   476048     37000 287341232  0.000  0.000    1.066    1.070    0    0  (Gen:  0)
   476352     37216 287514200  0.000  0.000    1.066    1.070    0    0  (Gen:  0)
   478360     36920 287686432  0.000  0.000    1.066    1.070    0    0  (Gen:  0)
   476376     37392 287856608  0.000  0.000    1.066    1.070    0    0  (Gen:  0)
   476720     37096 288029336  0.000  0.000    1.067    1.070    0    0  (Gen:  0)
   476448     37272 288202160  0.000  0.000    1.067    1.071    0    0  (Gen:  0)
   475984     37288 288371744  0.000  0.000    1.067    1.071    0    0  (Gen:  0)
   476192     37048 288544328  0.000  0.000    1.067    1.071    0    0  (Gen:  0)
   476160     37128 288717152  0.000  0.000    1.067    1.071    0    0  (Gen:  0)
   475776     37096 288886544  0.000  0.000    1.067    1.071    0    0  (Gen:  0)
   477120     36792 289055888  0.000  0.000    1.067    1.071    0    0  (Gen:  0)
   477504     36688 289225232  0.000  0.000    1.067    1.071    0    0  (Gen:  0)
   475664     37048 289394840  0.000  0.000    1.067    1.071    0    0  (Gen:  0)
   476416     36688 289563920  0.000  0.000    1.068    1.071    0    0  (Gen:  0)
   477600     36624 289733216  0.000  0.000    1.068    1.072    0    0  (Gen:  0)
   475712     36912 289902776  0.000  0.000    1.068    1.072    0    0  (Gen:  0)
   477264     37048 290072168  0.000  0.000    1.068    1.072    0    0  (Gen:  0)
   475072     36568 290241200  0.000  0.000    1.068    1.072    0    0  (Gen:  0)
   475248     36760 290410640  0.000  0.000    1.068    1.072    0    0  (Gen:  0)
   477480     37552 290587088  0.000  0.000    1.068    1.072    0    0  (Gen:  0)
   475320     37768 290759960  0.000  0.000    1.068    1.072    0    0  (Gen:  0)
   475376     37536 290932904  0.000  0.000    1.068    1.072    0    0  (Gen:  0)
   476656     37688 291109136  0.000  0.000    1.069    1.072    0    0  (Gen:  0)
   478408     37344 291281704  0.000  0.000    1.069    1.073    0    0  (Gen:  0)
   478320     36824 291454240  0.000  0.000    1.069    1.073    0    0  (Gen:  0)
   476712     37200 291624512  0.000  0.000    1.069    1.073    0    0  (Gen:  0)
   475632     37432 291797480  0.000  0.000    1.069    1.073    0    0  (Gen:  0)
   477440     37168 291970016  0.000  0.000    1.069    1.073    0    0  (Gen:  0)
   478312     35808 292141480  0.000  0.000    1.069    1.073    0    0  (Gen:  0)
   478368     37352 292315648  0.000  0.000    1.069    1.073    0    0  (Gen:  0)
   475368     37488 292485344  0.000  0.000    1.069    1.073    0    0  (Gen:  0)
   474944     37000 292657880  0.000  0.000    1.070    1.073    0    0  (Gen:  0)
   476416     37104 292827608  0.000  0.000    1.070    1.074    0    0  (Gen:  0)
   475392     37432 293000480  0.000  0.000    1.070    1.074    0    0  (Gen:  0)
   477632     37168 293173112  0.000  0.000    1.070    1.074    0    0  (Gen:  0)
   478312     35912 293344624  0.000  0.000    1.070    1.074    0    0  (Gen:  0)
   478328     37416 293518808  0.000  0.000    1.070    1.074    0    0  (Gen:  0)
   475680     37344 293688248  0.000  0.000    1.071    1.074    0    0  (Gen:  0)
   476928     36840 293857496  0.000  0.000    1.071    1.075    0    0  (Gen:  0)
   477984     37024 294026936  0.000  0.000    1.071    1.075    0    0  (Gen:  0)
   476560     37176 294196520  0.000  0.000    1.071    1.075    0    0  (Gen:  0)
   477376     36952 294365696  0.000  0.000    1.071    1.075    0    0  (Gen:  0)
   477312     36568 294534944  0.000  0.000    1.071    1.075    0    0  (Gen:  0)
   476480     36824 294704456  0.000  0.000    1.071    1.075    0    0  (Gen:  0)
   475248     36952 294873848  0.000  0.000    1.072    1.076    0    0  (Gen:  0)
   477184     36568 295042976  0.000  0.000    1.072    1.076    0    0  (Gen:  0)
   475680     36664 295212320  0.000  0.000    1.072    1.076    0    0  (Gen:  0)
   476488     37648 295392128  0.000  0.000    1.072    1.076    0    0  (Gen:  0)
   477424     38168 295568512  0.000  0.000    1.072    1.076    0    0  (Gen:  0)
   476072     37936 295744832  0.000  0.000    1.072    1.076    0    0  (Gen:  0)
   473936     38200 295921352  0.000  0.000    1.073    1.076    0    0  (Gen:  0)
   478184     37608 296094040  0.000  0.000    1.073    1.077    0    0  (Gen:  0)
   477800     37032 296263640  0.000  0.000    1.073    1.077    0    0  (Gen:  0)
   477888     36984 296433080  0.000  0.000    1.073    1.077    0    0  (Gen:  0)
   476368     37128 296602664  0.000  0.000    1.073    1.077    0    0  (Gen:  0)
   477088     36904 296771840  0.000  0.000    1.073    1.077    0    0  (Gen:  0)
   475408     36592 296941016  0.000  0.000    1.073    1.077    0    0  (Gen:  0)
   476432     36840 297110432  0.000  0.000    1.073    1.077    0    0  (Gen:  0)
   477392     37120 297279992  0.000  0.000    1.074    1.077    0    0  (Gen:  0)
   476944     36832 297449120  0.000  0.000    1.074    1.078    0    0  (Gen:  0)
   477280     36736 297618440  0.000  0.000    1.074    1.078    0    0  (Gen:  0)
   475264     37200 297788072  0.000  0.000    1.074    1.078    0    0  (Gen:  0)
   476176     36856 297957248  0.000  0.000    1.074    1.078    0    0  (Gen:  0)
   476176     36640 298126472  0.000  0.000    1.074    1.078    0    0  (Gen:  0)
   475056     36720 298295768  0.000  0.000    1.074    1.078    0    0  (Gen:  0)
   477552     36936 298465160  0.000  0.000    1.074    1.078    0    0  (Gen:  0)
   477680     36504 298631000  0.000  0.000    1.074    1.078    0    0  (Gen:  0)
   476112     36328 298796912  0.000  0.000    1.075    1.078    0    0  (Gen:  0)
   476896     36400 298966088  0.000  0.000    1.075    1.079    0    0  (Gen:  0)
   476144     36576 299132024  0.000  0.000    1.075    1.079    0    0  (Gen:  0)
   477008     36320 299297960  0.000  0.000    1.075    1.079    0    0  (Gen:  0)
   478688     36352 299467112  0.000  0.000    1.075    1.079    0    0  (Gen:  0)
   479080     35912 299635720  0.000  0.000    1.075    1.079    0    0  (Gen:  0)
   476552     36384 299802176  0.000  0.000    1.075    1.079    0    0  (Gen:  0)
   476768     36040 299968016  0.000  0.000    1.076    1.080    0    0  (Gen:  0)
   478184     36576 300140560  0.000  0.000    1.076    1.080    0    0  (Gen:  0)
   476040     37456 300310496  0.000  0.000    1.076    1.080    0    0  (Gen:  0)
   474944     37144 300483080  0.000  0.000    1.076    1.080    0    0  (Gen:  0)
   478120     36344 300655216  0.000  0.000    1.076    1.080    0    0  (Gen:  0)
   478280     37504 300828920  0.000  0.000    1.076    1.080    0    0  (Gen:  0)
   479032     36984 300998104  0.000  0.000    1.077    1.081    0    0  (Gen:  0)
   477608     36840 301167512  0.000  0.000    1.077    1.081    0    0  (Gen:  0)
   477152     36864 301336928  0.000  0.000    1.078    1.082    0    0  (Gen:  0)
   476352     37048 301506368  0.000  0.000    1.078    1.082    0    0  (Gen:  0)
   476032     36616 301675544  0.000  0.000    1.078    1.082    0    0  (Gen:  0)
   476592     36760 301844936  0.000  0.000    1.079    1.083    0    0  (Gen:  0)
   476224     37032 302014472  0.000  0.000    1.079    1.083    0    0  (Gen:  0)
   476752     36904 302183696  0.000  0.000    1.079    1.083    0    0  (Gen:  0)
   475888     36496 302352872  0.000  0.000    1.080    1.083    0    0  (Gen:  0)
   479176     35456 302521000  0.000  0.000    1.080    1.084    0    0  (Gen:  0)
   476200     36696 302688248  0.000  0.000    1.080    1.084    0    0  (Gen:  0)
   477872     36400 302854184  0.000  0.000    1.080    1.084    0    0  (Gen:  0)
   476592     36232 303020000  0.000  0.000    1.080    1.084    0    0  (Gen:  0)
   476544     36424 303189248  0.000  0.000    1.080    1.084    0    0  (Gen:  0)
   476480     36136 303354968  0.000  0.000    1.080    1.084    0    0  (Gen:  0)
   479992     35288 303520192  0.000  0.000    1.081    1.085    0    0  (Gen:  0)
   479928     36048 303686432  0.000  0.000    1.081    1.085    0    0  (Gen:  0)
   479792     36208 303852416  0.000  0.000    1.081    1.085    0    0  (Gen:  0)
   479800     35016 304016968  0.000  0.000    1.081    1.085    0    0  (Gen:  0)
   477768     35952 304180664  0.000  0.000    1.081    1.085    0    0  (Gen:  0)
   477408     35992 304346432  0.000  0.000    1.081    1.085    0    0  (Gen:  0)
   477184     36088 304512176  0.000  0.000    1.081    1.085    0    0  (Gen:  0)
   479864     35280 304677280  0.000  0.000    1.081    1.085    0    0  (Gen:  0)
   478856     36144 304843736  0.000  0.000    1.082    1.086    0    0  (Gen:  0)
   473168     37680 305023784  0.000  0.000    1.082    1.086    0    0  (Gen:  0)
   476264     37968 305202856  0.000  0.000    1.082    1.086    0    0  (Gen:  0)
   474216     38512 305380184  0.000  0.000    1.082    1.086    0    0  (Gen:  0)
   474096     38680 305560064  0.000  0.000    1.082    1.086    0    0  (Gen:  0)
   474992     38296 305736320  0.000  0.000    1.082    1.086    0    0  (Gen:  0)
   476656     37776 305909480  0.000  0.000    1.082    1.086    0    0  (Gen:  0)
   477144     37080 306085000  0.000  0.000    1.082    1.086    0    0  (Gen:  0)
   475416     37824 306258752  0.000  0.000    1.082    1.086    0    0  (Gen:  0)
   477384     36648 306433792  0.000  0.000    1.083    1.087    0    0  (Gen:  0)
   475592     37432 306607688  0.000  0.000    1.083    1.087    0    0  (Gen:  0)
   477448     37136 306783448  0.000  0.000    1.083    1.087    0    0  (Gen:  0)
   476008     37888 306957080  0.000  0.000    1.083    1.087    0    0  (Gen:  0)
   475520     37744 307130072  0.000  0.000    1.083    1.087    0    0  (Gen:  0)
   474192     37576 307303040  0.000  0.000    1.083    1.087    0    0  (Gen:  0)
   474608     37624 307479152  0.000  0.000    1.083    1.087    0    0  (Gen:  0)
   474864     37576 307652072  0.000  0.000    1.083    1.087    0    0  (Gen:  0)
   475952     37584 307825016  0.000  0.000    1.083    1.087    0    0  (Gen:  0)
   475120     37624 308001200  0.000  0.000    1.084    1.088    0    0  (Gen:  0)
   478264     37200 308173624  0.000  0.000    1.084    1.088    0    0  (Gen:  0)
   476664     37344 308343800  0.000  0.000    1.084    1.088    0    0  (Gen:  0)
   476288     37144 308516432  0.000  0.000    1.084    1.088    0    0  (Gen:  0)
   475920     37320 308689256  0.000  0.000    1.084    1.088    0    0  (Gen:  0)
   476272     37200 308858840  0.000  0.000    1.084    1.088    0    0  (Gen:  0)
   476624     37048 309031424  0.000  0.000    1.084    1.088    0    0  (Gen:  0)
   474912     37168 309204296  0.000  0.000    1.084    1.088    0    0  (Gen:  0)
   478312     36680 309376288  0.000  0.000    1.084    1.088    0    0  (Gen:  0)
   476856     37240 309546752  0.000  0.000    1.084    1.088    0    0  (Gen:  0)
   474624     37432 309719720  0.000  0.000    1.085    1.089    0    0  (Gen:  0)
   476472     37976 309899256  0.000  0.000    1.085    1.089    0    0  (Gen:  0)
   477032     38064 310075712  0.000  0.000    1.085    1.089    0    0  (Gen:  0)
   477592     37976 310252008  0.000  0.000    1.085    1.089    0    0  (Gen:  0)
   476688     38328 310431832  0.000  0.000    1.085    1.089    0    0  (Gen:  0)
   475784     38040 310604960  0.000  0.000    1.085    1.089    0    0  (Gen:  0)
   476432     37488 310777856  0.000  0.000    1.085    1.089    0    0  (Gen:  0)
   477320     37416 310953880  0.000  0.000    1.085    1.089    0    0  (Gen:  0)
   476040     37944 311127344  0.000  0.000    1.085    1.089    0    0  (Gen:  0)
   475680     37648 311300216  0.000  0.000    1.086    1.090    0    0  (Gen:  0)
   477192     37520 311476224  0.000  0.000    1.086    1.090    0    0  (Gen:  0)
   477032     37752 311652680  0.000  0.000    1.086    1.090    0    0  (Gen:  0)
   475296     37720 311825600  0.000  0.000    1.086    1.090    0    0  (Gen:  0)
   475664     37480 311998496  0.000  0.000    1.086    1.090    0    0  (Gen:  0)
   477272     36840 312173800  0.000  0.000    1.086    1.090    0    0  (Gen:  0)
   476440     37920 312347912  0.000  0.000    1.086    1.090    0    0  (Gen:  0)
   475472     37648 312520856  0.000  0.000    1.086    1.090    0    0  (Gen:  0)
   477432     37296 312696568  0.000  0.000    1.086    1.090    0    0  (Gen:  0)
   474696     37864 312870176  0.000  0.000    1.086    1.090    0    0  (Gen:  0)
   477632     37408 313042808  0.000  0.000    1.087    1.091    0    0  (Gen:  0)
   478312     35912 313214320  0.000  0.000    1.087    1.091    0    0  (Gen:  0)
   478224     37152 313388248  0.000  0.000    1.087    1.091    0    0  (Gen:  0)
   476568     37576 313558184  0.000  0.000    1.087    1.091    0    0  (Gen:  0)
   474848     37096 313730672  0.000  0.000    1.087    1.091    0    0  (Gen:  0)
   478312     36432 313902952  0.000  0.000    1.087    1.091    0    0  (Gen:  0)
   476792     37464 314076464  0.000  0.000    1.087    1.091    0    0  (Gen:  0)
   476560     37248 314246000  0.000  0.000    1.087    1.091    0    0  (Gen:  0)
   476000     37048 314418584  0.000  0.000    1.087    1.091    0    0  (Gen:  0)
   475120     37824 314595272  0.000  0.000    1.088    1.092    0    0  (Gen:  0)
   473456     38632 314774960  0.000  0.000    1.088    1.092    0    0  (Gen:  0)
   476440     38064 314954440  0.000  0.000    1.088    1.092    0    0  (Gen:  0)
   476832     38408 315134512  0.000  0.000    1.088    1.092    0    0  (Gen:  0)
   473512     38560 315311384  0.000  0.000    1.088    1.092    0    0  (Gen:  0)
   474480     37840 315484208  0.000  0.000    1.088    1.092    0    0  (Gen:  0)
   475200     37504 315657224  0.000  0.000    1.088    1.092    0    0  (Gen:  0)
   474544     37664 315833360  0.000  0.000    1.088    1.092    0    0  (Gen:  0)
   474096     37840 316006376  0.000  0.000    1.088    1.092    0    0  (Gen:  0)
   475520     37536 316179272  0.000  0.000    1.089    1.092    0    0  (Gen:  0)
   477416     36808 316354672  0.000  0.000    1.089    1.093    0    0  (Gen:  0)
   475848     37936 316528664  0.000  0.000    1.089    1.093    0    0  (Gen:  0)
   474528     37600 316701488  0.000  0.000    1.089    1.093    0    0  (Gen:  0)
   474880     37432 316874288  0.000  0.000    1.089    1.093    0    0  (Gen:  0)
   474912     37808 317050736  0.000  0.000    1.089    1.093    0    0  (Gen:  0)
   474480     37720 317223656  0.000  0.000    1.089    1.093    0    0  (Gen:  0)
   474768     37408 317396432  0.000  0.000    1.089    1.093    0    0  (Gen:  0)
   477376     37600 317572664  0.000  0.000    1.089    1.093    0    0  (Gen:  0)
   474432     37560 317745536  0.000  0.000    1.089    1.093    0    0  (Gen:  0)
   476560     37296 317915168  0.000  0.000    1.090    1.094    0    0  (Gen:  0)
   477488     37096 318087800  0.000  0.000    1.090    1.094    0    0  (Gen:  0)
   475616     37536 318260888  0.000  0.000    1.090    1.094    0    0  (Gen:  0)
   478232     37104 318433288  0.000  0.000    1.090    1.094    0    0  (Gen:  0)
   477192     37272 318603128  0.000  0.000    1.090    1.094    0    0  (Gen:  0)
   474880     37120 318775832  0.000  0.000    1.090    1.094    0    0  (Gen:  0)
   475312     37168 318948584  0.000  0.000    1.090    1.094    0    0  (Gen:  0)
   476608     37224 319118216  0.000  0.000    1.090    1.094    0    0  (Gen:  0)
   476720     37144 319290800  0.000  0.000    1.090    1.094    0    0  (Gen:  0)
   476440     37008 319469752  0.000  0.000    1.091    1.095    0    0  (Gen:  0)
   477408     37608 319646392  0.000  0.000    1.091    1.095    0    0  (Gen:  0)
   477552     37880 319823368  0.000  0.000    1.091    1.095    0    0  (Gen:  0)
   474472     38112 319999952  0.000  0.000    1.091    1.095    0    0  (Gen:  0)
   477544     38232 320176384  0.000  0.000    1.091    1.095    0    0  (Gen:  0)
   475544     37776 320349320  0.000  0.000    1.091    1.095    0    0  (Gen:  0)
   475856     37792 320522360  0.000  0.000    1.091    1.095    0    0  (Gen:  0)
   473360     37792 320698568  0.000  0.000    1.091    1.095    0    0  (Gen:  0)
   475008     37432 320871344  0.000  0.000    1.091    1.095    0    0  (Gen:  0)
   475568     37528 321044288  0.000  0.000    1.092    1.095    0    0  (Gen:  0)
   476704     37720 321220568  0.000  0.000    1.092    1.096    0    0  (Gen:  0)
   475376     37912 321393608  0.000  0.000    1.092    1.096    0    0  (Gen:  0)
   474704     37648 321566552  0.000  0.000    1.092    1.096    0    0  (Gen:  0)
   475312     37552 321739496  0.000  0.000    1.092    1.096    0    0  (Gen:  0)
   474256     37408 321912248  0.000  0.000    1.092    1.096    0    0  (Gen:  0)
   476128     37216 322081784  0.000  0.000    1.092    1.096    0    0  (Gen:  0)
   476192     37144 322254320  0.000  0.000    1.092    1.096    0    0  (Gen:  0)
   475968     37120 322427192  0.000  0.000    1.092    1.096    0    0  (Gen:  0)
   476064     37200 322596632  0.000  0.000    1.092    1.096    0    0  (Gen:  0)
   476544     36744 322765880  0.000  0.000    1.093    1.097    0    0  (Gen:  0)
   478080     36744 322935320  0.000  0.000    1.093    1.097    0    0  (Gen:  0)
   476896     37128 323104952  0.000  0.000    1.093    1.097    0    0  (Gen:  0)
   476992     36808 323274080  0.000  0.000    1.093    1.097    0    0  (Gen:  0)
   475168     36544 323443256  0.000  0.000    1.093    1.097    0    0  (Gen:  0)
   476144     36696 323612672  0.000  0.000    1.093    1.097    0    0  (Gen:  0)
   475968     36904 323782064  0.000  0.000    1.093    1.097    0    0  (Gen:  0)
   476560     36664 323951288  0.000  0.000    1.093    1.097    0    0  (Gen:  0)
   475616     36840 324120704  0.000  0.000    1.093    1.097    0    0  (Gen:  0)
   474416     38104 324300848  0.000  0.000    1.094    1.098    0    0  (Gen:  0)
   475664     38632 324480536  0.000  0.000    1.094    1.098    0    0  (Gen:  0)
   476632     37536 324659488  0.000  0.000    1.094    1.098    0    0  (Gen:  0)
   347816     15984     51568  0.024  0.024    1.117    1.121    0    0  (Gen:  1)
      256                      0.000  0.000

   3,092,487,176 bytes allocated in the heap
     387,306,600 bytes copied during GC
     235,250,416 bytes maximum residency (14 sample(s))
     124,184,488 bytes maximum slop
             600 MB total memory in use (0 MB lost due to fragmentation)

                                     Tot time (elapsed)  Avg pause  Max pause
  Gen  0      6509 colls,     0 par    0.248s   0.248s     0.0000s    0.0005s
  Gen  1        14 colls,     0 par    0.169s   0.169s     0.0121s    0.0294s

  TASKS: 4 (1 bound, 3 peak workers (3 total), using -N1)

  SPARKS: 0 (0 converted, 0 overflowed, 0 dud, 0 GC'd, 0 fizzled)

  INIT    time    0.000s  (  0.000s elapsed)
  MUT     time    0.676s  (  0.680s elapsed)
  GC      time    0.417s  (  0.418s elapsed)
  EXIT    time    0.024s  (  0.024s elapsed)
  Total   time    1.118s  (  1.122s elapsed)

  Alloc rate    4,573,232,716 bytes per MUT second

  Productivity  62.7% of total user, 62.5% of total elapsed

gc_alloc_block_sync: 0
whitehole_spin: 0
gen[0].sync: 0
gen[1].sync: 0
