gc 1 @0.020s 0%: 0.021+0.63+0.032 ms clock, 0.087+0/0.46/0.71+0.13 ms cpu, 4->4->0 MB, 5 MB goal, 4 P
gc 2 @0.033s 0%: 0.010+0.46+0.027 ms clock, 0.041+0.19/0.29/0.72+0.10 ms cpu, 4->4->0 MB, 5 MB goal, 4 P
gc 3 @0.047s 1%: 0.040+0.79+0.041 ms clock, 0.16+0.38/0.56/0.12+0.16 ms cpu, 4->4->1 MB, 5 MB goal, 4 P
gc 4 @0.052s 1%: 0.004+0.43+0.027 ms clock, 0.017+0.15/0.39/0.40+0.10 ms cpu, 4->4->1 MB, 5 MB goal, 4 P
gc 5 @0.055s 2%: 0.004+1.3+0.13 ms clock, 0.019+0.12/1.1/0.052+0.53 ms cpu, 4->4->1 MB, 5 MB goal, 4 P
gc 6 @0.065s 2%: 0.025+1.3+0.091 ms clock, 0.10+0.49/1.2/1.0+0.36 ms cpu, 4->4->1 MB, 5 MB goal, 4 P
# command-line-arguments
gc 1 @0.001s 11%: 0.003+1.3+0.028 ms clock, 0.013+0.064/1.2/0.79+0.11 ms cpu, 4->5->3 MB, 5 MB goal, 4 P
# command-line-arguments
gc 1 @0.000s 11%: 0.001+1.8+0.031 ms clock, 0.007+0.026/1.0/0.97+0.12 ms cpu, 4->5->4 MB, 5 MB goal, 4 P
gc 2 @0.006s 14%: 0.005+2.9+0.42 ms clock, 0.020+0.073/2.8/2.9+1.6 ms cpu, 7->8->8 MB, 9 MB goal, 4 P
gc 3 @0.023s 9%: 0.004+4.6+0.014 ms clock, 0.018+0.12/4.4/4.1+0.058 ms cpu, 14->14->14 MB, 16 MB goal, 4 P
gc 4 @0.049s 8%: 0.004+7.9+0.021 ms clock, 0.016+1.8/7.7/3.5+0.086 ms cpu, 26->28->26 MB, 28 MB goal, 4 P
Start ...
gc 1 @0.003s 0%: 0.002+0.062+0.013 ms clock, 0.010+0.018/0.007/0.11+0.053 ms cpu, 4->4->3 MB, 5 MB goal, 4 P
gc 2 @0.007s 0%: 0.002+0.080+0.021 ms clock, 0.010+0.028/0.030/0.070+0.085 ms cpu, 7->7->7 MB, 8 MB goal, 4 P
gc 3 @0.016s 0%: 0.014+0.43+0.063 ms clock, 0.058+0.10/0.022/0.30+0.25 ms cpu, 14->14->14 MB, 15 MB goal, 4 P
gc 4 @0.040s 0%: 0.002+0.19+0.019 ms clock, 0.010+0.036/0.011/0.18+0.079 ms cpu, 27->27->27 MB, 28 MB goal, 4 P
gc 5 @0.076s 0%: 0.003+0.29+0.015 ms clock, 0.012+0.055/0.037/0.25+0.060 ms cpu, 53->53->53 MB, 54 MB goal, 4 P
gc 6 @0.136s 0%: 0.003+0.57+0.019 ms clock, 0.013+0.10/0.076/0.55+0.079 ms cpu, 104->105->104 MB, 107 MB goal, 4 P
gc 7 @0.249s 0%: 0.004+1.5+0.085 ms clock, 0.019+0.21/0.95/0.97+0.34 ms cpu, 204->205->204 MB, 209 MB goal, 4 P
gc 8 @0.460s 0%: 0.004+2.3+0.017 ms clock, 0.019+0.34/1.4/2.4+0.068 ms cpu, 399->400->400 MB, 409 MB goal, 4 P
gc 9 @0.854s 0%: 0.003+11+0.084 ms clock, 0.013+1.9/4.5/0.64+0.33 ms cpu, 780->785->784 MB, 800 MB goal, 4 P
gc 10 @1.630s 0%: 0.008+17+0.025 ms clock, 0.035+0.90/0.76/17+0.10 ms cpu, 1529->1541->991 MB, 1568 MB goal, 4 P
gc 11 @2.528s 0%: 0.003+5.3+0.022 ms clock, 0.012+0.70/5.2/1.3+0.091 ms cpu, 1933->1936->528 MB, 1983 MB goal, 4 P
gc 12 @2.985s 0%: 0.005+9.2+0.085 ms clock, 0.021+1.3/8.0/1.1+0.34 ms cpu, 1030->1030->979 MB, 1056 MB goal, 4 P
gc 13 @3.846s 0%: 0.005+1.0+0.081 ms clock, 0.020+1.0/1.0/1.9+0.32 ms cpu, 1910->1910->3 MB, 1959 MB goal, 4 P
gc 14 @3.863s 0%: 0.004+0.10+0.012 ms clock, 0.018+0.086/0.010/0.063+0.050 ms cpu, 6->6->6 MB, 7 MB goal, 4 P
gc 15 @3.869s 0%: 0.003+0.096+0.017 ms clock, 0.012+0.016/0.012/0.13+0.069 ms cpu, 13->13->13 MB, 14 MB goal, 4 P
gc 16 @3.887s 0%: 0.022+0.50+0.095 ms clock, 0.088+0.17/0.013/0.46+0.38 ms cpu, 26->26->26 MB, 27 MB goal, 4 P
gc 17 @3.910s 0%: 0.013+3.6+0.069 ms clock, 0.055+0.19/0.39/3.1+0.27 ms cpu, 50->51->51 MB, 52 MB goal, 4 P
gc 18 @3.969s 0%: 0.002+0.69+0.018 ms clock, 0.011+0.099/0.086/0.68+0.074 ms cpu, 100->100->100 MB, 102 MB goal, 4 P
gc 19 @4.061s 0%: 0.003+1.1+0.019 ms clock, 0.013+0.14/0.081/1.1+0.079 ms cpu, 195->197->196 MB, 200 MB goal, 4 P
gc 20 @4.232s 0%: 0.004+2.2+0.079 ms clock, 0.017+0.27/2.1/1.4+0.31 ms cpu, 383->385->384 MB, 393 MB goal, 4 P
gc 21 @4.564s 0%: 0.004+10+0.078 ms clock, 0.018+2.1/3.9/0.77+0.31 ms cpu, 749->755->754 MB, 768 MB goal, 4 P
gc 22 @5.219s 0%: 0.003+16+0.10 ms clock, 0.014+0.55/15/2.5+0.41 ms cpu, 1471->1484->992 MB, 1508 MB goal, 4 P
gc 23 @6.087s 0%: 0.003+8.4+0.079 ms clock, 0.014+1.9/2.0/1.3+0.31 ms cpu, 1936->1942->476 MB, 1985 MB goal, 4 P
gc 24 @6.501s 0%: 0.004+6.5+0.084 ms clock, 0.017+0.39/5.6/6.4+0.33 ms cpu, 928->933->932 MB, 952 MB goal, 4 P
gc 25 @7.302s 0%: 0.004+12+0.021 ms clock, 0.018+0.69/12/1.3+0.087 ms cpu, 1817->1831->994 MB, 1864 MB goal, 4 P
gc 26 @8.159s 0%: 0.006+8.2+0.037 ms clock, 0.025+1.2/5.2/9.5+0.14 ms cpu, 1938->1944->822 MB, 1988 MB goal, 4 P
gc 27 @8.876s 0%: 0.003+20+0.083 ms clock, 0.013+2.8/8.2/1.2+0.33 ms cpu, 1604->1616->992 MB, 1645 MB goal, 4 P
gc 28 @9.725s 0%: 0.003+4.0+0.020 ms clock, 0.014+0.78/3.9/3.7+0.081 ms cpu, 1934->1937->602 MB, 1984 MB goal, 4 P
gc 29 @10.237s 0%: 0.006+11+0.023 ms clock, 0.025+0.67/11/1.2+0.093 ms cpu, 1175->1188->992 MB, 1205 MB goal, 4 P
gc 30 @11.095s 0%: 0.006+2.5+0.080 ms clock, 0.025+1.1/1.0/3.5+0.32 ms cpu, 1934->1936->175 MB, 1984 MB goal, 4 P
gc 31 @11.257s 0%: 0.006+2.1+0.079 ms clock, 0.026+0.28/2.0/1.3+0.31 ms cpu, 341->342->341 MB, 350 MB goal, 4 P
gc 32 @11.551s 0%: 0.004+4.3+0.081 ms clock, 0.019+0.34/3.7/3.8+0.32 ms cpu, 666->669->668 MB, 683 MB goal, 4 P
gc 33 @12.128s 0%: 0.003+10+0.031 ms clock, 0.015+0.54/10/1.0+0.12 ms cpu, 1303->1316->992 MB, 1337 MB goal, 4 P
gc 34 @12.983s 0%: 0.004+2.5+0.026 ms clock, 0.016+0.79/2.1/1.9+0.10 ms cpu, 1934->1936->302 MB, 1984 MB goal, 4 P
gc 35 @13.250s 0%: 0.005+5.1+0.028 ms clock, 0.023+0.42/4.5/1.2+0.11 ms cpu, 590->596->594 MB, 605 MB goal, 4 P
gc 36 @13.763s 0%: 0.006+15+0.080 ms clock, 0.024+0.73/15/1.4+0.32 ms cpu, 1159->1172->991 MB, 1189 MB goal, 4 P
gc 37 @14.626s 0%: 0.006+11+0.074 ms clock, 0.024+1.8/0.97/1.9+0.29 ms cpu, 1934->1945->168 MB, 1983 MB goal, 4 P
gc 38 @14.784s 0%: 0.004+1.8+0.021 ms clock, 0.016+0.21/1.4/1.4+0.084 ms cpu, 328->330->329 MB, 337 MB goal, 4 P
gc 39 @15.068s 0%: 0.005+5.6+0.076 ms clock, 0.023+0.48/4.6/1.7+0.30 ms cpu, 643->649->647 MB, 659 MB goal, 4 P
gc 40 @15.630s 0%: 0.004+14+0.079 ms clock, 0.017+1.5/8.7/1.0+0.31 ms cpu, 1263->1268->984 MB, 1295 MB goal, 4 P
gc 41 @16.493s 0%: 0.004+2.4+0.020 ms clock, 0.019+1.1/2.3/2.1+0.083 ms cpu, 1920->1921->248 MB, 1969 MB goal, 4 P
gc 42 @16.716s 0%: 0.005+3.8+0.035 ms clock, 0.023+0.38/3.0/1.3+0.14 ms cpu, 484->488->487 MB, 496 MB goal, 4 P
gc 43 @17.137s 0%: 0.004+7.2+0.033 ms clock, 0.018+0.19/6.4/6.2+0.13 ms cpu, 950->956->955 MB, 975 MB goal, 4 P
gc 44 @17.963s 0%: 0.006+16+0.029 ms clock, 0.025+1.1/16/2.2+0.11 ms cpu, 1862->1877->994 MB, 1910 MB goal, 4 P
gc 45 @18.824s 0%: 0.005+7.8+0.081 ms clock, 0.021+0.95/6.9/6.1+0.32 ms cpu, 1939->1944->868 MB, 1989 MB goal, 4 P
gc 46 @19.574s 0%: 0.004+17+0.023 ms clock, 0.016+0.77/16/3.3+0.094 ms cpu, 1693->1706->992 MB, 1736 MB goal, 4 P
gc 47 @20.434s 0%: 0.004+7.2+0.034 ms clock, 0.017+1.2/6.5/2.9+0.13 ms cpu, 1936->1943->697 MB, 1985 MB goal, 4 P
gc 48 @21.037s 0%: 0.006+11+0.022 ms clock, 0.027+0.77/11/1.5+0.088 ms cpu, 1359->1372->992 MB, 1394 MB goal, 4 P
gc 49 @21.889s 0%: 0.007+3.1+0.022 ms clock, 0.028+1.0/3.0/2.1+0.088 ms cpu, 1935->1938->360 MB, 1985 MB goal, 4 P
gc 50 @22.209s 0%: 0.004+6.4+0.027 ms clock, 0.018+0.35/5.8/1.1+0.10 ms cpu, 703->710->708 MB, 721 MB goal, 4 P
gc 51 @22.820s 0%: 0.006+22+0.085 ms clock, 0.025+0.93/21/2.7+0.34 ms cpu, 1382->1398->995 MB, 1417 MB goal, 4 P
gc 52 @23.680s 0%: 0.004+19+0.087 ms clock, 0.019+3.4/0.82/1.6+0.35 ms cpu, 1940->1959->404 MB, 1990 MB goal, 4 P
gc 53 @24.046s 0%: 0.004+6.1+0.027 ms clock, 0.016+0.39/5.7/5.8+0.10 ms cpu, 788->795->793 MB, 808 MB goal, 4 P
gc 54 @24.733s 0%: 0.007+13+0.079 ms clock, 0.029+1.5/10/1.6+0.31 ms cpu, 1547->1550->982 MB, 1587 MB goal, 4 P
gc 55 @25.576s 0%: 0.004+5.8+0.025 ms clock, 0.018+0.83/5.7/1.6+0.10 ms cpu, 1916->1921->531 MB, 1965 MB goal, 4 P
gc 56 @26.044s 0%: 0.005+7.7+0.020 ms clock, 0.023+0.62/6.1/8.2+0.083 ms cpu, 1035->1042->985 MB, 1062 MB goal, 4 P
gc 57 @26.895s 0%: 0.006+1.3+0.018 ms clock, 0.025+1.2/1.3/2.4+0.072 ms cpu, 1921->1921->20 MB, 1971 MB goal, 4 P
gc 58 @26.917s 0%: 0.003+0.32+0.020 ms clock, 0.015+0.052/0.27/0.12+0.081 ms cpu, 39->40->40 MB, 40 MB goal, 4 P
gc 59 @26.957s 0%: 0.004+0.54+0.019 ms clock, 0.019+0.098/0.050/0.54+0.077 ms cpu, 78->78->78 MB, 80 MB goal, 4 P
gc 60 @27.031s 0%: 0.004+3.7+0.093 ms clock, 0.019+0.94/0.25/0.21+0.37 ms cpu, 153->156->155 MB, 157 MB goal, 4 P
gc 61 @27.175s 0%: 0.003+1.7+0.024 ms clock, 0.014+0.20/1.3/1.4+0.099 ms cpu, 304->305->305 MB, 311 MB goal, 4 P
gc 62 @27.437s 0%: 0.005+3.9+0.094 ms clock, 0.020+0.38/3.8/3.6+0.37 ms cpu, 595->597->596 MB, 610 MB goal, 4 P
gc 63 @27.950s 0%: 0.004+11+0.032 ms clock, 0.018+0.86/11/1.5+0.13 ms cpu, 1163->1175->992 MB, 1192 MB goal, 4 P
gc 64 @28.806s 0%: 0.003+1.7+0.017 ms clock, 0.015+0.84/0.79/2.4+0.069 ms cpu, 1934->1935->161 MB, 1984 MB goal, 4 P
gc 65 @28.952s 0%: 0.005+2.4+0.025 ms clock, 0.020+0.32/1.8/1.0+0.10 ms cpu, 315->318->317 MB, 323 MB goal, 4 P
gc 66 @29.225s 0%: 0.007+4.4+0.087 ms clock, 0.029+0.48/3.6/4.2+0.34 ms cpu, 619->621->620 MB, 634 MB goal, 4 P
gc 67 @29.755s 0%: 0.005+18+0.083 ms clock, 0.022+2.9/7.8/1.0+0.33 ms cpu, 1210->1220->989 MB, 1241 MB goal, 4 P
gc 68 @30.618s 0%: 0.004+2.6+0.083 ms clock, 0.019+1.1/1.0/3.7+0.33 ms cpu, 1929->1930->204 MB, 1978 MB goal, 4 P
gc 69 @30.805s 0%: 0.005+2.7+0.079 ms clock, 0.022+0.36/1.3/3.0+0.31 ms cpu, 398->400->399 MB, 408 MB goal, 4 P
gc 70 @31.150s 0%: 0.005+6.2+0.027 ms clock, 0.022+0.60/5.8/6.0+0.10 ms cpu, 778->785->783 MB, 798 MB goal, 4 P
gc 71 @31.827s 0%: 0.006+20+0.077 ms clock, 0.024+1.7/15/1.8+0.30 ms cpu, 1528->1533->984 MB, 1567 MB goal, 4 P
gc 72 @32.678s 0%: 0.004+4.2+0.027 ms clock, 0.019+1.1/3.6/4.6+0.10 ms cpu, 1919->1923->514 MB, 1968 MB goal, 4 P
gc 73 @33.130s 0%: 0.005+7.8+0.088 ms clock, 0.023+0.71/6.8/7.9+0.35 ms cpu, 1003->1008->984 MB, 1028 MB goal, 4 P
gc 74 @33.984s 0%: 0.006+13+0.033 ms clock, 0.025+1.2/13/2.4+0.13 ms cpu, 1920->1935->995 MB, 1969 MB goal, 4 P
gc 75 @34.838s 0%: 0.006+7.7+0.038 ms clock, 0.026+0.46/7.4/7.5+0.15 ms cpu, 1940->1946->949 MB, 1990 MB goal, 4 P
gc 76 @35.654s 0%: 0.006+18+0.026 ms clock, 0.024+1.2/18/2.4+0.10 ms cpu, 1851->1866->994 MB, 1899 MB goal, 4 P
gc 77 @36.562s 0%: 0.018+16+0.082 ms clock, 0.074+5.0/8.9/5.2+0.33 ms cpu, 1939->1944->857 MB, 1988 MB goal, 4 P
gc 78 @37.326s 0%: 0.004+13+0.033 ms clock, 0.019+1.0/13/1.8+0.13 ms cpu, 1672->1687->994 MB, 1715 MB goal, 4 P
gc 79 @38.215s 0%: 0.003+7.1+0.032 ms clock, 0.013+0.87/6.4/2.2+0.13 ms cpu, 1939->1947->680 MB, 1989 MB goal, 4 P
gc 80 @38.799s 0%: 0.006+12+0.029 ms clock, 0.025+0.96/11/2.9+0.11 ms cpu, 1326->1339->992 MB, 1360 MB goal, 4 P
gc 81 @39.658s 0%: 0.006+12+0.075 ms clock, 0.025+2.6/1.9/2.4+0.30 ms cpu, 1935->1947->335 MB, 1985 MB goal, 4 P
gc 82 @39.956s 0%: 0.005+5.1+0.066 ms clock, 0.021+0.37/4.1/4.8+0.26 ms cpu, 655->660->659 MB, 671 MB goal, 4 P
gc 83 @40.526s 0%: 0.005+11+0.022 ms clock, 0.021+0.62/11/1.2+0.089 ms cpu, 1285->1298->992 MB, 1318 MB goal, 4 P
gc 84 @41.381s 0%: 0.005+2.9+0.071 ms clock, 0.023+1.3/2.2/1.9+0.28 ms cpu, 1935->1936->284 MB, 1985 MB goal, 4 P
gc 85 @41.627s 0%: 0.003+18+0.078 ms clock, 0.015+4.4/0.99/0.62+0.31 ms cpu, 554->570->569 MB, 568 MB goal, 4 P
gc 86 @42.135s 0%: 0.005+11+0.023 ms clock, 0.023+0.74/11/1.4+0.093 ms cpu, 1107->1120->992 MB, 1139 MB goal, 4 P
gc 87 @42.992s 0%: 0.006+1.6+0.026 ms clock, 0.025+1.1/1.0/2.6+0.10 ms cpu, 1935->1936->107 MB, 1985 MB goal, 4 P
gc 88 @43.090s 0%: 0.004+1.6+0.081 ms clock, 0.017+0.16/0.75/1.2+0.32 ms cpu, 209->210->210 MB, 214 MB goal, 4 P
gc 89 @43.275s 0%: 0.006+12+0.077 ms clock, 0.025+3.0/0.63/0.70+0.31 ms cpu, 410->421->420 MB, 420 MB goal, 4 P
gc 90 @43.650s 0%: 0.005+22+0.080 ms clock, 0.023+5.5/3.0/1.2+0.32 ms cpu, 819->836->834 MB, 841 MB goal, 4 P
gc 91 @44.390s 0%: 0.004+16+0.091 ms clock, 0.017+1.0/15/4.3+0.36 ms cpu, 1628->1640->992 MB, 1669 MB goal, 4 P
gc 92 @45.246s 0%: 0.007+13+0.059 ms clock, 0.028+4.6/6.3/1.6+0.23 ms cpu, 1934->1938->627 MB, 1984 MB goal, 4 P
gc 93 @45.795s 0%: 0.005+15+0.057 ms clock, 0.023+0.76/14/3.3+0.23 ms cpu, 1223->1235->991 MB, 1255 MB goal, 4 P
gc 94 @46.669s 0%: 0.007+2.4+0.027 ms clock, 0.028+1.0/1.2/3.1+0.10 ms cpu, 1933->1934->222 MB, 1982 MB goal, 4 P
gc 95 @46.853s 0%: 0.006+15+0.077 ms clock, 0.024+3.3/0.69/0.71+0.31 ms cpu, 432->447->446 MB, 444 MB goal, 4 P
gc 96 @47.241s 0%: 0.004+9.2+0.097 ms clock, 0.018+0.47/8.3/4.6+0.38 ms cpu, 867->874->872 MB, 892 MB goal, 4 P
gc 97 @47.976s 0%: 0.004+19+0.075 ms clock, 0.017+1.9/11/1.5+0.30 ms cpu, 1701->1710->988 MB, 1745 MB goal, 4 P
gc 98 @48.832s 0%: 0.004+6.5+0.087 ms clock, 0.019+1.3/5.7/6.9+0.34 ms cpu, 1927->1932->694 MB, 1977 MB goal, 4 P
gc 99 @49.427s 0%: 0.006+11+0.031 ms clock, 0.025+0.94/11/3.1+0.12 ms cpu, 1355->1367->992 MB, 1389 MB goal, 4 P
gc 100 @50.273s 0%: 0.006+3.5+0.025 ms clock, 0.024+1.2/3.0/2.8+0.10 ms cpu, 1934->1937->354 MB, 1984 MB goal, 4 P
gc 101 @50.581s 0%: 0.006+14+0.079 ms clock, 0.026+3.5/3.6/1.0+0.31 ms cpu, 691->700->699 MB, 709 MB goal, 4 P
gc 102 @51.190s 0%: 0.006+16+0.080 ms clock, 0.024+1.9/9.0/2.4+0.32 ms cpu, 1363->1370->986 MB, 1398 MB goal, 4 P
gc 103 @52.023s 0%: 0.006+4.5+0.081 ms clock, 0.024+0.28/4.0/3.2+0.32 ms cpu, 1923->1926->352 MB, 1972 MB goal, 4 P
gc 104 @52.321s 0%: 0.006+5.3+0.025 ms clock, 0.025+0.59/5.2/4.1+0.10 ms cpu, 688->692->690 MB, 705 MB goal, 4 P
gc 105 @52.910s 0%: 0.006+10+0.079 ms clock, 0.026+1.4/9.8/1.6+0.31 ms cpu, 1347->1347->979 MB, 1381 MB goal, 4 P
gc 106 @53.743s 0%: 0.004+4.2+0.085 ms clock, 0.017+0.88/2.6/3.1+0.34 ms cpu, 1910->1912->322 MB, 1959 MB goal, 4 P
gc 107 @54.017s 0%: 0.005+4.8+0.082 ms clock, 0.023+0.53/4.1/4.5+0.33 ms cpu, 629->632->631 MB, 645 MB goal, 4 P
gc 108 @54.553s 0%: 0.006+15+0.033 ms clock, 0.024+0.75/14/3.1+0.13 ms cpu, 1230->1242->991 MB, 1262 MB goal, 4 P
gc 109 @55.414s 0%: 0.004+2.0+0.031 ms clock, 0.017+0.91/1.5/2.5+0.12 ms cpu, 1932->1933->227 MB, 1982 MB goal, 4 P
gc 110 @55.602s 0%: 0.005+11+0.080 ms clock, 0.020+3.0/1.1/0.77+0.32 ms cpu, 443->452->451 MB, 455 MB goal, 4 P
gc 111 @56.001s 0%: 0.005+19+0.081 ms clock, 0.023+4.5/4.4/2.0+0.32 ms cpu, 881->893->892 MB, 903 MB goal, 4 P
gc 112 @56.775s 0%: 0.006+13+0.031 ms clock, 0.025+1.1/12/3.3+0.12 ms cpu, 1740->1755->994 MB, 1785 MB goal, 4 P
gc 113 @57.611s 0%: 0.003+19+0.036 ms clock, 0.015+5.2/4.6/1.7+0.14 ms cpu, 1939->1952->753 MB, 1989 MB goal, 4 P
gc 114 @58.265s 0%: 0.005+16+0.027 ms clock, 0.021+1.0/16/1.9+0.10 ms cpu, 1469->1483->993 MB, 1506 MB goal, 4 P
gc 115 @59.119s 0%: 0.005+20+0.027 ms clock, 0.023+4.7/0.96/1.9+0.10 ms cpu, 1937->1957->489 MB, 1987 MB goal, 4 P
gc 116 @59.553s 0%: 0.006+9.3+0.069 ms clock, 0.025+0.76/9.1/7.3+0.27 ms cpu, 953->963->962 MB, 978 MB goal, 4 P
gc 117 @60.383s 0%: 0.006+13+0.034 ms clock, 0.025+1.1/12/3.4+0.13 ms cpu, 1876->1890->994 MB, 1924 MB goal, 4 P
gc 118 @61.216s 0%: 0.004+9.4+0.036 ms clock, 0.016+0.73/9.0/2.8+0.14 ms cpu, 1938->1948->885 MB, 1988 MB goal, 4 P
gc 119 @61.975s 0%: 0.005+13+0.027 ms clock, 0.022+1.0/12/2.8+0.10 ms cpu, 1726->1740->994 MB, 1770 MB goal, 4 P
gc 120 @62.812s 0%: 0.003+21+0.082 ms clock, 0.015+5.4/3.8/2.3+0.32 ms cpu, 1939->1956->743 MB, 1989 MB goal, 4 P
gc 121 @63.454s 0%: 0.006+11+0.085 ms clock, 0.024+1.6/10/1.7+0.34 ms cpu, 1448->1449->980 MB, 1486 MB goal, 4 P
gc 122 @64.284s 0%: 0.007+4.2+0.025 ms clock, 0.029+1.1/4.2/2.2+0.10 ms cpu, 1911->1915->426 MB, 1960 MB goal, 4 P
gc 123 @64.651s 0%: 0.006+8.8+0.038 ms clock, 0.025+0.69/7.6/3.1+0.15 ms cpu, 832->841->839 MB, 853 MB goal, 4 P
gc 124 @65.365s 0%: 0.005+17+0.022 ms clock, 0.023+1.1/14/4.5+0.090 ms cpu, 1637->1651->993 MB, 1679 MB goal, 4 P
gc 125 @66.239s 0%: 0.005+13+0.088 ms clock, 0.023+2.9/5.2/2.5+0.35 ms cpu, 1937->1945->643 MB, 1987 MB goal, 4 P
gc 126 @66.800s 0%: 0.004+17+0.029 ms clock, 0.016+0.63/17/1.2+0.11 ms cpu, 1255->1269->994 MB, 1287 MB goal, 4 P
gc 127 @67.655s 0%: 0.006+3.8+0.094 ms clock, 0.025+1.3/0.46/6.0+0.37 ms cpu, 1938->1940->258 MB, 1988 MB goal, 4 P
gc 128 @67.874s 0%: 0.006+4.8+0.037 ms clock, 0.027+0.47/3.5/2.3+0.14 ms cpu, 504->509->508 MB, 517 MB goal, 4 P
gc 129 @68.305s 0%: 0.004+7.6+0.023 ms clock, 0.017+0.51/7.5/7.0+0.094 ms cpu, 991->997->985 MB, 1017 MB goal, 4 P
gc 130 @69.147s 0%: 0.005+15+0.030 ms clock, 0.022+1.0/15/2.0+0.12 ms cpu, 1921->1937->996 MB, 1970 MB goal, 4 P
gc 131 @69.998s 0%: 0.004+10+0.082 ms clock, 0.018+1.8/9.5/2.3+0.32 ms cpu, 1942->1942->935 MB, 1992 MB goal, 4 P
gc 132 @70.796s 0%: 0.006+14+0.027 ms clock, 0.025+1.3/13/2.5+0.11 ms cpu, 1823->1839->995 MB, 1870 MB goal, 4 P
gc 133 @71.636s 0%: 0.004+19+0.076 ms clock, 0.017+5.0/4.8/2.0+0.30 ms cpu, 1940->1953->837 MB, 1990 MB goal, 4 P
gc 134 @72.363s 0%: 0.004+12+0.034 ms clock, 0.017+1.0/12/3.1+0.13 ms cpu, 1633->1647->993 MB, 1675 MB goal, 4 P
gc 135 @73.211s 0%: 0.003+5.9+0.049 ms clock, 0.014+0.90/5.2/5.1+0.19 ms cpu, 1937->1941->636 MB, 1987 MB goal, 4 P
gc 136 @73.750s 0%: 0.005+10+0.081 ms clock, 0.021+1.2/9.1/1.2+0.32 ms cpu, 1241->1241->979 MB, 1273 MB goal, 4 P
gc 137 @74.592s 0%: 0.004+2.2+0.023 ms clock, 0.019+0.87/2.1/1.6+0.094 ms cpu, 1910->1911->216 MB, 1959 MB goal, 4 P
gc 138 @74.780s 0%: 0.005+3.2+0.081 ms clock, 0.023+0.41/3.1/2.2+0.32 ms cpu, 421->423->423 MB, 432 MB goal, 4 P
gc 139 @75.137s 0%: 0.007+6.7+0.028 ms clock, 0.029+0.69/5.6/6.3+0.11 ms cpu, 824->829->828 MB, 846 MB goal, 4 P
gc 140 @75.849s 0%: 0.006+16+0.035 ms clock, 0.024+0.88/10/9.0+0.14 ms cpu, 1615->1622->987 MB, 1656 MB goal, 4 P
gc 141 @76.682s 0%: 0.004+12+0.085 ms clock, 0.016+2.5/4.5/1.7+0.34 ms cpu, 1924->1932->608 MB, 1974 MB goal, 4 P
gc 142 @77.208s 0%: 0.003+11+0.035 ms clock, 0.015+0.60/10/2.4+0.14 ms cpu, 1187->1199->991 MB, 1217 MB goal, 4 P
gc 143 @78.066s 0%: 0.006+2.4+0.022 ms clock, 0.025+1.3/2.4/2.4+0.089 ms cpu, 1934->1935->186 MB, 1983 MB goal, 4 P
gc 144 @78.237s 0%: 0.005+3.3+0.026 ms clock, 0.023+0.36/2.6/1.2+0.10 ms cpu, 363->366->365 MB, 372 MB goal, 4 P
gc 145 @78.551s 0%: 0.004+5.8+0.060 ms clock, 0.017+0.42/5.4/5.5+0.24 ms cpu, 713->719->718 MB, 731 MB goal, 4 P
gc 146 @79.177s 0%: 0.004+16+0.026 ms clock, 0.019+0.67/16/1.2+0.10 ms cpu, 1400->1414->993 MB, 1436 MB goal, 4 P
gc 147 @80.037s 0%: 0.005+4.3+0.026 ms clock, 0.020+1.3/1.3/5.5+0.10 ms cpu, 1938->1941->404 MB, 1987 MB goal, 4 P
gc 148 @80.384s 0%: 0.006+6.1+0.028 ms clock, 0.024+0.56/4.5/6.6+0.11 ms cpu, 788->793->791 MB, 808 MB goal, 4 P
gc 149 @81.073s 0%: 0.006+14+0.041 ms clock, 0.025+1.0/13/3.7+0.16 ms cpu, 1544->1559->994 MB, 1583 MB goal, 4 P
gc 150 @81.924s 0%: 0.004+9.2+0.081 ms clock, 0.016+1.1/5.5/1.7+0.32 ms cpu, 1939->1942->548 MB, 1989 MB goal, 4 P
gc 151 @82.398s 0%: 0.005+21+0.081 ms clock, 0.022+4.8/6.9/1.6+0.32 ms cpu, 1069->1082->991 MB, 1097 MB goal, 4 P
gc 152 @83.262s 0%: 0.006+1.6+0.016 ms clock, 0.026+1.1/1.5/2.3+0.064 ms cpu, 1934->1934->67 MB, 1983 MB goal, 4 P
gc 153 @83.336s 0%: 0.003+1.1+0.016 ms clock, 0.015+0.12/0.63/0.69+0.064 ms cpu, 131->132->131 MB, 134 MB goal, 4 P
gc 154 @83.454s 0%: 0.004+2.6+0.054 ms clock, 0.016+0.19/1.4/1.4+0.21 ms cpu, 257->259->258 MB, 263 MB goal, 4 P
gc 155 @83.692s 0%: 0.006+4.0+0.024 ms clock, 0.024+0.49/3.9/2.8+0.096 ms cpu, 504->508->508 MB, 517 MB goal, 4 P
gc 156 @84.128s 0%: 0.004+10+0.026 ms clock, 0.019+0.78/10/3.2+0.10 ms cpu, 991->1001->990 MB, 1016 MB goal, 4 P
gc 157 @84.983s 0%: 0.004+18+0.033 ms clock, 0.019+1.7/16/2.0+0.13 ms cpu, 1930->1932->982 MB, 1980 MB goal, 4 P
gc 158 @85.833s 0%: 0.004+8.5+0.086 ms clock, 0.018+0.92/6.7/8.6+0.34 ms cpu, 1915->1921->922 MB, 1964 MB goal, 4 P
gc 159 @86.636s 0%: 0.006+18+0.080 ms clock, 0.026+1.1/18/2.1+0.32 ms cpu, 1799->1814->994 MB, 1845 MB goal, 4 P
gc 160 @87.503s 0%: 0.004+7.3+0.032 ms clock, 0.018+1.2/6.6/6.3+0.12 ms cpu, 1939->1945->805 MB, 1989 MB goal, 4 P
gc 161 @88.209s 0%: 0.004+12+0.031 ms clock, 0.017+0.77/11/2.6+0.12 ms cpu, 1571->1585->993 MB, 1611 MB goal, 4 P
Finish ...
